I0117 20:59:21.334719 17508 processor.cc:760] Processor: start processing batch aa335ae6-7e3a-4ed8-a770-3d4f2444c1d1 into model nwt
I0117 20:59:21.338731 16484 processor.cc:760] Processor: start processing batch 76ccfe3f-5cdf-41f4-a787-43cfd9a66b7b into model nwt
I0117 20:59:21.352768 18008 processor.cc:760] Processor: start processing batch 7a6cbf80-c9e4-446b-88bd-dc5d03f4c236 into model nwt
I0117 20:59:21.355783 14184 processor.cc:760] Processor: start processing batch 727431b8-ecaa-441a-9e7a-e00b511dfeae into model nwt
I0117 20:59:21.357288  4480 processor.cc:760] Processor: start processing batch 66f3f261-3ee4-48da-b731-0af3af68e1e9 into model nwt
I0117 20:59:21.357288  4452 processor.cc:760] Processor: start processing batch 106073a9-1667-4e36-ae5f-fb20e7bb1ff3 into model nwt
I0117 20:59:21.374847 18360 processor.cc:760] Processor: start processing batch 4613a139-37e9-44c3-b823-4b2a159f97f3 into model nwt
I0117 20:59:21.766896 16112 processor.cc:856] Processor: complete processing batch b5cf6d09-ebb6-4e3c-bc18-b7c51f239475 into model nwt
I0117 20:59:21.772910 16112 cuckoo_watch.h:44] 489ms in ProcessBatch(D:\artmonline\data\datasets\lurk\batches\aaaaag.batch) [including 30ms in LoadMessage; 6ms in InitializeSparseNdw; 438ms in InferThetaAndUpdateNwtSparse; ]
I0117 20:59:21.909274 16112 processor.cc:676] No data in processing queue, waiting...
I0117 20:59:22.072206 17508 processor.cc:856] Processor: complete processing batch aa335ae6-7e3a-4ed8-a770-3d4f2444c1d1 into model nwt
I0117 20:59:22.080229 17508 cuckoo_watch.h:44] 796ms in ProcessBatch(D:\artmonline\data\datasets\lurk\batches\aaaaah.batch) [including 44ms in LoadMessage; 19ms in InitializeSparseNdw; 718ms in InferThetaAndUpdateNwtSparse; ]
I0117 20:59:22.103790 17508 processor.cc:676] No data in processing queue, waiting...
I0117 20:59:22.314874 16484 processor.cc:856] Processor: complete processing batch 76ccfe3f-5cdf-41f4-a787-43cfd9a66b7b into model nwt
I0117 20:59:22.340945 16484 cuckoo_watch.h:44] 1058ms in ProcessBatch(D:\artmonline\data\datasets\lurk\batches\aaaaaa.batch) [including 49ms in LoadMessage; 56ms in InitializeSparseNdw; 918ms in InferThetaAndUpdateNwtSparse; ]
I0117 20:59:22.370524 16484 processor.cc:676] No data in processing queue, waiting...
I0117 20:59:22.618682  4480 processor.cc:856] Processor: complete processing batch 66f3f261-3ee4-48da-b731-0af3af68e1e9 into model nwt
I0117 20:59:22.623695 18008 processor.cc:856] Processor: complete processing batch 7a6cbf80-c9e4-446b-88bd-dc5d03f4c236 into model nwt
I0117 20:59:22.629711  4480 cuckoo_watch.h:44] 1345ms in ProcessBatch(D:\artmonline\data\datasets\lurk\batches\aaaaad.batch) [including 64ms in LoadMessage; 51ms in InitializeSparseNdw; 1209ms in InferThetaAndUpdateNwtSparse; ]
I0117 20:59:22.636731 18008 cuckoo_watch.h:44] 1355ms in ProcessBatch(D:\artmonline\data\datasets\lurk\batches\aaaaab.batch) [including 61ms in LoadMessage; 56ms in InitializeSparseNdw; 1213ms in InferThetaAndUpdateNwtSparse; ]
I0117 20:59:22.655280  4480 processor.cc:676] No data in processing queue, waiting...
I0117 20:59:22.661295 14184 processor.cc:856] Processor: complete processing batch 727431b8-ecaa-441a-9e7a-e00b511dfeae into model nwt
I0117 20:59:22.663300 18008 processor.cc:676] No data in processing queue, waiting...
I0117 20:59:22.668313 18360 processor.cc:856] Processor: complete processing batch 4613a139-37e9-44c3-b823-4b2a159f97f3 into model nwt
I0117 20:59:22.670835  4452 processor.cc:856] Processor: complete processing batch 106073a9-1667-4e36-ae5f-fb20e7bb1ff3 into model nwt
I0117 20:59:22.689414 14184 cuckoo_watch.h:44] 1407ms in ProcessBatch(D:\artmonline\data\datasets\lurk\batches\aaaaac.batch) [including 62ms in LoadMessage; 65ms in InitializeSparseNdw; 1240ms in InferThetaAndUpdateNwtSparse; ]
I0117 20:59:22.691406 18360 cuckoo_watch.h:44] 1408ms in ProcessBatch(D:\artmonline\data\datasets\lurk\batches\aaaaae.batch) [including 80ms in LoadMessage; 51ms in InitializeSparseNdw; 1241ms in InferThetaAndUpdateNwtSparse; ]
I0117 20:59:22.692410  4452 cuckoo_watch.h:44] 1408ms in ProcessBatch(D:\artmonline\data\datasets\lurk\batches\aaaaaf.batch) [including 63ms in LoadMessage; 57ms in InitializeSparseNdw; 1256ms in InferThetaAndUpdateNwtSparse; ]
I0117 20:59:22.694380 17832 master_component.cc:991] NormalizeModelArgs: pwt_target_name=pwt, nwt_source_name=nwt, rwt_source_name=
I0117 20:59:22.694380 17832 master_component.cc:617] MasterComponent: start normalizing model nwt
I0117 20:59:22.716984 14184 processor.cc:676] No data in processing queue, waiting...
I0117 20:59:22.720988  4452 processor.cc:676] No data in processing queue, waiting...
I0117 20:59:22.720988 18360 processor.cc:676] No data in processing queue, waiting...
I0117 20:59:22.811231 17832 master_component.cc:639] MasterComponent: complete normalizing model nwt
I0117 20:59:22.811231 17832 master_component.cc:1015] DisposeModel rwt
I0117 20:59:22.811231 17832 c_interface.cc:332] Pass FitOfflineMasterModelArgs, batch_filename_size=8, batch_weight_size=8, num_collection_passes=1 to void (__cdecl artm::core::MasterComponent::*)(class artm::FitOfflineMasterModelArgs const & __ptr64) __ptr64
I0117 20:59:22.811231 17832 master_component.cc:942] ProcessBatchesArgs: nwt_target_name=nwt, batch_filename_size=8, batch_size=0, batch_weight_size=8, pwt_source_name=pwt, num_document_passes=10, reuse_theta=no, opt_for_avx=no, predict_class_id=
I0117 20:59:22.922569 16484 processor.cc:683] Processing queue has data, processing started
I0117 20:59:22.922569 17508 processor.cc:683] Processing queue has data, processing started
I0117 20:59:22.922569 14184 processor.cc:683] Processing queue has data, processing started
I0117 20:59:22.922569  4480 processor.cc:683] Processing queue has data, processing started
I0117 20:59:22.922569 16112 processor.cc:683] Processing queue has data, processing started
I0117 20:59:22.924571 18008 processor.cc:683] Processing queue has data, processing started
I0117 20:59:22.924571 18360 processor.cc:683] Processing queue has data, processing started
I0117 20:59:22.930588  4452 processor.cc:683] Processing queue has data, processing started
I0117 20:59:22.972700 18360 processor.cc:760] Processor: start processing batch b5cf6d09-ebb6-4e3c-bc18-b7c51f239475 into model nwt
I0117 20:59:22.987243 16484 processor.cc:760] Processor: start processing batch 76ccfe3f-5cdf-41f4-a787-43cfd9a66b7b into model nwt
I0117 20:59:22.992256 16112 processor.cc:760] Processor: start processing batch 4613a139-37e9-44c3-b823-4b2a159f97f3 into model nwt
I0117 20:59:22.998780 18008 processor.cc:760] Processor: start processing batch 106073a9-1667-4e36-ae5f-fb20e7bb1ff3 into model nwt
I0117 20:59:23.004794 17508 processor.cc:760] Processor: start processing batch 66f3f261-3ee4-48da-b731-0af3af68e1e9 into model nwt
I0117 20:59:23.008806  4452 processor.cc:760] Processor: start processing batch aa335ae6-7e3a-4ed8-a770-3d4f2444c1d1 into model nwt
I0117 20:59:23.012815 14184 processor.cc:760] Processor: start processing batch 727431b8-ecaa-441a-9e7a-e00b511dfeae into model nwt
I0117 20:59:23.051919  4480 processor.cc:760] Processor: start processing batch 7a6cbf80-c9e4-446b-88bd-dc5d03f4c236 into model nwt
I0117 20:59:23.412384 18360 processor.cc:856] Processor: complete processing batch b5cf6d09-ebb6-4e3c-bc18-b7c51f239475 into model nwt
I0117 20:59:23.420905 18360 cuckoo_watch.h:44] 496ms in ProcessBatch(D:\artmonline\data\datasets\lurk\batches\aaaaag.batch) [including 41ms in LoadMessage; 7ms in InitializeSparseNdw; 431ms in InferThetaAndUpdateNwtSparse; ]
I0117 20:59:23.490591 18360 processor.cc:676] No data in processing queue, waiting...
I0117 20:59:23.781864  4452 processor.cc:856] Processor: complete processing batch aa335ae6-7e3a-4ed8-a770-3d4f2444c1d1 into model nwt
I0117 20:59:23.789386  4452 cuckoo_watch.h:44] 858ms in ProcessBatch(D:\artmonline\data\datasets\lurk\batches\aaaaah.batch) [including 66ms in LoadMessage; 36ms in InitializeSparseNdw; 735ms in InferThetaAndUpdateNwtSparse; ]
I0117 20:59:23.816459  4452 processor.cc:676] No data in processing queue, waiting...
I0117 20:59:23.907198 16484 processor.cc:856] Processor: complete processing batch 76ccfe3f-5cdf-41f4-a787-43cfd9a66b7b into model nwt
I0117 20:59:23.916723 16484 cuckoo_watch.h:44] 994ms in ProcessBatch(D:\artmonline\data\datasets\lurk\batches\aaaaaa.batch) [including 57ms in LoadMessage; 30ms in InitializeSparseNdw; 889ms in InferThetaAndUpdateNwtSparse; ]
I0117 20:59:23.939785 16484 processor.cc:676] No data in processing queue, waiting...
I0117 20:59:24.254622 16112 processor.cc:856] Processor: complete processing batch 4613a139-37e9-44c3-b823-4b2a159f97f3 into model nwt
I0117 20:59:24.266152 16112 cuckoo_watch.h:44] 1343ms in ProcessBatch(D:\artmonline\data\datasets\lurk\batches\aaaaae.batch) [including 62ms in LoadMessage; 45ms in InitializeSparseNdw; 1216ms in InferThetaAndUpdateNwtSparse; ]
I0117 20:59:24.291220  4480 processor.cc:856] Processor: complete processing batch 7a6cbf80-c9e4-446b-88bd-dc5d03f4c236 into model nwt
I0117 20:59:24.298238 16112 processor.cc:676] No data in processing queue, waiting...
I0117 20:59:24.304253 14184 processor.cc:856] Processor: complete processing batch 727431b8-ecaa-441a-9e7a-e00b511dfeae into model nwt
I0117 20:59:24.306761 17508 processor.cc:856] Processor: complete processing batch 66f3f261-3ee4-48da-b731-0af3af68e1e9 into model nwt
I0117 20:59:24.312275 18008 processor.cc:856] Processor: complete processing batch 106073a9-1667-4e36-ae5f-fb20e7bb1ff3 into model nwt
I0117 20:59:24.318291  4480 cuckoo_watch.h:44] 1396ms in ProcessBatch(D:\artmonline\data\datasets\lurk\batches\aaaaab.batch) [including 120ms in LoadMessage; 37ms in InitializeSparseNdw; 1201ms in InferThetaAndUpdateNwtSparse; ]
I0117 20:59:24.334132 14184 cuckoo_watch.h:44] 1411ms in ProcessBatch(D:\artmonline\data\datasets\lurk\batches\aaaaac.batch) [including 73ms in LoadMessage; 60ms in InitializeSparseNdw; 1230ms in InferThetaAndUpdateNwtSparse; ]
I0117 20:59:24.335135 17508 cuckoo_watch.h:44] 1412ms in ProcessBatch(D:\artmonline\data\datasets\lurk\batches\aaaaad.batch) [including 69ms in LoadMessage; 55ms in InitializeSparseNdw; 1246ms in InferThetaAndUpdateNwtSparse; ]
I0117 20:59:24.335135 18008 cuckoo_watch.h:44] 1411ms in ProcessBatch(D:\artmonline\data\datasets\lurk\batches\aaaaaf.batch) [including 64ms in LoadMessage; 45ms in InitializeSparseNdw; 1267ms in InferThetaAndUpdateNwtSparse; ]
I0117 20:59:24.337139 17832 master_component.cc:991] NormalizeModelArgs: pwt_target_name=pwt, nwt_source_name=nwt, rwt_source_name=
I0117 20:59:24.337139 17832 master_component.cc:617] MasterComponent: start normalizing model nwt
I0117 20:59:24.347167  4480 processor.cc:676] No data in processing queue, waiting...
I0117 20:59:24.358196 18008 processor.cc:676] No data in processing queue, waiting...
I0117 20:59:24.358196 14184 processor.cc:676] No data in processing queue, waiting...
I0117 20:59:24.358196 17508 processor.cc:676] No data in processing queue, waiting...
I0117 20:59:24.457558 17832 master_component.cc:639] MasterComponent: complete normalizing model nwt
I0117 20:59:24.457558 17832 master_component.cc:1015] DisposeModel rwt
I0117 20:59:24.457558 17832 c_interface.cc:332] Pass FitOfflineMasterModelArgs, batch_filename_size=8, batch_weight_size=8, num_collection_passes=1 to void (__cdecl artm::core::MasterComponent::*)(class artm::FitOfflineMasterModelArgs const & __ptr64) __ptr64
I0117 20:59:24.457558 17832 master_component.cc:942] ProcessBatchesArgs: nwt_target_name=nwt, batch_filename_size=8, batch_size=0, batch_weight_size=8, pwt_source_name=pwt, num_document_passes=10, reuse_theta=no, opt_for_avx=no, predict_class_id=
I0117 20:59:24.547777  4480 processor.cc:683] Processing queue has data, processing started
I0117 20:59:24.547777 17508 processor.cc:683] Processing queue has data, processing started
I0117 20:59:24.547777 14184 processor.cc:683] Processing queue has data, processing started
I0117 20:59:24.547777  4452 processor.cc:683] Processing queue has data, processing started
I0117 20:59:24.548780 18360 processor.cc:683] Processing queue has data, processing started
I0117 20:59:24.548780 16112 processor.cc:683] Processing queue has data, processing started
I0117 20:59:24.549783 18008 processor.cc:683] Processing queue has data, processing started
I0117 20:59:24.549783 16484 processor.cc:683] Processing queue has data, processing started
I0117 20:59:24.588888 18008 processor.cc:760] Processor: start processing batch b5cf6d09-ebb6-4e3c-bc18-b7c51f239475 into model nwt
I0117 20:59:24.613457 16484 processor.cc:760] Processor: start processing batch aa335ae6-7e3a-4ed8-a770-3d4f2444c1d1 into model nwt
I0117 20:59:24.617970  4452 processor.cc:760] Processor: start processing batch 76ccfe3f-5cdf-41f4-a787-43cfd9a66b7b into model nwt
I0117 20:59:24.628000 16112 processor.cc:760] Processor: start processing batch 4613a139-37e9-44c3-b823-4b2a159f97f3 into model nwt
I0117 20:59:24.630007 18360 processor.cc:760] Processor: start processing batch 106073a9-1667-4e36-ae5f-fb20e7bb1ff3 into model nwt
I0117 20:59:24.640033 14184 processor.cc:760] Processor: start processing batch 727431b8-ecaa-441a-9e7a-e00b511dfeae into model nwt
I0117 20:59:24.643043  4480 processor.cc:760] Processor: start processing batch 66f3f261-3ee4-48da-b731-0af3af68e1e9 into model nwt
I0117 20:59:24.645047 17508 processor.cc:760] Processor: start processing batch 7a6cbf80-c9e4-446b-88bd-dc5d03f4c236 into model nwt
I0117 20:59:25.037595 18008 processor.cc:856] Processor: complete processing batch b5cf6d09-ebb6-4e3c-bc18-b7c51f239475 into model nwt
I0117 20:59:25.042608 18008 cuckoo_watch.h:44] 493ms in ProcessBatch(D:\artmonline\data\datasets\lurk\batches\aaaaag.batch) [including 32ms in LoadMessage; 7ms in InitializeSparseNdw; 441ms in InferThetaAndUpdateNwtSparse; ]
I0117 20:59:25.079205 18008 processor.cc:676] No data in processing queue, waiting...
I0117 20:59:25.304303 16484 processor.cc:856] Processor: complete processing batch aa335ae6-7e3a-4ed8-a770-3d4f2444c1d1 into model nwt
I0117 20:59:25.314330 16484 cuckoo_watch.h:44] 764ms in ProcessBatch(D:\artmonline\data\datasets\lurk\batches\aaaaah.batch) [including 58ms in LoadMessage; 29ms in InitializeSparseNdw; 661ms in InferThetaAndUpdateNwtSparse; ]
I0117 20:59:25.340399 16484 processor.cc:676] No data in processing queue, waiting...
I0117 20:59:25.451695  4452 processor.cc:856] Processor: complete processing batch 76ccfe3f-5cdf-41f4-a787-43cfd9a66b7b into model nwt
I0117 20:59:25.459717  4452 cuckoo_watch.h:44] 911ms in ProcessBatch(D:\artmonline\data\datasets\lurk\batches\aaaaaa.batch) [including 62ms in LoadMessage; 31ms in InitializeSparseNdw; 801ms in InferThetaAndUpdateNwtSparse; ]
I0117 20:59:25.485785  4452 processor.cc:676] No data in processing queue, waiting...
I0117 20:59:25.855268  4480 processor.cc:856] Processor: complete processing batch 66f3f261-3ee4-48da-b731-0af3af68e1e9 into model nwt
I0117 20:59:25.857775 14184 processor.cc:856] Processor: complete processing batch 727431b8-ecaa-441a-9e7a-e00b511dfeae into model nwt
I0117 20:59:25.868302  4480 cuckoo_watch.h:44] 1320ms in ProcessBatch(D:\artmonline\data\datasets\lurk\batches\aaaaad.batch) [including 83ms in LoadMessage; 45ms in InitializeSparseNdw; 1166ms in InferThetaAndUpdateNwtSparse; ]
I0117 20:59:25.871812 14184 cuckoo_watch.h:44] 1324ms in ProcessBatch(D:\artmonline\data\datasets\lurk\batches\aaaaac.batch) [including 76ms in LoadMessage; 43ms in InitializeSparseNdw; 1173ms in InferThetaAndUpdateNwtSparse; ]
I0117 20:59:25.877828 17508 processor.cc:856] Processor: complete processing batch 7a6cbf80-c9e4-446b-88bd-dc5d03f4c236 into model nwt
I0117 20:59:25.882340 16112 processor.cc:856] Processor: complete processing batch 4613a139-37e9-44c3-b823-4b2a159f97f3 into model nwt
I0117 20:59:25.884847 18360 processor.cc:856] Processor: complete processing batch 106073a9-1667-4e36-ae5f-fb20e7bb1ff3 into model nwt
I0117 20:59:25.900090  4480 processor.cc:676] No data in processing queue, waiting...
I0117 20:59:25.903098 14184 processor.cc:676] No data in processing queue, waiting...
I0117 20:59:25.905103 17508 cuckoo_watch.h:44] 1357ms in ProcessBatch(D:\artmonline\data\datasets\lurk\batches\aaaaab.batch) [including 84ms in LoadMessage; 55ms in InitializeSparseNdw; 1176ms in InferThetaAndUpdateNwtSparse; ]
I0117 20:59:25.906106 18360 cuckoo_watch.h:44] 1358ms in ProcessBatch(D:\artmonline\data\datasets\lurk\batches\aaaaaf.batch) [including 72ms in LoadMessage; 53ms in InitializeSparseNdw; 1200ms in InferThetaAndUpdateNwtSparse; ]
I0117 20:59:25.906106 16112 cuckoo_watch.h:44] 1358ms in ProcessBatch(D:\artmonline\data\datasets\lurk\batches\aaaaae.batch) [including 69ms in LoadMessage; 49ms in InitializeSparseNdw; 1201ms in InferThetaAndUpdateNwtSparse; ]
I0117 20:59:25.908113 17832 master_component.cc:991] NormalizeModelArgs: pwt_target_name=pwt, nwt_source_name=nwt, rwt_source_name=
I0117 20:59:25.908113 17832 master_component.cc:617] MasterComponent: start normalizing model nwt
I0117 20:59:25.936187 17508 processor.cc:676] No data in processing queue, waiting...
I0117 20:59:25.938194 16112 processor.cc:676] No data in processing queue, waiting...
I0117 20:59:25.938194 18360 processor.cc:676] No data in processing queue, waiting...
I0117 20:59:26.003396 17832 master_component.cc:639] MasterComponent: complete normalizing model nwt
I0117 20:59:26.003396 17832 master_component.cc:1015] DisposeModel rwt
I0117 20:59:26.006378 17832 c_interface.cc:318] Pass 14353f80-6413-4caa-bc0a-1ab257827b64 to void (__cdecl artm::core::MasterComponent::*)(class std::basic_string<char,struct std::char_traits<char>,class std::allocator<char> > const & __ptr64) __ptr64
I0117 20:59:26.022449 17832 c_interface.cc:283] Disposing MasterComponent (id=1)...
I0117 20:59:26.022449 17832 c_interface.cc:318] Pass dictionary to void (__cdecl artm::core::MasterComponent::*)(class std::basic_string<char,struct std::char_traits<char>,class std::allocator<char> > const & __ptr64) __ptr64
I0117 20:59:26.038493 17832 c_interface.cc:283] Disposing MasterComponent (id=2)...
I0117 20:59:26.044543 17832 c_interface.cc:180] ArtmCopyRequestedMessage is copying 68917 bytes...
W0117 20:59:26.176478 17832 check_messages.h:833] Inconsistent fields size in ThetaMatrix: 7668 vs 0 vs 7668 vs 0;
I0117 20:59:26.177482 17832 c_interface.cc:180] ArtmCopyRequestedMessage is copying 38245 bytes...
I0117 20:59:26.215297 17832 c_interface.cc:185] ArtmCopyRequestedObject is copying 306720 bytes...
I0117 20:59:26.238085 17832 phi_matrix_operations.cc:82] RetrieveExternalTopicModel() with 10 topics, 71309 tokens
I0117 20:59:26.296243 17832 c_interface.cc:180] ArtmCopyRequestedMessage is copying 2039087 bytes...
I0117 20:59:27.983786 17832 phi_matrix_operations.cc:82] RetrieveExternalTopicModel() with 10 topics, 71309 tokens
I0117 20:59:28.047402 17832 c_interface.cc:180] ArtmCopyRequestedMessage is copying 1753851 bytes...
I0117 20:59:28.396585 17832 c_interface.cc:185] ArtmCopyRequestedObject is copying 2852360 bytes...
I0117 21:00:09.500838 17508 processor.cc:668] Processor thread stopped
I0117 21:00:09.500838 17508 processor.cc:669] Total number of processed batches: 10
I0117 21:00:09.501852 18008 processor.cc:668] Processor thread stopped
I0117 21:00:09.501852 18008 processor.cc:669] Total number of processed batches: 10
I0117 21:00:09.503850  4452 processor.cc:668] Processor thread stopped
I0117 21:00:09.503850  4452 processor.cc:669] Total number of processed batches: 10
I0117 21:00:09.504851 18360 processor.cc:668] Processor thread stopped
I0117 21:00:09.504851 18360 processor.cc:669] Total number of processed batches: 10
I0117 21:00:09.505885  4480 processor.cc:668] Processor thread stopped
I0117 21:00:09.505885  4480 processor.cc:669] Total number of processed batches: 10
I0117 21:00:09.507859 16112 processor.cc:668] Processor thread stopped
I0117 21:00:09.507859 16112 processor.cc:669] Total number of processed batches: 10
I0117 21:00:09.508875 14184 processor.cc:668] Processor thread stopped
I0117 21:00:09.508875 14184 processor.cc:669] Total number of processed batches: 10
I0117 21:00:09.510870 16484 processor.cc:668] Processor thread stopped
I0117 21:00:09.510870 16484 processor.cc:669] Total number of processed batches: 10
I0117 21:00:09.566078 17832 c_interface.cc:283] Disposing MasterComponent (id=3)...
