I0118 18:37:40.895321  9616 processor.cc:856] Processor: complete processing batch e4841d68-82e0-48fd-93eb-bd1c2ec53b47 into model nwt
I0118 18:37:40.899330  9616 cuckoo_watch.h:44] 999ms in ProcessBatch(D:\artmonline\data\datasets\postnauka\batches\aaaaad.batch) [including 14ms in LoadMessage; 2ms in InitializeSparseNdw; 973ms in InferThetaAndUpdateNwtSparse; ]
I0118 18:37:40.929410  9616 processor.cc:676] No data in processing queue, waiting...
I0118 18:37:41.195116  9620 processor.cc:856] Processor: complete processing batch 6c7f9286-fd41-47ad-a283-45652ff021e4 into model nwt
I0118 18:37:41.203140  9620 cuckoo_watch.h:44] 1303ms in ProcessBatch(D:\artmonline\phi1.batch) [including 27ms in LoadMessage; 9ms in InitializeSparseNdw; 1251ms in InferThetaAndUpdateNwtSparse; ]
I0118 18:37:41.234220  9620 processor.cc:676] No data in processing queue, waiting...
I0118 18:37:41.914027  6412 processor.cc:856] Processor: complete processing batch 9e5ab146-6980-4705-a8b6-a18ebb5dc926 into model nwt
I0118 18:37:41.920043  6412 cuckoo_watch.h:44] 2022ms in ProcessBatch(D:\artmonline\data\datasets\postnauka\batches\aaaaaa.batch) [including 25ms in LoadMessage; 15ms in InitializeSparseNdw; 1967ms in InferThetaAndUpdateNwtSparse; ]
I0118 18:37:41.934080 11380 processor.cc:856] Processor: complete processing batch 9ebeb5ff-2218-45d7-aa3c-8d3aec4bf25d into model nwt
I0118 18:37:41.940096 11380 cuckoo_watch.h:44] 2040ms in ProcessBatch(D:\artmonline\data\datasets\postnauka\batches\aaaaac.batch) [including 28ms in LoadMessage; 14ms in InitializeSparseNdw; 1984ms in InferThetaAndUpdateNwtSparse; ]
I0118 18:37:41.947115  6412 processor.cc:676] No data in processing queue, waiting...
I0118 18:37:41.966166 11380 processor.cc:676] No data in processing queue, waiting...
I0118 18:37:41.966166  4900 processor.cc:856] Processor: complete processing batch 67cf4f19-31ed-4ee1-b5a7-402f7c7416e3 into model nwt
I0118 18:37:41.971179  4900 cuckoo_watch.h:44] 2071ms in ProcessBatch(D:\artmonline\data\datasets\postnauka\batches\aaaaab.batch) [including 25ms in LoadMessage; 15ms in InitializeSparseNdw; 2020ms in InferThetaAndUpdateNwtSparse; ]
I0118 18:37:41.975189 11840 master_component.cc:991] NormalizeModelArgs: pwt_target_name=pwt, nwt_source_name=nwt, rwt_source_name=
I0118 18:37:41.975189 11840 master_component.cc:617] MasterComponent: start normalizing model nwt
I0118 18:37:42.001258  4900 processor.cc:676] No data in processing queue, waiting...
I0118 18:37:42.165727 11840 master_component.cc:639] MasterComponent: complete normalizing model nwt
I0118 18:37:42.165727 11840 master_component.cc:1015] DisposeModel rwt
I0118 18:37:42.166700 11840 c_interface.cc:332] Pass FitOfflineMasterModelArgs, batch_filename_size=5, batch_weight_size=5, num_collection_passes=1 to void (__cdecl artm::core::MasterComponent::*)(class artm::FitOfflineMasterModelArgs const & __ptr64) __ptr64
I0118 18:37:42.166700 11840 master_component.cc:942] ProcessBatchesArgs: nwt_target_name=nwt, batch_filename_size=5, batch_size=0, batch_weight_size=5, pwt_source_name=pwt, num_document_passes=30, reuse_theta=no, opt_for_avx=no, predict_class_id=
I0118 18:37:42.275988  9616 processor.cc:683] Processing queue has data, processing started
I0118 18:37:42.276991  7476 processor.cc:683] Processing queue has data, processing started
I0118 18:37:42.276991 11380 processor.cc:683] Processing queue has data, processing started
I0118 18:37:42.276991  5116 processor.cc:683] Processing queue has data, processing started
I0118 18:37:42.281002  9620 processor.cc:683] Processing queue has data, processing started
I0118 18:37:42.290027  5116 processor.cc:760] Processor: start processing batch e4841d68-82e0-48fd-93eb-bd1c2ec53b47 into model nwt
I0118 18:37:42.303062  9616 processor.cc:760] Processor: start processing batch 9e5ab146-6980-4705-a8b6-a18ebb5dc926 into model nwt
I0118 18:37:42.309078  7476 processor.cc:760] Processor: start processing batch 67cf4f19-31ed-4ee1-b5a7-402f7c7416e3 into model nwt
I0118 18:37:42.311084 11380 processor.cc:760] Processor: start processing batch 9ebeb5ff-2218-45d7-aa3c-8d3aec4bf25d into model nwt
I0118 18:37:42.321110  9620 processor.cc:760] Processor: start processing batch 6c7f9286-fd41-47ad-a283-45652ff021e4 into model nwt
I0118 18:37:43.252586  5116 processor.cc:856] Processor: complete processing batch e4841d68-82e0-48fd-93eb-bd1c2ec53b47 into model nwt
I0118 18:37:43.255594  5116 cuckoo_watch.h:44] 978ms in ProcessBatch(D:\artmonline\data\datasets\postnauka\batches\aaaaad.batch) [including 8ms in LoadMessage; 2ms in InitializeSparseNdw; 960ms in InferThetaAndUpdateNwtSparse; ]
I0118 18:37:43.286679  5116 processor.cc:676] No data in processing queue, waiting...
I0118 18:37:43.559402  9620 processor.cc:856] Processor: complete processing batch 6c7f9286-fd41-47ad-a283-45652ff021e4 into model nwt
I0118 18:37:43.570430  9620 cuckoo_watch.h:44] 1290ms in ProcessBatch(D:\artmonline\phi1.batch) [including 33ms in LoadMessage; 3ms in InitializeSparseNdw; 1234ms in InferThetaAndUpdateNwtSparse; ]
I0118 18:37:43.600512  9620 processor.cc:676] No data in processing queue, waiting...
I0118 18:37:44.255250  9616 processor.cc:856] Processor: complete processing batch 9e5ab146-6980-4705-a8b6-a18ebb5dc926 into model nwt
I0118 18:37:44.264274  9616 cuckoo_watch.h:44] 1988ms in ProcessBatch(D:\artmonline\data\datasets\postnauka\batches\aaaaaa.batch) [including 21ms in LoadMessage; 8ms in InitializeSparseNdw; 1942ms in InferThetaAndUpdateNwtSparse; ]
I0118 18:37:44.303380  9616 processor.cc:676] No data in processing queue, waiting...
I0118 18:37:44.313407  7476 processor.cc:856] Processor: complete processing batch 67cf4f19-31ed-4ee1-b5a7-402f7c7416e3 into model nwt
I0118 18:37:44.319422  7476 cuckoo_watch.h:44] 2043ms in ProcessBatch(D:\artmonline\data\datasets\postnauka\batches\aaaaab.batch) [including 24ms in LoadMessage; 10ms in InitializeSparseNdw; 1993ms in InferThetaAndUpdateNwtSparse; ]
I0118 18:37:44.331454 11380 processor.cc:856] Processor: complete processing batch 9ebeb5ff-2218-45d7-aa3c-8d3aec4bf25d into model nwt
I0118 18:37:44.336467 11380 cuckoo_watch.h:44] 2059ms in ProcessBatch(D:\artmonline\data\datasets\postnauka\batches\aaaaac.batch) [including 27ms in LoadMessage; 10ms in InitializeSparseNdw; 2008ms in InferThetaAndUpdateNwtSparse; ]
I0118 18:37:44.339474 11840 master_component.cc:991] NormalizeModelArgs: pwt_target_name=pwt, nwt_source_name=nwt, rwt_source_name=
I0118 18:37:44.339474 11840 master_component.cc:617] MasterComponent: start normalizing model nwt
I0118 18:37:44.352510  7476 processor.cc:676] No data in processing queue, waiting...
I0118 18:37:44.373564 11380 processor.cc:676] No data in processing queue, waiting...
I0118 18:37:44.515945 11840 master_component.cc:639] MasterComponent: complete normalizing model nwt
I0118 18:37:44.515945 11840 master_component.cc:1015] DisposeModel rwt
I0118 18:37:44.515945 11840 c_interface.cc:332] Pass FitOfflineMasterModelArgs, batch_filename_size=5, batch_weight_size=5, num_collection_passes=1 to void (__cdecl artm::core::MasterComponent::*)(class artm::FitOfflineMasterModelArgs const & __ptr64) __ptr64
I0118 18:37:44.515945 11840 master_component.cc:942] ProcessBatchesArgs: nwt_target_name=nwt, batch_filename_size=5, batch_size=0, batch_weight_size=5, pwt_source_name=pwt, num_document_passes=30, reuse_theta=no, opt_for_avx=no, predict_class_id=
I0118 18:37:44.610201  9616 processor.cc:683] Processing queue has data, processing started
I0118 18:37:44.610201  7476 processor.cc:683] Processing queue has data, processing started
I0118 18:37:44.610201 11548 processor.cc:683] Processing queue has data, processing started
I0118 18:37:44.610201  9620 processor.cc:683] Processing queue has data, processing started
I0118 18:37:44.610201  6412 processor.cc:683] Processing queue has data, processing started
I0118 18:37:44.626240 11548 processor.cc:760] Processor: start processing batch e4841d68-82e0-48fd-93eb-bd1c2ec53b47 into model nwt
I0118 18:37:44.639272  9616 processor.cc:760] Processor: start processing batch 67cf4f19-31ed-4ee1-b5a7-402f7c7416e3 into model nwt
I0118 18:37:44.641280  7476 processor.cc:760] Processor: start processing batch 9e5ab146-6980-4705-a8b6-a18ebb5dc926 into model nwt
I0118 18:37:44.646291  9620 processor.cc:760] Processor: start processing batch 9ebeb5ff-2218-45d7-aa3c-8d3aec4bf25d into model nwt
I0118 18:37:44.649302  6412 processor.cc:760] Processor: start processing batch 6c7f9286-fd41-47ad-a283-45652ff021e4 into model nwt
I0118 18:37:45.611857 11548 processor.cc:856] Processor: complete processing batch e4841d68-82e0-48fd-93eb-bd1c2ec53b47 into model nwt
I0118 18:37:45.615869 11548 cuckoo_watch.h:44] 1006ms in ProcessBatch(D:\artmonline\data\datasets\postnauka\batches\aaaaad.batch) [including 10ms in LoadMessage; 2ms in InitializeSparseNdw; 983ms in InferThetaAndUpdateNwtSparse; ]
I0118 18:37:45.644945 11548 processor.cc:676] No data in processing queue, waiting...
I0118 18:37:45.913661  6412 processor.cc:856] Processor: complete processing batch 6c7f9286-fd41-47ad-a283-45652ff021e4 into model nwt
I0118 18:37:45.923687  6412 cuckoo_watch.h:44] 1314ms in ProcessBatch(D:\artmonline\phi1.batch) [including 29ms in LoadMessage; 6ms in InitializeSparseNdw; 1257ms in InferThetaAndUpdateNwtSparse; ]
I0118 18:37:45.953766  6412 processor.cc:676] No data in processing queue, waiting...
I0118 18:37:46.607508  7476 processor.cc:856] Processor: complete processing batch 9e5ab146-6980-4705-a8b6-a18ebb5dc926 into model nwt
I0118 18:37:46.611515  7476 cuckoo_watch.h:44] 2001ms in ProcessBatch(D:\artmonline\data\datasets\postnauka\batches\aaaaaa.batch) [including 24ms in LoadMessage; 12ms in InitializeSparseNdw; 1952ms in InferThetaAndUpdateNwtSparse; ]
I0118 18:37:46.638588  7476 processor.cc:676] No data in processing queue, waiting...
I0118 18:37:46.649624  9620 processor.cc:856] Processor: complete processing batch 9ebeb5ff-2218-45d7-aa3c-8d3aec4bf25d into model nwt
I0118 18:37:46.655632  9620 cuckoo_watch.h:44] 2046ms in ProcessBatch(D:\artmonline\data\datasets\postnauka\batches\aaaaac.batch) [including 27ms in LoadMessage; 12ms in InitializeSparseNdw; 1990ms in InferThetaAndUpdateNwtSparse; ]
I0118 18:37:46.665659  9616 processor.cc:856] Processor: complete processing batch 67cf4f19-31ed-4ee1-b5a7-402f7c7416e3 into model nwt
I0118 18:37:46.669669  9616 cuckoo_watch.h:44] 2059ms in ProcessBatch(D:\artmonline\data\datasets\postnauka\batches\aaaaab.batch) [including 23ms in LoadMessage; 12ms in InitializeSparseNdw; 2013ms in InferThetaAndUpdateNwtSparse; ]
I0118 18:37:46.671785 11840 master_component.cc:991] NormalizeModelArgs: pwt_target_name=pwt, nwt_source_name=nwt, rwt_source_name=
I0118 18:37:46.671785 11840 master_component.cc:617] MasterComponent: start normalizing model nwt
I0118 18:37:46.686827  9620 processor.cc:676] No data in processing queue, waiting...
I0118 18:37:46.694849  9616 processor.cc:676] No data in processing queue, waiting...
I0118 18:37:46.844247 11840 master_component.cc:639] MasterComponent: complete normalizing model nwt
I0118 18:37:46.844247 11840 master_component.cc:1015] DisposeModel rwt
I0118 18:37:46.844247 11840 c_interface.cc:332] Pass FitOfflineMasterModelArgs, batch_filename_size=5, batch_weight_size=5, num_collection_passes=1 to void (__cdecl artm::core::MasterComponent::*)(class artm::FitOfflineMasterModelArgs const & __ptr64) __ptr64
I0118 18:37:46.844247 11840 master_component.cc:942] ProcessBatchesArgs: nwt_target_name=nwt, batch_filename_size=5, batch_size=0, batch_weight_size=5, pwt_source_name=pwt, num_document_passes=30, reuse_theta=no, opt_for_avx=no, predict_class_id=
I0118 18:37:46.962559 11380 processor.cc:683] Processing queue has data, processing started
I0118 18:37:46.962559  6412 processor.cc:683] Processing queue has data, processing started
I0118 18:37:46.962559  7476 processor.cc:683] Processing queue has data, processing started
I0118 18:37:46.962559  4900 processor.cc:683] Processing queue has data, processing started
I0118 18:37:46.963563  9616 processor.cc:683] Processing queue has data, processing started
I0118 18:37:46.977601  7476 processor.cc:760] Processor: start processing batch e4841d68-82e0-48fd-93eb-bd1c2ec53b47 into model nwt
I0118 18:37:46.991638  4900 processor.cc:760] Processor: start processing batch 9ebeb5ff-2218-45d7-aa3c-8d3aec4bf25d into model nwt
I0118 18:37:46.991638 11380 processor.cc:760] Processor: start processing batch 9e5ab146-6980-4705-a8b6-a18ebb5dc926 into model nwt
I0118 18:37:46.991638  6412 processor.cc:760] Processor: start processing batch 67cf4f19-31ed-4ee1-b5a7-402f7c7416e3 into model nwt
I0118 18:37:47.005676  9616 processor.cc:760] Processor: start processing batch 6c7f9286-fd41-47ad-a283-45652ff021e4 into model nwt
I0118 18:37:47.918102  7476 processor.cc:856] Processor: complete processing batch e4841d68-82e0-48fd-93eb-bd1c2ec53b47 into model nwt
I0118 18:37:47.921115  7476 cuckoo_watch.h:44] 959ms in ProcessBatch(D:\artmonline\data\datasets\postnauka\batches\aaaaad.batch) [including 9ms in LoadMessage; 2ms in InitializeSparseNdw; 937ms in InferThetaAndUpdateNwtSparse; ]
I0118 18:37:47.950186  7476 processor.cc:676] No data in processing queue, waiting...
I0118 18:37:48.219903  9616 processor.cc:856] Processor: complete processing batch 6c7f9286-fd41-47ad-a283-45652ff021e4 into model nwt
I0118 18:37:48.229930  9616 cuckoo_watch.h:44] 1266ms in ProcessBatch(D:\artmonline\phi1.batch) [including 35ms in LoadMessage; 2ms in InitializeSparseNdw; 1210ms in InferThetaAndUpdateNwtSparse; ]
I0118 18:37:48.258004  9616 processor.cc:676] No data in processing queue, waiting...
I0118 18:37:48.954856 11380 processor.cc:856] Processor: complete processing batch 9e5ab146-6980-4705-a8b6-a18ebb5dc926 into model nwt
I0118 18:37:48.959869 11380 cuckoo_watch.h:44] 1998ms in ProcessBatch(D:\artmonline\data\datasets\postnauka\batches\aaaaaa.batch) [including 25ms in LoadMessage; 13ms in InitializeSparseNdw; 1948ms in InferThetaAndUpdateNwtSparse; ]
I0118 18:37:48.981928  4900 processor.cc:856] Processor: complete processing batch 9ebeb5ff-2218-45d7-aa3c-8d3aec4bf25d into model nwt
I0118 18:37:48.984937 11380 processor.cc:676] No data in processing queue, waiting...
I0118 18:37:48.985939  4900 cuckoo_watch.h:44] 2023ms in ProcessBatch(D:\artmonline\data\datasets\postnauka\batches\aaaaac.batch) [including 25ms in LoadMessage; 11ms in InitializeSparseNdw; 1977ms in InferThetaAndUpdateNwtSparse; ]
I0118 18:37:48.987944  6412 processor.cc:856] Processor: complete processing batch 67cf4f19-31ed-4ee1-b5a7-402f7c7416e3 into model nwt
I0118 18:37:48.994994  6412 cuckoo_watch.h:44] 2032ms in ProcessBatch(D:\artmonline\data\datasets\postnauka\batches\aaaaab.batch) [including 26ms in LoadMessage; 12ms in InitializeSparseNdw; 1982ms in InferThetaAndUpdateNwtSparse; ]
I0118 18:37:48.996000 11840 master_component.cc:991] NormalizeModelArgs: pwt_target_name=pwt, nwt_source_name=nwt, rwt_source_name=
I0118 18:37:48.996000 11840 master_component.cc:617] MasterComponent: start normalizing model nwt
I0118 18:37:49.015045  4900 processor.cc:676] No data in processing queue, waiting...
I0118 18:37:49.026046  6412 processor.cc:676] No data in processing queue, waiting...
I0118 18:37:49.169426 11840 master_component.cc:639] MasterComponent: complete normalizing model nwt
I0118 18:37:49.169426 11840 master_component.cc:1015] DisposeModel rwt
I0118 18:37:49.170431 11840 c_interface.cc:332] Pass FitOfflineMasterModelArgs, batch_filename_size=5, batch_weight_size=5, num_collection_passes=1 to void (__cdecl artm::core::MasterComponent::*)(class artm::FitOfflineMasterModelArgs const & __ptr64) __ptr64
I0118 18:37:49.170431 11840 master_component.cc:942] ProcessBatchesArgs: nwt_target_name=nwt, batch_filename_size=5, batch_size=0, batch_weight_size=5, pwt_source_name=pwt, num_document_passes=30, reuse_theta=no, opt_for_avx=no, predict_class_id=
I0118 18:37:49.268692  7476 processor.cc:683] Processing queue has data, processing started
I0118 18:37:49.268692  4900 processor.cc:683] Processing queue has data, processing started
I0118 18:37:49.268692  9620 processor.cc:683] Processing queue has data, processing started
I0118 18:37:49.268692  5116 processor.cc:683] Processing queue has data, processing started
I0118 18:37:49.269695 11548 processor.cc:683] Processing queue has data, processing started
I0118 18:37:49.286741  5116 processor.cc:760] Processor: start processing batch e4841d68-82e0-48fd-93eb-bd1c2ec53b47 into model nwt
I0118 18:37:49.294764  7476 processor.cc:760] Processor: start processing batch 9e5ab146-6980-4705-a8b6-a18ebb5dc926 into model nwt
I0118 18:37:49.300791  9620 processor.cc:760] Processor: start processing batch 9ebeb5ff-2218-45d7-aa3c-8d3aec4bf25d into model nwt
I0118 18:37:49.303786  4900 processor.cc:760] Processor: start processing batch 67cf4f19-31ed-4ee1-b5a7-402f7c7416e3 into model nwt
I0118 18:37:49.314815 11548 processor.cc:760] Processor: start processing batch 6c7f9286-fd41-47ad-a283-45652ff021e4 into model nwt
I0118 18:37:50.271358  5116 processor.cc:856] Processor: complete processing batch e4841d68-82e0-48fd-93eb-bd1c2ec53b47 into model nwt
I0118 18:37:50.276371  5116 cuckoo_watch.h:44] 1008ms in ProcessBatch(D:\artmonline\data\datasets\postnauka\batches\aaaaad.batch) [including 13ms in LoadMessage; 3ms in InitializeSparseNdw; 981ms in InferThetaAndUpdateNwtSparse; ]
I0118 18:37:50.304445  5116 processor.cc:676] No data in processing queue, waiting...
I0118 18:37:50.581192 11548 processor.cc:856] Processor: complete processing batch 6c7f9286-fd41-47ad-a283-45652ff021e4 into model nwt
I0118 18:37:50.589201 11548 cuckoo_watch.h:44] 1319ms in ProcessBatch(D:\artmonline\phi1.batch) [including 38ms in LoadMessage; 4ms in InitializeSparseNdw; 1261ms in InferThetaAndUpdateNwtSparse; ]
I0118 18:37:50.613282 11548 processor.cc:676] No data in processing queue, waiting...
I0118 18:37:51.312124  7476 processor.cc:856] Processor: complete processing batch 9e5ab146-6980-4705-a8b6-a18ebb5dc926 into model nwt
I0118 18:37:51.320144  7476 cuckoo_watch.h:44] 2051ms in ProcessBatch(D:\artmonline\data\datasets\postnauka\batches\aaaaaa.batch) [including 21ms in LoadMessage; 12ms in InitializeSparseNdw; 2004ms in InferThetaAndUpdateNwtSparse; ]
I0118 18:37:51.342206  9620 processor.cc:856] Processor: complete processing batch 9ebeb5ff-2218-45d7-aa3c-8d3aec4bf25d into model nwt
I0118 18:37:51.347216  7476 processor.cc:676] No data in processing queue, waiting...
I0118 18:37:51.349221  9620 cuckoo_watch.h:44] 2081ms in ProcessBatch(D:\artmonline\data\datasets\postnauka\batches\aaaaac.batch) [including 24ms in LoadMessage; 11ms in InitializeSparseNdw; 2029ms in InferThetaAndUpdateNwtSparse; ]
I0118 18:37:51.376293  9620 processor.cc:676] No data in processing queue, waiting...
I0118 18:37:51.427429  4900 processor.cc:856] Processor: complete processing batch 67cf4f19-31ed-4ee1-b5a7-402f7c7416e3 into model nwt
I0118 18:37:51.431440  4900 cuckoo_watch.h:44] 2163ms in ProcessBatch(D:\artmonline\data\datasets\postnauka\batches\aaaaab.batch) [including 26ms in LoadMessage; 11ms in InitializeSparseNdw; 2111ms in InferThetaAndUpdateNwtSparse; ]
I0118 18:37:51.432443 11840 master_component.cc:991] NormalizeModelArgs: pwt_target_name=pwt, nwt_source_name=nwt, rwt_source_name=
I0118 18:37:51.432443 11840 master_component.cc:617] MasterComponent: start normalizing model nwt
I0118 18:37:51.456506  4900 processor.cc:676] No data in processing queue, waiting...
I0118 18:37:51.610918 11840 master_component.cc:639] MasterComponent: complete normalizing model nwt
I0118 18:37:51.610918 11840 master_component.cc:1015] DisposeModel rwt
I0118 18:37:51.610918 11840 c_interface.cc:332] Pass FitOfflineMasterModelArgs, batch_filename_size=5, batch_weight_size=5, num_collection_passes=1 to void (__cdecl artm::core::MasterComponent::*)(class artm::FitOfflineMasterModelArgs const & __ptr64) __ptr64
I0118 18:37:51.610918 11840 master_component.cc:942] ProcessBatchesArgs: nwt_target_name=nwt, batch_filename_size=5, batch_size=0, batch_weight_size=5, pwt_source_name=pwt, num_document_passes=30, reuse_theta=no, opt_for_avx=no, predict_class_id=
I0118 18:37:51.705168  4900 processor.cc:683] Processing queue has data, processing started
I0118 18:37:51.705168  5116 processor.cc:683] Processing queue has data, processing started
I0118 18:37:51.705168  9616 processor.cc:683] Processing queue has data, processing started
I0118 18:37:51.706171  7476 processor.cc:683] Processing queue has data, processing started
I0118 18:37:51.706171 11380 processor.cc:683] Processing queue has data, processing started
I0118 18:37:51.726224 11380 processor.cc:760] Processor: start processing batch e4841d68-82e0-48fd-93eb-bd1c2ec53b47 into model nwt
I0118 18:37:51.736251  5116 processor.cc:760] Processor: start processing batch 67cf4f19-31ed-4ee1-b5a7-402f7c7416e3 into model nwt
I0118 18:37:51.736251  4900 processor.cc:760] Processor: start processing batch 9ebeb5ff-2218-45d7-aa3c-8d3aec4bf25d into model nwt
I0118 18:37:51.736251  9616 processor.cc:760] Processor: start processing batch 9e5ab146-6980-4705-a8b6-a18ebb5dc926 into model nwt
I0118 18:37:51.747282  7476 processor.cc:760] Processor: start processing batch 6c7f9286-fd41-47ad-a283-45652ff021e4 into model nwt
I0118 18:37:52.681778 11380 processor.cc:856] Processor: complete processing batch e4841d68-82e0-48fd-93eb-bd1c2ec53b47 into model nwt
I0118 18:37:52.686779 11380 cuckoo_watch.h:44] 980ms in ProcessBatch(D:\artmonline\data\datasets\postnauka\batches\aaaaad.batch) [including 14ms in LoadMessage; 2ms in InitializeSparseNdw; 952ms in InferThetaAndUpdateNwtSparse; ]
I0118 18:37:52.710842 11380 processor.cc:676] No data in processing queue, waiting...
I0118 18:37:52.986574  7476 processor.cc:856] Processor: complete processing batch 6c7f9286-fd41-47ad-a283-45652ff021e4 into model nwt
I0118 18:37:52.997604  7476 cuckoo_watch.h:44] 1291ms in ProcessBatch(D:\artmonline\phi1.batch) [including 33ms in LoadMessage; 3ms in InitializeSparseNdw; 1236ms in InferThetaAndUpdateNwtSparse; ]
I0118 18:37:53.024677  7476 processor.cc:676] No data in processing queue, waiting...
I0118 18:37:53.709496  9616 processor.cc:856] Processor: complete processing batch 9e5ab146-6980-4705-a8b6-a18ebb5dc926 into model nwt
I0118 18:37:53.717519  9616 cuckoo_watch.h:44] 2012ms in ProcessBatch(D:\artmonline\data\datasets\postnauka\batches\aaaaaa.batch) [including 26ms in LoadMessage; 11ms in InitializeSparseNdw; 1961ms in InferThetaAndUpdateNwtSparse; ]
I0118 18:37:53.745592  9616 processor.cc:676] No data in processing queue, waiting...
I0118 18:37:53.752610  5116 processor.cc:856] Processor: complete processing batch 67cf4f19-31ed-4ee1-b5a7-402f7c7416e3 into model nwt
I0118 18:37:53.758627  5116 cuckoo_watch.h:44] 2053ms in ProcessBatch(D:\artmonline\data\datasets\postnauka\batches\aaaaab.batch) [including 27ms in LoadMessage; 11ms in InitializeSparseNdw; 2004ms in InferThetaAndUpdateNwtSparse; ]
I0118 18:37:53.785699  5116 processor.cc:676] No data in processing queue, waiting...
I0118 18:37:53.806754  4900 processor.cc:856] Processor: complete processing batch 9ebeb5ff-2218-45d7-aa3c-8d3aec4bf25d into model nwt
I0118 18:37:53.811767  4900 cuckoo_watch.h:44] 2106ms in ProcessBatch(D:\artmonline\data\datasets\postnauka\batches\aaaaac.batch) [including 27ms in LoadMessage; 12ms in InitializeSparseNdw; 2057ms in InferThetaAndUpdateNwtSparse; ]
I0118 18:37:53.812772 11840 master_component.cc:991] NormalizeModelArgs: pwt_target_name=pwt, nwt_source_name=nwt, rwt_source_name=
I0118 18:37:53.812772 11840 master_component.cc:617] MasterComponent: start normalizing model nwt
I0118 18:37:53.840845  4900 processor.cc:676] No data in processing queue, waiting...
I0118 18:37:53.992298 11840 master_component.cc:639] MasterComponent: complete normalizing model nwt
I0118 18:37:53.993281 11840 master_component.cc:1015] DisposeModel rwt
I0118 18:37:53.993281 11840 c_interface.cc:332] Pass FitOfflineMasterModelArgs, batch_filename_size=5, batch_weight_size=5, num_collection_passes=1 to void (__cdecl artm::core::MasterComponent::*)(class artm::FitOfflineMasterModelArgs const & __ptr64) __ptr64
I0118 18:37:53.993281 11840 master_component.cc:942] ProcessBatchesArgs: nwt_target_name=nwt, batch_filename_size=5, batch_size=0, batch_weight_size=5, pwt_source_name=pwt, num_document_passes=30, reuse_theta=no, opt_for_avx=no, predict_class_id=
I0118 18:37:54.086627 11380 processor.cc:683] Processing queue has data, processing started
I0118 18:37:54.086627  9620 processor.cc:683] Processing queue has data, processing started
I0118 18:37:54.086627  4900 processor.cc:683] Processing queue has data, processing started
I0118 18:37:54.086627 11548 processor.cc:683] Processing queue has data, processing started
I0118 18:37:54.086627  5116 processor.cc:683] Processing queue has data, processing started
I0118 18:37:54.103546  4900 processor.cc:760] Processor: start processing batch e4841d68-82e0-48fd-93eb-bd1c2ec53b47 into model nwt
I0118 18:37:54.115577 11548 processor.cc:760] Processor: start processing batch 9e5ab146-6980-4705-a8b6-a18ebb5dc926 into model nwt
I0118 18:37:54.117583  9620 processor.cc:760] Processor: start processing batch 9ebeb5ff-2218-45d7-aa3c-8d3aec4bf25d into model nwt
I0118 18:37:54.117583 11380 processor.cc:760] Processor: start processing batch 67cf4f19-31ed-4ee1-b5a7-402f7c7416e3 into model nwt
I0118 18:37:54.124601  5116 processor.cc:760] Processor: start processing batch 6c7f9286-fd41-47ad-a283-45652ff021e4 into model nwt
I0118 18:37:55.108217  4900 processor.cc:856] Processor: complete processing batch e4841d68-82e0-48fd-93eb-bd1c2ec53b47 into model nwt
I0118 18:37:55.113229  4900 cuckoo_watch.h:44] 1026ms in ProcessBatch(D:\artmonline\data\datasets\postnauka\batches\aaaaad.batch) [including 11ms in LoadMessage; 2ms in InitializeSparseNdw; 1002ms in InferThetaAndUpdateNwtSparse; ]
I0118 18:37:55.144312  4900 processor.cc:676] No data in processing queue, waiting...
I0118 18:37:55.393977  5116 processor.cc:856] Processor: complete processing batch 6c7f9286-fd41-47ad-a283-45652ff021e4 into model nwt
I0118 18:37:55.405004  5116 cuckoo_watch.h:44] 1318ms in ProcessBatch(D:\artmonline\phi1.batch) [including 31ms in LoadMessage; 4ms in InitializeSparseNdw; 1264ms in InferThetaAndUpdateNwtSparse; ]
I0118 18:37:55.432082  5116 processor.cc:676] No data in processing queue, waiting...
I0118 18:37:56.147979 11548 processor.cc:856] Processor: complete processing batch 9e5ab146-6980-4705-a8b6-a18ebb5dc926 into model nwt
I0118 18:37:56.153995 11548 cuckoo_watch.h:44] 2067ms in ProcessBatch(D:\artmonline\data\datasets\postnauka\batches\aaaaaa.batch) [including 23ms in LoadMessage; 9ms in InitializeSparseNdw; 2022ms in InferThetaAndUpdateNwtSparse; ]
I0118 18:37:56.169034 11380 processor.cc:856] Processor: complete processing batch 67cf4f19-31ed-4ee1-b5a7-402f7c7416e3 into model nwt
I0118 18:37:56.175050 11380 cuckoo_watch.h:44] 2088ms in ProcessBatch(D:\artmonline\data\datasets\postnauka\batches\aaaaab.batch) [including 25ms in LoadMessage; 11ms in InitializeSparseNdw; 2039ms in InferThetaAndUpdateNwtSparse; ]
I0118 18:37:56.184074 11548 processor.cc:676] No data in processing queue, waiting...
I0118 18:37:56.191093  9620 processor.cc:856] Processor: complete processing batch 9ebeb5ff-2218-45d7-aa3c-8d3aec4bf25d into model nwt
I0118 18:37:56.197109  9620 cuckoo_watch.h:44] 2110ms in ProcessBatch(D:\artmonline\data\datasets\postnauka\batches\aaaaac.batch) [including 25ms in LoadMessage; 11ms in InitializeSparseNdw; 2061ms in InferThetaAndUpdateNwtSparse; ]
I0118 18:37:56.198113 11840 master_component.cc:991] NormalizeModelArgs: pwt_target_name=pwt, nwt_source_name=nwt, rwt_source_name=
I0118 18:37:56.198113 11840 master_component.cc:617] MasterComponent: start normalizing model nwt
I0118 18:37:56.199115 11380 processor.cc:676] No data in processing queue, waiting...
I0118 18:37:56.220171  9620 processor.cc:676] No data in processing queue, waiting...
I0118 18:37:56.380596 11840 master_component.cc:639] MasterComponent: complete normalizing model nwt
I0118 18:37:56.380596 11840 master_component.cc:1015] DisposeModel rwt
I0118 18:37:56.380596 11840 c_interface.cc:332] Pass FitOfflineMasterModelArgs, batch_filename_size=5, batch_weight_size=5, num_collection_passes=1 to void (__cdecl artm::core::MasterComponent::*)(class artm::FitOfflineMasterModelArgs const & __ptr64) __ptr64
I0118 18:37:56.381599 11840 master_component.cc:942] ProcessBatchesArgs: nwt_target_name=nwt, batch_filename_size=5, batch_size=0, batch_weight_size=5, pwt_source_name=pwt, num_document_passes=30, reuse_theta=no, opt_for_avx=no, predict_class_id=
I0118 18:37:56.491896 11380 processor.cc:683] Processing queue has data, processing started
I0118 18:37:56.491896  7476 processor.cc:683] Processing queue has data, processing started
I0118 18:37:56.491896  9616 processor.cc:683] Processing queue has data, processing started
I0118 18:37:56.491896  9620 processor.cc:683] Processing queue has data, processing started
I0118 18:37:56.491896  6412 processor.cc:683] Processing queue has data, processing started
I0118 18:37:56.508939  6412 processor.cc:760] Processor: start processing batch e4841d68-82e0-48fd-93eb-bd1c2ec53b47 into model nwt
I0118 18:37:56.519969  7476 processor.cc:760] Processor: start processing batch 67cf4f19-31ed-4ee1-b5a7-402f7c7416e3 into model nwt
I0118 18:37:56.525985  9616 processor.cc:760] Processor: start processing batch 9e5ab146-6980-4705-a8b6-a18ebb5dc926 into model nwt
I0118 18:37:56.532001 11380 processor.cc:760] Processor: start processing batch 9ebeb5ff-2218-45d7-aa3c-8d3aec4bf25d into model nwt
I0118 18:37:56.533004  9620 processor.cc:760] Processor: start processing batch 6c7f9286-fd41-47ad-a283-45652ff021e4 into model nwt
I0118 18:37:57.508597  6412 processor.cc:856] Processor: complete processing batch e4841d68-82e0-48fd-93eb-bd1c2ec53b47 into model nwt
I0118 18:37:57.511605  6412 cuckoo_watch.h:44] 1020ms in ProcessBatch(D:\artmonline\data\datasets\postnauka\batches\aaaaad.batch) [including 11ms in LoadMessage; 1ms in InitializeSparseNdw; 998ms in InferThetaAndUpdateNwtSparse; ]
I0118 18:37:57.540683  6412 processor.cc:676] No data in processing queue, waiting...
I0118 18:37:57.812405  9620 processor.cc:856] Processor: complete processing batch 6c7f9286-fd41-47ad-a283-45652ff021e4 into model nwt
I0118 18:37:57.822432  9620 cuckoo_watch.h:44] 1330ms in ProcessBatch(D:\artmonline\phi1.batch) [including 34ms in LoadMessage; 4ms in InitializeSparseNdw; 1274ms in InferThetaAndUpdateNwtSparse; ]
I0118 18:37:57.853513  9620 processor.cc:676] No data in processing queue, waiting...
I0118 18:37:58.558387  9616 processor.cc:856] Processor: complete processing batch 9e5ab146-6980-4705-a8b6-a18ebb5dc926 into model nwt
I0118 18:37:58.564404  9616 cuckoo_watch.h:44] 2072ms in ProcessBatch(D:\artmonline\data\datasets\postnauka\batches\aaaaaa.batch) [including 27ms in LoadMessage; 10ms in InitializeSparseNdw; 2020ms in InferThetaAndUpdateNwtSparse; ]
I0118 18:37:58.590471  7476 processor.cc:856] Processor: complete processing batch 67cf4f19-31ed-4ee1-b5a7-402f7c7416e3 into model nwt
I0118 18:37:58.595485  9616 processor.cc:676] No data in processing queue, waiting...
I0118 18:37:58.596487  7476 cuckoo_watch.h:44] 2104ms in ProcessBatch(D:\artmonline\data\datasets\postnauka\batches\aaaaab.batch) [including 23ms in LoadMessage; 8ms in InitializeSparseNdw; 2061ms in InferThetaAndUpdateNwtSparse; ]
I0118 18:37:58.619549  7476 processor.cc:676] No data in processing queue, waiting...
I0118 18:37:58.627569 11380 processor.cc:856] Processor: complete processing batch 9ebeb5ff-2218-45d7-aa3c-8d3aec4bf25d into model nwt
I0118 18:37:58.632585 11380 cuckoo_watch.h:44] 2140ms in ProcessBatch(D:\artmonline\data\datasets\postnauka\batches\aaaaac.batch) [including 30ms in LoadMessage; 9ms in InitializeSparseNdw; 2085ms in InferThetaAndUpdateNwtSparse; ]
I0118 18:37:58.633586 11840 master_component.cc:991] NormalizeModelArgs: pwt_target_name=pwt, nwt_source_name=nwt, rwt_source_name=
I0118 18:37:58.633586 11840 master_component.cc:617] MasterComponent: start normalizing model nwt
I0118 18:37:58.658653 11380 processor.cc:676] No data in processing queue, waiting...
I0118 18:37:58.806044 11840 master_component.cc:639] MasterComponent: complete normalizing model nwt
I0118 18:37:58.806044 11840 master_component.cc:1015] DisposeModel rwt
I0118 18:37:58.807047 11840 c_interface.cc:332] Pass FitOfflineMasterModelArgs, batch_filename_size=5, batch_weight_size=5, num_collection_passes=1 to void (__cdecl artm::core::MasterComponent::*)(class artm::FitOfflineMasterModelArgs const & __ptr64) __ptr64
I0118 18:37:58.807047 11840 master_component.cc:942] ProcessBatchesArgs: nwt_target_name=nwt, batch_filename_size=5, batch_size=0, batch_weight_size=5, pwt_source_name=pwt, num_document_passes=30, reuse_theta=no, opt_for_avx=no, predict_class_id=
I0118 18:37:58.914332 11380 processor.cc:683] Processing queue has data, processing started
I0118 18:37:58.914332  9616 processor.cc:683] Processing queue has data, processing started
I0118 18:37:58.914332  7476 processor.cc:683] Processing queue has data, processing started
I0118 18:37:58.915335  4900 processor.cc:683] Processing queue has data, processing started
I0118 18:37:58.915335  6412 processor.cc:683] Processing queue has data, processing started
I0118 18:37:58.932380  6412 processor.cc:760] Processor: start processing batch e4841d68-82e0-48fd-93eb-bd1c2ec53b47 into model nwt
I0118 18:37:58.939400  9616 processor.cc:760] Processor: start processing batch 9ebeb5ff-2218-45d7-aa3c-8d3aec4bf25d into model nwt
I0118 18:37:58.950430 11380 processor.cc:760] Processor: start processing batch 9e5ab146-6980-4705-a8b6-a18ebb5dc926 into model nwt
I0118 18:37:58.950430  7476 processor.cc:760] Processor: start processing batch 67cf4f19-31ed-4ee1-b5a7-402f7c7416e3 into model nwt
I0118 18:37:58.958451  4900 processor.cc:760] Processor: start processing batch 6c7f9286-fd41-47ad-a283-45652ff021e4 into model nwt
I0118 18:37:59.964124  6412 processor.cc:856] Processor: complete processing batch e4841d68-82e0-48fd-93eb-bd1c2ec53b47 into model nwt
I0118 18:37:59.969142  6412 cuckoo_watch.h:44] 1053ms in ProcessBatch(D:\artmonline\data\datasets\postnauka\batches\aaaaad.batch) [including 11ms in LoadMessage; 2ms in InitializeSparseNdw; 1028ms in InferThetaAndUpdateNwtSparse; ]
I0118 18:38:00.008241  6412 processor.cc:676] No data in processing queue, waiting...
I0118 18:38:00.255900  4900 processor.cc:856] Processor: complete processing batch 6c7f9286-fd41-47ad-a283-45652ff021e4 into model nwt
I0118 18:38:00.263921  4900 cuckoo_watch.h:44] 1348ms in ProcessBatch(D:\artmonline\phi1.batch) [including 34ms in LoadMessage; 5ms in InitializeSparseNdw; 1291ms in InferThetaAndUpdateNwtSparse; ]
I0118 18:38:00.296006  4900 processor.cc:676] No data in processing queue, waiting...
I0118 18:38:01.028954 11380 processor.cc:856] Processor: complete processing batch 9e5ab146-6980-4705-a8b6-a18ebb5dc926 into model nwt
I0118 18:38:01.034970 11380 cuckoo_watch.h:44] 2121ms in ProcessBatch(D:\artmonline\data\datasets\postnauka\batches\aaaaaa.batch) [including 28ms in LoadMessage; 12ms in InitializeSparseNdw; 2065ms in InferThetaAndUpdateNwtSparse; ]
I0118 18:38:01.053019  9616 processor.cc:856] Processor: complete processing batch 9ebeb5ff-2218-45d7-aa3c-8d3aec4bf25d into model nwt
I0118 18:38:01.059034  9616 cuckoo_watch.h:44] 2144ms in ProcessBatch(D:\artmonline\data\datasets\postnauka\batches\aaaaac.batch) [including 21ms in LoadMessage; 10ms in InitializeSparseNdw; 2102ms in InferThetaAndUpdateNwtSparse; ]
I0118 18:38:01.069061 11380 processor.cc:676] No data in processing queue, waiting...
I0118 18:38:01.091120  9616 processor.cc:676] No data in processing queue, waiting...
I0118 18:38:01.092123  7476 processor.cc:856] Processor: complete processing batch 67cf4f19-31ed-4ee1-b5a7-402f7c7416e3 into model nwt
I0118 18:38:01.100143  7476 cuckoo_watch.h:44] 2186ms in ProcessBatch(D:\artmonline\data\datasets\postnauka\batches\aaaaab.batch) [including 29ms in LoadMessage; 12ms in InitializeSparseNdw; 2128ms in InferThetaAndUpdateNwtSparse; ]
I0118 18:38:01.101146 11840 master_component.cc:991] NormalizeModelArgs: pwt_target_name=pwt, nwt_source_name=nwt, rwt_source_name=
I0118 18:38:01.101146 11840 master_component.cc:617] MasterComponent: start normalizing model nwt
I0118 18:38:01.136253  7476 processor.cc:676] No data in processing queue, waiting...
I0118 18:38:01.278620 11840 master_component.cc:639] MasterComponent: complete normalizing model nwt
I0118 18:38:01.278620 11840 master_component.cc:1015] DisposeModel rwt
I0118 18:38:01.279623 11840 c_interface.cc:332] Pass FitOfflineMasterModelArgs, batch_filename_size=5, batch_weight_size=5, num_collection_passes=1 to void (__cdecl artm::core::MasterComponent::*)(class artm::FitOfflineMasterModelArgs const & __ptr64) __ptr64
I0118 18:38:01.279623 11840 master_component.cc:942] ProcessBatchesArgs: nwt_target_name=nwt, batch_filename_size=5, batch_size=0, batch_weight_size=5, pwt_source_name=pwt, num_document_passes=30, reuse_theta=no, opt_for_avx=no, predict_class_id=
I0118 18:38:01.390916 11380 processor.cc:683] Processing queue has data, processing started
I0118 18:38:01.390916  4900 processor.cc:683] Processing queue has data, processing started
I0118 18:38:01.391922  9616 processor.cc:683] Processing queue has data, processing started
I0118 18:38:01.391922 11548 processor.cc:683] Processing queue has data, processing started
I0118 18:38:01.391922  5116 processor.cc:683] Processing queue has data, processing started
I0118 18:38:01.405956 11548 processor.cc:760] Processor: start processing batch e4841d68-82e0-48fd-93eb-bd1c2ec53b47 into model nwt
I0118 18:38:01.424007 11380 processor.cc:760] Processor: start processing batch 67cf4f19-31ed-4ee1-b5a7-402f7c7416e3 into model nwt
I0118 18:38:01.424007  4900 processor.cc:760] Processor: start processing batch 9e5ab146-6980-4705-a8b6-a18ebb5dc926 into model nwt
I0118 18:38:01.427014  9616 processor.cc:760] Processor: start processing batch 9ebeb5ff-2218-45d7-aa3c-8d3aec4bf25d into model nwt
I0118 18:38:01.427014  5116 processor.cc:760] Processor: start processing batch 6c7f9286-fd41-47ad-a283-45652ff021e4 into model nwt
I0118 18:38:02.397594 11548 processor.cc:856] Processor: complete processing batch e4841d68-82e0-48fd-93eb-bd1c2ec53b47 into model nwt
I0118 18:38:02.401603 11548 cuckoo_watch.h:44] 1009ms in ProcessBatch(D:\artmonline\data\datasets\postnauka\batches\aaaaad.batch) [including 9ms in LoadMessage; 2ms in InitializeSparseNdw; 989ms in InferThetaAndUpdateNwtSparse; ]
I0118 18:38:02.431684 11548 processor.cc:676] No data in processing queue, waiting...
I0118 18:38:02.688366  5116 processor.cc:856] Processor: complete processing batch 6c7f9286-fd41-47ad-a283-45652ff021e4 into model nwt
I0118 18:38:02.696388  5116 cuckoo_watch.h:44] 1304ms in ProcessBatch(D:\artmonline\phi1.batch) [including 28ms in LoadMessage; 5ms in InitializeSparseNdw; 1254ms in InferThetaAndUpdateNwtSparse; ]
I0118 18:38:02.724462  5116 processor.cc:676] No data in processing queue, waiting...
I0118 18:38:03.403265  4900 processor.cc:856] Processor: complete processing batch 9e5ab146-6980-4705-a8b6-a18ebb5dc926 into model nwt
I0118 18:38:03.408280  4900 cuckoo_watch.h:44] 2017ms in ProcessBatch(D:\artmonline\data\datasets\postnauka\batches\aaaaaa.batch) [including 26ms in LoadMessage; 11ms in InitializeSparseNdw; 1966ms in InferThetaAndUpdateNwtSparse; ]
I0118 18:38:03.433346 11380 processor.cc:856] Processor: complete processing batch 67cf4f19-31ed-4ee1-b5a7-402f7c7416e3 into model nwt
I0118 18:38:03.438359 11380 cuckoo_watch.h:44] 2047ms in ProcessBatch(D:\artmonline\data\datasets\postnauka\batches\aaaaab.batch) [including 26ms in LoadMessage; 12ms in InitializeSparseNdw; 1996ms in InferThetaAndUpdateNwtSparse; ]
I0118 18:38:03.440364  4900 processor.cc:676] No data in processing queue, waiting...
I0118 18:38:03.463426  9616 processor.cc:856] Processor: complete processing batch 9ebeb5ff-2218-45d7-aa3c-8d3aec4bf25d into model nwt
I0118 18:38:03.464428 11380 processor.cc:676] No data in processing queue, waiting...
I0118 18:38:03.468439  9616 cuckoo_watch.h:44] 2076ms in ProcessBatch(D:\artmonline\data\datasets\postnauka\batches\aaaaac.batch) [including 27ms in LoadMessage; 11ms in InitializeSparseNdw; 2024ms in InferThetaAndUpdateNwtSparse; ]
I0118 18:38:03.469442 11840 master_component.cc:991] NormalizeModelArgs: pwt_target_name=pwt, nwt_source_name=nwt, rwt_source_name=
I0118 18:38:03.469442 11840 master_component.cc:617] MasterComponent: start normalizing model nwt
I0118 18:38:03.497516  9616 processor.cc:676] No data in processing queue, waiting...
I0118 18:38:03.647915 11840 master_component.cc:639] MasterComponent: complete normalizing model nwt
I0118 18:38:03.647915 11840 master_component.cc:1015] DisposeModel rwt
I0118 18:38:03.648919 11840 c_interface.cc:332] Pass FitOfflineMasterModelArgs, batch_filename_size=5, batch_weight_size=5, num_collection_passes=1 to void (__cdecl artm::core::MasterComponent::*)(class artm::FitOfflineMasterModelArgs const & __ptr64) __ptr64
I0118 18:38:03.648919 11840 master_component.cc:942] ProcessBatchesArgs: nwt_target_name=nwt, batch_filename_size=5, batch_size=0, batch_weight_size=5, pwt_source_name=pwt, num_document_passes=30, reuse_theta=no, opt_for_avx=no, predict_class_id=
I0118 18:38:03.758209  7476 processor.cc:683] Processing queue has data, processing started
I0118 18:38:03.758209  6412 processor.cc:683] Processing queue has data, processing started
I0118 18:38:03.758209  9616 processor.cc:683] Processing queue has data, processing started
I0118 18:38:03.760215  4900 processor.cc:683] Processing queue has data, processing started
I0118 18:38:03.760215  9620 processor.cc:683] Processing queue has data, processing started
I0118 18:38:03.776258  9620 processor.cc:760] Processor: start processing batch e4841d68-82e0-48fd-93eb-bd1c2ec53b47 into model nwt
I0118 18:38:03.790295  7476 processor.cc:760] Processor: start processing batch 67cf4f19-31ed-4ee1-b5a7-402f7c7416e3 into model nwt
I0118 18:38:03.791298  6412 processor.cc:760] Processor: start processing batch 9e5ab146-6980-4705-a8b6-a18ebb5dc926 into model nwt
I0118 18:38:03.797315  9616 processor.cc:760] Processor: start processing batch 9ebeb5ff-2218-45d7-aa3c-8d3aec4bf25d into model nwt
I0118 18:38:03.805336  4900 processor.cc:760] Processor: start processing batch 6c7f9286-fd41-47ad-a283-45652ff021e4 into model nwt
I0118 18:38:04.786945  9620 processor.cc:856] Processor: complete processing batch e4841d68-82e0-48fd-93eb-bd1c2ec53b47 into model nwt
I0118 18:38:04.789953  9620 cuckoo_watch.h:44] 1030ms in ProcessBatch(D:\artmonline\data\datasets\postnauka\batches\aaaaad.batch) [including 10ms in LoadMessage; 2ms in InitializeSparseNdw; 1007ms in InferThetaAndUpdateNwtSparse; ]
I0118 18:38:04.814018  9620 processor.cc:676] No data in processing queue, waiting...
I0118 18:38:05.086741  4900 processor.cc:856] Processor: complete processing batch 6c7f9286-fd41-47ad-a283-45652ff021e4 into model nwt
I0118 18:38:05.094763  4900 cuckoo_watch.h:44] 1335ms in ProcessBatch(D:\artmonline\phi1.batch) [including 36ms in LoadMessage; 3ms in InitializeSparseNdw; 1276ms in InferThetaAndUpdateNwtSparse; ]
I0118 18:38:05.124843  4900 processor.cc:676] No data in processing queue, waiting...
I0118 18:38:05.813678  6412 processor.cc:856] Processor: complete processing batch 9e5ab146-6980-4705-a8b6-a18ebb5dc926 into model nwt
I0118 18:38:05.818687  6412 cuckoo_watch.h:44] 2060ms in ProcessBatch(D:\artmonline\data\datasets\postnauka\batches\aaaaaa.batch) [including 27ms in LoadMessage; 12ms in InitializeSparseNdw; 2009ms in InferThetaAndUpdateNwtSparse; ]
I0118 18:38:05.839743  9616 processor.cc:856] Processor: complete processing batch 9ebeb5ff-2218-45d7-aa3c-8d3aec4bf25d into model nwt
I0118 18:38:05.844756  9616 cuckoo_watch.h:44] 2087ms in ProcessBatch(D:\artmonline\data\datasets\postnauka\batches\aaaaac.batch) [including 31ms in LoadMessage; 9ms in InitializeSparseNdw; 2031ms in InferThetaAndUpdateNwtSparse; ]
I0118 18:38:05.848767  6412 processor.cc:676] No data in processing queue, waiting...
I0118 18:38:05.867817  7476 processor.cc:856] Processor: complete processing batch 67cf4f19-31ed-4ee1-b5a7-402f7c7416e3 into model nwt
I0118 18:38:05.871827  9616 processor.cc:676] No data in processing queue, waiting...
I0118 18:38:05.872831  7476 cuckoo_watch.h:44] 2114ms in ProcessBatch(D:\artmonline\data\datasets\postnauka\batches\aaaaab.batch) [including 25ms in LoadMessage; 10ms in InitializeSparseNdw; 2066ms in InferThetaAndUpdateNwtSparse; ]
I0118 18:38:05.873834 11840 master_component.cc:991] NormalizeModelArgs: pwt_target_name=pwt, nwt_source_name=nwt, rwt_source_name=
I0118 18:38:05.873834 11840 master_component.cc:617] MasterComponent: start normalizing model nwt
I0118 18:38:05.905920  7476 processor.cc:676] No data in processing queue, waiting...
I0118 18:38:06.049302 11840 master_component.cc:639] MasterComponent: complete normalizing model nwt
I0118 18:38:06.049302 11840 master_component.cc:1015] DisposeModel rwt
I0118 18:38:06.050304 11840 c_interface.cc:332] Pass FitOfflineMasterModelArgs, batch_filename_size=5, batch_weight_size=5, num_collection_passes=1 to void (__cdecl artm::core::MasterComponent::*)(class artm::FitOfflineMasterModelArgs const & __ptr64) __ptr64
I0118 18:38:06.050304 11840 master_component.cc:942] ProcessBatchesArgs: nwt_target_name=nwt, batch_filename_size=5, batch_size=0, batch_weight_size=5, pwt_source_name=pwt, num_document_passes=30, reuse_theta=no, opt_for_avx=no, predict_class_id=
I0118 18:38:06.162602  7476 processor.cc:683] Processing queue has data, processing started
I0118 18:38:06.162602 11380 processor.cc:683] Processing queue has data, processing started
I0118 18:38:06.162602  6412 processor.cc:683] Processing queue has data, processing started
I0118 18:38:06.162602  9620 processor.cc:683] Processing queue has data, processing started
I0118 18:38:06.162602 11548 processor.cc:683] Processing queue has data, processing started
I0118 18:38:06.180649 11380 processor.cc:760] Processor: start processing batch e4841d68-82e0-48fd-93eb-bd1c2ec53b47 into model nwt
I0118 18:38:06.196692  6412 processor.cc:760] Processor: start processing batch 67cf4f19-31ed-4ee1-b5a7-402f7c7416e3 into model nwt
I0118 18:38:06.197695 11548 processor.cc:760] Processor: start processing batch 9e5ab146-6980-4705-a8b6-a18ebb5dc926 into model nwt
I0118 18:38:06.198701  7476 processor.cc:760] Processor: start processing batch 9ebeb5ff-2218-45d7-aa3c-8d3aec4bf25d into model nwt
I0118 18:38:06.202710  9620 processor.cc:760] Processor: start processing batch 6c7f9286-fd41-47ad-a283-45652ff021e4 into model nwt
I0118 18:38:07.163264 11380 processor.cc:856] Processor: complete processing batch e4841d68-82e0-48fd-93eb-bd1c2ec53b47 into model nwt
I0118 18:38:07.168277 11380 cuckoo_watch.h:44] 1005ms in ProcessBatch(D:\artmonline\data\datasets\postnauka\batches\aaaaad.batch) [including 13ms in LoadMessage; 1ms in InitializeSparseNdw; 980ms in InferThetaAndUpdateNwtSparse; ]
I0118 18:38:07.197352 11380 processor.cc:676] No data in processing queue, waiting...
I0118 18:38:07.466068  9620 processor.cc:856] Processor: complete processing batch 6c7f9286-fd41-47ad-a283-45652ff021e4 into model nwt
I0118 18:38:07.474088  9620 cuckoo_watch.h:44] 1312ms in ProcessBatch(D:\artmonline\phi1.batch) [including 32ms in LoadMessage; 5ms in InitializeSparseNdw; 1258ms in InferThetaAndUpdateNwtSparse; ]
I0118 18:38:07.510185  9620 processor.cc:676] No data in processing queue, waiting...
I0118 18:38:08.222084  7476 processor.cc:856] Processor: complete processing batch 9ebeb5ff-2218-45d7-aa3c-8d3aec4bf25d into model nwt
I0118 18:38:08.224081 11548 processor.cc:856] Processor: complete processing batch 9e5ab146-6980-4705-a8b6-a18ebb5dc926 into model nwt
I0118 18:38:08.227089  6412 processor.cc:856] Processor: complete processing batch 67cf4f19-31ed-4ee1-b5a7-402f7c7416e3 into model nwt
I0118 18:38:08.229094  7476 cuckoo_watch.h:44] 2066ms in ProcessBatch(D:\artmonline\data\datasets\postnauka\batches\aaaaac.batch) [including 28ms in LoadMessage; 11ms in InitializeSparseNdw; 2011ms in InferThetaAndUpdateNwtSparse; ]
I0118 18:38:08.229094 11548 cuckoo_watch.h:44] 2067ms in ProcessBatch(D:\artmonline\data\datasets\postnauka\batches\aaaaaa.batch) [including 27ms in LoadMessage; 13ms in InitializeSparseNdw; 2012ms in InferThetaAndUpdateNwtSparse; ]
I0118 18:38:08.232105  6412 cuckoo_watch.h:44] 2070ms in ProcessBatch(D:\artmonline\data\datasets\postnauka\batches\aaaaab.batch) [including 26ms in LoadMessage; 10ms in InitializeSparseNdw; 2020ms in InferThetaAndUpdateNwtSparse; ]
I0118 18:38:08.235110 11840 master_component.cc:991] NormalizeModelArgs: pwt_target_name=pwt, nwt_source_name=nwt, rwt_source_name=
I0118 18:38:08.235110 11840 master_component.cc:617] MasterComponent: start normalizing model nwt
I0118 18:38:08.259178 11548 processor.cc:676] No data in processing queue, waiting...
I0118 18:38:08.259178  7476 processor.cc:676] No data in processing queue, waiting...
I0118 18:38:08.266194  6412 processor.cc:676] No data in processing queue, waiting...
I0118 18:38:08.395536 11840 master_component.cc:639] MasterComponent: complete normalizing model nwt
I0118 18:38:08.395536 11840 master_component.cc:1015] DisposeModel rwt
I0118 18:38:08.395536 11840 c_interface.cc:332] Pass FitOfflineMasterModelArgs, batch_filename_size=5, batch_weight_size=5, num_collection_passes=1 to void (__cdecl artm::core::MasterComponent::*)(class artm::FitOfflineMasterModelArgs const & __ptr64) __ptr64
