I0119 19:38:46.551898  7180 processor.cc:676] No data in processing queue, waiting...
I0119 19:38:46.577966  7356 processor.cc:676] No data in processing queue, waiting...
I0119 19:38:46.777537 11680 processor.cc:856] Processor: complete processing batch f3807429-b7a3-41cd-9ee0-193675c1cefe into model nwt
I0119 19:38:46.778542 11680 cuckoo_watch.h:44] 395ms in ProcessBatch(D:\artmonline\data\datasets\kos\batches\aaaaaa.batch) [including 6ms in LoadMessage; 1ms in InitializeSparseNdw; 385ms in InferThetaAndUpdateNwtSparse; ]
I0119 19:38:46.787564 10896 processor.cc:856] Processor: complete processing batch 00ba4a21-f0f6-484c-b371-ed634f9a1cb1 into model nwt
I0119 19:38:46.788571 10896 cuckoo_watch.h:44] 405ms in ProcessBatch(D:\artmonline\data\datasets\kos\batches\aaaaac.batch) [including 7ms in LoadMessage; 1ms in InitializeSparseNdw; 394ms in InferThetaAndUpdateNwtSparse; ]
I0119 19:38:46.796591  6336 processor.cc:856] Processor: complete processing batch aabbdfb9-0f5f-4a28-9764-4bcb76c49657 into model nwt
I0119 19:38:46.797591  6336 cuckoo_watch.h:44] 414ms in ProcessBatch(D:\artmonline\data\datasets\kos\batches\aaaaab.batch) [including 5ms in LoadMessage; 1ms in InitializeSparseNdw; 406ms in InferThetaAndUpdateNwtSparse; ]
I0119 19:38:46.801601  3304 master_component.cc:991] NormalizeModelArgs: pwt_target_name=pwt, nwt_source_name=nwt, rwt_source_name=
I0119 19:38:46.801601  3304 master_component.cc:617] MasterComponent: start normalizing model nwt
I0119 19:38:46.810626  3304 master_component.cc:639] MasterComponent: complete normalizing model nwt
I0119 19:38:46.810626  3304 master_component.cc:1015] DisposeModel rwt
I0119 19:38:46.811630 11680 processor.cc:676] No data in processing queue, waiting...
I0119 19:38:46.811630  3304 c_interface.cc:332] Pass FitOfflineMasterModelArgs, batch_filename_size=5, batch_weight_size=5, num_collection_passes=1 to void (__cdecl artm::core::MasterComponent::*)(class artm::FitOfflineMasterModelArgs const & __ptr64) __ptr64
I0119 19:38:46.811630  3304 master_component.cc:942] ProcessBatchesArgs: nwt_target_name=nwt, batch_filename_size=5, batch_size=0, batch_weight_size=5, pwt_source_name=pwt, num_document_passes=30, reuse_theta=no, opt_for_avx=no, predict_class_id=
I0119 19:38:46.816642 13880 processor.cc:683] Processing queue has data, processing started
I0119 19:38:46.820657 13880 processor.cc:760] Processor: start processing batch f3807429-b7a3-41cd-9ee0-193675c1cefe into model nwt
I0119 19:38:46.821157 10176 processor.cc:683] Processing queue has data, processing started
I0119 19:38:46.821157  7180 processor.cc:683] Processing queue has data, processing started
I0119 19:38:46.824667 10896 processor.cc:760] Processor: start processing batch 47a2c821-24f8-4344-8d6d-b5ad46b90fd6 into model nwt
I0119 19:38:46.825171  6336 processor.cc:760] Processor: start processing batch 69c2e11b-fec4-4ac9-b75b-c0305539fe6b into model nwt
I0119 19:38:46.827675 10176 processor.cc:760] Processor: start processing batch 00ba4a21-f0f6-484c-b371-ed634f9a1cb1 into model nwt
I0119 19:38:46.828177  7180 processor.cc:760] Processor: start processing batch aabbdfb9-0f5f-4a28-9764-4bcb76c49657 into model nwt
I0119 19:38:46.956604 10896 processor.cc:856] Processor: complete processing batch 47a2c821-24f8-4344-8d6d-b5ad46b90fd6 into model nwt
I0119 19:38:46.957607 10896 cuckoo_watch.h:44] 136ms in ProcessBatch(D:\artmonline\data\datasets\kos\batches\aaaaad.batch) [including 3ms in LoadMessage; 0ms in InitializeSparseNdw; 131ms in InferThetaAndUpdateNwtSparse; ]
I0119 19:38:46.981670  6336 processor.cc:856] Processor: complete processing batch 69c2e11b-fec4-4ac9-b75b-c0305539fe6b into model nwt
I0119 19:38:46.982673  6336 cuckoo_watch.h:44] 161ms in ProcessBatch(D:\artmonline\phi1.batch) [including 3ms in LoadMessage; 0ms in InitializeSparseNdw; 155ms in InferThetaAndUpdateNwtSparse; ]
I0119 19:38:46.995708 10896 processor.cc:676] No data in processing queue, waiting...
I0119 19:38:47.019774  6336 processor.cc:676] No data in processing queue, waiting...
I0119 19:38:47.121147 13880 processor.cc:856] Processor: complete processing batch f3807429-b7a3-41cd-9ee0-193675c1cefe into model nwt
I0119 19:38:47.122148 13880 cuckoo_watch.h:44] 305ms in ProcessBatch(D:\artmonline\data\datasets\kos\batches\aaaaaa.batch) [including 4ms in LoadMessage; 0ms in InitializeSparseNdw; 299ms in InferThetaAndUpdateNwtSparse; ]
I0119 19:38:47.138728 10176 processor.cc:856] Processor: complete processing batch 00ba4a21-f0f6-484c-b371-ed634f9a1cb1 into model nwt
I0119 19:38:47.141701 10176 cuckoo_watch.h:44] 320ms in ProcessBatch(D:\artmonline\data\datasets\kos\batches\aaaaac.batch) [including 6ms in LoadMessage; 1ms in InitializeSparseNdw; 309ms in InferThetaAndUpdateNwtSparse; ]
I0119 19:38:47.150727  7180 processor.cc:856] Processor: complete processing batch aabbdfb9-0f5f-4a28-9764-4bcb76c49657 into model nwt
I0119 19:38:47.151762  7180 cuckoo_watch.h:44] 331ms in ProcessBatch(D:\artmonline\data\datasets\kos\batches\aaaaab.batch) [including 7ms in LoadMessage; 1ms in InitializeSparseNdw; 321ms in InferThetaAndUpdateNwtSparse; ]
I0119 19:38:47.153769  3304 master_component.cc:991] NormalizeModelArgs: pwt_target_name=pwt, nwt_source_name=nwt, rwt_source_name=
I0119 19:38:47.153769  3304 master_component.cc:617] MasterComponent: start normalizing model nwt
I0119 19:38:47.158781 13880 processor.cc:676] No data in processing queue, waiting...
I0119 19:38:47.162791  3304 master_component.cc:639] MasterComponent: complete normalizing model nwt
I0119 19:38:47.162791  3304 master_component.cc:1015] DisposeModel rwt
I0119 19:38:47.162791  3304 c_interface.cc:332] Pass FitOfflineMasterModelArgs, batch_filename_size=5, batch_weight_size=5, num_collection_passes=1 to void (__cdecl artm::core::MasterComponent::*)(class artm::FitOfflineMasterModelArgs const & __ptr64) __ptr64
I0119 19:38:47.162791  3304 master_component.cc:942] ProcessBatchesArgs: nwt_target_name=nwt, batch_filename_size=5, batch_size=0, batch_weight_size=5, pwt_source_name=pwt, num_document_passes=30, reuse_theta=no, opt_for_avx=no, predict_class_id=
I0119 19:38:47.168804 10896 processor.cc:683] Processing queue has data, processing started
I0119 19:38:47.168804 13904 processor.cc:683] Processing queue has data, processing started
I0119 19:38:47.171780 13880 processor.cc:683] Processing queue has data, processing started
I0119 19:38:47.171780 11680 processor.cc:683] Processing queue has data, processing started
I0119 19:38:47.172785 10176 processor.cc:760] Processor: start processing batch 00ba4a21-f0f6-484c-b371-ed634f9a1cb1 into model nwt
I0119 19:38:47.172785 10896 processor.cc:760] Processor: start processing batch f3807429-b7a3-41cd-9ee0-193675c1cefe into model nwt
I0119 19:38:47.173787 13904 processor.cc:760] Processor: start processing batch aabbdfb9-0f5f-4a28-9764-4bcb76c49657 into model nwt
I0119 19:38:47.173787 13880 processor.cc:760] Processor: start processing batch 47a2c821-24f8-4344-8d6d-b5ad46b90fd6 into model nwt
I0119 19:38:47.175792 11680 processor.cc:760] Processor: start processing batch 69c2e11b-fec4-4ac9-b75b-c0305539fe6b into model nwt
I0119 19:38:47.193840  7180 processor.cc:676] No data in processing queue, waiting...
I0119 19:38:47.298152 13880 processor.cc:856] Processor: complete processing batch 47a2c821-24f8-4344-8d6d-b5ad46b90fd6 into model nwt
I0119 19:38:47.299156 13880 cuckoo_watch.h:44] 127ms in ProcessBatch(D:\artmonline\data\datasets\kos\batches\aaaaad.batch) [including 2ms in LoadMessage; 0ms in InitializeSparseNdw; 123ms in InferThetaAndUpdateNwtSparse; ]
I0119 19:38:47.317744 11680 processor.cc:856] Processor: complete processing batch 69c2e11b-fec4-4ac9-b75b-c0305539fe6b into model nwt
I0119 19:38:47.318246 11680 cuckoo_watch.h:44] 146ms in ProcessBatch(D:\artmonline\phi1.batch) [including 4ms in LoadMessage; 0ms in InitializeSparseNdw; 140ms in InferThetaAndUpdateNwtSparse; ]
I0119 19:38:47.326766 13880 processor.cc:676] No data in processing queue, waiting...
I0119 19:38:47.355377 11680 processor.cc:676] No data in processing queue, waiting...
I0119 19:38:47.459609 10896 processor.cc:856] Processor: complete processing batch f3807429-b7a3-41cd-9ee0-193675c1cefe into model nwt
I0119 19:38:47.460611 10896 cuckoo_watch.h:44] 292ms in ProcessBatch(D:\artmonline\data\datasets\kos\batches\aaaaaa.batch) [including 4ms in LoadMessage; 1ms in InitializeSparseNdw; 284ms in InferThetaAndUpdateNwtSparse; ]
I0119 19:38:47.479665 10176 processor.cc:856] Processor: complete processing batch 00ba4a21-f0f6-484c-b371-ed634f9a1cb1 into model nwt
I0119 19:38:47.480666 10176 cuckoo_watch.h:44] 312ms in ProcessBatch(D:\artmonline\data\datasets\kos\batches\aaaaac.batch) [including 4ms in LoadMessage; 2ms in InitializeSparseNdw; 304ms in InferThetaAndUpdateNwtSparse; ]
I0119 19:38:47.497707 10896 processor.cc:676] No data in processing queue, waiting...
I0119 19:38:47.499711 13904 processor.cc:856] Processor: complete processing batch aabbdfb9-0f5f-4a28-9764-4bcb76c49657 into model nwt
I0119 19:38:47.500716 13904 cuckoo_watch.h:44] 332ms in ProcessBatch(D:\artmonline\data\datasets\kos\batches\aaaaab.batch) [including 5ms in LoadMessage; 1ms in InitializeSparseNdw; 324ms in InferThetaAndUpdateNwtSparse; ]
I0119 19:38:47.502733  3304 master_component.cc:991] NormalizeModelArgs: pwt_target_name=pwt, nwt_source_name=nwt, rwt_source_name=
I0119 19:38:47.502733  3304 master_component.cc:617] MasterComponent: start normalizing model nwt
I0119 19:38:47.511715  3304 master_component.cc:639] MasterComponent: complete normalizing model nwt
I0119 19:38:47.511715  3304 master_component.cc:1015] DisposeModel rwt
I0119 19:38:47.512739  3304 c_interface.cc:332] Pass FitOfflineMasterModelArgs, batch_filename_size=5, batch_weight_size=5, num_collection_passes=1 to void (__cdecl artm::core::MasterComponent::*)(class artm::FitOfflineMasterModelArgs const & __ptr64) __ptr64
I0119 19:38:47.512739  3304 master_component.cc:942] ProcessBatchesArgs: nwt_target_name=nwt, batch_filename_size=5, batch_size=0, batch_weight_size=5, pwt_source_name=pwt, num_document_passes=30, reuse_theta=no, opt_for_avx=no, predict_class_id=
I0119 19:38:47.515748 10176 processor.cc:676] No data in processing queue, waiting...
I0119 19:38:47.517758 13880 processor.cc:683] Processing queue has data, processing started
I0119 19:38:47.522300 10176 processor.cc:683] Processing queue has data, processing started
I0119 19:38:47.522300  6336 processor.cc:683] Processing queue has data, processing started
I0119 19:38:47.522300 10896 processor.cc:683] Processing queue has data, processing started
I0119 19:38:47.522300 13880 processor.cc:760] Processor: start processing batch f3807429-b7a3-41cd-9ee0-193675c1cefe into model nwt
I0119 19:38:47.526284 10176 processor.cc:760] Processor: start processing batch 47a2c821-24f8-4344-8d6d-b5ad46b90fd6 into model nwt
I0119 19:38:47.526284 10896 processor.cc:760] Processor: start processing batch 69c2e11b-fec4-4ac9-b75b-c0305539fe6b into model nwt
I0119 19:38:47.526787  6336 processor.cc:760] Processor: start processing batch aabbdfb9-0f5f-4a28-9764-4bcb76c49657 into model nwt
I0119 19:38:47.529294 13904 processor.cc:760] Processor: start processing batch 00ba4a21-f0f6-484c-b371-ed634f9a1cb1 into model nwt
I0119 19:38:47.656831 10176 processor.cc:856] Processor: complete processing batch 47a2c821-24f8-4344-8d6d-b5ad46b90fd6 into model nwt
I0119 19:38:47.656831 10176 cuckoo_watch.h:44] 135ms in ProcessBatch(D:\artmonline\data\datasets\kos\batches\aaaaad.batch) [including 3ms in LoadMessage; 0ms in InitializeSparseNdw; 129ms in InferThetaAndUpdateNwtSparse; ]
I0119 19:38:47.668895 10896 processor.cc:856] Processor: complete processing batch 69c2e11b-fec4-4ac9-b75b-c0305539fe6b into model nwt
I0119 19:38:47.668895 10896 cuckoo_watch.h:44] 147ms in ProcessBatch(D:\artmonline\phi1.batch) [including 3ms in LoadMessage; 0ms in InitializeSparseNdw; 141ms in InferThetaAndUpdateNwtSparse; ]
I0119 19:38:47.691925 10176 processor.cc:676] No data in processing queue, waiting...
I0119 19:38:47.700947 10896 processor.cc:676] No data in processing queue, waiting...
I0119 19:38:47.801892 13880 processor.cc:856] Processor: complete processing batch f3807429-b7a3-41cd-9ee0-193675c1cefe into model nwt
I0119 19:38:47.802894 13880 cuckoo_watch.h:44] 285ms in ProcessBatch(D:\artmonline\data\datasets\kos\batches\aaaaaa.batch) [including 4ms in LoadMessage; 1ms in InitializeSparseNdw; 278ms in InferThetaAndUpdateNwtSparse; ]
I0119 19:38:47.832511 13904 processor.cc:856] Processor: complete processing batch 00ba4a21-f0f6-484c-b371-ed634f9a1cb1 into model nwt
I0119 19:38:47.834017 13880 processor.cc:676] No data in processing queue, waiting...
I0119 19:38:47.835021 13904 cuckoo_watch.h:44] 313ms in ProcessBatch(D:\artmonline\data\datasets\kos\batches\aaaaac.batch) [including 6ms in LoadMessage; 1ms in InitializeSparseNdw; 301ms in InferThetaAndUpdateNwtSparse; ]
I0119 19:38:47.838060  6336 processor.cc:856] Processor: complete processing batch aabbdfb9-0f5f-4a28-9764-4bcb76c49657 into model nwt
I0119 19:38:47.839061  6336 cuckoo_watch.h:44] 316ms in ProcessBatch(D:\artmonline\data\datasets\kos\batches\aaaaab.batch) [including 4ms in LoadMessage; 0ms in InitializeSparseNdw; 310ms in InferThetaAndUpdateNwtSparse; ]
I0119 19:38:47.840077  3304 master_component.cc:991] NormalizeModelArgs: pwt_target_name=pwt, nwt_source_name=nwt, rwt_source_name=
I0119 19:38:47.840077  3304 master_component.cc:617] MasterComponent: start normalizing model nwt
I0119 19:38:47.849084  3304 master_component.cc:639] MasterComponent: complete normalizing model nwt
I0119 19:38:47.849084  3304 master_component.cc:1015] DisposeModel rwt
I0119 19:38:47.849084  3304 c_interface.cc:332] Pass FitOfflineMasterModelArgs, batch_filename_size=5, batch_weight_size=5, num_collection_passes=1 to void (__cdecl artm::core::MasterComponent::*)(class artm::FitOfflineMasterModelArgs const & __ptr64) __ptr64
I0119 19:38:47.849084  3304 master_component.cc:942] ProcessBatchesArgs: nwt_target_name=nwt, batch_filename_size=5, batch_size=0, batch_weight_size=5, pwt_source_name=pwt, num_document_passes=30, reuse_theta=no, opt_for_avx=no, predict_class_id=
I0119 19:38:47.855103  7180 processor.cc:683] Processing queue has data, processing started
I0119 19:38:47.855103 10896 processor.cc:683] Processing queue has data, processing started
I0119 19:38:47.855103 13880 processor.cc:683] Processing queue has data, processing started
I0119 19:38:47.857077 11680 processor.cc:683] Processing queue has data, processing started
I0119 19:38:47.858080  6336 processor.cc:760] Processor: start processing batch 47a2c821-24f8-4344-8d6d-b5ad46b90fd6 into model nwt
I0119 19:38:47.860085 11680 processor.cc:760] Processor: start processing batch 69c2e11b-fec4-4ac9-b75b-c0305539fe6b into model nwt
I0119 19:38:47.860085  7180 processor.cc:760] Processor: start processing batch aabbdfb9-0f5f-4a28-9764-4bcb76c49657 into model nwt
I0119 19:38:47.862093 13880 processor.cc:760] Processor: start processing batch f3807429-b7a3-41cd-9ee0-193675c1cefe into model nwt
I0119 19:38:47.862093 10896 processor.cc:760] Processor: start processing batch 00ba4a21-f0f6-484c-b371-ed634f9a1cb1 into model nwt
I0119 19:38:47.870111 13904 processor.cc:676] No data in processing queue, waiting...
I0119 19:38:47.985422  6336 processor.cc:856] Processor: complete processing batch 47a2c821-24f8-4344-8d6d-b5ad46b90fd6 into model nwt
I0119 19:38:47.985422  6336 cuckoo_watch.h:44] 131ms in ProcessBatch(D:\artmonline\data\datasets\kos\batches\aaaaad.batch) [including 2ms in LoadMessage; 0ms in InitializeSparseNdw; 126ms in InferThetaAndUpdateNwtSparse; ]
I0119 19:38:48.011492 11680 processor.cc:856] Processor: complete processing batch 69c2e11b-fec4-4ac9-b75b-c0305539fe6b into model nwt
I0119 19:38:48.012495 11680 cuckoo_watch.h:44] 156ms in ProcessBatch(D:\artmonline\phi1.batch) [including 3ms in LoadMessage; 0ms in InitializeSparseNdw; 151ms in InferThetaAndUpdateNwtSparse; ]
I0119 19:38:48.018512  6336 processor.cc:676] No data in processing queue, waiting...
I0119 19:38:48.044595 11680 processor.cc:676] No data in processing queue, waiting...
I0119 19:38:48.167920 10896 processor.cc:856] Processor: complete processing batch 00ba4a21-f0f6-484c-b371-ed634f9a1cb1 into model nwt
I0119 19:38:48.167920 10896 cuckoo_watch.h:44] 313ms in ProcessBatch(D:\artmonline\data\datasets\kos\batches\aaaaac.batch) [including 7ms in LoadMessage; 2ms in InitializeSparseNdw; 302ms in InferThetaAndUpdateNwtSparse; ]
I0119 19:38:48.167920 13880 processor.cc:856] Processor: complete processing batch f3807429-b7a3-41cd-9ee0-193675c1cefe into model nwt
I0119 19:38:48.168923 13880 cuckoo_watch.h:44] 314ms in ProcessBatch(D:\artmonline\data\datasets\kos\batches\aaaaaa.batch) [including 7ms in LoadMessage; 1ms in InitializeSparseNdw; 303ms in InferThetaAndUpdateNwtSparse; ]
I0119 19:38:48.189013  7180 processor.cc:856] Processor: complete processing batch aabbdfb9-0f5f-4a28-9764-4bcb76c49657 into model nwt
I0119 19:38:48.189013  7180 cuckoo_watch.h:44] 334ms in ProcessBatch(D:\artmonline\data\datasets\kos\batches\aaaaab.batch) [including 5ms in LoadMessage; 1ms in InitializeSparseNdw; 326ms in InferThetaAndUpdateNwtSparse; ]
I0119 19:38:48.190013  3304 master_component.cc:991] NormalizeModelArgs: pwt_target_name=pwt, nwt_source_name=nwt, rwt_source_name=
I0119 19:38:48.190013  3304 master_component.cc:617] MasterComponent: start normalizing model nwt
I0119 19:38:48.199033  3304 master_component.cc:639] MasterComponent: complete normalizing model nwt
I0119 19:38:48.199033  3304 master_component.cc:1015] DisposeModel rwt
I0119 19:38:48.199033  3304 c_interface.cc:332] Pass FitOfflineMasterModelArgs, batch_filename_size=5, batch_weight_size=5, num_collection_passes=1 to void (__cdecl artm::core::MasterComponent::*)(class artm::FitOfflineMasterModelArgs const & __ptr64) __ptr64
I0119 19:38:48.199033  3304 master_component.cc:942] ProcessBatchesArgs: nwt_target_name=nwt, batch_filename_size=5, batch_size=0, batch_weight_size=5, pwt_source_name=pwt, num_document_passes=30, reuse_theta=no, opt_for_avx=no, predict_class_id=
I0119 19:38:48.201009 10896 processor.cc:676] No data in processing queue, waiting...
I0119 19:38:48.201009 13880 processor.cc:676] No data in processing queue, waiting...
I0119 19:38:48.207053 10896 processor.cc:683] Processing queue has data, processing started
I0119 19:38:48.207053 13904 processor.cc:683] Processing queue has data, processing started
I0119 19:38:48.207053 10176 processor.cc:683] Processing queue has data, processing started
I0119 19:38:48.207053  6336 processor.cc:683] Processing queue has data, processing started
I0119 19:38:48.207053 13880 processor.cc:683] Processing queue has data, processing started
I0119 19:38:48.211035  6336 processor.cc:760] Processor: start processing batch 69c2e11b-fec4-4ac9-b75b-c0305539fe6b into model nwt
I0119 19:38:48.211035 13904 processor.cc:760] Processor: start processing batch 47a2c821-24f8-4344-8d6d-b5ad46b90fd6 into model nwt
I0119 19:38:48.213043 13880 processor.cc:760] Processor: start processing batch f3807429-b7a3-41cd-9ee0-193675c1cefe into model nwt
I0119 19:38:48.214051 10176 processor.cc:760] Processor: start processing batch 00ba4a21-f0f6-484c-b371-ed634f9a1cb1 into model nwt
I0119 19:38:48.214051 10896 processor.cc:760] Processor: start processing batch aabbdfb9-0f5f-4a28-9764-4bcb76c49657 into model nwt
I0119 19:38:48.216053  7180 processor.cc:676] No data in processing queue, waiting...
I0119 19:38:48.339982 13904 processor.cc:856] Processor: complete processing batch 47a2c821-24f8-4344-8d6d-b5ad46b90fd6 into model nwt
I0119 19:38:48.340986 13904 cuckoo_watch.h:44] 134ms in ProcessBatch(D:\artmonline\data\datasets\kos\batches\aaaaad.batch) [including 4ms in LoadMessage; 0ms in InitializeSparseNdw; 128ms in InferThetaAndUpdateNwtSparse; ]
I0119 19:38:48.349037  6336 processor.cc:856] Processor: complete processing batch 69c2e11b-fec4-4ac9-b75b-c0305539fe6b into model nwt
I0119 19:38:48.350040  6336 cuckoo_watch.h:44] 142ms in ProcessBatch(D:\artmonline\phi1.batch) [including 3ms in LoadMessage; 0ms in InitializeSparseNdw; 137ms in InferThetaAndUpdateNwtSparse; ]
I0119 19:38:48.371096 13904 processor.cc:676] No data in processing queue, waiting...
I0119 19:38:48.383128  6336 processor.cc:676] No data in processing queue, waiting...
I0119 19:38:48.501983 13880 processor.cc:856] Processor: complete processing batch f3807429-b7a3-41cd-9ee0-193675c1cefe into model nwt
I0119 19:38:48.501983 13880 cuckoo_watch.h:44] 295ms in ProcessBatch(D:\artmonline\data\datasets\kos\batches\aaaaaa.batch) [including 5ms in LoadMessage; 1ms in InitializeSparseNdw; 286ms in InferThetaAndUpdateNwtSparse; ]
I0119 19:38:48.525583 10176 processor.cc:856] Processor: complete processing batch 00ba4a21-f0f6-484c-b371-ed634f9a1cb1 into model nwt
I0119 19:38:48.526080 10896 processor.cc:856] Processor: complete processing batch aabbdfb9-0f5f-4a28-9764-4bcb76c49657 into model nwt
I0119 19:38:48.526551 10176 cuckoo_watch.h:44] 319ms in ProcessBatch(D:\artmonline\data\datasets\kos\batches\aaaaac.batch) [including 6ms in LoadMessage; 2ms in InitializeSparseNdw; 309ms in InferThetaAndUpdateNwtSparse; ]
I0119 19:38:48.526551 10896 cuckoo_watch.h:44] 319ms in ProcessBatch(D:\artmonline\data\datasets\kos\batches\aaaaab.batch) [including 6ms in LoadMessage; 2ms in InitializeSparseNdw; 309ms in InferThetaAndUpdateNwtSparse; ]
I0119 19:38:48.527596  3304 master_component.cc:991] NormalizeModelArgs: pwt_target_name=pwt, nwt_source_name=nwt, rwt_source_name=
I0119 19:38:48.527596  3304 master_component.cc:617] MasterComponent: start normalizing model nwt
I0119 19:38:48.536738  3304 master_component.cc:639] MasterComponent: complete normalizing model nwt
I0119 19:38:48.536738  3304 master_component.cc:1015] DisposeModel rwt
I0119 19:38:48.536738  3304 c_interface.cc:332] Pass FitOfflineMasterModelArgs, batch_filename_size=5, batch_weight_size=5, num_collection_passes=1 to void (__cdecl artm::core::MasterComponent::*)(class artm::FitOfflineMasterModelArgs const & __ptr64) __ptr64
I0119 19:38:48.536738  3304 master_component.cc:942] ProcessBatchesArgs: nwt_target_name=nwt, batch_filename_size=5, batch_size=0, batch_weight_size=5, pwt_source_name=pwt, num_document_passes=30, reuse_theta=no, opt_for_avx=no, predict_class_id=
I0119 19:38:48.543766  6336 processor.cc:683] Processing queue has data, processing started
I0119 19:38:48.543766  7180 processor.cc:683] Processing queue has data, processing started
I0119 19:38:48.543766  7356 processor.cc:683] Processing queue has data, processing started
I0119 19:38:48.545738  7180 processor.cc:760] Processor: start processing batch 69c2e11b-fec4-4ac9-b75b-c0305539fe6b into model nwt
I0119 19:38:48.547736 10176 processor.cc:760] Processor: start processing batch 47a2c821-24f8-4344-8d6d-b5ad46b90fd6 into model nwt
I0119 19:38:48.550745  7356 processor.cc:760] Processor: start processing batch f3807429-b7a3-41cd-9ee0-193675c1cefe into model nwt
I0119 19:38:48.550745  6336 processor.cc:760] Processor: start processing batch 00ba4a21-f0f6-484c-b371-ed634f9a1cb1 into model nwt
I0119 19:38:48.550745 13880 processor.cc:760] Processor: start processing batch aabbdfb9-0f5f-4a28-9764-4bcb76c49657 into model nwt
I0119 19:38:48.560770 10896 processor.cc:676] No data in processing queue, waiting...
I0119 19:38:48.678087 10176 processor.cc:856] Processor: complete processing batch 47a2c821-24f8-4344-8d6d-b5ad46b90fd6 into model nwt
I0119 19:38:48.678087 10176 cuckoo_watch.h:44] 135ms in ProcessBatch(D:\artmonline\data\datasets\kos\batches\aaaaad.batch) [including 3ms in LoadMessage; 0ms in InitializeSparseNdw; 129ms in InferThetaAndUpdateNwtSparse; ]
I0119 19:38:48.681094  7180 processor.cc:856] Processor: complete processing batch 69c2e11b-fec4-4ac9-b75b-c0305539fe6b into model nwt
I0119 19:38:48.681094  7180 cuckoo_watch.h:44] 137ms in ProcessBatch(D:\artmonline\phi1.batch) [including 2ms in LoadMessage; 0ms in InitializeSparseNdw; 134ms in InferThetaAndUpdateNwtSparse; ]
I0119 19:38:48.715184 10176 processor.cc:676] No data in processing queue, waiting...
I0119 19:38:48.715184  7180 processor.cc:676] No data in processing queue, waiting...
I0119 19:38:48.836515  6336 processor.cc:856] Processor: complete processing batch 00ba4a21-f0f6-484c-b371-ed634f9a1cb1 into model nwt
I0119 19:38:48.838521  6336 cuckoo_watch.h:44] 294ms in ProcessBatch(D:\artmonline\data\datasets\kos\batches\aaaaac.batch) [including 7ms in LoadMessage; 1ms in InitializeSparseNdw; 283ms in InferThetaAndUpdateNwtSparse; ]
I0119 19:38:48.845541  7356 processor.cc:856] Processor: complete processing batch f3807429-b7a3-41cd-9ee0-193675c1cefe into model nwt
I0119 19:38:48.846542  7356 cuckoo_watch.h:44] 303ms in ProcessBatch(D:\artmonline\data\datasets\kos\batches\aaaaaa.batch) [including 7ms in LoadMessage; 1ms in InitializeSparseNdw; 293ms in InferThetaAndUpdateNwtSparse; ]
I0119 19:38:48.873615  6336 processor.cc:676] No data in processing queue, waiting...
I0119 19:38:48.875620 13880 processor.cc:856] Processor: complete processing batch aabbdfb9-0f5f-4a28-9764-4bcb76c49657 into model nwt
I0119 19:38:48.876622  7356 processor.cc:676] No data in processing queue, waiting...
I0119 19:38:48.876622 13880 cuckoo_watch.h:44] 333ms in ProcessBatch(D:\artmonline\data\datasets\kos\batches\aaaaab.batch) [including 7ms in LoadMessage; 1ms in InitializeSparseNdw; 322ms in InferThetaAndUpdateNwtSparse; ]
I0119 19:38:48.877629  3304 master_component.cc:991] NormalizeModelArgs: pwt_target_name=pwt, nwt_source_name=nwt, rwt_source_name=
I0119 19:38:48.877629  3304 master_component.cc:617] MasterComponent: start normalizing model nwt
I0119 19:38:48.886649  3304 master_component.cc:639] MasterComponent: complete normalizing model nwt
I0119 19:38:48.886649  3304 master_component.cc:1015] DisposeModel rwt
I0119 19:38:48.886649  3304 c_interface.cc:332] Pass FitOfflineMasterModelArgs, batch_filename_size=5, batch_weight_size=5, num_collection_passes=1 to void (__cdecl artm::core::MasterComponent::*)(class artm::FitOfflineMasterModelArgs const & __ptr64) __ptr64
I0119 19:38:48.886649  3304 master_component.cc:942] ProcessBatchesArgs: nwt_target_name=nwt, batch_filename_size=5, batch_size=0, batch_weight_size=5, pwt_source_name=pwt, num_document_passes=30, reuse_theta=no, opt_for_avx=no, predict_class_id=
I0119 19:38:48.893795 10896 processor.cc:683] Processing queue has data, processing started
I0119 19:38:48.893795  7180 processor.cc:683] Processing queue has data, processing started
I0119 19:38:48.893795 10176 processor.cc:683] Processing queue has data, processing started
I0119 19:38:48.893795  6336 processor.cc:683] Processing queue has data, processing started
I0119 19:38:48.893795 13904 processor.cc:683] Processing queue has data, processing started
I0119 19:38:48.895802  6336 processor.cc:760] Processor: start processing batch 69c2e11b-fec4-4ac9-b75b-c0305539fe6b into model nwt
I0119 19:38:48.897807 13904 processor.cc:760] Processor: start processing batch 47a2c821-24f8-4344-8d6d-b5ad46b90fd6 into model nwt
I0119 19:38:48.897807 10176 processor.cc:760] Processor: start processing batch 00ba4a21-f0f6-484c-b371-ed634f9a1cb1 into model nwt
I0119 19:38:48.897807  7180 processor.cc:760] Processor: start processing batch aabbdfb9-0f5f-4a28-9764-4bcb76c49657 into model nwt
I0119 19:38:48.900851 10896 processor.cc:760] Processor: start processing batch f3807429-b7a3-41cd-9ee0-193675c1cefe into model nwt
I0119 19:38:48.918865 13880 processor.cc:676] No data in processing queue, waiting...
I0119 19:38:49.022650 13904 processor.cc:856] Processor: complete processing batch 47a2c821-24f8-4344-8d6d-b5ad46b90fd6 into model nwt
I0119 19:38:49.023154 13904 cuckoo_watch.h:44] 129ms in ProcessBatch(D:\artmonline\data\datasets\kos\batches\aaaaad.batch) [including 3ms in LoadMessage; 0ms in InitializeSparseNdw; 123ms in InferThetaAndUpdateNwtSparse; ]
I0119 19:38:49.036690  6336 processor.cc:856] Processor: complete processing batch 69c2e11b-fec4-4ac9-b75b-c0305539fe6b into model nwt
I0119 19:38:49.036690  6336 cuckoo_watch.h:44] 143ms in ProcessBatch(D:\artmonline\phi1.batch) [including 2ms in LoadMessage; 0ms in InitializeSparseNdw; 140ms in InferThetaAndUpdateNwtSparse; ]
I0119 19:38:49.063761 13904 processor.cc:676] No data in processing queue, waiting...
I0119 19:38:49.080807  6336 processor.cc:676] No data in processing queue, waiting...
I0119 19:38:49.160023 10896 processor.cc:856] Processor: complete processing batch f3807429-b7a3-41cd-9ee0-193675c1cefe into model nwt
I0119 19:38:49.161026 10896 cuckoo_watch.h:44] 267ms in ProcessBatch(D:\artmonline\data\datasets\kos\batches\aaaaaa.batch) [including 7ms in LoadMessage; 1ms in InitializeSparseNdw; 257ms in InferThetaAndUpdateNwtSparse; ]
I0119 19:38:49.185089 10176 processor.cc:856] Processor: complete processing batch 00ba4a21-f0f6-484c-b371-ed634f9a1cb1 into model nwt
I0119 19:38:49.186092 10176 cuckoo_watch.h:44] 292ms in ProcessBatch(D:\artmonline\data\datasets\kos\batches\aaaaac.batch) [including 4ms in LoadMessage; 1ms in InitializeSparseNdw; 285ms in InferThetaAndUpdateNwtSparse; ]
I0119 19:38:49.198124  7180 processor.cc:856] Processor: complete processing batch aabbdfb9-0f5f-4a28-9764-4bcb76c49657 into model nwt
I0119 19:38:49.199136  7180 cuckoo_watch.h:44] 305ms in ProcessBatch(D:\artmonline\data\datasets\kos\batches\aaaaab.batch) [including 4ms in LoadMessage; 1ms in InitializeSparseNdw; 298ms in InferThetaAndUpdateNwtSparse; ]
I0119 19:38:49.200129  3304 master_component.cc:991] NormalizeModelArgs: pwt_target_name=pwt, nwt_source_name=nwt, rwt_source_name=
I0119 19:38:49.200129  3304 master_component.cc:617] MasterComponent: start normalizing model nwt
I0119 19:38:49.202136 10896 processor.cc:676] No data in processing queue, waiting...
I0119 19:38:49.211159  3304 master_component.cc:639] MasterComponent: complete normalizing model nwt
I0119 19:38:49.211159  3304 master_component.cc:1015] DisposeModel rwt
I0119 19:38:49.212162  3304 c_interface.cc:332] Pass FitOfflineMasterModelArgs, batch_filename_size=5, batch_weight_size=5, num_collection_passes=1 to void (__cdecl artm::core::MasterComponent::*)(class artm::FitOfflineMasterModelArgs const & __ptr64) __ptr64
I0119 19:38:49.212162  3304 master_component.cc:942] ProcessBatchesArgs: nwt_target_name=nwt, batch_filename_size=5, batch_size=0, batch_weight_size=5, pwt_source_name=pwt, num_document_passes=30, reuse_theta=no, opt_for_avx=no, predict_class_id=
I0119 19:38:49.218178 13904 processor.cc:683] Processing queue has data, processing started
I0119 19:38:49.218178 13880 processor.cc:683] Processing queue has data, processing started
I0119 19:38:49.218178 10896 processor.cc:683] Processing queue has data, processing started
I0119 19:38:49.218178  6336 processor.cc:683] Processing queue has data, processing started
I0119 19:38:49.221187 10896 processor.cc:760] Processor: start processing batch 47a2c821-24f8-4344-8d6d-b5ad46b90fd6 into model nwt
I0119 19:38:49.222190  6336 processor.cc:760] Processor: start processing batch 69c2e11b-fec4-4ac9-b75b-c0305539fe6b into model nwt
I0119 19:38:49.224697 13904 processor.cc:760] Processor: start processing batch aabbdfb9-0f5f-4a28-9764-4bcb76c49657 into model nwt
I0119 19:38:49.225702 10176 processor.cc:760] Processor: start processing batch f3807429-b7a3-41cd-9ee0-193675c1cefe into model nwt
I0119 19:38:49.225702 13880 processor.cc:760] Processor: start processing batch 00ba4a21-f0f6-484c-b371-ed634f9a1cb1 into model nwt
I0119 19:38:49.233722  7180 processor.cc:676] No data in processing queue, waiting...
I0119 19:38:49.355242 10896 processor.cc:856] Processor: complete processing batch 47a2c821-24f8-4344-8d6d-b5ad46b90fd6 into model nwt
I0119 19:38:49.356245 10896 cuckoo_watch.h:44] 138ms in ProcessBatch(D:\artmonline\data\datasets\kos\batches\aaaaad.batch) [including 2ms in LoadMessage; 0ms in InitializeSparseNdw; 134ms in InferThetaAndUpdateNwtSparse; ]
I0119 19:38:49.370283  6336 processor.cc:856] Processor: complete processing batch 69c2e11b-fec4-4ac9-b75b-c0305539fe6b into model nwt
I0119 19:38:49.371286  6336 cuckoo_watch.h:44] 153ms in ProcessBatch(D:\artmonline\phi1.batch) [including 3ms in LoadMessage; 0ms in InitializeSparseNdw; 148ms in InferThetaAndUpdateNwtSparse; ]
I0119 19:38:49.392341 10896 processor.cc:676] No data in processing queue, waiting...
I0119 19:38:49.411392  6336 processor.cc:676] No data in processing queue, waiting...
I0119 19:38:49.510694 10176 processor.cc:856] Processor: complete processing batch f3807429-b7a3-41cd-9ee0-193675c1cefe into model nwt
I0119 19:38:49.511698 10176 cuckoo_watch.h:44] 293ms in ProcessBatch(D:\artmonline\data\datasets\kos\batches\aaaaaa.batch) [including 7ms in LoadMessage; 1ms in InitializeSparseNdw; 283ms in InferThetaAndUpdateNwtSparse; ]
I0119 19:38:49.533821 13880 processor.cc:856] Processor: complete processing batch 00ba4a21-f0f6-484c-b371-ed634f9a1cb1 into model nwt
I0119 19:38:49.534319 13880 cuckoo_watch.h:44] 316ms in ProcessBatch(D:\artmonline\data\datasets\kos\batches\aaaaac.batch) [including 7ms in LoadMessage; 1ms in InitializeSparseNdw; 306ms in InferThetaAndUpdateNwtSparse; ]
I0119 19:38:49.545352 13904 processor.cc:856] Processor: complete processing batch aabbdfb9-0f5f-4a28-9764-4bcb76c49657 into model nwt
I0119 19:38:49.545352 13904 cuckoo_watch.h:44] 327ms in ProcessBatch(D:\artmonline\data\datasets\kos\batches\aaaaab.batch) [including 6ms in LoadMessage; 1ms in InitializeSparseNdw; 318ms in InferThetaAndUpdateNwtSparse; ]
I0119 19:38:49.546398  3304 master_component.cc:991] NormalizeModelArgs: pwt_target_name=pwt, nwt_source_name=nwt, rwt_source_name=
I0119 19:38:49.546398  3304 master_component.cc:617] MasterComponent: start normalizing model nwt
I0119 19:38:49.549394 10176 processor.cc:676] No data in processing queue, waiting...
I0119 19:38:49.555413  3304 master_component.cc:639] MasterComponent: complete normalizing model nwt
I0119 19:38:49.555413  3304 master_component.cc:1015] DisposeModel rwt
I0119 19:38:49.560394  3304 c_interface.cc:318] Pass 01de6d06-d07f-45b9-9bd3-a0d8c0612935 to void (__cdecl artm::core::MasterComponent::*)(class std::basic_string<char,struct std::char_traits<char>,class std::allocator<char> > const & __ptr64) __ptr64
I0119 19:38:49.561420  3304 c_interface.cc:283] Disposing MasterComponent (id=1)...
I0119 19:38:49.561420  3304 c_interface.cc:318] Pass dictionary to void (__cdecl artm::core::MasterComponent::*)(class std::basic_string<char,struct std::char_traits<char>,class std::allocator<char> > const & __ptr64) __ptr64
I0119 19:38:49.562397  3304 c_interface.cc:283] Disposing MasterComponent (id=2)...
I0119 19:38:49.567411 13880 processor.cc:676] No data in processing queue, waiting...
I0119 19:38:49.569448  3304 c_interface.cc:180] ArtmCopyRequestedMessage is copying 30775 bytes...
I0119 19:38:49.582480 13904 processor.cc:676] No data in processing queue, waiting...
W0119 19:38:49.662262  3304 check_messages.h:833] Inconsistent fields size in ThetaMatrix: 3430 vs 0 vs 3430 vs 0;
I0119 19:38:49.663230  3304 c_interface.cc:180] ArtmCopyRequestedMessage is copying 17055 bytes...
I0119 19:38:49.676297  3304 c_interface.cc:185] ArtmCopyRequestedObject is copying 137200 bytes...
I0119 19:38:49.682310  3304 c_interface.cc:180] ArtmCopyRequestedMessage is copying 30945 bytes...
W0119 19:38:49.743325  3304 check_messages.h:833] Inconsistent fields size in ThetaMatrix: 3440 vs 0 vs 3440 vs 0;
I0119 19:38:49.743325  3304 c_interface.cc:180] ArtmCopyRequestedMessage is copying 17185 bytes...
I0119 19:38:49.758363  3304 c_interface.cc:185] ArtmCopyRequestedObject is copying 412800 bytes...
I0119 19:38:49.794827  3304 phi_matrix_operations.cc:82] RetrieveExternalTopicModel() with 10 topics, 6906 tokens
I0119 19:38:49.801820  3304 c_interface.cc:180] ArtmCopyRequestedMessage is copying 200530 bytes...
I0119 19:38:49.955685  3304 phi_matrix_operations.cc:82] RetrieveExternalTopicModel() with 10 topics, 6906 tokens
I0119 19:38:49.958693  3304 c_interface.cc:180] ArtmCopyRequestedMessage is copying 172906 bytes...
I0119 19:38:49.991751  3304 c_interface.cc:185] ArtmCopyRequestedObject is copying 276240 bytes...
I0119 19:38:50.001778  3304 phi_matrix_operations.cc:82] RetrieveExternalTopicModel() with 30 topics, 6906 tokens
I0119 19:38:50.005789  3304 c_interface.cc:180] ArtmCopyRequestedMessage is copying 200610 bytes...
I0119 19:38:50.157225  3304 phi_matrix_operations.cc:82] RetrieveExternalTopicModel() with 30 topics, 6906 tokens
I0119 19:38:50.162237  3304 c_interface.cc:180] ArtmCopyRequestedMessage is copying 172986 bytes...
I0119 19:38:50.191316  3304 c_interface.cc:185] ArtmCopyRequestedObject is copying 828720 bytes...
I0119 19:38:50.214380  3304 c_interface.cc:508] Pass TransformMasterModelArgs, batch_filename_size=1, batch_size=0, theta_matrix_type=1, predict_class_id= to MasterComponent::Request (extended)
I0119 19:38:50.215407 10176 processor.cc:683] Processing queue has data, processing started
I0119 19:38:50.218389 10176 processor.cc:760] Processor: start processing batch 69c2e11b-fec4-4ac9-b75b-c0305539fe6b into model 000001C6FECA25D0
I0119 19:38:50.327713 10176 processor.cc:856] Processor: complete processing batch 69c2e11b-fec4-4ac9-b75b-c0305539fe6b into model 000001C6FECA25D0
I0119 19:38:50.328214 10176 cuckoo_watch.h:44] 113ms in ProcessBatch(D:\artmonline\phi1.batch) [including 2ms in LoadMessage; 0ms in InitializeSparseNdw; 109ms in InferThetaAndUpdateNwtSparse; ]
W0119 19:38:50.331763  3304 check_messages.h:833] Inconsistent fields size in ThetaMatrix: 10 vs 0 vs 10 vs 0;
I0119 19:38:50.331763  3304 c_interface.cc:180] ArtmCopyRequestedMessage is copying 162 bytes...
I0119 19:38:50.332269  3304 c_interface.cc:185] ArtmCopyRequestedObject is copying 1200 bytes...
I0119 19:38:50.372439 10176 processor.cc:676] No data in processing queue, waiting...
I0119 19:39:04.904093  8596 processor.cc:668] Processor thread stopped
I0119 19:39:04.904093  8596 processor.cc:669] Total number of processed batches: 15
I0119 19:39:04.905158  7792 processor.cc:668] Processor thread stopped
I0119 19:39:04.905158  7792 processor.cc:669] Total number of processed batches: 16
I0119 19:39:04.906169 12224 processor.cc:668] Processor thread stopped
I0119 19:39:04.906169 12224 processor.cc:669] Total number of processed batches: 16
I0119 19:39:04.908175  8556 processor.cc:668] Processor thread stopped
I0119 19:39:04.908175  8556 processor.cc:669] Total number of processed batches: 18
I0119 19:39:04.911844 11196 processor.cc:668] Processor thread stopped
I0119 19:39:04.911844 11196 processor.cc:669] Total number of processed batches: 14
I0119 19:39:04.912920 12816 processor.cc:668] Processor thread stopped
I0119 19:39:04.912920 12816 processor.cc:669] Total number of processed batches: 16
I0119 19:39:04.913923  5692 processor.cc:668] Processor thread stopped
I0119 19:39:04.913923  5692 processor.cc:669] Total number of processed batches: 10
I0119 19:39:04.915932  1060 processor.cc:668] Processor thread stopped
I0119 19:39:04.915932  1060 processor.cc:669] Total number of processed batches: 15
I0119 19:39:04.919896  3304 c_interface.cc:283] Disposing MasterComponent (id=3)...
I0119 19:39:04.922039 10176 processor.cc:668] Processor thread stopped
I0119 19:39:04.922039 10176 processor.cc:669] Total number of processed batches: 18
I0119 19:39:04.923117 13904 processor.cc:668] Processor thread stopped
I0119 19:39:04.923117 13904 processor.cc:669] Total number of processed batches: 17
I0119 19:39:04.924177  6336 processor.cc:668] Processor thread stopped
I0119 19:39:04.924177  6336 processor.cc:669] Total number of processed batches: 24
I0119 19:39:04.926156  7356 processor.cc:668] Processor thread stopped
I0119 19:39:04.926156  7356 processor.cc:669] Total number of processed batches: 12
I0119 19:39:04.927284 13880 processor.cc:668] Processor thread stopped
I0119 19:39:04.927284 13880 processor.cc:669] Total number of processed batches: 22
I0119 19:39:04.930356 10896 processor.cc:668] Processor thread stopped
I0119 19:39:04.930356 10896 processor.cc:669] Total number of processed batches: 23
I0119 19:39:04.931509 11680 processor.cc:668] Processor thread stopped
I0119 19:39:04.931509 11680 processor.cc:669] Total number of processed batches: 16
I0119 19:39:04.934442  7180 processor.cc:668] Processor thread stopped
I0119 19:39:04.934442  7180 processor.cc:669] Total number of processed batches: 19
I0119 19:39:04.937469  3304 c_interface.cc:283] Disposing MasterComponent (id=4)...
I0119 19:39:04.937469  3304 c_interface.cc:318] Pass b09ad663-3a2f-4ee8-a94c-c20f61281d1f to void (__cdecl artm::core::MasterComponent::*)(class std::basic_string<char,struct std::char_traits<char>,class std::allocator<char> > const & __ptr64) __ptr64
I0119 19:39:04.937469  3304 c_interface.cc:283] Disposing MasterComponent (id=5)...
I0119 19:53:27.049157  5420 c_interface.cc:221] Creating MasterModel (id=6)...
I0119 19:53:27.726341  5420 c_interface.cc:318] Pass 8ad5678f-bbe0-4349-bd5f-f7b0b960292a to void (__cdecl artm::core::MasterComponent::*)(class std::basic_string<char,struct std::char_traits<char>,class std::allocator<char> > const & __ptr64) __ptr64
I0119 19:53:27.726341  5420 c_interface.cc:332] Pass GatherDictionaryArgs: dictionary_target_name=8ad5678f-bbe0-4349-bd5f-f7b0b960292a, data_path=D:\artmonline\data\datasets\kos\batches, symmetric_cooc_values=0 to void (__cdecl artm::core::MasterComponent::*)(class artm::GatherDictionaryArgs const & __ptr64) __ptr64
I0119 19:53:27.726341  5420 dictionary.cc:187] Found 4 batches in 'D:\artmonline\data\datasets\kos\batches' folder
I0119 19:53:27.790117  5420 dictionary.cc:243] Find 6906 unique tokens in 3430 items
I0119 19:53:27.796136  5420 c_interface.cc:221] Creating MasterModel (id=7)...
I0119 19:53:27.796136  5420 c_interface.cc:318] Pass dictionary to void (__cdecl artm::core::MasterComponent::*)(class std::basic_string<char,struct std::char_traits<char>,class std::allocator<char> > const & __ptr64) __ptr64
I0119 19:53:27.796136  5420 c_interface.cc:332] Pass GatherDictionaryArgs: dictionary_target_name=dictionary, data_path=D:\artmonline\data\datasets\kos\batches, symmetric_cooc_values=0 to void (__cdecl artm::core::MasterComponent::*)(class artm::GatherDictionaryArgs const & __ptr64) __ptr64
I0119 19:53:27.797139  5420 dictionary.cc:187] Found 4 batches in 'D:\artmonline\data\datasets\kos\batches' folder
I0119 19:53:27.860309  5420 dictionary.cc:243] Find 6906 unique tokens in 3430 items
I0119 19:53:27.867321  5420 c_interface.cc:180] ArtmCopyRequestedMessage is copying 276474 bytes...
I0119 19:53:31.611452  5420 c_interface.cc:318] Pass 8ad5678f-bbe0-4349-bd5f-f7b0b960292a to void (__cdecl artm::core::MasterComponent::*)(class std::basic_string<char,struct std::char_traits<char>,class std::allocator<char> > const & __ptr64) __ptr64
I0119 19:53:31.611452  5420 c_interface.cc:283] Disposing MasterComponent (id=6)...
I0119 19:53:31.611452  5420 c_interface.cc:318] Pass dictionary to void (__cdecl artm::core::MasterComponent::*)(class std::basic_string<char,struct std::char_traits<char>,class std::allocator<char> > const & __ptr64) __ptr64
I0119 19:53:31.612421  5420 c_interface.cc:283] Disposing MasterComponent (id=7)...
I0119 19:54:14.266129 13328 c_interface.cc:221] Creating MasterModel (id=8)...
I0119 19:54:14.267103 13328 c_interface.cc:318] Pass 5da02b4d-33b1-4426-a857-703a4eb18002 to void (__cdecl artm::core::MasterComponent::*)(class std::basic_string<char,struct std::char_traits<char>,class std::allocator<char> > const & __ptr64) __ptr64
I0119 19:54:14.267103 13328 c_interface.cc:332] Pass GatherDictionaryArgs: dictionary_target_name=5da02b4d-33b1-4426-a857-703a4eb18002, data_path=D:\artmonline\data\datasets\kos\batches, symmetric_cooc_values=0 to void (__cdecl artm::core::MasterComponent::*)(class artm::GatherDictionaryArgs const & __ptr64) __ptr64
I0119 19:54:14.267103 13328 dictionary.cc:187] Found 4 batches in 'D:\artmonline\data\datasets\kos\batches' folder
I0119 19:54:14.372419 13328 dictionary.cc:243] Find 6906 unique tokens in 3430 items
I0119 19:54:14.379438 13328 c_interface.cc:221] Creating MasterModel (id=9)...
I0119 19:54:14.379438 13328 c_interface.cc:318] Pass dictionary to void (__cdecl artm::core::MasterComponent::*)(class std::basic_string<char,struct std::char_traits<char>,class std::allocator<char> > const & __ptr64) __ptr64
I0119 19:54:14.512378 13328 instance.cc:365] MasterModelConfig.processors_count is automatically set to 8
I0119 19:54:14.512846 13328 c_interface.cc:221] Creating MasterModel (id=10)...
I0119 19:54:14.512846  5548 processor.cc:660] Processor thread started
I0119 19:54:14.512846 13328 c_interface.cc:332] Pass MasterModelConfig: topic_name_size=10, score_config_size=0, num_processors=0, pwt_name=pwt, nwt_name=nwt, num_document_passes=10, reuse_theta=no, cache_theta=yes, opt_for_avx=no, disk_cache_path to void (__cdecl artm::core::MasterComponent::*)(class artm::MasterModelConfig const & __ptr64) __ptr64
I0119 19:54:14.512846 13328 instance.cc:365] MasterModelConfig.processors_count is automatically set to 8
I0119 19:54:14.512846  6924 processor.cc:660] Processor thread started
I0119 19:54:14.512846 13328 c_interface.cc:318] Pass pwt to void (__cdecl artm::core::MasterComponent::*)(class std::basic_string<char,struct std::char_traits<char>,class std::allocator<char> > const & __ptr64) __ptr64
I0119 19:54:14.513360 13328 c_interface.cc:318] Pass nwt to void (__cdecl artm::core::MasterComponent::*)(class std::basic_string<char,struct std::char_traits<char>,class std::allocator<char> > const & __ptr64) __ptr64
I0119 19:54:14.513360 10136 processor.cc:660] Processor thread started
I0119 19:54:14.513360 13328 c_interface.cc:332] Pass InitializeModelArgs: model_name=pwt, dictionary_name=dictionary, topic_name_size=10 to void (__cdecl artm::core::MasterComponent::*)(class artm::InitializeModelArgs const & __ptr64) __ptr64
I0119 19:54:14.513360 13328 master_component.cc:338] InitializeModel() with 10 topics and 6906 tokens
I0119 19:54:14.513360 13408 processor.cc:660] Processor thread started
I0119 19:54:14.513360  3368 processor.cc:660] Processor thread started
I0119 19:54:14.513849 11072 processor.cc:660] Processor thread started
I0119 19:54:14.513849  3140 processor.cc:660] Processor thread started
I0119 19:54:14.514369 14288 processor.cc:660] Processor thread started
I0119 19:54:14.536437 13328 c_interface.cc:332] Pass InitializeModelArgs: model_name=nwt, dictionary_name=dictionary, topic_name_size=10 to void (__cdecl artm::core::MasterComponent::*)(class artm::InitializeModelArgs const & __ptr64) __ptr64
I0119 19:54:14.536437 13328 master_component.cc:338] InitializeModel() with 10 topics and 6906 tokens
I0119 19:54:14.550475 14288 processor.cc:676] No data in processing queue, waiting...
I0119 19:54:14.550475 11072 processor.cc:676] No data in processing queue, waiting...
I0119 19:54:14.550475  6924 processor.cc:676] No data in processing queue, waiting...
I0119 19:54:14.550475 10136 processor.cc:676] No data in processing queue, waiting...
I0119 19:54:14.550475  3368 processor.cc:676] No data in processing queue, waiting...
I0119 19:54:14.550475  3140 processor.cc:676] No data in processing queue, waiting...
I0119 19:54:14.550475 13408 processor.cc:676] No data in processing queue, waiting...
I0119 19:54:14.550475  5548 processor.cc:676] No data in processing queue, waiting...
I0119 19:54:14.558495 13328 phi_matrix_operations.cc:82] RetrieveExternalTopicModel() with 10 topics, 6906 tokens
I0119 19:54:14.562506 13328 c_interface.cc:180] ArtmCopyRequestedMessage is copying 200530 bytes...
I0119 19:54:14.737689 13328 c_interface.cc:332] Pass FitOfflineMasterModelArgs, batch_filename_size=4, batch_weight_size=4, num_collection_passes=1 to void (__cdecl artm::core::MasterComponent::*)(class artm::FitOfflineMasterModelArgs const & __ptr64) __ptr64
I0119 19:54:14.737689 13328 master_component.cc:942] ProcessBatchesArgs: nwt_target_name=nwt, batch_filename_size=4, batch_size=0, batch_weight_size=4, pwt_source_name=pwt, num_document_passes=10, reuse_theta=no, opt_for_avx=no, predict_class_id=
I0119 19:54:14.744707  6924 processor.cc:683] Processing queue has data, processing started
I0119 19:54:14.744707 14288 processor.cc:683] Processing queue has data, processing started
I0119 19:54:14.744707 10136 processor.cc:683] Processing queue has data, processing started
I0119 19:54:14.744707  5548 processor.cc:683] Processing queue has data, processing started
I0119 19:54:14.746714  5548 processor.cc:760] Processor: start processing batch 11c286dd-c506-40a4-b391-f875df99d49a into model nwt
I0119 19:54:14.749723  6924 processor.cc:760] Processor: start processing batch 3f3359f5-1a06-47ad-b106-e564a9edc7e2 into model nwt
I0119 19:54:14.751729 14288 processor.cc:760] Processor: start processing batch 2f3b6f86-0496-4032-8a20-64754be2b114 into model nwt
I0119 19:54:14.751729 10136 processor.cc:760] Processor: start processing batch a31acaf1-d8a5-4fda-9359-982dbb671dd8 into model nwt
I0119 19:54:14.778798  5548 processor.cc:856] Processor: complete processing batch 11c286dd-c506-40a4-b391-f875df99d49a into model nwt
I0119 19:54:14.778798  5548 cuckoo_watch.h:44] 34ms in ProcessBatch(D:\artmonline\data\datasets\kos\batches\aaaaad.batch) [including 2ms in LoadMessage; 0ms in InitializeSparseNdw; 31ms in InferThetaAndUpdateNwtSparse; ]
I0119 19:54:14.805872  5548 processor.cc:676] No data in processing queue, waiting...
I0119 19:54:14.814394 14288 processor.cc:856] Processor: complete processing batch 2f3b6f86-0496-4032-8a20-64754be2b114 into model nwt
I0119 19:54:14.814896  6924 processor.cc:856] Processor: complete processing batch 3f3359f5-1a06-47ad-b106-e564a9edc7e2 into model nwt
