I0119 19:54:14.815397 14288 cuckoo_watch.h:44] 70ms in ProcessBatch(D:\artmonline\data\datasets\kos\batches\aaaaab.batch) [including 7ms in LoadMessage; 1ms in InitializeSparseNdw; 60ms in InferThetaAndUpdateNwtSparse; ]
I0119 19:54:14.815898  6924 cuckoo_watch.h:44] 71ms in ProcessBatch(D:\artmonline\data\datasets\kos\batches\aaaaaa.batch) [including 4ms in LoadMessage; 0ms in InitializeSparseNdw; 64ms in InferThetaAndUpdateNwtSparse; ]
I0119 19:54:14.820912 10136 processor.cc:856] Processor: complete processing batch a31acaf1-d8a5-4fda-9359-982dbb671dd8 into model nwt
I0119 19:54:14.821413 10136 cuckoo_watch.h:44] 76ms in ProcessBatch(D:\artmonline\data\datasets\kos\batches\aaaaac.batch) [including 7ms in LoadMessage; 1ms in InitializeSparseNdw; 66ms in InferThetaAndUpdateNwtSparse; ]
I0119 19:54:14.822916 13328 master_component.cc:991] NormalizeModelArgs: pwt_target_name=pwt, nwt_source_name=nwt, rwt_source_name=
I0119 19:54:14.822916 13328 master_component.cc:617] MasterComponent: start normalizing model nwt
I0119 19:54:14.827935 13328 master_component.cc:639] MasterComponent: complete normalizing model nwt
I0119 19:54:14.827935 13328 master_component.cc:1015] DisposeModel rwt
I0119 19:54:14.827935 13328 c_interface.cc:332] Pass FitOfflineMasterModelArgs, batch_filename_size=4, batch_weight_size=4, num_collection_passes=1 to void (__cdecl artm::core::MasterComponent::*)(class artm::FitOfflineMasterModelArgs const & __ptr64) __ptr64
I0119 19:54:14.827935 13328 master_component.cc:942] ProcessBatchesArgs: nwt_target_name=nwt, batch_filename_size=4, batch_size=0, batch_weight_size=4, pwt_source_name=pwt, num_document_passes=10, reuse_theta=no, opt_for_avx=no, predict_class_id=
I0119 19:54:14.833951 11072 processor.cc:683] Processing queue has data, processing started
I0119 19:54:14.833951  3140 processor.cc:683] Processing queue has data, processing started
I0119 19:54:14.837965 10136 processor.cc:760] Processor: start processing batch 3f3359f5-1a06-47ad-b106-e564a9edc7e2 into model nwt
I0119 19:54:14.837965  3140 processor.cc:760] Processor: start processing batch a31acaf1-d8a5-4fda-9359-982dbb671dd8 into model nwt
I0119 19:54:14.838966 11072 processor.cc:760] Processor: start processing batch 2f3b6f86-0496-4032-8a20-64754be2b114 into model nwt
I0119 19:54:14.841974  6924 processor.cc:760] Processor: start processing batch 11c286dd-c506-40a4-b391-f875df99d49a into model nwt
I0119 19:54:14.858016 14288 processor.cc:676] No data in processing queue, waiting...
I0119 19:54:14.867039  6924 processor.cc:856] Processor: complete processing batch 11c286dd-c506-40a4-b391-f875df99d49a into model nwt
I0119 19:54:14.867039  6924 cuckoo_watch.h:44] 29ms in ProcessBatch(D:\artmonline\data\datasets\kos\batches\aaaaad.batch) [including 4ms in LoadMessage; 0ms in InitializeSparseNdw; 24ms in InferThetaAndUpdateNwtSparse; ]
I0119 19:54:14.893110 10136 processor.cc:856] Processor: complete processing batch 3f3359f5-1a06-47ad-b106-e564a9edc7e2 into model nwt
I0119 19:54:14.894112 10136 cuckoo_watch.h:44] 61ms in ProcessBatch(D:\artmonline\data\datasets\kos\batches\aaaaaa.batch) [including 5ms in LoadMessage; 1ms in InitializeSparseNdw; 53ms in InferThetaAndUpdateNwtSparse; ]
I0119 19:54:14.900127 11072 processor.cc:856] Processor: complete processing batch 2f3b6f86-0496-4032-8a20-64754be2b114 into model nwt
I0119 19:54:14.900127  3140 processor.cc:856] Processor: complete processing batch a31acaf1-d8a5-4fda-9359-982dbb671dd8 into model nwt
I0119 19:54:14.901130 11072 cuckoo_watch.h:44] 67ms in ProcessBatch(D:\artmonline\data\datasets\kos\batches\aaaaab.batch) [including 4ms in LoadMessage; 1ms in InitializeSparseNdw; 59ms in InferThetaAndUpdateNwtSparse; ]
I0119 19:54:14.901130  3140 cuckoo_watch.h:44] 67ms in ProcessBatch(D:\artmonline\data\datasets\kos\batches\aaaaac.batch) [including 4ms in LoadMessage; 1ms in InitializeSparseNdw; 60ms in InferThetaAndUpdateNwtSparse; ]
I0119 19:54:14.903136  6924 processor.cc:676] No data in processing queue, waiting...
I0119 19:54:14.903136 13328 master_component.cc:991] NormalizeModelArgs: pwt_target_name=pwt, nwt_source_name=nwt, rwt_source_name=
I0119 19:54:14.903136 13328 master_component.cc:617] MasterComponent: start normalizing model nwt
I0119 19:54:14.908149 13328 master_component.cc:639] MasterComponent: complete normalizing model nwt
I0119 19:54:14.908149 13328 master_component.cc:1015] DisposeModel rwt
I0119 19:54:14.909152 13328 c_interface.cc:332] Pass FitOfflineMasterModelArgs, batch_filename_size=4, batch_weight_size=4, num_collection_passes=1 to void (__cdecl artm::core::MasterComponent::*)(class artm::FitOfflineMasterModelArgs const & __ptr64) __ptr64
I0119 19:54:14.909152 13328 master_component.cc:942] ProcessBatchesArgs: nwt_target_name=nwt, batch_filename_size=4, batch_size=0, batch_weight_size=4, pwt_source_name=pwt, num_document_passes=10, reuse_theta=no, opt_for_avx=no, predict_class_id=
I0119 19:54:14.914166 13408 processor.cc:683] Processing queue has data, processing started
I0119 19:54:14.914166  3368 processor.cc:683] Processing queue has data, processing started
I0119 19:54:14.915169  5548 processor.cc:683] Processing queue has data, processing started
I0119 19:54:14.917676  5548 processor.cc:760] Processor: start processing batch 11c286dd-c506-40a4-b391-f875df99d49a into model nwt
I0119 19:54:14.918680 13408 processor.cc:760] Processor: start processing batch 3f3359f5-1a06-47ad-b106-e564a9edc7e2 into model nwt
I0119 19:54:14.918680  3368 processor.cc:760] Processor: start processing batch a31acaf1-d8a5-4fda-9359-982dbb671dd8 into model nwt
I0119 19:54:14.918680 10136 processor.cc:760] Processor: start processing batch 2f3b6f86-0496-4032-8a20-64754be2b114 into model nwt
I0119 19:54:14.934221 11072 processor.cc:676] No data in processing queue, waiting...
I0119 19:54:14.934221  3140 processor.cc:676] No data in processing queue, waiting...
I0119 19:54:14.939235  5548 processor.cc:856] Processor: complete processing batch 11c286dd-c506-40a4-b391-f875df99d49a into model nwt
I0119 19:54:14.939235  5548 cuckoo_watch.h:44] 24ms in ProcessBatch(D:\artmonline\data\datasets\kos\batches\aaaaad.batch) [including 2ms in LoadMessage; 0ms in InitializeSparseNdw; 21ms in InferThetaAndUpdateNwtSparse; ]
I0119 19:54:14.969313  5548 processor.cc:676] No data in processing queue, waiting...
I0119 19:54:14.974331  3368 processor.cc:856] Processor: complete processing batch a31acaf1-d8a5-4fda-9359-982dbb671dd8 into model nwt
I0119 19:54:14.974331  3368 cuckoo_watch.h:44] 61ms in ProcessBatch(D:\artmonline\data\datasets\kos\batches\aaaaac.batch) [including 4ms in LoadMessage; 1ms in InitializeSparseNdw; 54ms in InferThetaAndUpdateNwtSparse; ]
I0119 19:54:14.981346 13408 processor.cc:856] Processor: complete processing batch 3f3359f5-1a06-47ad-b106-e564a9edc7e2 into model nwt
I0119 19:54:14.982349 13408 cuckoo_watch.h:44] 68ms in ProcessBatch(D:\artmonline\data\datasets\kos\batches\aaaaaa.batch) [including 4ms in LoadMessage; 1ms in InitializeSparseNdw; 61ms in InferThetaAndUpdateNwtSparse; ]
I0119 19:54:14.993378 10136 processor.cc:856] Processor: complete processing batch 2f3b6f86-0496-4032-8a20-64754be2b114 into model nwt
I0119 19:54:14.993378 10136 cuckoo_watch.h:44] 79ms in ProcessBatch(D:\artmonline\data\datasets\kos\batches\aaaaab.batch) [including 4ms in LoadMessage; 1ms in InitializeSparseNdw; 73ms in InferThetaAndUpdateNwtSparse; ]
I0119 19:54:14.995388 13328 master_component.cc:991] NormalizeModelArgs: pwt_target_name=pwt, nwt_source_name=nwt, rwt_source_name=
I0119 19:54:14.995388 13328 master_component.cc:617] MasterComponent: start normalizing model nwt
I0119 19:54:15.000397 13328 master_component.cc:639] MasterComponent: complete normalizing model nwt
I0119 19:54:15.000397 13328 master_component.cc:1015] DisposeModel rwt
I0119 19:54:15.000397 13328 c_interface.cc:332] Pass FitOfflineMasterModelArgs, batch_filename_size=4, batch_weight_size=4, num_collection_passes=1 to void (__cdecl artm::core::MasterComponent::*)(class artm::FitOfflineMasterModelArgs const & __ptr64) __ptr64
I0119 19:54:15.000397 13328 master_component.cc:942] ProcessBatchesArgs: nwt_target_name=nwt, batch_filename_size=4, batch_size=0, batch_weight_size=4, pwt_source_name=pwt, num_document_passes=10, reuse_theta=no, opt_for_avx=no, predict_class_id=
I0119 19:54:15.006413  5548 processor.cc:683] Processing queue has data, processing started
I0119 19:54:15.009928  3368 processor.cc:760] Processor: start processing batch 11c286dd-c506-40a4-b391-f875df99d49a into model nwt
I0119 19:54:15.011934 13408 processor.cc:760] Processor: start processing batch 3f3359f5-1a06-47ad-b106-e564a9edc7e2 into model nwt
I0119 19:54:15.011934 10136 processor.cc:760] Processor: start processing batch 2f3b6f86-0496-4032-8a20-64754be2b114 into model nwt
I0119 19:54:15.011934  5548 processor.cc:760] Processor: start processing batch a31acaf1-d8a5-4fda-9359-982dbb671dd8 into model nwt
I0119 19:54:15.031486  3368 processor.cc:856] Processor: complete processing batch 11c286dd-c506-40a4-b391-f875df99d49a into model nwt
I0119 19:54:15.032490  3368 cuckoo_watch.h:44] 26ms in ProcessBatch(D:\artmonline\data\datasets\kos\batches\aaaaad.batch) [including 3ms in LoadMessage; 0ms in InitializeSparseNdw; 21ms in InferThetaAndUpdateNwtSparse; ]
I0119 19:54:15.062568 13408 processor.cc:856] Processor: complete processing batch 3f3359f5-1a06-47ad-b106-e564a9edc7e2 into model nwt
I0119 19:54:15.062568 13408 cuckoo_watch.h:44] 56ms in ProcessBatch(D:\artmonline\data\datasets\kos\batches\aaaaaa.batch) [including 5ms in LoadMessage; 1ms in InitializeSparseNdw; 49ms in InferThetaAndUpdateNwtSparse; ]
I0119 19:54:15.071593 10136 processor.cc:856] Processor: complete processing batch 2f3b6f86-0496-4032-8a20-64754be2b114 into model nwt
I0119 19:54:15.072597 10136 cuckoo_watch.h:44] 66ms in ProcessBatch(D:\artmonline\data\datasets\kos\batches\aaaaab.batch) [including 5ms in LoadMessage; 1ms in InitializeSparseNdw; 58ms in InferThetaAndUpdateNwtSparse; ]
I0119 19:54:15.072597  5548 processor.cc:856] Processor: complete processing batch a31acaf1-d8a5-4fda-9359-982dbb671dd8 into model nwt
I0119 19:54:15.073598  5548 cuckoo_watch.h:44] 67ms in ProcessBatch(D:\artmonline\data\datasets\kos\batches\aaaaac.batch) [including 5ms in LoadMessage; 1ms in InitializeSparseNdw; 59ms in InferThetaAndUpdateNwtSparse; ]
I0119 19:54:15.074600 13328 master_component.cc:991] NormalizeModelArgs: pwt_target_name=pwt, nwt_source_name=nwt, rwt_source_name=
I0119 19:54:15.074600 13328 master_component.cc:617] MasterComponent: start normalizing model nwt
I0119 19:54:15.077608  3368 processor.cc:676] No data in processing queue, waiting...
I0119 19:54:15.078610 13328 master_component.cc:639] MasterComponent: complete normalizing model nwt
I0119 19:54:15.078610 13328 master_component.cc:1015] DisposeModel rwt
I0119 19:54:15.078610 13328 c_interface.cc:332] Pass FitOfflineMasterModelArgs, batch_filename_size=4, batch_weight_size=4, num_collection_passes=1 to void (__cdecl artm::core::MasterComponent::*)(class artm::FitOfflineMasterModelArgs const & __ptr64) __ptr64
I0119 19:54:15.078610 13328 master_component.cc:942] ProcessBatchesArgs: nwt_target_name=nwt, batch_filename_size=4, batch_size=0, batch_weight_size=4, pwt_source_name=pwt, num_document_passes=10, reuse_theta=no, opt_for_avx=no, predict_class_id=
I0119 19:54:15.084627 14288 processor.cc:683] Processing queue has data, processing started
I0119 19:54:15.088637  5548 processor.cc:760] Processor: start processing batch 3f3359f5-1a06-47ad-b106-e564a9edc7e2 into model nwt
I0119 19:54:15.088637 10136 processor.cc:760] Processor: start processing batch a31acaf1-d8a5-4fda-9359-982dbb671dd8 into model nwt
I0119 19:54:15.088637 14288 processor.cc:760] Processor: start processing batch 2f3b6f86-0496-4032-8a20-64754be2b114 into model nwt
I0119 19:54:15.093650 13408 processor.cc:760] Processor: start processing batch 11c286dd-c506-40a4-b391-f875df99d49a into model nwt
I0119 19:54:15.124233 13408 processor.cc:856] Processor: complete processing batch 11c286dd-c506-40a4-b391-f875df99d49a into model nwt
I0119 19:54:15.124233 13408 cuckoo_watch.h:44] 34ms in ProcessBatch(D:\artmonline\data\datasets\kos\batches\aaaaad.batch) [including 3ms in LoadMessage; 0ms in InitializeSparseNdw; 29ms in InferThetaAndUpdateNwtSparse; ]
I0119 19:54:15.140780  5548 processor.cc:856] Processor: complete processing batch 3f3359f5-1a06-47ad-b106-e564a9edc7e2 into model nwt
I0119 19:54:15.140780  5548 cuckoo_watch.h:44] 57ms in ProcessBatch(D:\artmonline\data\datasets\kos\batches\aaaaaa.batch) [including 4ms in LoadMessage; 1ms in InitializeSparseNdw; 49ms in InferThetaAndUpdateNwtSparse; ]
I0119 19:54:15.141783 14288 processor.cc:856] Processor: complete processing batch 2f3b6f86-0496-4032-8a20-64754be2b114 into model nwt
I0119 19:54:15.142786 14288 cuckoo_watch.h:44] 58ms in ProcessBatch(D:\artmonline\data\datasets\kos\batches\aaaaab.batch) [including 4ms in LoadMessage; 1ms in InitializeSparseNdw; 51ms in InferThetaAndUpdateNwtSparse; ]
I0119 19:54:15.150807 13408 processor.cc:676] No data in processing queue, waiting...
I0119 19:54:15.152812 10136 processor.cc:856] Processor: complete processing batch a31acaf1-d8a5-4fda-9359-982dbb671dd8 into model nwt
I0119 19:54:15.153815 10136 cuckoo_watch.h:44] 69ms in ProcessBatch(D:\artmonline\data\datasets\kos\batches\aaaaac.batch) [including 4ms in LoadMessage; 1ms in InitializeSparseNdw; 62ms in InferThetaAndUpdateNwtSparse; ]
I0119 19:54:15.155761 13328 master_component.cc:991] NormalizeModelArgs: pwt_target_name=pwt, nwt_source_name=nwt, rwt_source_name=
I0119 19:54:15.155761 13328 master_component.cc:617] MasterComponent: start normalizing model nwt
I0119 19:54:15.160778 13328 master_component.cc:639] MasterComponent: complete normalizing model nwt
I0119 19:54:15.160778 13328 master_component.cc:1015] DisposeModel rwt
I0119 19:54:15.161779 13328 c_interface.cc:332] Pass FitOfflineMasterModelArgs, batch_filename_size=4, batch_weight_size=4, num_collection_passes=1 to void (__cdecl artm::core::MasterComponent::*)(class artm::FitOfflineMasterModelArgs const & __ptr64) __ptr64
I0119 19:54:15.161779 13328 master_component.cc:942] ProcessBatchesArgs: nwt_target_name=nwt, batch_filename_size=4, batch_size=0, batch_weight_size=4, pwt_source_name=pwt, num_document_passes=10, reuse_theta=no, opt_for_avx=no, predict_class_id=
I0119 19:54:15.167824  3140 processor.cc:683] Processing queue has data, processing started
I0119 19:54:15.167824 13408 processor.cc:683] Processing queue has data, processing started
I0119 19:54:15.167824  3368 processor.cc:683] Processing queue has data, processing started
I0119 19:54:15.167824  5548 processor.cc:676] No data in processing queue, waiting...
I0119 19:54:15.170801 13408 processor.cc:760] Processor: start processing batch 11c286dd-c506-40a4-b391-f875df99d49a into model nwt
I0119 19:54:15.170801 14288 processor.cc:676] No data in processing queue, waiting...
I0119 19:54:15.172807  3140 processor.cc:760] Processor: start processing batch 3f3359f5-1a06-47ad-b106-e564a9edc7e2 into model nwt
I0119 19:54:15.172807  3368 processor.cc:760] Processor: start processing batch a31acaf1-d8a5-4fda-9359-982dbb671dd8 into model nwt
I0119 19:54:15.172807 10136 processor.cc:760] Processor: start processing batch 2f3b6f86-0496-4032-8a20-64754be2b114 into model nwt
I0119 19:54:15.193864 13408 processor.cc:856] Processor: complete processing batch 11c286dd-c506-40a4-b391-f875df99d49a into model nwt
I0119 19:54:15.194867 13408 cuckoo_watch.h:44] 27ms in ProcessBatch(D:\artmonline\data\datasets\kos\batches\aaaaad.batch) [including 2ms in LoadMessage; 0ms in InitializeSparseNdw; 23ms in InferThetaAndUpdateNwtSparse; ]
I0119 19:54:15.227021  3140 processor.cc:856] Processor: complete processing batch 3f3359f5-1a06-47ad-b106-e564a9edc7e2 into model nwt
I0119 19:54:15.227021  3140 cuckoo_watch.h:44] 59ms in ProcessBatch(D:\artmonline\data\datasets\kos\batches\aaaaaa.batch) [including 4ms in LoadMessage; 1ms in InitializeSparseNdw; 52ms in InferThetaAndUpdateNwtSparse; ]
I0119 19:54:15.229023  3368 processor.cc:856] Processor: complete processing batch a31acaf1-d8a5-4fda-9359-982dbb671dd8 into model nwt
I0119 19:54:15.230024  3368 cuckoo_watch.h:44] 62ms in ProcessBatch(D:\artmonline\data\datasets\kos\batches\aaaaac.batch) [including 5ms in LoadMessage; 1ms in InitializeSparseNdw; 55ms in InferThetaAndUpdateNwtSparse; ]
I0119 19:54:15.238016 10136 processor.cc:856] Processor: complete processing batch 2f3b6f86-0496-4032-8a20-64754be2b114 into model nwt
I0119 19:54:15.239034 13408 processor.cc:676] No data in processing queue, waiting...
I0119 19:54:15.239034 10136 cuckoo_watch.h:44] 71ms in ProcessBatch(D:\artmonline\data\datasets\kos\batches\aaaaab.batch) [including 5ms in LoadMessage; 1ms in InitializeSparseNdw; 63ms in InferThetaAndUpdateNwtSparse; ]
I0119 19:54:15.241060 13328 master_component.cc:991] NormalizeModelArgs: pwt_target_name=pwt, nwt_source_name=nwt, rwt_source_name=
I0119 19:54:15.241060 13328 master_component.cc:617] MasterComponent: start normalizing model nwt
I0119 19:54:15.245065 13328 master_component.cc:639] MasterComponent: complete normalizing model nwt
I0119 19:54:15.245065 13328 master_component.cc:1015] DisposeModel rwt
I0119 19:54:15.245065 13328 c_interface.cc:332] Pass FitOfflineMasterModelArgs, batch_filename_size=4, batch_weight_size=4, num_collection_passes=1 to void (__cdecl artm::core::MasterComponent::*)(class artm::FitOfflineMasterModelArgs const & __ptr64) __ptr64
I0119 19:54:15.245065 13328 master_component.cc:942] ProcessBatchesArgs: nwt_target_name=nwt, batch_filename_size=4, batch_size=0, batch_weight_size=4, pwt_source_name=pwt, num_document_passes=10, reuse_theta=no, opt_for_avx=no, predict_class_id=
I0119 19:54:15.251080 14288 processor.cc:683] Processing queue has data, processing started
I0119 19:54:15.251080  5548 processor.cc:683] Processing queue has data, processing started
I0119 19:54:15.251080 11072 processor.cc:683] Processing queue has data, processing started
I0119 19:54:15.253057 13408 processor.cc:683] Processing queue has data, processing started
I0119 19:54:15.255061 11072 processor.cc:760] Processor: start processing batch a31acaf1-d8a5-4fda-9359-982dbb671dd8 into model nwt
I0119 19:54:15.256064 14288 processor.cc:760] Processor: start processing batch 2f3b6f86-0496-4032-8a20-64754be2b114 into model nwt
I0119 19:54:15.257071 13408 processor.cc:760] Processor: start processing batch 11c286dd-c506-40a4-b391-f875df99d49a into model nwt
I0119 19:54:15.257071  5548 processor.cc:760] Processor: start processing batch 3f3359f5-1a06-47ad-b106-e564a9edc7e2 into model nwt
I0119 19:54:15.259073  3140 processor.cc:676] No data in processing queue, waiting...
I0119 19:54:15.261077  3368 processor.cc:676] No data in processing queue, waiting...
I0119 19:54:15.266091 10136 processor.cc:676] No data in processing queue, waiting...
I0119 19:54:15.283136 13408 processor.cc:856] Processor: complete processing batch 11c286dd-c506-40a4-b391-f875df99d49a into model nwt
I0119 19:54:15.284139 13408 cuckoo_watch.h:44] 30ms in ProcessBatch(D:\artmonline\data\datasets\kos\batches\aaaaad.batch) [including 4ms in LoadMessage; 0ms in InitializeSparseNdw; 25ms in InferThetaAndUpdateNwtSparse; ]
I0119 19:54:15.317229 11072 processor.cc:856] Processor: complete processing batch a31acaf1-d8a5-4fda-9359-982dbb671dd8 into model nwt
I0119 19:54:15.317729 11072 cuckoo_watch.h:44] 66ms in ProcessBatch(D:\artmonline\data\datasets\kos\batches\aaaaac.batch) [including 4ms in LoadMessage; 1ms in InitializeSparseNdw; 59ms in InferThetaAndUpdateNwtSparse; ]
I0119 19:54:15.319236 13408 processor.cc:676] No data in processing queue, waiting...
I0119 19:54:15.320737  5548 processor.cc:856] Processor: complete processing batch 3f3359f5-1a06-47ad-b106-e564a9edc7e2 into model nwt
I0119 19:54:15.321772  5548 cuckoo_watch.h:44] 70ms in ProcessBatch(D:\artmonline\data\datasets\kos\batches\aaaaaa.batch) [including 6ms in LoadMessage; 1ms in InitializeSparseNdw; 61ms in InferThetaAndUpdateNwtSparse; ]
I0119 19:54:15.330325 14288 processor.cc:856] Processor: complete processing batch 2f3b6f86-0496-4032-8a20-64754be2b114 into model nwt
I0119 19:54:15.330325 14288 cuckoo_watch.h:44] 80ms in ProcessBatch(D:\artmonline\data\datasets\kos\batches\aaaaab.batch) [including 4ms in LoadMessage; 1ms in InitializeSparseNdw; 72ms in InferThetaAndUpdateNwtSparse; ]
I0119 19:54:15.331331 13328 master_component.cc:991] NormalizeModelArgs: pwt_target_name=pwt, nwt_source_name=nwt, rwt_source_name=
I0119 19:54:15.331331 13328 master_component.cc:617] MasterComponent: start normalizing model nwt
I0119 19:54:15.336314 13328 master_component.cc:639] MasterComponent: complete normalizing model nwt
I0119 19:54:15.336314 13328 master_component.cc:1015] DisposeModel rwt
I0119 19:54:15.336314 13328 c_interface.cc:332] Pass FitOfflineMasterModelArgs, batch_filename_size=4, batch_weight_size=4, num_collection_passes=1 to void (__cdecl artm::core::MasterComponent::*)(class artm::FitOfflineMasterModelArgs const & __ptr64) __ptr64
I0119 19:54:15.336314 13328 master_component.cc:942] ProcessBatchesArgs: nwt_target_name=nwt, batch_filename_size=4, batch_size=0, batch_weight_size=4, pwt_source_name=pwt, num_document_passes=10, reuse_theta=no, opt_for_avx=no, predict_class_id=
I0119 19:54:15.343376  3140 processor.cc:683] Processing queue has data, processing started
I0119 19:54:15.343376 10136 processor.cc:683] Processing queue has data, processing started
I0119 19:54:15.345337 10136 processor.cc:760] Processor: start processing batch 11c286dd-c506-40a4-b391-f875df99d49a into model nwt
I0119 19:54:15.348345 11072 processor.cc:676] No data in processing queue, waiting...
I0119 19:54:15.348345  3140 processor.cc:760] Processor: start processing batch a31acaf1-d8a5-4fda-9359-982dbb671dd8 into model nwt
I0119 19:54:15.351354 14288 processor.cc:760] Processor: start processing batch 3f3359f5-1a06-47ad-b106-e564a9edc7e2 into model nwt
I0119 19:54:15.351354  5548 processor.cc:760] Processor: start processing batch 2f3b6f86-0496-4032-8a20-64754be2b114 into model nwt
I0119 19:54:15.371407 10136 processor.cc:856] Processor: complete processing batch 11c286dd-c506-40a4-b391-f875df99d49a into model nwt
I0119 19:54:15.372409 10136 cuckoo_watch.h:44] 29ms in ProcessBatch(D:\artmonline\data\datasets\kos\batches\aaaaad.batch) [including 2ms in LoadMessage; 0ms in InitializeSparseNdw; 25ms in InferThetaAndUpdateNwtSparse; ]
I0119 19:54:15.405498 14288 processor.cc:856] Processor: complete processing batch 3f3359f5-1a06-47ad-b106-e564a9edc7e2 into model nwt
I0119 19:54:15.405498 14288 cuckoo_watch.h:44] 62ms in ProcessBatch(D:\artmonline\data\datasets\kos\batches\aaaaaa.batch) [including 7ms in LoadMessage; 1ms in InitializeSparseNdw; 52ms in InferThetaAndUpdateNwtSparse; ]
I0119 19:54:15.409509 10136 processor.cc:676] No data in processing queue, waiting...
I0119 19:54:15.416029  3140 processor.cc:856] Processor: complete processing batch a31acaf1-d8a5-4fda-9359-982dbb671dd8 into model nwt
I0119 19:54:15.417032  3140 cuckoo_watch.h:44] 73ms in ProcessBatch(D:\artmonline\data\datasets\kos\batches\aaaaac.batch) [including 4ms in LoadMessage; 0ms in InitializeSparseNdw; 67ms in InferThetaAndUpdateNwtSparse; ]
I0119 19:54:15.421569  5548 processor.cc:856] Processor: complete processing batch 2f3b6f86-0496-4032-8a20-64754be2b114 into model nwt
I0119 19:54:15.422574  5548 cuckoo_watch.h:44] 79ms in ProcessBatch(D:\artmonline\data\datasets\kos\batches\aaaaab.batch) [including 7ms in LoadMessage; 1ms in InitializeSparseNdw; 68ms in InferThetaAndUpdateNwtSparse; ]
I0119 19:54:15.423074 13328 master_component.cc:991] NormalizeModelArgs: pwt_target_name=pwt, nwt_source_name=nwt, rwt_source_name=
I0119 19:54:15.423074 13328 master_component.cc:617] MasterComponent: start normalizing model nwt
I0119 19:54:15.427616 13328 master_component.cc:639] MasterComponent: complete normalizing model nwt
I0119 19:54:15.427616 13328 master_component.cc:1015] DisposeModel rwt
I0119 19:54:15.427616 13328 c_interface.cc:332] Pass FitOfflineMasterModelArgs, batch_filename_size=4, batch_weight_size=4, num_collection_passes=1 to void (__cdecl artm::core::MasterComponent::*)(class artm::FitOfflineMasterModelArgs const & __ptr64) __ptr64
I0119 19:54:15.427616 13328 master_component.cc:942] ProcessBatchesArgs: nwt_target_name=nwt, batch_filename_size=4, batch_size=0, batch_weight_size=4, pwt_source_name=pwt, num_document_passes=10, reuse_theta=no, opt_for_avx=no, predict_class_id=
I0119 19:54:15.432636 13408 processor.cc:683] Processing queue has data, processing started
I0119 19:54:15.432636  3368 processor.cc:683] Processing queue has data, processing started
I0119 19:54:15.437625 14288 processor.cc:760] Processor: start processing batch a31acaf1-d8a5-4fda-9359-982dbb671dd8 into model nwt
I0119 19:54:15.437625 13408 processor.cc:760] Processor: start processing batch 3f3359f5-1a06-47ad-b106-e564a9edc7e2 into model nwt
I0119 19:54:15.438627  5548 processor.cc:760] Processor: start processing batch 11c286dd-c506-40a4-b391-f875df99d49a into model nwt
I0119 19:54:15.438627  3368 processor.cc:760] Processor: start processing batch 2f3b6f86-0496-4032-8a20-64754be2b114 into model nwt
I0119 19:54:15.447643  3140 processor.cc:676] No data in processing queue, waiting...
I0119 19:54:15.471706  5548 processor.cc:856] Processor: complete processing batch 11c286dd-c506-40a4-b391-f875df99d49a into model nwt
I0119 19:54:15.472708  5548 cuckoo_watch.h:44] 38ms in ProcessBatch(D:\artmonline\data\datasets\kos\batches\aaaaad.batch) [including 3ms in LoadMessage; 0ms in InitializeSparseNdw; 32ms in InferThetaAndUpdateNwtSparse; ]
I0119 19:54:15.496773 13408 processor.cc:856] Processor: complete processing batch 3f3359f5-1a06-47ad-b106-e564a9edc7e2 into model nwt
I0119 19:54:15.497776 13408 cuckoo_watch.h:44] 65ms in ProcessBatch(D:\artmonline\data\datasets\kos\batches\aaaaaa.batch) [including 4ms in LoadMessage; 1ms in InitializeSparseNdw; 58ms in InferThetaAndUpdateNwtSparse; ]
I0119 19:54:15.498778  3368 processor.cc:856] Processor: complete processing batch 2f3b6f86-0496-4032-8a20-64754be2b114 into model nwt
I0119 19:54:15.498778  3368 cuckoo_watch.h:44] 66ms in ProcessBatch(D:\artmonline\data\datasets\kos\batches\aaaaab.batch) [including 5ms in LoadMessage; 0ms in InitializeSparseNdw; 58ms in InferThetaAndUpdateNwtSparse; ]
I0119 19:54:15.511868  5548 processor.cc:676] No data in processing queue, waiting...
I0119 19:54:15.513372 14288 processor.cc:856] Processor: complete processing batch a31acaf1-d8a5-4fda-9359-982dbb671dd8 into model nwt
I0119 19:54:15.513876 14288 cuckoo_watch.h:44] 81ms in ProcessBatch(D:\artmonline\data\datasets\kos\batches\aaaaac.batch) [including 4ms in LoadMessage; 1ms in InitializeSparseNdw; 74ms in InferThetaAndUpdateNwtSparse; ]
I0119 19:54:15.514885 13328 master_component.cc:991] NormalizeModelArgs: pwt_target_name=pwt, nwt_source_name=nwt, rwt_source_name=
I0119 19:54:15.514885 13328 master_component.cc:617] MasterComponent: start normalizing model nwt
I0119 19:54:15.519390 13328 master_component.cc:639] MasterComponent: complete normalizing model nwt
I0119 19:54:15.519390 13328 master_component.cc:1015] DisposeModel rwt
I0119 19:54:15.519896 13328 c_interface.cc:332] Pass FitOfflineMasterModelArgs, batch_filename_size=4, batch_weight_size=4, num_collection_passes=1 to void (__cdecl artm::core::MasterComponent::*)(class artm::FitOfflineMasterModelArgs const & __ptr64) __ptr64
I0119 19:54:15.519896 13328 master_component.cc:942] ProcessBatchesArgs: nwt_target_name=nwt, batch_filename_size=4, batch_size=0, batch_weight_size=4, pwt_source_name=pwt, num_document_passes=10, reuse_theta=no, opt_for_avx=no, predict_class_id=
I0119 19:54:15.525914  3140 processor.cc:683] Processing queue has data, processing started
I0119 19:54:15.525914 10136 processor.cc:683] Processing queue has data, processing started
I0119 19:54:15.525914 11072 processor.cc:683] Processing queue has data, processing started
I0119 19:54:15.527889 10136 processor.cc:760] Processor: start processing batch 11c286dd-c506-40a4-b391-f875df99d49a into model nwt
I0119 19:54:15.529894  3140 processor.cc:760] Processor: start processing batch 3f3359f5-1a06-47ad-b106-e564a9edc7e2 into model nwt
I0119 19:54:15.529894 11072 processor.cc:760] Processor: start processing batch a31acaf1-d8a5-4fda-9359-982dbb671dd8 into model nwt
I0119 19:54:15.529894 13408 processor.cc:760] Processor: start processing batch 2f3b6f86-0496-4032-8a20-64754be2b114 into model nwt
I0119 19:54:15.540921  3368 processor.cc:676] No data in processing queue, waiting...
I0119 19:54:15.550948 10136 processor.cc:856] Processor: complete processing batch 11c286dd-c506-40a4-b391-f875df99d49a into model nwt
I0119 19:54:15.551950 10136 cuckoo_watch.h:44] 26ms in ProcessBatch(D:\artmonline\data\datasets\kos\batches\aaaaad.batch) [including 2ms in LoadMessage; 0ms in InitializeSparseNdw; 22ms in InferThetaAndUpdateNwtSparse; ]
I0119 19:54:15.560974 14288 processor.cc:676] No data in processing queue, waiting...
I0119 19:54:15.581030 13408 processor.cc:856] Processor: complete processing batch 2f3b6f86-0496-4032-8a20-64754be2b114 into model nwt
I0119 19:54:15.582033 13408 cuckoo_watch.h:44] 56ms in ProcessBatch(D:\artmonline\data\datasets\kos\batches\aaaaab.batch) [including 4ms in LoadMessage; 1ms in InitializeSparseNdw; 49ms in InferThetaAndUpdateNwtSparse; ]
I0119 19:54:15.586072 10136 processor.cc:676] No data in processing queue, waiting...
I0119 19:54:15.588081  3140 processor.cc:856] Processor: complete processing batch 3f3359f5-1a06-47ad-b106-e564a9edc7e2 into model nwt
I0119 19:54:15.589051  3140 cuckoo_watch.h:44] 63ms in ProcessBatch(D:\artmonline\data\datasets\kos\batches\aaaaaa.batch) [including 4ms in LoadMessage; 1ms in InitializeSparseNdw; 56ms in InferThetaAndUpdateNwtSparse; ]
I0119 19:54:15.591085 11072 processor.cc:856] Processor: complete processing batch a31acaf1-d8a5-4fda-9359-982dbb671dd8 into model nwt
I0119 19:54:15.591085 11072 cuckoo_watch.h:44] 65ms in ProcessBatch(D:\artmonline\data\datasets\kos\batches\aaaaac.batch) [including 4ms in LoadMessage; 1ms in InitializeSparseNdw; 58ms in InferThetaAndUpdateNwtSparse; ]
I0119 19:54:15.592061 13328 master_component.cc:991] NormalizeModelArgs: pwt_target_name=pwt, nwt_source_name=nwt, rwt_source_name=
I0119 19:54:15.592061 13328 master_component.cc:617] MasterComponent: start normalizing model nwt
I0119 19:54:15.596096 13328 master_component.cc:639] MasterComponent: complete normalizing model nwt
I0119 19:54:15.596096 13328 master_component.cc:1015] DisposeModel rwt
I0119 19:54:15.618652 13408 processor.cc:676] No data in processing queue, waiting...
I0119 19:54:15.619655 13328 c_interface.cc:318] Pass 5da02b4d-33b1-4426-a857-703a4eb18002 to void (__cdecl artm::core::MasterComponent::*)(class std::basic_string<char,struct std::char_traits<char>,class std::allocator<char> > const & __ptr64) __ptr64
I0119 19:54:15.620184 13328 c_interface.cc:283] Disposing MasterComponent (id=8)...
I0119 19:54:15.620184 13328 c_interface.cc:318] Pass dictionary to void (__cdecl artm::core::MasterComponent::*)(class std::basic_string<char,struct std::char_traits<char>,class std::allocator<char> > const & __ptr64) __ptr64
I0119 19:54:15.620685 13328 c_interface.cc:283] Disposing MasterComponent (id=9)...
I0119 19:54:15.627203 13328 c_interface.cc:180] ArtmCopyRequestedMessage is copying 30775 bytes...
I0119 19:54:15.628235  3140 processor.cc:676] No data in processing queue, waiting...
I0119 19:54:15.633247 11072 processor.cc:676] No data in processing queue, waiting...
W0119 19:54:15.716969 13328 check_messages.h:833] Inconsistent fields size in ThetaMatrix: 3430 vs 0 vs 3430 vs 0;
I0119 19:54:15.717469 13328 c_interface.cc:180] ArtmCopyRequestedMessage is copying 17055 bytes...
I0119 19:54:15.732538 13328 c_interface.cc:185] ArtmCopyRequestedObject is copying 137200 bytes...
I0119 19:54:15.760726 13328 phi_matrix_operations.cc:82] RetrieveExternalTopicModel() with 10 topics, 6906 tokens
I0119 19:54:15.763761 13328 c_interface.cc:180] ArtmCopyRequestedMessage is copying 200530 bytes...
I0119 19:54:15.908712 13328 phi_matrix_operations.cc:82] RetrieveExternalTopicModel() with 10 topics, 6906 tokens
I0119 19:54:15.912263 13328 c_interface.cc:180] ArtmCopyRequestedMessage is copying 172906 bytes...
I0119 19:54:15.944869 13328 c_interface.cc:185] ArtmCopyRequestedObject is copying 276240 bytes...
I0119 19:54:25.137141  5548 processor.cc:668] Processor thread stopped
I0119 19:54:25.137141  5548 processor.cc:669] Total number of processed batches: 7
I0119 19:54:25.138274  6924 processor.cc:668] Processor thread stopped
I0119 19:54:25.138274  6924 processor.cc:669] Total number of processed batches: 2
I0119 19:54:25.139283 10136 processor.cc:668] Processor thread stopped
I0119 19:54:25.139283 10136 processor.cc:669] Total number of processed batches: 8
I0119 19:54:25.142563 13408 processor.cc:668] Processor thread stopped
I0119 19:54:25.142563 13408 processor.cc:669] Total number of processed batches: 7
I0119 19:54:25.144418  3368 processor.cc:668] Processor thread stopped
I0119 19:54:25.144418  3368 processor.cc:669] Total number of processed batches: 4
I0119 19:54:25.146570 11072 processor.cc:668] Processor thread stopped
I0119 19:54:25.146570 11072 processor.cc:669] Total number of processed batches: 3
I0119 19:54:25.149830  3140 processor.cc:668] Processor thread stopped
I0119 19:54:25.149830  3140 processor.cc:669] Total number of processed batches: 4
I0119 19:54:25.151777 14288 processor.cc:668] Processor thread stopped
I0119 19:54:25.151777 14288 processor.cc:669] Total number of processed batches: 5
I0119 19:54:25.157840 13328 c_interface.cc:283] Disposing MasterComponent (id=10)...
