I0119 02:20:11.829684 10196 processor.cc:856] Processor: complete processing batch 0bbb922d-24b6-4b39-b053-bf906bcb1e7f into model nwt
I0119 02:20:11.837705 10196 cuckoo_watch.h:44] 747ms in ProcessBatch(D:\artmonline\data\datasets\postnauka\batches\aaaaaa.batch) [including 25ms in LoadMessage; 8ms in InitializeSparseNdw; 700ms in InferThetaAndUpdateNwtSparse; ]
I0119 02:20:11.850740  3092 processor.cc:856] Processor: complete processing batch 4b27e2ef-3bd1-44f8-8663-1336de6541de into model nwt
I0119 02:20:11.854751   456 processor.cc:856] Processor: complete processing batch fa93482d-725f-43f6-83b9-300480dc1fbb into model nwt
I0119 02:20:11.856756  3092 cuckoo_watch.h:44] 766ms in ProcessBatch(D:\artmonline\data\datasets\postnauka\batches\aaaaab.batch) [including 24ms in LoadMessage; 7ms in InitializeSparseNdw; 723ms in InferThetaAndUpdateNwtSparse; ]
I0119 02:20:11.860767   456 cuckoo_watch.h:44] 769ms in ProcessBatch(D:\artmonline\data\datasets\postnauka\batches\aaaaac.batch) [including 22ms in LoadMessage; 9ms in InitializeSparseNdw; 725ms in InferThetaAndUpdateNwtSparse; ]
I0119 02:20:11.862773  5288 master_component.cc:991] NormalizeModelArgs: pwt_target_name=pwt, nwt_source_name=nwt, rwt_source_name=
I0119 02:20:11.862773  5288 master_component.cc:617] MasterComponent: start normalizing model nwt
I0119 02:20:11.883831 10196 processor.cc:676] No data in processing queue, waiting...
I0119 02:20:11.897871  3092 processor.cc:676] No data in processing queue, waiting...
I0119 02:20:11.899875   456 processor.cc:676] No data in processing queue, waiting...
I0119 02:20:11.974073  5288 master_component.cc:639] MasterComponent: complete normalizing model nwt
I0119 02:20:11.974073  5288 master_component.cc:1015] DisposeModel rwt
I0119 02:20:11.974073  5288 c_interface.cc:332] Pass FitOfflineMasterModelArgs, batch_filename_size=4, batch_weight_size=4, num_collection_passes=1 to void (__cdecl artm::core::MasterComponent::*)(class artm::FitOfflineMasterModelArgs const & __ptr64) __ptr64
I0119 02:20:11.974073  5288 master_component.cc:942] ProcessBatchesArgs: nwt_target_name=nwt, batch_filename_size=4, batch_size=0, batch_weight_size=4, pwt_source_name=pwt, num_document_passes=30, reuse_theta=no, opt_for_avx=no, predict_class_id=
I0119 02:20:12.053412 10196 processor.cc:683] Processing queue has data, processing started
I0119 02:20:12.053412   456 processor.cc:683] Processing queue has data, processing started
I0119 02:20:12.053412  8056 processor.cc:683] Processing queue has data, processing started
I0119 02:20:12.053412   584 processor.cc:683] Processing queue has data, processing started
I0119 02:20:12.072464   584 processor.cc:760] Processor: start processing batch 01feadb1-9dca-4ecc-8900-78b6b2c1726b into model nwt
I0119 02:20:12.073467   456 processor.cc:760] Processor: start processing batch 0bbb922d-24b6-4b39-b053-bf906bcb1e7f into model nwt
I0119 02:20:12.073467 10196 processor.cc:760] Processor: start processing batch fa93482d-725f-43f6-83b9-300480dc1fbb into model nwt
I0119 02:20:12.085501  8056 processor.cc:760] Processor: start processing batch 4b27e2ef-3bd1-44f8-8663-1336de6541de into model nwt
I0119 02:20:12.357261   584 processor.cc:856] Processor: complete processing batch 01feadb1-9dca-4ecc-8900-78b6b2c1726b into model nwt
I0119 02:20:12.360270   584 cuckoo_watch.h:44] 307ms in ProcessBatch(D:\artmonline\data\datasets\postnauka\batches\aaaaad.batch) [including 14ms in LoadMessage; 2ms in InitializeSparseNdw; 281ms in InferThetaAndUpdateNwtSparse; ]
I0119 02:20:12.390350   584 processor.cc:676] No data in processing queue, waiting...
I0119 02:20:12.631500 10196 processor.cc:856] Processor: complete processing batch fa93482d-725f-43f6-83b9-300480dc1fbb into model nwt
I0119 02:20:12.638519 10196 cuckoo_watch.h:44] 585ms in ProcessBatch(D:\artmonline\data\datasets\postnauka\batches\aaaaac.batch) [including 17ms in LoadMessage; 8ms in InitializeSparseNdw; 549ms in InferThetaAndUpdateNwtSparse; ]
I0119 02:20:12.655563   456 processor.cc:856] Processor: complete processing batch 0bbb922d-24b6-4b39-b053-bf906bcb1e7f into model nwt
I0119 02:20:12.662582   456 cuckoo_watch.h:44] 609ms in ProcessBatch(D:\artmonline\data\datasets\postnauka\batches\aaaaaa.batch) [including 16ms in LoadMessage; 8ms in InitializeSparseNdw; 572ms in InferThetaAndUpdateNwtSparse; ]
I0119 02:20:12.677623 10196 processor.cc:676] No data in processing queue, waiting...
I0119 02:20:12.689656  8056 processor.cc:856] Processor: complete processing batch 4b27e2ef-3bd1-44f8-8663-1336de6541de into model nwt
I0119 02:20:12.694669  8056 cuckoo_watch.h:44] 641ms in ProcessBatch(D:\artmonline\data\datasets\postnauka\batches\aaaaab.batch) [including 26ms in LoadMessage; 5ms in InitializeSparseNdw; 598ms in InferThetaAndUpdateNwtSparse; ]
I0119 02:20:12.695183  5288 master_component.cc:991] NormalizeModelArgs: pwt_target_name=pwt, nwt_source_name=nwt, rwt_source_name=
I0119 02:20:12.695183  5288 master_component.cc:617] MasterComponent: start normalizing model nwt
I0119 02:20:12.705700   456 processor.cc:676] No data in processing queue, waiting...
I0119 02:20:12.725752  8056 processor.cc:676] No data in processing queue, waiting...
I0119 02:20:12.790927  5288 master_component.cc:639] MasterComponent: complete normalizing model nwt
I0119 02:20:12.790927  5288 master_component.cc:1015] DisposeModel rwt
I0119 02:20:12.791429  5288 c_interface.cc:332] Pass FitOfflineMasterModelArgs, batch_filename_size=4, batch_weight_size=4, num_collection_passes=1 to void (__cdecl artm::core::MasterComponent::*)(class artm::FitOfflineMasterModelArgs const & __ptr64) __ptr64
I0119 02:20:12.791429  5288 master_component.cc:942] ProcessBatchesArgs: nwt_target_name=nwt, batch_filename_size=4, batch_size=0, batch_weight_size=4, pwt_source_name=pwt, num_document_passes=30, reuse_theta=no, opt_for_avx=no, predict_class_id=
I0119 02:20:12.870139  6116 processor.cc:683] Processing queue has data, processing started
I0119 02:20:12.870139  3092 processor.cc:683] Processing queue has data, processing started
I0119 02:20:12.872144   584 processor.cc:683] Processing queue has data, processing started
I0119 02:20:12.872144 10196 processor.cc:683] Processing queue has data, processing started
I0119 02:20:12.887187 10196 processor.cc:760] Processor: start processing batch 01feadb1-9dca-4ecc-8900-78b6b2c1726b into model nwt
I0119 02:20:12.895207  3092 processor.cc:760] Processor: start processing batch 4b27e2ef-3bd1-44f8-8663-1336de6541de into model nwt
I0119 02:20:12.901226  6116 processor.cc:760] Processor: start processing batch 0bbb922d-24b6-4b39-b053-bf906bcb1e7f into model nwt
I0119 02:20:12.904234   584 processor.cc:760] Processor: start processing batch fa93482d-725f-43f6-83b9-300480dc1fbb into model nwt
I0119 02:20:13.167940 10196 processor.cc:856] Processor: complete processing batch 01feadb1-9dca-4ecc-8900-78b6b2c1726b into model nwt
I0119 02:20:13.171952 10196 cuckoo_watch.h:44] 299ms in ProcessBatch(D:\artmonline\data\datasets\postnauka\batches\aaaaad.batch) [including 11ms in LoadMessage; 1ms in InitializeSparseNdw; 279ms in InferThetaAndUpdateNwtSparse; ]
I0119 02:20:13.207047 10196 processor.cc:676] No data in processing queue, waiting...
I0119 02:20:13.446697  6116 processor.cc:856] Processor: complete processing batch 0bbb922d-24b6-4b39-b053-bf906bcb1e7f into model nwt
I0119 02:20:13.451709  6116 cuckoo_watch.h:44] 581ms in ProcessBatch(D:\artmonline\data\datasets\postnauka\batches\aaaaaa.batch) [including 26ms in LoadMessage; 6ms in InitializeSparseNdw; 538ms in InferThetaAndUpdateNwtSparse; ]
I0119 02:20:13.472765  3092 processor.cc:856] Processor: complete processing batch 4b27e2ef-3bd1-44f8-8663-1336de6541de into model nwt
I0119 02:20:13.479784  3092 cuckoo_watch.h:44] 610ms in ProcessBatch(D:\artmonline\data\datasets\postnauka\batches\aaaaab.batch) [including 21ms in LoadMessage; 6ms in InitializeSparseNdw; 571ms in InferThetaAndUpdateNwtSparse; ]
I0119 02:20:13.488309  6116 processor.cc:676] No data in processing queue, waiting...
I0119 02:20:13.495829   584 processor.cc:856] Processor: complete processing batch fa93482d-725f-43f6-83b9-300480dc1fbb into model nwt
I0119 02:20:13.505708   584 cuckoo_watch.h:44] 633ms in ProcessBatch(D:\artmonline\data\datasets\postnauka\batches\aaaaac.batch) [including 26ms in LoadMessage; 6ms in InitializeSparseNdw; 584ms in InferThetaAndUpdateNwtSparse; ]
I0119 02:20:13.506726  5288 master_component.cc:991] NormalizeModelArgs: pwt_target_name=pwt, nwt_source_name=nwt, rwt_source_name=
I0119 02:20:13.506726  5288 master_component.cc:617] MasterComponent: start normalizing model nwt
I0119 02:20:13.512727  3092 processor.cc:676] No data in processing queue, waiting...
I0119 02:20:13.527767   584 processor.cc:676] No data in processing queue, waiting...
I0119 02:20:13.725314  5288 master_component.cc:639] MasterComponent: complete normalizing model nwt
I0119 02:20:13.725314  5288 master_component.cc:1015] DisposeModel rwt
I0119 02:20:13.725314  5288 c_interface.cc:332] Pass FitOfflineMasterModelArgs, batch_filename_size=4, batch_weight_size=4, num_collection_passes=1 to void (__cdecl artm::core::MasterComponent::*)(class artm::FitOfflineMasterModelArgs const & __ptr64) __ptr64
I0119 02:20:13.725314  5288 master_component.cc:942] ProcessBatchesArgs: nwt_target_name=nwt, batch_filename_size=4, batch_size=0, batch_weight_size=4, pwt_source_name=pwt, num_document_passes=30, reuse_theta=no, opt_for_avx=no, predict_class_id=
I0119 02:20:13.821574  8056 processor.cc:683] Processing queue has data, processing started
I0119 02:20:13.825585   456 processor.cc:683] Processing queue has data, processing started
I0119 02:20:13.825585  3092 processor.cc:683] Processing queue has data, processing started
I0119 02:20:13.825585   584 processor.cc:683] Processing queue has data, processing started
I0119 02:20:13.842630  8056 processor.cc:760] Processor: start processing batch 0bbb922d-24b6-4b39-b053-bf906bcb1e7f into model nwt
I0119 02:20:13.845638   456 processor.cc:760] Processor: start processing batch 01feadb1-9dca-4ecc-8900-78b6b2c1726b into model nwt
I0119 02:20:13.849649   584 processor.cc:760] Processor: start processing batch fa93482d-725f-43f6-83b9-300480dc1fbb into model nwt
I0119 02:20:13.857669  3092 processor.cc:760] Processor: start processing batch 4b27e2ef-3bd1-44f8-8663-1336de6541de into model nwt
I0119 02:20:14.104339   456 processor.cc:856] Processor: complete processing batch 01feadb1-9dca-4ecc-8900-78b6b2c1726b into model nwt
I0119 02:20:14.108350   456 cuckoo_watch.h:44] 282ms in ProcessBatch(D:\artmonline\data\datasets\postnauka\batches\aaaaad.batch) [including 15ms in LoadMessage; 2ms in InitializeSparseNdw; 256ms in InferThetaAndUpdateNwtSparse; ]
I0119 02:20:14.139432   456 processor.cc:676] No data in processing queue, waiting...
I0119 02:20:14.412165   584 processor.cc:856] Processor: complete processing batch fa93482d-725f-43f6-83b9-300480dc1fbb into model nwt
I0119 02:20:14.417178   584 cuckoo_watch.h:44] 592ms in ProcessBatch(D:\artmonline\data\datasets\postnauka\batches\aaaaac.batch) [including 19ms in LoadMessage; 7ms in InitializeSparseNdw; 554ms in InferThetaAndUpdateNwtSparse; ]
I0119 02:20:14.436228  3092 processor.cc:856] Processor: complete processing batch 4b27e2ef-3bd1-44f8-8663-1336de6541de into model nwt
I0119 02:20:14.442261  3092 cuckoo_watch.h:44] 616ms in ProcessBatch(D:\artmonline\data\datasets\postnauka\batches\aaaaab.batch) [including 27ms in LoadMessage; 5ms in InitializeSparseNdw; 572ms in InferThetaAndUpdateNwtSparse; ]
I0119 02:20:14.454294   584 processor.cc:676] No data in processing queue, waiting...
I0119 02:20:14.455297  8056 processor.cc:856] Processor: complete processing batch 0bbb922d-24b6-4b39-b053-bf906bcb1e7f into model nwt
I0119 02:20:14.459308  8056 cuckoo_watch.h:44] 638ms in ProcessBatch(D:\artmonline\data\datasets\postnauka\batches\aaaaaa.batch) [including 17ms in LoadMessage; 8ms in InitializeSparseNdw; 604ms in InferThetaAndUpdateNwtSparse; ]
I0119 02:20:14.460310  5288 master_component.cc:991] NormalizeModelArgs: pwt_target_name=pwt, nwt_source_name=nwt, rwt_source_name=
I0119 02:20:14.460310  5288 master_component.cc:617] MasterComponent: start normalizing model nwt
I0119 02:20:14.479362  3092 processor.cc:676] No data in processing queue, waiting...
I0119 02:20:14.495404  8056 processor.cc:676] No data in processing queue, waiting...
I0119 02:20:14.572613  5288 master_component.cc:639] MasterComponent: complete normalizing model nwt
I0119 02:20:14.572613  5288 master_component.cc:1015] DisposeModel rwt
I0119 02:20:14.572613  5288 c_interface.cc:332] Pass FitOfflineMasterModelArgs, batch_filename_size=4, batch_weight_size=4, num_collection_passes=1 to void (__cdecl artm::core::MasterComponent::*)(class artm::FitOfflineMasterModelArgs const & __ptr64) __ptr64
I0119 02:20:14.572613  5288 master_component.cc:942] ProcessBatchesArgs: nwt_target_name=nwt, batch_filename_size=4, batch_size=0, batch_weight_size=4, pwt_source_name=pwt, num_document_passes=30, reuse_theta=no, opt_for_avx=no, predict_class_id=
I0119 02:20:14.670877 11816 processor.cc:683] Processing queue has data, processing started
I0119 02:20:14.670877  6116 processor.cc:683] Processing queue has data, processing started
I0119 02:20:14.670877   456 processor.cc:683] Processing queue has data, processing started
I0119 02:20:14.670877   584 processor.cc:683] Processing queue has data, processing started
I0119 02:20:14.686919   584 processor.cc:760] Processor: start processing batch 01feadb1-9dca-4ecc-8900-78b6b2c1726b into model nwt
I0119 02:20:14.698951   456 processor.cc:760] Processor: start processing batch fa93482d-725f-43f6-83b9-300480dc1fbb into model nwt
I0119 02:20:14.702961 11816 processor.cc:760] Processor: start processing batch 0bbb922d-24b6-4b39-b053-bf906bcb1e7f into model nwt
I0119 02:20:14.702961  6116 processor.cc:760] Processor: start processing batch 4b27e2ef-3bd1-44f8-8663-1336de6541de into model nwt
I0119 02:20:14.993746   584 processor.cc:856] Processor: complete processing batch 01feadb1-9dca-4ecc-8900-78b6b2c1726b into model nwt
I0119 02:20:14.996753   584 cuckoo_watch.h:44] 325ms in ProcessBatch(D:\artmonline\data\datasets\postnauka\batches\aaaaad.batch) [including 12ms in LoadMessage; 2ms in InitializeSparseNdw; 303ms in InferThetaAndUpdateNwtSparse; ]
I0119 02:20:15.025830   584 processor.cc:676] No data in processing queue, waiting...
I0119 02:20:15.266484 11816 processor.cc:856] Processor: complete processing batch 0bbb922d-24b6-4b39-b053-bf906bcb1e7f into model nwt
I0119 02:20:15.271498 11816 cuckoo_watch.h:44] 600ms in ProcessBatch(D:\artmonline\data\datasets\postnauka\batches\aaaaaa.batch) [including 26ms in LoadMessage; 7ms in InitializeSparseNdw; 555ms in InferThetaAndUpdateNwtSparse; ]
I0119 02:20:15.271498   456 processor.cc:856] Processor: complete processing batch fa93482d-725f-43f6-83b9-300480dc1fbb into model nwt
I0119 02:20:15.273501  6116 processor.cc:856] Processor: complete processing batch 4b27e2ef-3bd1-44f8-8663-1336de6541de into model nwt
I0119 02:20:15.279518   456 cuckoo_watch.h:44] 608ms in ProcessBatch(D:\artmonline\data\datasets\postnauka\batches\aaaaac.batch) [including 23ms in LoadMessage; 7ms in InitializeSparseNdw; 565ms in InferThetaAndUpdateNwtSparse; ]
I0119 02:20:15.279518  6116 cuckoo_watch.h:44] 608ms in ProcessBatch(D:\artmonline\data\datasets\postnauka\batches\aaaaab.batch) [including 26ms in LoadMessage; 10ms in InitializeSparseNdw; 560ms in InferThetaAndUpdateNwtSparse; ]
I0119 02:20:15.280522  5288 master_component.cc:991] NormalizeModelArgs: pwt_target_name=pwt, nwt_source_name=nwt, rwt_source_name=
I0119 02:20:15.280522  5288 master_component.cc:617] MasterComponent: start normalizing model nwt
I0119 02:20:15.302580 11816 processor.cc:676] No data in processing queue, waiting...
I0119 02:20:15.309598   456 processor.cc:676] No data in processing queue, waiting...
I0119 02:20:15.309598  6116 processor.cc:676] No data in processing queue, waiting...
I0119 02:20:15.377782  5288 master_component.cc:639] MasterComponent: complete normalizing model nwt
I0119 02:20:15.377782  5288 master_component.cc:1015] DisposeModel rwt
I0119 02:20:15.377782  5288 c_interface.cc:332] Pass FitOfflineMasterModelArgs, batch_filename_size=4, batch_weight_size=4, num_collection_passes=1 to void (__cdecl artm::core::MasterComponent::*)(class artm::FitOfflineMasterModelArgs const & __ptr64) __ptr64
I0119 02:20:15.377782  5288 master_component.cc:942] ProcessBatchesArgs: nwt_target_name=nwt, batch_filename_size=4, batch_size=0, batch_weight_size=4, pwt_source_name=pwt, num_document_passes=30, reuse_theta=no, opt_for_avx=no, predict_class_id=
I0119 02:20:15.455492  6116 processor.cc:683] Processing queue has data, processing started
I0119 02:20:15.455492  3092 processor.cc:683] Processing queue has data, processing started
I0119 02:20:15.455492   456 processor.cc:683] Processing queue has data, processing started
I0119 02:20:15.456944  8056 processor.cc:683] Processing queue has data, processing started
I0119 02:20:15.471951  8056 processor.cc:760] Processor: start processing batch 01feadb1-9dca-4ecc-8900-78b6b2c1726b into model nwt
I0119 02:20:15.477967  6116 processor.cc:760] Processor: start processing batch 0bbb922d-24b6-4b39-b053-bf906bcb1e7f into model nwt
I0119 02:20:15.477967  3092 processor.cc:760] Processor: start processing batch 4b27e2ef-3bd1-44f8-8663-1336de6541de into model nwt
I0119 02:20:15.483983   456 processor.cc:760] Processor: start processing batch fa93482d-725f-43f6-83b9-300480dc1fbb into model nwt
I0119 02:20:15.882546  8056 processor.cc:856] Processor: complete processing batch 01feadb1-9dca-4ecc-8900-78b6b2c1726b into model nwt
I0119 02:20:15.886056  8056 cuckoo_watch.h:44] 429ms in ProcessBatch(D:\artmonline\data\datasets\postnauka\batches\aaaaad.batch) [including 10ms in LoadMessage; 2ms in InitializeSparseNdw; 407ms in InferThetaAndUpdateNwtSparse; ]
I0119 02:20:15.923156  8056 processor.cc:676] No data in processing queue, waiting...
I0119 02:20:16.191367  6116 processor.cc:856] Processor: complete processing batch 0bbb922d-24b6-4b39-b053-bf906bcb1e7f into model nwt
I0119 02:20:16.196882  6116 cuckoo_watch.h:44] 741ms in ProcessBatch(D:\artmonline\data\datasets\postnauka\batches\aaaaaa.batch) [including 19ms in LoadMessage; 7ms in InitializeSparseNdw; 705ms in InferThetaAndUpdateNwtSparse; ]
I0119 02:20:16.208914  3092 processor.cc:856] Processor: complete processing batch 4b27e2ef-3bd1-44f8-8663-1336de6541de into model nwt
I0119 02:20:16.213927  3092 cuckoo_watch.h:44] 758ms in ProcessBatch(D:\artmonline\data\datasets\postnauka\batches\aaaaab.batch) [including 17ms in LoadMessage; 9ms in InitializeSparseNdw; 720ms in InferThetaAndUpdateNwtSparse; ]
I0119 02:20:16.225457   456 processor.cc:856] Processor: complete processing batch fa93482d-725f-43f6-83b9-300480dc1fbb into model nwt
I0119 02:20:16.226961  6116 processor.cc:676] No data in processing queue, waiting...
I0119 02:20:16.229971   456 cuckoo_watch.h:44] 774ms in ProcessBatch(D:\artmonline\data\datasets\postnauka\batches\aaaaac.batch) [including 22ms in LoadMessage; 6ms in InitializeSparseNdw; 734ms in InferThetaAndUpdateNwtSparse; ]
I0119 02:20:16.230975  5288 master_component.cc:991] NormalizeModelArgs: pwt_target_name=pwt, nwt_source_name=nwt, rwt_source_name=
I0119 02:20:16.230975  5288 master_component.cc:617] MasterComponent: start normalizing model nwt
I0119 02:20:16.256041  3092 processor.cc:676] No data in processing queue, waiting...
I0119 02:20:16.276094   456 processor.cc:676] No data in processing queue, waiting...
I0119 02:20:16.327734  5288 master_component.cc:639] MasterComponent: complete normalizing model nwt
I0119 02:20:16.327734  5288 master_component.cc:1015] DisposeModel rwt
I0119 02:20:16.328235  5288 c_interface.cc:332] Pass FitOfflineMasterModelArgs, batch_filename_size=4, batch_weight_size=4, num_collection_passes=1 to void (__cdecl artm::core::MasterComponent::*)(class artm::FitOfflineMasterModelArgs const & __ptr64) __ptr64
I0119 02:20:16.328235  5288 master_component.cc:942] ProcessBatchesArgs: nwt_target_name=nwt, batch_filename_size=4, batch_size=0, batch_weight_size=4, pwt_source_name=pwt, num_document_passes=30, reuse_theta=no, opt_for_avx=no, predict_class_id=
I0119 02:20:16.405442  6116 processor.cc:683] Processing queue has data, processing started
I0119 02:20:16.406445 12984 processor.cc:683] Processing queue has data, processing started
I0119 02:20:16.406445 10196 processor.cc:683] Processing queue has data, processing started
I0119 02:20:16.407447 11816 processor.cc:683] Processing queue has data, processing started
I0119 02:20:16.423996 11816 processor.cc:760] Processor: start processing batch 01feadb1-9dca-4ecc-8900-78b6b2c1726b into model nwt
I0119 02:20:16.428006  6116 processor.cc:760] Processor: start processing batch 0bbb922d-24b6-4b39-b053-bf906bcb1e7f into model nwt
I0119 02:20:16.429512 10196 processor.cc:760] Processor: start processing batch fa93482d-725f-43f6-83b9-300480dc1fbb into model nwt
I0119 02:20:16.436532 12984 processor.cc:760] Processor: start processing batch 4b27e2ef-3bd1-44f8-8663-1336de6541de into model nwt
I0119 02:20:16.719794 11816 processor.cc:856] Processor: complete processing batch 01feadb1-9dca-4ecc-8900-78b6b2c1726b into model nwt
I0119 02:20:16.721799 11816 cuckoo_watch.h:44] 314ms in ProcessBatch(D:\artmonline\data\datasets\postnauka\batches\aaaaad.batch) [including 12ms in LoadMessage; 2ms in InitializeSparseNdw; 292ms in InferThetaAndUpdateNwtSparse; ]
I0119 02:20:16.770429 11816 processor.cc:676] No data in processing queue, waiting...
I0119 02:20:16.958940 10196 processor.cc:856] Processor: complete processing batch fa93482d-725f-43f6-83b9-300480dc1fbb into model nwt
I0119 02:20:16.963953 10196 cuckoo_watch.h:44] 558ms in ProcessBatch(D:\artmonline\data\datasets\postnauka\batches\aaaaac.batch) [including 18ms in LoadMessage; 7ms in InitializeSparseNdw; 521ms in InferThetaAndUpdateNwtSparse; ]
I0119 02:20:16.983003 12984 processor.cc:856] Processor: complete processing batch 4b27e2ef-3bd1-44f8-8663-1336de6541de into model nwt
I0119 02:20:16.990022  6116 processor.cc:856] Processor: complete processing batch 0bbb922d-24b6-4b39-b053-bf906bcb1e7f into model nwt
I0119 02:20:16.990022 12984 cuckoo_watch.h:44] 583ms in ProcessBatch(D:\artmonline\data\datasets\postnauka\batches\aaaaab.batch) [including 24ms in LoadMessage; 4ms in InitializeSparseNdw; 541ms in InferThetaAndUpdateNwtSparse; ]
I0119 02:20:16.995035  6116 cuckoo_watch.h:44] 589ms in ProcessBatch(D:\artmonline\data\datasets\postnauka\batches\aaaaaa.batch) [including 17ms in LoadMessage; 8ms in InitializeSparseNdw; 553ms in InferThetaAndUpdateNwtSparse; ]
I0119 02:20:16.996038 10196 processor.cc:676] No data in processing queue, waiting...
I0119 02:20:16.996038  5288 master_component.cc:991] NormalizeModelArgs: pwt_target_name=pwt, nwt_source_name=nwt, rwt_source_name=
I0119 02:20:16.996038  5288 master_component.cc:617] MasterComponent: start normalizing model nwt
I0119 02:20:17.025619 12984 processor.cc:676] No data in processing queue, waiting...
I0119 02:20:17.029630  6116 processor.cc:676] No data in processing queue, waiting...
I0119 02:20:17.104331  5288 master_component.cc:639] MasterComponent: complete normalizing model nwt
I0119 02:20:17.105334  5288 master_component.cc:1015] DisposeModel rwt
I0119 02:20:17.105334  5288 c_interface.cc:332] Pass FitOfflineMasterModelArgs, batch_filename_size=4, batch_weight_size=4, num_collection_passes=1 to void (__cdecl artm::core::MasterComponent::*)(class artm::FitOfflineMasterModelArgs const & __ptr64) __ptr64
I0119 02:20:17.105334  5288 master_component.cc:942] ProcessBatchesArgs: nwt_target_name=nwt, batch_filename_size=4, batch_size=0, batch_weight_size=4, pwt_source_name=pwt, num_document_passes=30, reuse_theta=no, opt_for_avx=no, predict_class_id=
I0119 02:20:17.185556   584 processor.cc:683] Processing queue has data, processing started
I0119 02:20:17.185556   456 processor.cc:683] Processing queue has data, processing started
I0119 02:20:17.185556 11816 processor.cc:683] Processing queue has data, processing started
I0119 02:20:17.185556  3092 processor.cc:683] Processing queue has data, processing started
I0119 02:20:17.201591   456 processor.cc:760] Processor: start processing batch 01feadb1-9dca-4ecc-8900-78b6b2c1726b into model nwt
I0119 02:20:17.208611  3092 processor.cc:760] Processor: start processing batch 4b27e2ef-3bd1-44f8-8663-1336de6541de into model nwt
I0119 02:20:17.209614   584 processor.cc:760] Processor: start processing batch fa93482d-725f-43f6-83b9-300480dc1fbb into model nwt
I0119 02:20:17.213624 11816 processor.cc:760] Processor: start processing batch 0bbb922d-24b6-4b39-b053-bf906bcb1e7f into model nwt
I0119 02:20:17.499397   456 processor.cc:856] Processor: complete processing batch 01feadb1-9dca-4ecc-8900-78b6b2c1726b into model nwt
I0119 02:20:17.503407   456 cuckoo_watch.h:44] 318ms in ProcessBatch(D:\artmonline\data\datasets\postnauka\batches\aaaaad.batch) [including 12ms in LoadMessage; 2ms in InitializeSparseNdw; 295ms in InferThetaAndUpdateNwtSparse; ]
I0119 02:20:17.533489   456 processor.cc:676] No data in processing queue, waiting...
I0119 02:20:17.715977  3092 processor.cc:856] Processor: complete processing batch 4b27e2ef-3bd1-44f8-8663-1336de6541de into model nwt
I0119 02:20:17.720491  3092 cuckoo_watch.h:44] 534ms in ProcessBatch(D:\artmonline\data\datasets\postnauka\batches\aaaaab.batch) [including 18ms in LoadMessage; 6ms in InitializeSparseNdw; 500ms in InferThetaAndUpdateNwtSparse; ]
I0119 02:20:17.759097 11816 processor.cc:856] Processor: complete processing batch 0bbb922d-24b6-4b39-b053-bf906bcb1e7f into model nwt
I0119 02:20:17.765112 11816 cuckoo_watch.h:44] 580ms in ProcessBatch(D:\artmonline\data\datasets\postnauka\batches\aaaaaa.batch) [including 22ms in LoadMessage; 6ms in InitializeSparseNdw; 537ms in InferThetaAndUpdateNwtSparse; ]
I0119 02:20:17.766114  3092 processor.cc:676] No data in processing queue, waiting...
I0119 02:20:17.786168   584 processor.cc:856] Processor: complete processing batch fa93482d-725f-43f6-83b9-300480dc1fbb into model nwt
I0119 02:20:17.791180   584 cuckoo_watch.h:44] 606ms in ProcessBatch(D:\artmonline\data\datasets\postnauka\batches\aaaaac.batch) [including 19ms in LoadMessage; 7ms in InitializeSparseNdw; 569ms in InferThetaAndUpdateNwtSparse; ]
I0119 02:20:17.793186  5288 master_component.cc:991] NormalizeModelArgs: pwt_target_name=pwt, nwt_source_name=nwt, rwt_source_name=
I0119 02:20:17.793186  5288 master_component.cc:617] MasterComponent: start normalizing model nwt
I0119 02:20:17.811234 11816 processor.cc:676] No data in processing queue, waiting...
I0119 02:20:17.833299   584 processor.cc:676] No data in processing queue, waiting...
I0119 02:20:17.890450  5288 master_component.cc:639] MasterComponent: complete normalizing model nwt
I0119 02:20:17.890450  5288 master_component.cc:1015] DisposeModel rwt
I0119 02:20:17.890450  5288 c_interface.cc:332] Pass FitOfflineMasterModelArgs, batch_filename_size=4, batch_weight_size=4, num_collection_passes=1 to void (__cdecl artm::core::MasterComponent::*)(class artm::FitOfflineMasterModelArgs const & __ptr64) __ptr64
I0119 02:20:17.890450  5288 master_component.cc:942] ProcessBatchesArgs: nwt_target_name=nwt, batch_filename_size=4, batch_size=0, batch_weight_size=4, pwt_source_name=pwt, num_document_passes=30, reuse_theta=no, opt_for_avx=no, predict_class_id=
I0119 02:20:18.065980 12984 processor.cc:683] Processing queue has data, processing started
I0119 02:20:18.066982   456 processor.cc:683] Processing queue has data, processing started
I0119 02:20:18.066982  6116 processor.cc:683] Processing queue has data, processing started
I0119 02:20:18.067986 11816 processor.cc:683] Processing queue has data, processing started
I0119 02:20:18.095059 11816 processor.cc:760] Processor: start processing batch 01feadb1-9dca-4ecc-8900-78b6b2c1726b into model nwt
I0119 02:20:18.107094  6116 processor.cc:760] Processor: start processing batch 4b27e2ef-3bd1-44f8-8663-1336de6541de into model nwt
I0119 02:20:18.108093 12984 processor.cc:760] Processor: start processing batch 0bbb922d-24b6-4b39-b053-bf906bcb1e7f into model nwt
I0119 02:20:18.110098   456 processor.cc:760] Processor: start processing batch fa93482d-725f-43f6-83b9-300480dc1fbb into model nwt
I0119 02:20:18.418439 11816 processor.cc:856] Processor: complete processing batch 01feadb1-9dca-4ecc-8900-78b6b2c1726b into model nwt
I0119 02:20:18.420946 11816 cuckoo_watch.h:44] 352ms in ProcessBatch(D:\artmonline\data\datasets\postnauka\batches\aaaaad.batch) [including 18ms in LoadMessage; 2ms in InitializeSparseNdw; 320ms in InferThetaAndUpdateNwtSparse; ]
I0119 02:20:18.461055 11816 processor.cc:676] No data in processing queue, waiting...
I0119 02:20:18.695686  6116 processor.cc:856] Processor: complete processing batch 4b27e2ef-3bd1-44f8-8663-1336de6541de into model nwt
I0119 02:20:18.702704  6116 cuckoo_watch.h:44] 635ms in ProcessBatch(D:\artmonline\data\datasets\postnauka\batches\aaaaab.batch) [including 32ms in LoadMessage; 8ms in InitializeSparseNdw; 580ms in InferThetaAndUpdateNwtSparse; ]
I0119 02:20:18.722760   456 processor.cc:856] Processor: complete processing batch fa93482d-725f-43f6-83b9-300480dc1fbb into model nwt
I0119 02:20:18.729779 12984 processor.cc:856] Processor: complete processing batch 0bbb922d-24b6-4b39-b053-bf906bcb1e7f into model nwt
I0119 02:20:18.729779   456 cuckoo_watch.h:44] 662ms in ProcessBatch(D:\artmonline\data\datasets\postnauka\batches\aaaaac.batch) [including 34ms in LoadMessage; 9ms in InitializeSparseNdw; 601ms in InferThetaAndUpdateNwtSparse; ]
I0119 02:20:18.734290 12984 cuckoo_watch.h:44] 668ms in ProcessBatch(D:\artmonline\data\datasets\postnauka\batches\aaaaaa.batch) [including 34ms in LoadMessage; 9ms in InitializeSparseNdw; 611ms in InferThetaAndUpdateNwtSparse; ]
I0119 02:20:18.735791  5288 master_component.cc:991] NormalizeModelArgs: pwt_target_name=pwt, nwt_source_name=nwt, rwt_source_name=
I0119 02:20:18.735791  5288 master_component.cc:617] MasterComponent: start normalizing model nwt
I0119 02:20:18.739802  6116 processor.cc:676] No data in processing queue, waiting...
I0119 02:20:18.775898   456 processor.cc:676] No data in processing queue, waiting...
I0119 02:20:18.780910 12984 processor.cc:676] No data in processing queue, waiting...
I0119 02:20:18.830545  5288 master_component.cc:639] MasterComponent: complete normalizing model nwt
I0119 02:20:18.830545  5288 master_component.cc:1015] DisposeModel rwt
I0119 02:20:18.830545  5288 c_interface.cc:332] Pass FitOfflineMasterModelArgs, batch_filename_size=4, batch_weight_size=4, num_collection_passes=1 to void (__cdecl artm::core::MasterComponent::*)(class artm::FitOfflineMasterModelArgs const & __ptr64) __ptr64
I0119 02:20:18.830545  5288 master_component.cc:942] ProcessBatchesArgs: nwt_target_name=nwt, batch_filename_size=4, batch_size=0, batch_weight_size=4, pwt_source_name=pwt, num_document_passes=30, reuse_theta=no, opt_for_avx=no, predict_class_id=
I0119 02:20:18.909257   584 processor.cc:683] Processing queue has data, processing started
I0119 02:20:18.909257 12984 processor.cc:683] Processing queue has data, processing started
I0119 02:20:18.909257  8056 processor.cc:683] Processing queue has data, processing started
I0119 02:20:18.909257 10196 processor.cc:683] Processing queue has data, processing started
I0119 02:20:18.925302  8056 processor.cc:760] Processor: start processing batch 01feadb1-9dca-4ecc-8900-78b6b2c1726b into model nwt
I0119 02:20:18.933323 12984 processor.cc:760] Processor: start processing batch 0bbb922d-24b6-4b39-b053-bf906bcb1e7f into model nwt
I0119 02:20:18.938340 10196 processor.cc:760] Processor: start processing batch fa93482d-725f-43f6-83b9-300480dc1fbb into model nwt
I0119 02:20:18.944356   584 processor.cc:760] Processor: start processing batch 4b27e2ef-3bd1-44f8-8663-1336de6541de into model nwt
I0119 02:20:19.221604  8056 processor.cc:856] Processor: complete processing batch 01feadb1-9dca-4ecc-8900-78b6b2c1726b into model nwt
I0119 02:20:19.223609  8056 cuckoo_watch.h:44] 314ms in ProcessBatch(D:\artmonline\data\datasets\postnauka\batches\aaaaad.batch) [including 11ms in LoadMessage; 2ms in InitializeSparseNdw; 293ms in InferThetaAndUpdateNwtSparse; ]
I0119 02:20:19.248178  8056 processor.cc:676] No data in processing queue, waiting...
I0119 02:20:19.520406   584 processor.cc:856] Processor: complete processing batch 4b27e2ef-3bd1-44f8-8663-1336de6541de into model nwt
I0119 02:20:19.522410 12984 processor.cc:856] Processor: complete processing batch 0bbb922d-24b6-4b39-b053-bf906bcb1e7f into model nwt
I0119 02:20:19.527925   584 cuckoo_watch.h:44] 618ms in ProcessBatch(D:\artmonline\data\datasets\postnauka\batches\aaaaab.batch) [including 30ms in LoadMessage; 5ms in InitializeSparseNdw; 570ms in InferThetaAndUpdateNwtSparse; ]
I0119 02:20:19.529932 12984 cuckoo_watch.h:44] 620ms in ProcessBatch(D:\artmonline\data\datasets\postnauka\batches\aaaaaa.batch) [including 20ms in LoadMessage; 5ms in InitializeSparseNdw; 583ms in InferThetaAndUpdateNwtSparse; ]
I0119 02:20:19.565526   584 processor.cc:676] No data in processing queue, waiting...
I0119 02:20:19.566529 12984 processor.cc:676] No data in processing queue, waiting...
I0119 02:20:19.584075 10196 processor.cc:856] Processor: complete processing batch fa93482d-725f-43f6-83b9-300480dc1fbb into model nwt
I0119 02:20:19.589589 10196 cuckoo_watch.h:44] 680ms in ProcessBatch(D:\artmonline\data\datasets\postnauka\batches\aaaaac.batch) [including 23ms in LoadMessage; 6ms in InitializeSparseNdw; 638ms in InferThetaAndUpdateNwtSparse; ]
I0119 02:20:19.591411  5288 master_component.cc:991] NormalizeModelArgs: pwt_target_name=pwt, nwt_source_name=nwt, rwt_source_name=
I0119 02:20:19.591411  5288 master_component.cc:617] MasterComponent: start normalizing model nwt
I0119 02:20:19.632524 10196 processor.cc:676] No data in processing queue, waiting...
I0119 02:20:19.688175  5288 master_component.cc:639] MasterComponent: complete normalizing model nwt
I0119 02:20:19.688175  5288 master_component.cc:1015] DisposeModel rwt
I0119 02:20:19.688676  5288 c_interface.cc:332] Pass FitOfflineMasterModelArgs, batch_filename_size=4, batch_weight_size=4, num_collection_passes=1 to void (__cdecl artm::core::MasterComponent::*)(class artm::FitOfflineMasterModelArgs const & __ptr64) __ptr64
I0119 02:20:19.688676  5288 master_component.cc:942] ProcessBatchesArgs: nwt_target_name=nwt, batch_filename_size=4, batch_size=0, batch_weight_size=4, pwt_source_name=pwt, num_document_passes=30, reuse_theta=no, opt_for_avx=no, predict_class_id=
I0119 02:20:19.766968 11816 processor.cc:683] Processing queue has data, processing started
I0119 02:20:19.766968  6116 processor.cc:683] Processing queue has data, processing started
I0119 02:20:19.766968   456 processor.cc:683] Processing queue has data, processing started
I0119 02:20:19.766968  3092 processor.cc:683] Processing queue has data, processing started
I0119 02:20:19.792456   456 processor.cc:760] Processor: start processing batch 01feadb1-9dca-4ecc-8900-78b6b2c1726b into model nwt
I0119 02:20:19.804991 11816 processor.cc:760] Processor: start processing batch 0bbb922d-24b6-4b39-b053-bf906bcb1e7f into model nwt
I0119 02:20:19.810004  3092 processor.cc:760] Processor: start processing batch 4b27e2ef-3bd1-44f8-8663-1336de6541de into model nwt
I0119 02:20:19.810004  6116 processor.cc:760] Processor: start processing batch fa93482d-725f-43f6-83b9-300480dc1fbb into model nwt
I0119 02:20:20.056661   456 processor.cc:856] Processor: complete processing batch 01feadb1-9dca-4ecc-8900-78b6b2c1726b into model nwt
I0119 02:20:20.059669   456 cuckoo_watch.h:44] 292ms in ProcessBatch(D:\artmonline\data\datasets\postnauka\batches\aaaaad.batch) [including 18ms in LoadMessage; 4ms in InitializeSparseNdw; 259ms in InferThetaAndUpdateNwtSparse; ]
I0119 02:20:20.087244   456 processor.cc:676] No data in processing queue, waiting...
I0119 02:20:20.456748  6116 processor.cc:856] Processor: complete processing batch fa93482d-725f-43f6-83b9-300480dc1fbb into model nwt
I0119 02:20:20.461760  6116 cuckoo_watch.h:44] 695ms in ProcessBatch(D:\artmonline\data\datasets\postnauka\batches\aaaaac.batch) [including 39ms in LoadMessage; 6ms in InitializeSparseNdw; 639ms in InferThetaAndUpdateNwtSparse; ]
I0119 02:20:20.463767 11816 processor.cc:856] Processor: complete processing batch 0bbb922d-24b6-4b39-b053-bf906bcb1e7f into model nwt
I0119 02:20:20.470784 11816 cuckoo_watch.h:44] 703ms in ProcessBatch(D:\artmonline\data\datasets\postnauka\batches\aaaaaa.batch) [including 33ms in LoadMessage; 6ms in InitializeSparseNdw; 652ms in InferThetaAndUpdateNwtSparse; ]
I0119 02:20:20.483819  6116 processor.cc:676] No data in processing queue, waiting...
I0119 02:20:20.491839 11816 processor.cc:676] No data in processing queue, waiting...
I0119 02:20:20.506381  3092 processor.cc:856] Processor: complete processing batch 4b27e2ef-3bd1-44f8-8663-1336de6541de into model nwt
I0119 02:20:20.511898  3092 cuckoo_watch.h:44] 744ms in ProcessBatch(D:\artmonline\data\datasets\postnauka\batches\aaaaab.batch) [including 39ms in LoadMessage; 8ms in InitializeSparseNdw; 687ms in InferThetaAndUpdateNwtSparse; ]
I0119 02:20:20.512900  5288 master_component.cc:991] NormalizeModelArgs: pwt_target_name=pwt, nwt_source_name=nwt, rwt_source_name=
I0119 02:20:20.512900  5288 master_component.cc:617] MasterComponent: start normalizing model nwt
I0119 02:20:20.542979  3092 processor.cc:676] No data in processing queue, waiting...
I0119 02:20:20.618182  5288 master_component.cc:639] MasterComponent: complete normalizing model nwt
I0119 02:20:20.618182  5288 master_component.cc:1015] DisposeModel rwt
I0119 02:20:20.618182  5288 c_interface.cc:332] Pass FitOfflineMasterModelArgs, batch_filename_size=4, batch_weight_size=4, num_collection_passes=1 to void (__cdecl artm::core::MasterComponent::*)(class artm::FitOfflineMasterModelArgs const & __ptr64) __ptr64
I0119 02:20:20.618182  5288 master_component.cc:942] ProcessBatchesArgs: nwt_target_name=nwt, batch_filename_size=4, batch_size=0, batch_weight_size=4, pwt_source_name=pwt, num_document_passes=30, reuse_theta=no, opt_for_avx=no, predict_class_id=
I0119 02:20:20.702944 12984 processor.cc:683] Processing queue has data, processing started
I0119 02:20:20.702944   584 processor.cc:683] Processing queue has data, processing started
I0119 02:20:20.704447 11816 processor.cc:683] Processing queue has data, processing started
I0119 02:20:20.704447   456 processor.cc:683] Processing queue has data, processing started
I0119 02:20:20.723534 11816 processor.cc:760] Processor: start processing batch 01feadb1-9dca-4ecc-8900-78b6b2c1726b into model nwt
I0119 02:20:20.726544   584 processor.cc:760] Processor: start processing batch 4b27e2ef-3bd1-44f8-8663-1336de6541de into model nwt
I0119 02:20:20.729550 12984 processor.cc:760] Processor: start processing batch 0bbb922d-24b6-4b39-b053-bf906bcb1e7f into model nwt
I0119 02:20:20.736536   456 processor.cc:760] Processor: start processing batch fa93482d-725f-43f6-83b9-300480dc1fbb into model nwt
I0119 02:20:20.990218 11816 processor.cc:856] Processor: complete processing batch 01feadb1-9dca-4ecc-8900-78b6b2c1726b into model nwt
I0119 02:20:20.992224 11816 cuckoo_watch.h:44] 288ms in ProcessBatch(D:\artmonline\data\datasets\postnauka\batches\aaaaad.batch) [including 15ms in LoadMessage; 2ms in InitializeSparseNdw; 264ms in InferThetaAndUpdateNwtSparse; ]
I0119 02:20:21.021304 11816 processor.cc:676] No data in processing queue, waiting...
I0119 02:20:21.304565   584 processor.cc:856] Processor: complete processing batch 4b27e2ef-3bd1-44f8-8663-1336de6541de into model nwt
I0119 02:20:21.309579   584 cuckoo_watch.h:44] 606ms in ProcessBatch(D:\artmonline\data\datasets\postnauka\batches\aaaaab.batch) [including 18ms in LoadMessage; 7ms in InitializeSparseNdw; 570ms in InferThetaAndUpdateNwtSparse; ]
I0119 02:20:21.317101 12984 processor.cc:856] Processor: complete processing batch 0bbb922d-24b6-4b39-b053-bf906bcb1e7f into model nwt
I0119 02:20:21.323115 12984 cuckoo_watch.h:44] 620ms in ProcessBatch(D:\artmonline\data\datasets\postnauka\batches\aaaaaa.batch) [including 22ms in LoadMessage; 7ms in InitializeSparseNdw; 579ms in InferThetaAndUpdateNwtSparse; ]
I0119 02:20:21.337153   584 processor.cc:676] No data in processing queue, waiting...
I0119 02:20:21.349185 12984 processor.cc:676] No data in processing queue, waiting...
I0119 02:20:21.352193   456 processor.cc:856] Processor: complete processing batch fa93482d-725f-43f6-83b9-300480dc1fbb into model nwt
I0119 02:20:21.357206   456 cuckoo_watch.h:44] 653ms in ProcessBatch(D:\artmonline\data\datasets\postnauka\batches\aaaaac.batch) [including 26ms in LoadMessage; 5ms in InitializeSparseNdw; 610ms in InferThetaAndUpdateNwtSparse; ]
I0119 02:20:21.359215  5288 master_component.cc:991] NormalizeModelArgs: pwt_target_name=pwt, nwt_source_name=nwt, rwt_source_name=
I0119 02:20:21.359215  5288 master_component.cc:617] MasterComponent: start normalizing model nwt
I0119 02:20:21.397347   456 processor.cc:676] No data in processing queue, waiting...
I0119 02:20:21.455473  5288 master_component.cc:639] MasterComponent: complete normalizing model nwt
I0119 02:20:21.455473  5288 master_component.cc:1015] DisposeModel rwt
I0119 02:20:21.455473  5288 c_interface.cc:332] Pass FitOfflineMasterModelArgs, batch_filename_size=4, batch_weight_size=4, num_collection_passes=1 to void (__cdecl artm::core::MasterComponent::*)(class artm::FitOfflineMasterModelArgs const & __ptr64) __ptr64
I0119 02:20:21.455473  5288 master_component.cc:942] ProcessBatchesArgs: nwt_target_name=nwt, batch_filename_size=4, batch_size=0, batch_weight_size=4, pwt_source_name=pwt, num_document_passes=30, reuse_theta=no, opt_for_avx=no, predict_class_id=
I0119 02:20:21.535773  3092 processor.cc:683] Processing queue has data, processing started
I0119 02:20:21.535773   456 processor.cc:683] Processing queue has data, processing started
I0119 02:20:21.535773  8056 processor.cc:683] Processing queue has data, processing started
I0119 02:20:21.535773 10196 processor.cc:683] Processing queue has data, processing started
I0119 02:20:21.547724   456 processor.cc:760] Processor: start processing batch 01feadb1-9dca-4ecc-8900-78b6b2c1726b into model nwt
I0119 02:20:21.555745 10196 processor.cc:760] Processor: start processing batch 4b27e2ef-3bd1-44f8-8663-1336de6541de into model nwt
I0119 02:20:21.566774  3092 processor.cc:760] Processor: start processing batch 0bbb922d-24b6-4b39-b053-bf906bcb1e7f into model nwt
I0119 02:20:21.567776  8056 processor.cc:760] Processor: start processing batch fa93482d-725f-43f6-83b9-300480dc1fbb into model nwt
I0119 02:20:21.805922   456 processor.cc:856] Processor: complete processing batch 01feadb1-9dca-4ecc-8900-78b6b2c1726b into model nwt
I0119 02:20:21.809432   456 cuckoo_watch.h:44] 273ms in ProcessBatch(D:\artmonline\data\datasets\postnauka\batches\aaaaad.batch) [including 8ms in LoadMessage; 1ms in InitializeSparseNdw; 255ms in InferThetaAndUpdateNwtSparse; ]
I0119 02:20:21.838510   456 processor.cc:676] No data in processing queue, waiting...
I0119 02:20:22.120276  3092 processor.cc:856] Processor: complete processing batch 0bbb922d-24b6-4b39-b053-bf906bcb1e7f into model nwt
I0119 02:20:22.126283  3092 cuckoo_watch.h:44] 590ms in ProcessBatch(D:\artmonline\data\datasets\postnauka\batches\aaaaaa.batch) [including 27ms in LoadMessage; 6ms in InitializeSparseNdw; 546ms in InferThetaAndUpdateNwtSparse; ]
I0119 02:20:22.147339 10196 processor.cc:856] Processor: complete processing batch 4b27e2ef-3bd1-44f8-8663-1336de6541de into model nwt
I0119 02:20:22.151350  3092 processor.cc:676] No data in processing queue, waiting...
I0119 02:20:22.153355 10196 cuckoo_watch.h:44] 618ms in ProcessBatch(D:\artmonline\data\datasets\postnauka\batches\aaaaab.batch) [including 17ms in LoadMessage; 5ms in InitializeSparseNdw; 586ms in InferThetaAndUpdateNwtSparse; ]
I0119 02:20:22.171403  8056 processor.cc:856] Processor: complete processing batch fa93482d-725f-43f6-83b9-300480dc1fbb into model nwt
I0119 02:20:22.175413  8056 cuckoo_watch.h:44] 639ms in ProcessBatch(D:\artmonline\data\datasets\postnauka\batches\aaaaac.batch) [including 27ms in LoadMessage; 7ms in InitializeSparseNdw; 595ms in InferThetaAndUpdateNwtSparse; ]
I0119 02:20:22.177422  5288 master_component.cc:991] NormalizeModelArgs: pwt_target_name=pwt, nwt_source_name=nwt, rwt_source_name=
I0119 02:20:22.177422  5288 master_component.cc:617] MasterComponent: start normalizing model nwt
I0119 02:20:22.187445 10196 processor.cc:676] No data in processing queue, waiting...
I0119 02:20:22.213517  8056 processor.cc:676] No data in processing queue, waiting...
I0119 02:20:22.272676  5288 master_component.cc:639] MasterComponent: complete normalizing model nwt
I0119 02:20:22.272676  5288 master_component.cc:1015] DisposeModel rwt
I0119 02:20:22.272676  5288 c_interface.cc:332] Pass FitOfflineMasterModelArgs, batch_filename_size=4, batch_weight_size=4, num_collection_passes=1 to void (__cdecl artm::core::MasterComponent::*)(class artm::FitOfflineMasterModelArgs const & __ptr64) __ptr64
I0119 02:20:22.272676  5288 master_component.cc:942] ProcessBatchesArgs: nwt_target_name=nwt, batch_filename_size=4, batch_size=0, batch_weight_size=4, pwt_source_name=pwt, num_document_passes=30, reuse_theta=no, opt_for_avx=no, predict_class_id=
I0119 02:20:22.461784  8056 processor.cc:683] Processing queue has data, processing started
I0119 02:20:22.461784 12984 processor.cc:683] Processing queue has data, processing started
I0119 02:20:22.461784  6116 processor.cc:683] Processing queue has data, processing started
I0119 02:20:22.461784   584 processor.cc:683] Processing queue has data, processing started
I0119 02:20:22.479835   584 processor.cc:760] Processor: start processing batch 01feadb1-9dca-4ecc-8900-78b6b2c1726b into model nwt
I0119 02:20:22.494874  6116 processor.cc:760] Processor: start processing batch fa93482d-725f-43f6-83b9-300480dc1fbb into model nwt
I0119 02:20:22.498884  8056 processor.cc:760] Processor: start processing batch 0bbb922d-24b6-4b39-b053-bf906bcb1e7f into model nwt
I0119 02:20:22.501898 12984 processor.cc:760] Processor: start processing batch 4b27e2ef-3bd1-44f8-8663-1336de6541de into model nwt
I0119 02:20:22.800707   584 processor.cc:856] Processor: complete processing batch 01feadb1-9dca-4ecc-8900-78b6b2c1726b into model nwt
I0119 02:20:22.803714   584 cuckoo_watch.h:44] 341ms in ProcessBatch(D:\artmonline\data\datasets\postnauka\batches\aaaaad.batch) [including 12ms in LoadMessage; 2ms in InitializeSparseNdw; 317ms in InferThetaAndUpdateNwtSparse; ]
I0119 02:20:22.834797   584 processor.cc:676] No data in processing queue, waiting...
I0119 02:20:23.080951 12984 processor.cc:856] Processor: complete processing batch 4b27e2ef-3bd1-44f8-8663-1336de6541de into model nwt
I0119 02:20:23.087970 12984 cuckoo_watch.h:44] 626ms in ProcessBatch(D:\artmonline\data\datasets\postnauka\batches\aaaaab.batch) [including 31ms in LoadMessage; 15ms in InitializeSparseNdw; 563ms in InferThetaAndUpdateNwtSparse; ]
I0119 02:20:23.093986  6116 processor.cc:856] Processor: complete processing batch fa93482d-725f-43f6-83b9-300480dc1fbb into model nwt
I0119 02:20:23.101505  6116 cuckoo_watch.h:44] 639ms in ProcessBatch(D:\artmonline\data\datasets\postnauka\batches\aaaaac.batch) [including 27ms in LoadMessage; 14ms in InitializeSparseNdw; 584ms in InferThetaAndUpdateNwtSparse; ]
I0119 02:20:23.119052 12984 processor.cc:676] No data in processing queue, waiting...
I0119 02:20:23.119052  8056 processor.cc:856] Processor: complete processing batch 0bbb922d-24b6-4b39-b053-bf906bcb1e7f into model nwt
I0119 02:20:23.123564  8056 cuckoo_watch.h:44] 662ms in ProcessBatch(D:\artmonline\data\datasets\postnauka\batches\aaaaaa.batch) [including 30ms in LoadMessage; 16ms in InitializeSparseNdw; 603ms in InferThetaAndUpdateNwtSparse; ]
I0119 02:20:23.124567  5288 master_component.cc:991] NormalizeModelArgs: pwt_target_name=pwt, nwt_source_name=nwt, rwt_source_name=
I0119 02:20:23.124567  5288 master_component.cc:617] MasterComponent: start normalizing model nwt
I0119 02:20:23.132588  6116 processor.cc:676] No data in processing queue, waiting...
I0119 02:20:23.153645  8056 processor.cc:676] No data in processing queue, waiting...
I0119 02:20:23.221827  5288 master_component.cc:639] MasterComponent: complete normalizing model nwt
I0119 02:20:23.221827  5288 master_component.cc:1015] DisposeModel rwt
I0119 02:20:23.221827  5288 c_interface.cc:332] Pass FitOfflineMasterModelArgs, batch_filename_size=4, batch_weight_size=4, num_collection_passes=1 to void (__cdecl artm::core::MasterComponent::*)(class artm::FitOfflineMasterModelArgs const & __ptr64) __ptr64
I0119 02:20:23.221827  5288 master_component.cc:942] ProcessBatchesArgs: nwt_target_name=nwt, batch_filename_size=4, batch_size=0, batch_weight_size=4, pwt_source_name=pwt, num_document_passes=30, reuse_theta=no, opt_for_avx=no, predict_class_id=
I0119 02:20:23.304047 12984 processor.cc:683] Processing queue has data, processing started
I0119 02:20:23.304047  6116 processor.cc:683] Processing queue has data, processing started
I0119 02:20:23.306052  3092 processor.cc:683] Processing queue has data, processing started
I0119 02:20:23.306052   456 processor.cc:683] Processing queue has data, processing started
I0119 02:20:23.323098   456 processor.cc:760] Processor: start processing batch 01feadb1-9dca-4ecc-8900-78b6b2c1726b into model nwt
I0119 02:20:23.330117 12984 processor.cc:760] Processor: start processing batch 0bbb922d-24b6-4b39-b053-bf906bcb1e7f into model nwt
I0119 02:20:23.333128  6116 processor.cc:760] Processor: start processing batch 4b27e2ef-3bd1-44f8-8663-1336de6541de into model nwt
