Log file created at: 2017/01/19 00:09:54
Running on machine: FEDIMSER
Log line format: [IWEF]mmdd hh:mm:ss.uuuuuu threadid file:line] msg
I0119 00:09:54.153251  8828 c_interface.cc:74] Logging enabled to .
I0119 00:09:54.153251  8828 c_interface.cc:221] Creating MasterModel (id=1)...
I0119 00:09:54.154227  8828 c_interface.cc:318] Pass 468b54e7-9e0c-4dc6-83f8-51db322c6174 to void (__cdecl artm::core::MasterComponent::*)(class std::basic_string<char,struct std::char_traits<char>,class std::allocator<char> > const & __ptr64) __ptr64
I0119 00:09:54.154227  8828 c_interface.cc:332] Pass GatherDictionaryArgs: dictionary_target_name=468b54e7-9e0c-4dc6-83f8-51db322c6174, data_path=D:\artmonline\data\datasets\postnauka\batches, symmetric_cooc_values=0 to void (__cdecl artm::core::MasterComponent::*)(class artm::GatherDictionaryArgs const & __ptr64) __ptr64
I0119 00:09:54.154227  8828 dictionary.cc:187] Found 4 batches in 'D:\artmonline\data\datasets\postnauka\batches' folder
I0119 00:09:54.590878  8828 dictionary.cc:243] Find 73513 unique tokens in 3446 items
I0119 00:09:54.757383  8828 c_interface.cc:221] Creating MasterModel (id=2)...
I0119 00:09:54.757383  8828 c_interface.cc:318] Pass dictionary to void (__cdecl artm::core::MasterComponent::*)(class std::basic_string<char,struct std::char_traits<char>,class std::allocator<char> > const & __ptr64) __ptr64
I0119 00:09:56.040699  8828 instance.cc:365] MasterModelConfig.processors_count is automatically set to 8
I0119 00:09:56.040699  8828 c_interface.cc:221] Creating MasterModel (id=3)...
I0119 00:09:56.040699  9680 processor.cc:660] Processor thread started
I0119 00:09:56.040699 14168 processor.cc:660] Processor thread started
I0119 00:09:56.040699  8828 c_interface.cc:332] Pass MasterModelConfig: topic_name_size=10, score_config_size=0, num_processors=0, pwt_name=pwt, nwt_name=nwt, num_document_passes=10, reuse_theta=no, cache_theta=yes, opt_for_avx=no, disk_cache_path to void (__cdecl artm::core::MasterComponent::*)(class artm::MasterModelConfig const & __ptr64) __ptr64
I0119 00:09:56.040699  8828 instance.cc:365] MasterModelConfig.processors_count is automatically set to 8
I0119 00:09:56.040699  7384 processor.cc:660] Processor thread started
I0119 00:09:56.040699  8828 c_interface.cc:318] Pass pwt to void (__cdecl artm::core::MasterComponent::*)(class std::basic_string<char,struct std::char_traits<char>,class std::allocator<char> > const & __ptr64) __ptr64
I0119 00:09:56.040699  8828 c_interface.cc:318] Pass nwt to void (__cdecl artm::core::MasterComponent::*)(class std::basic_string<char,struct std::char_traits<char>,class std::allocator<char> > const & __ptr64) __ptr64
I0119 00:09:56.040699 12372 processor.cc:660] Processor thread started
I0119 00:09:56.040699 11828 processor.cc:660] Processor thread started
I0119 00:09:56.040699  8828 c_interface.cc:332] Pass InitializeModelArgs: model_name=pwt, dictionary_name=dictionary, topic_name_size=10 to void (__cdecl artm::core::MasterComponent::*)(class artm::InitializeModelArgs const & __ptr64) __ptr64
I0119 00:09:56.040699  8828 master_component.cc:338] InitializeModel() with 10 topics and 73513 tokens
I0119 00:09:56.040699   416 processor.cc:660] Processor thread started
I0119 00:09:56.040699  9468 processor.cc:660] Processor thread started
I0119 00:09:56.040699 11764 processor.cc:660] Processor thread started
I0119 00:09:56.303426  8828 c_interface.cc:332] Pass InitializeModelArgs: model_name=nwt, dictionary_name=dictionary, topic_name_size=10 to void (__cdecl artm::core::MasterComponent::*)(class artm::InitializeModelArgs const & __ptr64) __ptr64
I0119 00:09:56.303426  8828 master_component.cc:338] InitializeModel() with 10 topics and 73513 tokens
I0119 00:09:56.343096  9680 processor.cc:676] No data in processing queue, waiting...
I0119 00:09:56.343096  7384 processor.cc:676] No data in processing queue, waiting...
I0119 00:09:56.343096 12372 processor.cc:676] No data in processing queue, waiting...
I0119 00:09:56.343096 14168 processor.cc:676] No data in processing queue, waiting...
I0119 00:09:56.343096   416 processor.cc:676] No data in processing queue, waiting...
I0119 00:09:56.343096  9468 processor.cc:676] No data in processing queue, waiting...
I0119 00:09:56.343096 11828 processor.cc:676] No data in processing queue, waiting...
I0119 00:09:56.343096 11764 processor.cc:676] No data in processing queue, waiting...
I0119 00:09:56.556522  8828 phi_matrix_operations.cc:82] RetrieveExternalTopicModel() with 10 topics, 73513 tokens
I0119 00:09:56.603400  8828 c_interface.cc:180] ArtmCopyRequestedMessage is copying 2152765 bytes...
I0119 00:09:58.352149  8828 c_interface.cc:332] Pass FitOfflineMasterModelArgs, batch_filename_size=4, batch_weight_size=4, num_collection_passes=1 to void (__cdecl artm::core::MasterComponent::*)(class artm::FitOfflineMasterModelArgs const & __ptr64) __ptr64
I0119 00:09:58.352149  8828 master_component.cc:942] ProcessBatchesArgs: nwt_target_name=nwt, batch_filename_size=4, batch_size=0, batch_weight_size=4, pwt_source_name=pwt, num_document_passes=10, reuse_theta=no, opt_for_avx=no, predict_class_id=
I0119 00:09:58.428108  8828 master_component.cc:478] Batches count (=4) is smaller than num processors (=8), which may cause suboptimal performance.
I0119 00:09:58.459362 14168 processor.cc:683] Processing queue has data, processing started
I0119 00:09:58.459362  9680 processor.cc:683] Processing queue has data, processing started
I0119 00:09:58.459362 11764 processor.cc:683] Processing queue has data, processing started
I0119 00:09:58.459362  9468 processor.cc:683] Processing queue has data, processing started
I0119 00:09:58.459362  9680 processor.cc:760] Processor: start processing batch 01feadb1-9dca-4ecc-8900-78b6b2c1726b into model nwt
I0119 00:09:58.474990 11764 processor.cc:760] Processor: start processing batch 0bbb922d-24b6-4b39-b053-bf906bcb1e7f into model nwt
I0119 00:09:58.474990 14168 processor.cc:760] Processor: start processing batch fa93482d-725f-43f6-83b9-300480dc1fbb into model nwt
I0119 00:09:58.474990  9468 processor.cc:760] Processor: start processing batch 4b27e2ef-3bd1-44f8-8663-1336de6541de into model nwt
I0119 00:09:58.590939  9680 processor.cc:856] Processor: complete processing batch 01feadb1-9dca-4ecc-8900-78b6b2c1726b into model nwt
I0119 00:09:58.590939  9680 cuckoo_watch.h:44] 141ms in ProcessBatch(D:\artmonline\data\datasets\postnauka\batches\aaaaad.batch) [including 11ms in LoadMessage; 3ms in InitializeSparseNdw; 120ms in InferThetaAndUpdateNwtSparse; ]
I0119 00:09:58.722992 11764 processor.cc:856] Processor: complete processing batch 0bbb922d-24b6-4b39-b053-bf906bcb1e7f into model nwt
I0119 00:09:58.728005 11764 cuckoo_watch.h:44] 268ms in ProcessBatch(D:\artmonline\data\datasets\postnauka\batches\aaaaaa.batch) [including 22ms in LoadMessage; 9ms in InitializeSparseNdw; 226ms in InferThetaAndUpdateNwtSparse; ]
I0119 00:09:58.728507  9468 processor.cc:856] Processor: complete processing batch 4b27e2ef-3bd1-44f8-8663-1336de6541de into model nwt
I0119 00:09:58.728507 14168 processor.cc:856] Processor: complete processing batch fa93482d-725f-43f6-83b9-300480dc1fbb into model nwt
I0119 00:09:58.728507  9468 cuckoo_watch.h:44] 278ms in ProcessBatch(D:\artmonline\data\datasets\postnauka\batches\aaaaab.batch) [including 23ms in LoadMessage; 9ms in InitializeSparseNdw; 236ms in InferThetaAndUpdateNwtSparse; ]
I0119 00:09:58.728507 14168 cuckoo_watch.h:44] 282ms in ProcessBatch(D:\artmonline\data\datasets\postnauka\batches\aaaaac.batch) [including 23ms in LoadMessage; 10ms in InitializeSparseNdw; 238ms in InferThetaAndUpdateNwtSparse; ]
I0119 00:09:58.744237  8828 master_component.cc:991] NormalizeModelArgs: pwt_target_name=pwt, nwt_source_name=nwt, rwt_source_name=
I0119 00:09:58.744237  8828 master_component.cc:617] MasterComponent: start normalizing model nwt
I0119 00:09:58.828505  8828 master_component.cc:639] MasterComponent: complete normalizing model nwt
I0119 00:09:58.828505  8828 master_component.cc:1015] DisposeModel rwt
I0119 00:09:58.828505  8828 c_interface.cc:332] Pass FitOfflineMasterModelArgs, batch_filename_size=4, batch_weight_size=4, num_collection_passes=1 to void (__cdecl artm::core::MasterComponent::*)(class artm::FitOfflineMasterModelArgs const & __ptr64) __ptr64
I0119 00:09:58.828505  8828 master_component.cc:942] ProcessBatchesArgs: nwt_target_name=nwt, batch_filename_size=4, batch_size=0, batch_weight_size=4, pwt_source_name=pwt, num_document_passes=10, reuse_theta=no, opt_for_avx=no, predict_class_id=
I0119 00:09:58.852833  9680 processor.cc:676] No data in processing queue, waiting...
I0119 00:09:58.920784 12372 processor.cc:683] Processing queue has data, processing started
I0119 00:09:58.929306 12372 processor.cc:760] Processor: start processing batch 0bbb922d-24b6-4b39-b053-bf906bcb1e7f into model nwt
I0119 00:09:58.944967  7384 processor.cc:683] Processing queue has data, processing started
I0119 00:09:58.944967   416 processor.cc:683] Processing queue has data, processing started
I0119 00:09:58.960587  9468 processor.cc:676] No data in processing queue, waiting...
I0119 00:09:58.960587 14168 processor.cc:676] No data in processing queue, waiting...
I0119 00:09:58.960587   416 processor.cc:760] Processor: start processing batch 01feadb1-9dca-4ecc-8900-78b6b2c1726b into model nwt
I0119 00:09:58.960587 11764 processor.cc:760] Processor: start processing batch fa93482d-725f-43f6-83b9-300480dc1fbb into model nwt
I0119 00:09:58.976191  7384 processor.cc:760] Processor: start processing batch 4b27e2ef-3bd1-44f8-8663-1336de6541de into model nwt
I0119 00:09:59.092149   416 processor.cc:856] Processor: complete processing batch 01feadb1-9dca-4ecc-8900-78b6b2c1726b into model nwt
I0119 00:09:59.092149   416 cuckoo_watch.h:44] 153ms in ProcessBatch(D:\artmonline\data\datasets\postnauka\batches\aaaaad.batch) [including 14ms in LoadMessage; 4ms in InitializeSparseNdw; 127ms in InferThetaAndUpdateNwtSparse; ]
I0119 00:09:59.192438 12372 processor.cc:856] Processor: complete processing batch 0bbb922d-24b6-4b39-b053-bf906bcb1e7f into model nwt
I0119 00:09:59.192438 12372 cuckoo_watch.h:44] 284ms in ProcessBatch(D:\artmonline\data\datasets\postnauka\batches\aaaaaa.batch) [including 14ms in LoadMessage; 3ms in InitializeSparseNdw; 258ms in InferThetaAndUpdateNwtSparse; ]
I0119 00:09:59.224198 11764 processor.cc:856] Processor: complete processing batch fa93482d-725f-43f6-83b9-300480dc1fbb into model nwt
I0119 00:09:59.224198  7384 processor.cc:856] Processor: complete processing batch 4b27e2ef-3bd1-44f8-8663-1336de6541de into model nwt
I0119 00:09:59.230244 11764 cuckoo_watch.h:44] 285ms in ProcessBatch(D:\artmonline\data\datasets\postnauka\batches\aaaaac.batch) [including 18ms in LoadMessage; 8ms in InitializeSparseNdw; 245ms in InferThetaAndUpdateNwtSparse; ]
I0119 00:09:59.230244  7384 cuckoo_watch.h:44] 286ms in ProcessBatch(D:\artmonline\data\datasets\postnauka\batches\aaaaab.batch) [including 27ms in LoadMessage; 4ms in InitializeSparseNdw; 239ms in InferThetaAndUpdateNwtSparse; ]
I0119 00:09:59.245949  8828 master_component.cc:991] NormalizeModelArgs: pwt_target_name=pwt, nwt_source_name=nwt, rwt_source_name=
I0119 00:09:59.245949  8828 master_component.cc:617] MasterComponent: start normalizing model nwt
I0119 00:09:59.330085  8828 master_component.cc:639] MasterComponent: complete normalizing model nwt
I0119 00:09:59.330085  8828 master_component.cc:1015] DisposeModel rwt
I0119 00:09:59.330085  8828 c_interface.cc:332] Pass FitOfflineMasterModelArgs, batch_filename_size=4, batch_weight_size=4, num_collection_passes=1 to void (__cdecl artm::core::MasterComponent::*)(class artm::FitOfflineMasterModelArgs const & __ptr64) __ptr64
I0119 00:09:59.330085  8828 master_component.cc:942] ProcessBatchesArgs: nwt_target_name=nwt, batch_filename_size=4, batch_size=0, batch_weight_size=4, pwt_source_name=pwt, num_document_passes=10, reuse_theta=no, opt_for_avx=no, predict_class_id=
I0119 00:09:59.408260   416 processor.cc:676] No data in processing queue, waiting...
I0119 00:09:59.423925   416 processor.cc:683] Processing queue has data, processing started
I0119 00:09:59.423925  9680 processor.cc:683] Processing queue has data, processing started
I0119 00:09:59.423925 14168 processor.cc:683] Processing queue has data, processing started
I0119 00:09:59.423925  9468 processor.cc:683] Processing queue has data, processing started
I0119 00:09:59.429975 14168 processor.cc:760] Processor: start processing batch 01feadb1-9dca-4ecc-8900-78b6b2c1726b into model nwt
I0119 00:09:59.445637  9468 processor.cc:760] Processor: start processing batch 0bbb922d-24b6-4b39-b053-bf906bcb1e7f into model nwt
I0119 00:09:59.445637  9680 processor.cc:760] Processor: start processing batch 4b27e2ef-3bd1-44f8-8663-1336de6541de into model nwt
I0119 00:09:59.445637   416 processor.cc:760] Processor: start processing batch fa93482d-725f-43f6-83b9-300480dc1fbb into model nwt
I0119 00:09:59.508111 12372 processor.cc:676] No data in processing queue, waiting...
I0119 00:09:59.545920  7384 processor.cc:676] No data in processing queue, waiting...
I0119 00:09:59.545920 11764 processor.cc:676] No data in processing queue, waiting...
I0119 00:09:59.561547 14168 processor.cc:856] Processor: complete processing batch 01feadb1-9dca-4ecc-8900-78b6b2c1726b into model nwt
I0119 00:09:59.561547 14168 cuckoo_watch.h:44] 151ms in ProcessBatch(D:\artmonline\data\datasets\postnauka\batches\aaaaad.batch) [including 14ms in LoadMessage; 1ms in InitializeSparseNdw; 128ms in InferThetaAndUpdateNwtSparse; ]
I0119 00:09:59.708714   416 processor.cc:856] Processor: complete processing batch fa93482d-725f-43f6-83b9-300480dc1fbb into model nwt
I0119 00:09:59.708714   416 cuckoo_watch.h:44] 297ms in ProcessBatch(D:\artmonline\data\datasets\postnauka\batches\aaaaac.batch) [including 28ms in LoadMessage; 8ms in InitializeSparseNdw; 251ms in InferThetaAndUpdateNwtSparse; ]
I0119 00:09:59.730868  9680 processor.cc:856] Processor: complete processing batch 4b27e2ef-3bd1-44f8-8663-1336de6541de into model nwt
I0119 00:09:59.730868  9468 processor.cc:856] Processor: complete processing batch 0bbb922d-24b6-4b39-b053-bf906bcb1e7f into model nwt
I0119 00:09:59.730868  9680 cuckoo_watch.h:44] 320ms in ProcessBatch(D:\artmonline\data\datasets\postnauka\batches\aaaaab.batch) [including 26ms in LoadMessage; 7ms in InitializeSparseNdw; 275ms in InferThetaAndUpdateNwtSparse; ]
I0119 00:09:59.730868  9468 cuckoo_watch.h:44] 320ms in ProcessBatch(D:\artmonline\data\datasets\postnauka\batches\aaaaaa.batch) [including 26ms in LoadMessage; 8ms in InitializeSparseNdw; 275ms in InferThetaAndUpdateNwtSparse; ]
I0119 00:09:59.746562  8828 master_component.cc:991] NormalizeModelArgs: pwt_target_name=pwt, nwt_source_name=nwt, rwt_source_name=
I0119 00:09:59.746562  8828 master_component.cc:617] MasterComponent: start normalizing model nwt
I0119 00:09:59.831203  8828 master_component.cc:639] MasterComponent: complete normalizing model nwt
I0119 00:09:59.831203  8828 master_component.cc:1015] DisposeModel rwt
I0119 00:09:59.831203  8828 c_interface.cc:332] Pass FitOfflineMasterModelArgs, batch_filename_size=4, batch_weight_size=4, num_collection_passes=1 to void (__cdecl artm::core::MasterComponent::*)(class artm::FitOfflineMasterModelArgs const & __ptr64) __ptr64
I0119 00:09:59.831203  8828 master_component.cc:942] ProcessBatchesArgs: nwt_target_name=nwt, batch_filename_size=4, batch_size=0, batch_weight_size=4, pwt_source_name=pwt, num_document_passes=10, reuse_theta=no, opt_for_avx=no, predict_class_id=
I0119 00:09:59.878118 14168 processor.cc:676] No data in processing queue, waiting...
I0119 00:09:59.924998 14168 processor.cc:683] Processing queue has data, processing started
I0119 00:09:59.931519 14168 processor.cc:760] Processor: start processing batch 0bbb922d-24b6-4b39-b053-bf906bcb1e7f into model nwt
I0119 00:09:59.931519  9468 processor.cc:760] Processor: start processing batch 4b27e2ef-3bd1-44f8-8663-1336de6541de into model nwt
I0119 00:09:59.931519   416 processor.cc:760] Processor: start processing batch fa93482d-725f-43f6-83b9-300480dc1fbb into model nwt
I0119 00:09:59.947160 11828 processor.cc:683] Processing queue has data, processing started
I0119 00:09:59.962777 11828 processor.cc:760] Processor: start processing batch 01feadb1-9dca-4ecc-8900-78b6b2c1726b into model nwt
I0119 00:10:00.047437  9680 processor.cc:676] No data in processing queue, waiting...
I0119 00:10:00.094362 11828 processor.cc:856] Processor: complete processing batch 01feadb1-9dca-4ecc-8900-78b6b2c1726b into model nwt
I0119 00:10:00.094362 11828 cuckoo_watch.h:44] 151ms in ProcessBatch(D:\artmonline\data\datasets\postnauka\batches\aaaaad.batch) [including 13ms in LoadMessage; 1ms in InitializeSparseNdw; 128ms in InferThetaAndUpdateNwtSparse; ]
I0119 00:10:00.194197 14168 processor.cc:856] Processor: complete processing batch 0bbb922d-24b6-4b39-b053-bf906bcb1e7f into model nwt
I0119 00:10:00.194197 14168 cuckoo_watch.h:44] 282ms in ProcessBatch(D:\artmonline\data\datasets\postnauka\batches\aaaaaa.batch) [including 17ms in LoadMessage; 10ms in InitializeSparseNdw; 244ms in InferThetaAndUpdateNwtSparse; ]
I0119 00:10:00.230448  9468 processor.cc:856] Processor: complete processing batch 4b27e2ef-3bd1-44f8-8663-1336de6541de into model nwt
I0119 00:10:00.231451   416 processor.cc:856] Processor: complete processing batch fa93482d-725f-43f6-83b9-300480dc1fbb into model nwt
I0119 00:10:00.231451  9468 cuckoo_watch.h:44] 311ms in ProcessBatch(D:\artmonline\data\datasets\postnauka\batches\aaaaab.batch) [including 17ms in LoadMessage; 10ms in InitializeSparseNdw; 273ms in InferThetaAndUpdateNwtSparse; ]
I0119 00:10:00.231451   416 cuckoo_watch.h:44] 314ms in ProcessBatch(D:\artmonline\data\datasets\postnauka\batches\aaaaac.batch) [including 17ms in LoadMessage; 9ms in InitializeSparseNdw; 277ms in InferThetaAndUpdateNwtSparse; ]
I0119 00:10:00.247144  8828 master_component.cc:991] NormalizeModelArgs: pwt_target_name=pwt, nwt_source_name=nwt, rwt_source_name=
I0119 00:10:00.247144  8828 master_component.cc:617] MasterComponent: start normalizing model nwt
I0119 00:10:00.325017 11828 processor.cc:676] No data in processing queue, waiting...
I0119 00:10:00.343602 14168 processor.cc:676] No data in processing queue, waiting...
I0119 00:10:00.347587  9468 processor.cc:676] No data in processing queue, waiting...
I0119 00:10:00.347587   416 processor.cc:676] No data in processing queue, waiting...
I0119 00:10:00.350595  8828 master_component.cc:639] MasterComponent: complete normalizing model nwt
I0119 00:10:00.350595  8828 master_component.cc:1015] DisposeModel rwt
I0119 00:10:00.351598  8828 c_interface.cc:332] Pass FitOfflineMasterModelArgs, batch_filename_size=4, batch_weight_size=4, num_collection_passes=1 to void (__cdecl artm::core::MasterComponent::*)(class artm::FitOfflineMasterModelArgs const & __ptr64) __ptr64
I0119 00:10:00.351598  8828 master_component.cc:942] ProcessBatchesArgs: nwt_target_name=nwt, batch_filename_size=4, batch_size=0, batch_weight_size=4, pwt_source_name=pwt, num_document_passes=10, reuse_theta=no, opt_for_avx=no, predict_class_id=
I0119 00:10:00.446992  9680 processor.cc:683] Processing queue has data, processing started
I0119 00:10:00.446992 14168 processor.cc:683] Processing queue has data, processing started
I0119 00:10:00.446992  7384 processor.cc:683] Processing queue has data, processing started
I0119 00:10:00.446992 11828 processor.cc:683] Processing queue has data, processing started
I0119 00:10:00.446992 11828 processor.cc:760] Processor: start processing batch 01feadb1-9dca-4ecc-8900-78b6b2c1726b into model nwt
I0119 00:10:00.462469 14168 processor.cc:760] Processor: start processing batch 0bbb922d-24b6-4b39-b053-bf906bcb1e7f into model nwt
I0119 00:10:00.462469  7384 processor.cc:760] Processor: start processing batch fa93482d-725f-43f6-83b9-300480dc1fbb into model nwt
I0119 00:10:00.478096  9680 processor.cc:760] Processor: start processing batch 4b27e2ef-3bd1-44f8-8663-1336de6541de into model nwt
I0119 00:10:00.594071 11828 processor.cc:856] Processor: complete processing batch 01feadb1-9dca-4ecc-8900-78b6b2c1726b into model nwt
I0119 00:10:00.594071 11828 cuckoo_watch.h:44] 156ms in ProcessBatch(D:\artmonline\data\datasets\postnauka\batches\aaaaad.batch) [including 8ms in LoadMessage; 2ms in InitializeSparseNdw; 139ms in InferThetaAndUpdateNwtSparse; ]
I0119 00:10:00.711068 14168 processor.cc:856] Processor: complete processing batch 0bbb922d-24b6-4b39-b053-bf906bcb1e7f into model nwt
I0119 00:10:00.715580 14168 cuckoo_watch.h:44] 268ms in ProcessBatch(D:\artmonline\data\datasets\postnauka\batches\aaaaaa.batch) [including 19ms in LoadMessage; 8ms in InitializeSparseNdw; 231ms in InferThetaAndUpdateNwtSparse; ]
I0119 00:10:00.729619  9680 processor.cc:856] Processor: complete processing batch 4b27e2ef-3bd1-44f8-8663-1336de6541de into model nwt
I0119 00:10:00.734630  9680 cuckoo_watch.h:44] 287ms in ProcessBatch(D:\artmonline\data\datasets\postnauka\batches\aaaaab.batch) [including 28ms in LoadMessage; 6ms in InitializeSparseNdw; 237ms in InferThetaAndUpdateNwtSparse; ]
I0119 00:10:00.741149  7384 processor.cc:856] Processor: complete processing batch fa93482d-725f-43f6-83b9-300480dc1fbb into model nwt
I0119 00:10:00.746162  7384 cuckoo_watch.h:44] 299ms in ProcessBatch(D:\artmonline\data\datasets\postnauka\batches\aaaaac.batch) [including 24ms in LoadMessage; 7ms in InitializeSparseNdw; 257ms in InferThetaAndUpdateNwtSparse; ]
I0119 00:10:00.749696  8828 master_component.cc:991] NormalizeModelArgs: pwt_target_name=pwt, nwt_source_name=nwt, rwt_source_name=
I0119 00:10:00.749696  8828 master_component.cc:617] MasterComponent: start normalizing model nwt
I0119 00:10:00.861568 11828 processor.cc:676] No data in processing queue, waiting...
I0119 00:10:00.872588 14168 processor.cc:676] No data in processing queue, waiting...
I0119 00:10:00.874591  9680 processor.cc:676] No data in processing queue, waiting...
I0119 00:10:00.874591  7384 processor.cc:676] No data in processing queue, waiting...
I0119 00:10:00.881614  8828 master_component.cc:639] MasterComponent: complete normalizing model nwt
I0119 00:10:00.881614  8828 master_component.cc:1015] DisposeModel rwt
I0119 00:10:00.882616  8828 c_interface.cc:332] Pass FitOfflineMasterModelArgs, batch_filename_size=4, batch_weight_size=4, num_collection_passes=1 to void (__cdecl artm::core::MasterComponent::*)(class artm::FitOfflineMasterModelArgs const & __ptr64) __ptr64
I0119 00:10:00.882616  8828 master_component.cc:942] ProcessBatchesArgs: nwt_target_name=nwt, batch_filename_size=4, batch_size=0, batch_weight_size=4, pwt_source_name=pwt, num_document_passes=10, reuse_theta=no, opt_for_avx=no, predict_class_id=
I0119 00:10:01.072684 11764 processor.cc:683] Processing queue has data, processing started
I0119 00:10:01.072684   416 processor.cc:683] Processing queue has data, processing started
I0119 00:10:01.074688  7384 processor.cc:683] Processing queue has data, processing started
I0119 00:10:01.074688  9468 processor.cc:683] Processing queue has data, processing started
I0119 00:10:01.092739  7384 processor.cc:760] Processor: start processing batch 01feadb1-9dca-4ecc-8900-78b6b2c1726b into model nwt
I0119 00:10:01.104789 11764 processor.cc:760] Processor: start processing batch 0bbb922d-24b6-4b39-b053-bf906bcb1e7f into model nwt
I0119 00:10:01.114821  9468 processor.cc:760] Processor: start processing batch fa93482d-725f-43f6-83b9-300480dc1fbb into model nwt
I0119 00:10:01.118832   416 processor.cc:760] Processor: start processing batch 4b27e2ef-3bd1-44f8-8663-1336de6541de into model nwt
I0119 00:10:01.259008  7384 processor.cc:856] Processor: complete processing batch 01feadb1-9dca-4ecc-8900-78b6b2c1726b into model nwt
I0119 00:10:01.259008  7384 cuckoo_watch.h:44] 198ms in ProcessBatch(D:\artmonline\data\datasets\postnauka\batches\aaaaad.batch) [including 13ms in LoadMessage; 4ms in InitializeSparseNdw; 173ms in InferThetaAndUpdateNwtSparse; ]
I0119 00:10:01.427083 11764 processor.cc:856] Processor: complete processing batch 0bbb922d-24b6-4b39-b053-bf906bcb1e7f into model nwt
I0119 00:10:01.431596 11764 cuckoo_watch.h:44] 359ms in ProcessBatch(D:\artmonline\data\datasets\postnauka\batches\aaaaaa.batch) [including 23ms in LoadMessage; 19ms in InitializeSparseNdw; 302ms in InferThetaAndUpdateNwtSparse; ]
I0119 00:10:01.440140  9468 processor.cc:856] Processor: complete processing batch fa93482d-725f-43f6-83b9-300480dc1fbb into model nwt
I0119 00:10:01.442121   416 processor.cc:856] Processor: complete processing batch 4b27e2ef-3bd1-44f8-8663-1336de6541de into model nwt
I0119 00:10:01.447636  9468 cuckoo_watch.h:44] 372ms in ProcessBatch(D:\artmonline\data\datasets\postnauka\batches\aaaaac.batch) [including 27ms in LoadMessage; 14ms in InitializeSparseNdw; 310ms in InferThetaAndUpdateNwtSparse; ]
I0119 00:10:01.448669   416 cuckoo_watch.h:44] 375ms in ProcessBatch(D:\artmonline\data\datasets\postnauka\batches\aaaaab.batch) [including 28ms in LoadMessage; 14ms in InitializeSparseNdw; 309ms in InferThetaAndUpdateNwtSparse; ]
I0119 00:10:01.461674  8828 master_component.cc:991] NormalizeModelArgs: pwt_target_name=pwt, nwt_source_name=nwt, rwt_source_name=
I0119 00:10:01.461674  8828 master_component.cc:617] MasterComponent: start normalizing model nwt
I0119 00:10:01.554922  7384 processor.cc:676] No data in processing queue, waiting...
I0119 00:10:01.554922  8828 master_component.cc:639] MasterComponent: complete normalizing model nwt
I0119 00:10:01.554922  8828 master_component.cc:1015] DisposeModel rwt
I0119 00:10:01.555424  8828 c_interface.cc:332] Pass FitOfflineMasterModelArgs, batch_filename_size=4, batch_weight_size=4, num_collection_passes=1 to void (__cdecl artm::core::MasterComponent::*)(class artm::FitOfflineMasterModelArgs const & __ptr64) __ptr64
I0119 00:10:01.555424  8828 master_component.cc:942] ProcessBatchesArgs: nwt_target_name=nwt, batch_filename_size=4, batch_size=0, batch_weight_size=4, pwt_source_name=pwt, num_document_passes=10, reuse_theta=no, opt_for_avx=no, predict_class_id=
I0119 00:10:01.632632  9680 processor.cc:683] Processing queue has data, processing started
I0119 00:10:01.632632 14168 processor.cc:683] Processing queue has data, processing started
I0119 00:10:01.645162 14168 processor.cc:760] Processor: start processing batch 01feadb1-9dca-4ecc-8900-78b6b2c1726b into model nwt
I0119 00:10:01.654186   416 processor.cc:760] Processor: start processing batch 0bbb922d-24b6-4b39-b053-bf906bcb1e7f into model nwt
I0119 00:10:01.662241  9680 processor.cc:760] Processor: start processing batch fa93482d-725f-43f6-83b9-300480dc1fbb into model nwt
I0119 00:10:01.667753  9468 processor.cc:760] Processor: start processing batch 4b27e2ef-3bd1-44f8-8663-1336de6541de into model nwt
I0119 00:10:01.725906 11764 processor.cc:676] No data in processing queue, waiting...
I0119 00:10:01.765483 14168 processor.cc:856] Processor: complete processing batch 01feadb1-9dca-4ecc-8900-78b6b2c1726b into model nwt
I0119 00:10:01.767488 14168 cuckoo_watch.h:44] 134ms in ProcessBatch(D:\artmonline\data\datasets\postnauka\batches\aaaaad.batch) [including 8ms in LoadMessage; 1ms in InitializeSparseNdw; 117ms in InferThetaAndUpdateNwtSparse; ]
I0119 00:10:01.934931   416 processor.cc:856] Processor: complete processing batch 0bbb922d-24b6-4b39-b053-bf906bcb1e7f into model nwt
I0119 00:10:01.939443   416 cuckoo_watch.h:44] 307ms in ProcessBatch(D:\artmonline\data\datasets\postnauka\batches\aaaaaa.batch) [including 18ms in LoadMessage; 5ms in InitializeSparseNdw; 274ms in InferThetaAndUpdateNwtSparse; ]
I0119 00:10:01.963009  9468 processor.cc:856] Processor: complete processing batch 4b27e2ef-3bd1-44f8-8663-1336de6541de into model nwt
I0119 00:10:01.968523  9680 processor.cc:856] Processor: complete processing batch fa93482d-725f-43f6-83b9-300480dc1fbb into model nwt
I0119 00:10:01.973536  9468 cuckoo_watch.h:44] 340ms in ProcessBatch(D:\artmonline\data\datasets\postnauka\batches\aaaaab.batch) [including 29ms in LoadMessage; 6ms in InitializeSparseNdw; 284ms in InferThetaAndUpdateNwtSparse; ]
I0119 00:10:01.978549  9680 cuckoo_watch.h:44] 345ms in ProcessBatch(D:\artmonline\data\datasets\postnauka\batches\aaaaac.batch) [including 25ms in LoadMessage; 7ms in InitializeSparseNdw; 298ms in InferThetaAndUpdateNwtSparse; ]
I0119 00:10:01.990078  8828 master_component.cc:991] NormalizeModelArgs: pwt_target_name=pwt, nwt_source_name=nwt, rwt_source_name=
I0119 00:10:01.990078  8828 master_component.cc:617] MasterComponent: start normalizing model nwt
I0119 00:10:01.996096 14168 processor.cc:676] No data in processing queue, waiting...
I0119 00:10:02.015646   416 processor.cc:676] No data in processing queue, waiting...
I0119 00:10:02.018654  9468 processor.cc:676] No data in processing queue, waiting...
I0119 00:10:02.019656  9680 processor.cc:676] No data in processing queue, waiting...
I0119 00:10:02.109429  8828 master_component.cc:639] MasterComponent: complete normalizing model nwt
I0119 00:10:02.109429  8828 master_component.cc:1015] DisposeModel rwt
I0119 00:10:02.109928  8828 c_interface.cc:332] Pass FitOfflineMasterModelArgs, batch_filename_size=4, batch_weight_size=4, num_collection_passes=1 to void (__cdecl artm::core::MasterComponent::*)(class artm::FitOfflineMasterModelArgs const & __ptr64) __ptr64
I0119 00:10:02.109928  8828 master_component.cc:942] ProcessBatchesArgs: nwt_target_name=nwt, batch_filename_size=4, batch_size=0, batch_weight_size=4, pwt_source_name=pwt, num_document_passes=10, reuse_theta=no, opt_for_avx=no, predict_class_id=
I0119 00:10:02.204684 12372 processor.cc:683] Processing queue has data, processing started
I0119 00:10:02.204684  9680 processor.cc:683] Processing queue has data, processing started
I0119 00:10:02.204684 11764 processor.cc:683] Processing queue has data, processing started
I0119 00:10:02.204684  7384 processor.cc:683] Processing queue has data, processing started
I0119 00:10:02.217684  9680 processor.cc:760] Processor: start processing batch 01feadb1-9dca-4ecc-8900-78b6b2c1726b into model nwt
I0119 00:10:02.226207  7384 processor.cc:760] Processor: start processing batch 0bbb922d-24b6-4b39-b053-bf906bcb1e7f into model nwt
I0119 00:10:02.226207 12372 processor.cc:760] Processor: start processing batch 4b27e2ef-3bd1-44f8-8663-1336de6541de into model nwt
I0119 00:10:02.226207 11764 processor.cc:760] Processor: start processing batch fa93482d-725f-43f6-83b9-300480dc1fbb into model nwt
I0119 00:10:02.329514  9680 processor.cc:856] Processor: complete processing batch 01feadb1-9dca-4ecc-8900-78b6b2c1726b into model nwt
I0119 00:10:02.331521  9680 cuckoo_watch.h:44] 127ms in ProcessBatch(D:\artmonline\data\datasets\postnauka\batches\aaaaad.batch) [including 9ms in LoadMessage; 1ms in InitializeSparseNdw; 109ms in InferThetaAndUpdateNwtSparse; ]
I0119 00:10:02.474867  7384 processor.cc:856] Processor: complete processing batch 0bbb922d-24b6-4b39-b053-bf906bcb1e7f into model nwt
I0119 00:10:02.480381  7384 cuckoo_watch.h:44] 275ms in ProcessBatch(D:\artmonline\data\datasets\postnauka\batches\aaaaaa.batch) [including 18ms in LoadMessage; 9ms in InitializeSparseNdw; 238ms in InferThetaAndUpdateNwtSparse; ]
I0119 00:10:02.480381 12372 processor.cc:856] Processor: complete processing batch 4b27e2ef-3bd1-44f8-8663-1336de6541de into model nwt
I0119 00:10:02.484392 12372 cuckoo_watch.h:44] 279ms in ProcessBatch(D:\artmonline\data\datasets\postnauka\batches\aaaaab.batch) [including 18ms in LoadMessage; 7ms in InitializeSparseNdw; 245ms in InferThetaAndUpdateNwtSparse; ]
I0119 00:10:02.488435 11764 processor.cc:856] Processor: complete processing batch fa93482d-725f-43f6-83b9-300480dc1fbb into model nwt
I0119 00:10:02.493449 11764 cuckoo_watch.h:44] 288ms in ProcessBatch(D:\artmonline\data\datasets\postnauka\batches\aaaaac.batch) [including 18ms in LoadMessage; 8ms in InitializeSparseNdw; 253ms in InferThetaAndUpdateNwtSparse; ]
I0119 00:10:02.499969  8828 master_component.cc:991] NormalizeModelArgs: pwt_target_name=pwt, nwt_source_name=nwt, rwt_source_name=
I0119 00:10:02.499969  8828 master_component.cc:617] MasterComponent: start normalizing model nwt
I0119 00:10:02.600234  8828 master_component.cc:639] MasterComponent: complete normalizing model nwt
I0119 00:10:02.600234  8828 master_component.cc:1015] DisposeModel rwt
I0119 00:10:02.600731  8828 c_interface.cc:332] Pass FitOfflineMasterModelArgs, batch_filename_size=4, batch_weight_size=4, num_collection_passes=1 to void (__cdecl artm::core::MasterComponent::*)(class artm::FitOfflineMasterModelArgs const & __ptr64) __ptr64
I0119 00:10:02.600731  8828 master_component.cc:942] ProcessBatchesArgs: nwt_target_name=nwt, batch_filename_size=4, batch_size=0, batch_weight_size=4, pwt_source_name=pwt, num_document_passes=10, reuse_theta=no, opt_for_avx=no, predict_class_id=
I0119 00:10:02.624295  9680 processor.cc:676] No data in processing queue, waiting...
I0119 00:10:02.701970   416 processor.cc:683] Processing queue has data, processing started
I0119 00:10:02.701970 14168 processor.cc:683] Processing queue has data, processing started
I0119 00:10:02.701970 11828 processor.cc:683] Processing queue has data, processing started
I0119 00:10:02.722115   416 processor.cc:760] Processor: start processing batch 01feadb1-9dca-4ecc-8900-78b6b2c1726b into model nwt
I0119 00:10:02.722115 14168 processor.cc:760] Processor: start processing batch 4b27e2ef-3bd1-44f8-8663-1336de6541de into model nwt
I0119 00:10:02.722115 11828 processor.cc:760] Processor: start processing batch fa93482d-725f-43f6-83b9-300480dc1fbb into model nwt
I0119 00:10:02.737743 11764 processor.cc:760] Processor: start processing batch 0bbb922d-24b6-4b39-b053-bf906bcb1e7f into model nwt
I0119 00:10:02.768997  7384 processor.cc:676] No data in processing queue, waiting...
I0119 00:10:02.784622 12372 processor.cc:676] No data in processing queue, waiting...
I0119 00:10:02.853251   416 processor.cc:856] Processor: complete processing batch 01feadb1-9dca-4ecc-8900-78b6b2c1726b into model nwt
I0119 00:10:02.853251   416 cuckoo_watch.h:44] 162ms in ProcessBatch(D:\artmonline\data\datasets\postnauka\batches\aaaaad.batch) [including 16ms in LoadMessage; 5ms in InitializeSparseNdw; 130ms in InferThetaAndUpdateNwtSparse; ]
I0119 00:10:03.008424 14168 processor.cc:856] Processor: complete processing batch 4b27e2ef-3bd1-44f8-8663-1336de6541de into model nwt
I0119 00:10:03.015441 14168 cuckoo_watch.h:44] 313ms in ProcessBatch(D:\artmonline\data\datasets\postnauka\batches\aaaaab.batch) [including 20ms in LoadMessage; 13ms in InitializeSparseNdw; 266ms in InferThetaAndUpdateNwtSparse; ]
I0119 00:10:03.016945 11764 processor.cc:856] Processor: complete processing batch 0bbb922d-24b6-4b39-b053-bf906bcb1e7f into model nwt
I0119 00:10:03.021958 11764 cuckoo_watch.h:44] 319ms in ProcessBatch(D:\artmonline\data\datasets\postnauka\batches\aaaaaa.batch) [including 33ms in LoadMessage; 7ms in InitializeSparseNdw; 265ms in InferThetaAndUpdateNwtSparse; ]
I0119 00:10:03.039002 11828 processor.cc:856] Processor: complete processing batch fa93482d-725f-43f6-83b9-300480dc1fbb into model nwt
I0119 00:10:03.044015 11828 cuckoo_watch.h:44] 341ms in ProcessBatch(D:\artmonline\data\datasets\postnauka\batches\aaaaac.batch) [including 20ms in LoadMessage; 14ms in InitializeSparseNdw; 296ms in InferThetaAndUpdateNwtSparse; ]
I0119 00:10:03.055583  8828 master_component.cc:991] NormalizeModelArgs: pwt_target_name=pwt, nwt_source_name=nwt, rwt_source_name=
I0119 00:10:03.055583  8828 master_component.cc:617] MasterComponent: start normalizing model nwt
I0119 00:10:03.096683   416 processor.cc:676] No data in processing queue, waiting...
I0119 00:10:03.117441 14168 processor.cc:676] No data in processing queue, waiting...
I0119 00:10:03.117441 11764 processor.cc:676] No data in processing queue, waiting...
I0119 00:10:03.122486 11828 processor.cc:676] No data in processing queue, waiting...
I0119 00:10:03.155947  8828 master_component.cc:639] MasterComponent: complete normalizing model nwt
I0119 00:10:03.155947  8828 master_component.cc:1015] DisposeModel rwt
I0119 00:10:03.155947  8828 c_interface.cc:332] Pass FitOfflineMasterModelArgs, batch_filename_size=4, batch_weight_size=4, num_collection_passes=1 to void (__cdecl artm::core::MasterComponent::*)(class artm::FitOfflineMasterModelArgs const & __ptr64) __ptr64
I0119 00:10:03.155947  8828 master_component.cc:942] ProcessBatchesArgs: nwt_target_name=nwt, batch_filename_size=4, batch_size=0, batch_weight_size=4, pwt_source_name=pwt, num_document_passes=10, reuse_theta=no, opt_for_avx=no, predict_class_id=
I0119 00:10:03.263957   416 processor.cc:683] Processing queue has data, processing started
I0119 00:10:03.263957 14168 processor.cc:683] Processing queue has data, processing started
I0119 00:10:03.263957 12372 processor.cc:683] Processing queue has data, processing started
I0119 00:10:03.263957  7384 processor.cc:683] Processing queue has data, processing started
I0119 00:10:03.263957  7384 processor.cc:760] Processor: start processing batch 01feadb1-9dca-4ecc-8900-78b6b2c1726b into model nwt
I0119 00:10:03.279587 14168 processor.cc:760] Processor: start processing batch 0bbb922d-24b6-4b39-b053-bf906bcb1e7f into model nwt
I0119 00:10:03.279587 12372 processor.cc:760] Processor: start processing batch fa93482d-725f-43f6-83b9-300480dc1fbb into model nwt
I0119 00:10:03.279587   416 processor.cc:760] Processor: start processing batch 4b27e2ef-3bd1-44f8-8663-1336de6541de into model nwt
I0119 00:10:03.379868  7384 processor.cc:856] Processor: complete processing batch 01feadb1-9dca-4ecc-8900-78b6b2c1726b into model nwt
I0119 00:10:03.379868  7384 cuckoo_watch.h:44] 126ms in ProcessBatch(D:\artmonline\data\datasets\postnauka\batches\aaaaad.batch) [including 8ms in LoadMessage; 2ms in InitializeSparseNdw; 110ms in InferThetaAndUpdateNwtSparse; ]
I0119 00:10:03.548972 14168 processor.cc:856] Processor: complete processing batch 0bbb922d-24b6-4b39-b053-bf906bcb1e7f into model nwt
I0119 00:10:03.564597 14168 cuckoo_watch.h:44] 303ms in ProcessBatch(D:\artmonline\data\datasets\postnauka\batches\aaaaaa.batch) [including 17ms in LoadMessage; 7ms in InitializeSparseNdw; 270ms in InferThetaAndUpdateNwtSparse; ]
I0119 00:10:03.564597 12372 processor.cc:856] Processor: complete processing batch fa93482d-725f-43f6-83b9-300480dc1fbb into model nwt
I0119 00:10:03.564597 12372 cuckoo_watch.h:44] 310ms in ProcessBatch(D:\artmonline\data\datasets\postnauka\batches\aaaaac.batch) [including 23ms in LoadMessage; 6ms in InitializeSparseNdw; 271ms in InferThetaAndUpdateNwtSparse; ]
I0119 00:10:03.564597   416 processor.cc:856] Processor: complete processing batch 4b27e2ef-3bd1-44f8-8663-1336de6541de into model nwt
I0119 00:10:03.580251   416 cuckoo_watch.h:44] 318ms in ProcessBatch(D:\artmonline\data\datasets\postnauka\batches\aaaaab.batch) [including 22ms in LoadMessage; 7ms in InitializeSparseNdw; 279ms in InferThetaAndUpdateNwtSparse; ]
I0119 00:10:03.595882  8828 master_component.cc:991] NormalizeModelArgs: pwt_target_name=pwt, nwt_source_name=nwt, rwt_source_name=
I0119 00:10:03.595882  8828 master_component.cc:617] MasterComponent: start normalizing model nwt
I0119 00:10:03.696202  7384 processor.cc:676] No data in processing queue, waiting...
I0119 00:10:03.714849  8828 master_component.cc:639] MasterComponent: complete normalizing model nwt
I0119 00:10:03.714849  8828 master_component.cc:1015] DisposeModel rwt
I0119 00:10:03.717869  8828 c_interface.cc:318] Pass 468b54e7-9e0c-4dc6-83f8-51db322c6174 to void (__cdecl artm::core::MasterComponent::*)(class std::basic_string<char,struct std::char_traits<char>,class std::allocator<char> > const & __ptr64) __ptr64
I0119 00:10:03.717869  8828 c_interface.cc:283] Disposing MasterComponent (id=1)...
I0119 00:10:03.717869  8828 c_interface.cc:318] Pass dictionary to void (__cdecl artm::core::MasterComponent::*)(class std::basic_string<char,struct std::char_traits<char>,class std::allocator<char> > const & __ptr64) __ptr64
I0119 00:10:03.733495  8828 c_interface.cc:283] Disposing MasterComponent (id=2)...
I0119 00:10:03.733495  8828 c_interface.cc:180] ArtmCopyRequestedMessage is copying 30919 bytes...
W0119 00:10:03.796026  8828 check_messages.h:833] Inconsistent fields size in ThetaMatrix: 3446 vs 0 vs 3446 vs 0;
I0119 00:10:03.817507  8828 c_interface.cc:180] ArtmCopyRequestedMessage is copying 17135 bytes...
I0119 00:10:03.848944  8828 c_interface.cc:185] ArtmCopyRequestedObject is copying 137840 bytes...
I0119 00:10:03.864537 14168 processor.cc:676] No data in processing queue, waiting...
I0119 00:10:03.864537 12372 processor.cc:676] No data in processing queue, waiting...
I0119 00:10:03.864537  8828 phi_matrix_operations.cc:82] RetrieveExternalTopicModel() with 10 topics, 73513 tokens
I0119 00:10:03.880162   416 processor.cc:676] No data in processing queue, waiting...
I0119 00:10:03.917960  8828 c_interface.cc:180] ArtmCopyRequestedMessage is copying 2152765 bytes...
I0119 00:10:05.546941  8828 phi_matrix_operations.cc:82] RetrieveExternalTopicModel() with 10 topics, 73513 tokens
I0119 00:10:05.613965  8828 c_interface.cc:180] ArtmCopyRequestedMessage is copying 1858713 bytes...
I0119 00:10:05.936066  8828 c_interface.cc:185] ArtmCopyRequestedObject is copying 2940520 bytes...
I0119 00:10:28.596329  9680 processor.cc:668] Processor thread stopped
I0119 00:10:28.596329  9680 processor.cc:669] Total number of processed batches: 5
I0119 00:10:28.611958 14168 processor.cc:668] Processor thread stopped
I0119 00:10:28.611958 14168 processor.cc:669] Total number of processed batches: 7
I0119 00:10:28.627584  7384 processor.cc:668] Processor thread stopped
I0119 00:10:28.627584  7384 processor.cc:669] Total number of processed batches: 5
I0119 00:10:28.643210 12372 processor.cc:668] Processor thread stopped
I0119 00:10:28.643210 12372 processor.cc:669] Total number of processed batches: 3
I0119 00:10:28.665359 11828 processor.cc:668] Processor thread stopped
I0119 00:10:28.665359 11828 processor.cc:669] Total number of processed batches: 3
I0119 00:10:28.680984   416 processor.cc:668] Processor thread stopped
I0119 00:10:28.680984   416 processor.cc:669] Total number of processed batches: 7
I0119 00:10:28.696656 11764 processor.cc:668] Processor thread stopped
I0119 00:10:28.696656 11764 processor.cc:669] Total number of processed batches: 5
I0119 00:10:28.712299  9468 processor.cc:668] Processor thread stopped
I0119 00:10:28.712299  9468 processor.cc:669] Total number of processed batches: 5
I0119 00:10:28.765236  8828 c_interface.cc:283] Disposing MasterComponent (id=3)...
