I0119 00:40:18.352955  5368 cuckoo_watch.h:44] 1382ms in ProcessBatch(D:\artmonline\data\datasets\lurk\batches\aaaaab.batch) [including 62ms in LoadMessage; 45ms in InitializeSparseNdw; 1256ms in InferThetaAndUpdateNwtSparse; ]
I0119 00:40:18.365492  2308 master_component.cc:991] NormalizeModelArgs: pwt_target_name=pwt, nwt_source_name=nwt, rwt_source_name=
I0119 00:40:18.365492  2308 master_component.cc:617] MasterComponent: start normalizing model nwt
I0119 00:40:18.462749  2308 master_component.cc:639] MasterComponent: complete normalizing model nwt
I0119 00:40:18.462749  2308 master_component.cc:1015] DisposeModel rwt
I0119 00:40:18.463282  2308 c_interface.cc:332] Pass FitOfflineMasterModelArgs, batch_filename_size=8, batch_weight_size=8, num_collection_passes=1 to void (__cdecl artm::core::MasterComponent::*)(class artm::FitOfflineMasterModelArgs const & __ptr64) __ptr64
I0119 00:40:18.463282  2308 master_component.cc:942] ProcessBatchesArgs: nwt_target_name=nwt, batch_filename_size=8, batch_size=0, batch_weight_size=8, pwt_source_name=pwt, num_document_passes=10, reuse_theta=no, opt_for_avx=no, predict_class_id=
I0119 00:40:18.567525 13556 processor.cc:683] Processing queue has data, processing started
I0119 00:40:18.567525 11132 processor.cc:683] Processing queue has data, processing started
I0119 00:40:18.568027 10452 processor.cc:683] Processing queue has data, processing started
I0119 00:40:18.616657 10452 processor.cc:760] Processor: start processing batch 52533224-c248-49b0-8b38-b15dc89e8679 into model nwt
I0119 00:40:18.628689  1048 processor.cc:760] Processor: start processing batch e87ef7b5-7f10-48e5-b084-5653613a8a51 into model nwt
I0119 00:40:18.631697 13556 processor.cc:760] Processor: start processing batch d395259b-fcbc-4aeb-ae11-7a95fabb6ded into model nwt
I0119 00:40:18.647739 13288 processor.cc:760] Processor: start processing batch 86298525-67b8-4dea-8bb4-21475ed47ffe into model nwt
I0119 00:40:18.651751 11132 processor.cc:760] Processor: start processing batch aff4b136-ed38-4f04-bd52-25bb7cfd41e6 into model nwt
I0119 00:40:18.660272 11152 processor.cc:760] Processor: start processing batch 07473d4e-b1ee-4dcc-ac96-cc4d00bd667d into model nwt
I0119 00:40:18.661777  5368 processor.cc:760] Processor: start processing batch d55d8b7d-085b-4eef-b74d-c84f36d616ac into model nwt
I0119 00:40:18.683333  2244 processor.cc:760] Processor: start processing batch f8a23931-fa0d-47ba-8904-163a138eb7dd into model nwt
I0119 00:40:19.348101 10452 processor.cc:856] Processor: complete processing batch 52533224-c248-49b0-8b38-b15dc89e8679 into model nwt
I0119 00:40:19.354620 10452 cuckoo_watch.h:44] 786ms in ProcessBatch(D:\artmonline\data\datasets\lurk\batches\aaaaag.batch) [including 40ms in LoadMessage; 11ms in InitializeSparseNdw; 719ms in InferThetaAndUpdateNwtSparse; ]
I0119 00:40:19.439846 10452 processor.cc:676] No data in processing queue, waiting...
I0119 00:40:19.601793  1048 processor.cc:856] Processor: complete processing batch e87ef7b5-7f10-48e5-b084-5653613a8a51 into model nwt
I0119 00:40:19.610816  1048 cuckoo_watch.h:44] 1040ms in ProcessBatch(D:\artmonline\data\datasets\lurk\batches\aaaaah.batch) [including 47ms in LoadMessage; 22ms in InitializeSparseNdw; 950ms in InferThetaAndUpdateNwtSparse; ]
I0119 00:40:19.774750 13556 processor.cc:856] Processor: complete processing batch d395259b-fcbc-4aeb-ae11-7a95fabb6ded into model nwt
I0119 00:40:19.782270 13556 cuckoo_watch.h:44] 1214ms in ProcessBatch(D:\artmonline\data\datasets\lurk\batches\aaaaaa.batch) [including 56ms in LoadMessage; 33ms in InitializeSparseNdw; 1108ms in InferThetaAndUpdateNwtSparse; ]
I0119 00:40:19.898078  1048 processor.cc:676] No data in processing queue, waiting...
I0119 00:40:20.069033 13556 processor.cc:676] No data in processing queue, waiting...
I0119 00:40:20.129694 13288 processor.cc:856] Processor: complete processing batch 86298525-67b8-4dea-8bb4-21475ed47ffe into model nwt
I0119 00:40:20.139720 13288 cuckoo_watch.h:44] 1572ms in ProcessBatch(D:\artmonline\data\datasets\lurk\batches\aaaaab.batch) [including 73ms in LoadMessage; 63ms in InitializeSparseNdw; 1417ms in InferThetaAndUpdateNwtSparse; ]
I0119 00:40:20.156265 11132 processor.cc:856] Processor: complete processing batch aff4b136-ed38-4f04-bd52-25bb7cfd41e6 into model nwt
I0119 00:40:20.166290  5368 processor.cc:856] Processor: complete processing batch d55d8b7d-085b-4eef-b74d-c84f36d616ac into model nwt
I0119 00:40:20.168296 11132 cuckoo_watch.h:44] 1601ms in ProcessBatch(D:\artmonline\data\datasets\lurk\batches\aaaaad.batch) [including 67ms in LoadMessage; 49ms in InitializeSparseNdw; 1454ms in InferThetaAndUpdateNwtSparse; ]
I0119 00:40:20.176818  5368 cuckoo_watch.h:44] 1609ms in ProcessBatch(D:\artmonline\data\datasets\lurk\batches\aaaaae.batch) [including 85ms in LoadMessage; 41ms in InitializeSparseNdw; 1462ms in InferThetaAndUpdateNwtSparse; ]
I0119 00:40:20.197875  2244 processor.cc:856] Processor: complete processing batch f8a23931-fa0d-47ba-8904-163a138eb7dd into model nwt
I0119 00:40:20.198879 11152 processor.cc:856] Processor: complete processing batch 07473d4e-b1ee-4dcc-ac96-cc4d00bd667d into model nwt
I0119 00:40:20.213917  2244 cuckoo_watch.h:44] 1646ms in ProcessBatch(D:\artmonline\data\datasets\lurk\batches\aaaaaf.batch) [including 108ms in LoadMessage; 64ms in InitializeSparseNdw; 1449ms in InferThetaAndUpdateNwtSparse; ]
I0119 00:40:20.214419 11152 cuckoo_watch.h:44] 1647ms in ProcessBatch(D:\artmonline\data\datasets\lurk\batches\aaaaac.batch) [including 83ms in LoadMessage; 38ms in InitializeSparseNdw; 1498ms in InferThetaAndUpdateNwtSparse; ]
I0119 00:40:20.231075  2308 master_component.cc:991] NormalizeModelArgs: pwt_target_name=pwt, nwt_source_name=nwt, rwt_source_name=
I0119 00:40:20.231075  2308 master_component.cc:617] MasterComponent: start normalizing model nwt
I0119 00:40:20.331411  2308 master_component.cc:639] MasterComponent: complete normalizing model nwt
I0119 00:40:20.331411  2308 master_component.cc:1015] DisposeModel rwt
I0119 00:40:20.331411  2308 c_interface.cc:332] Pass FitOfflineMasterModelArgs, batch_filename_size=8, batch_weight_size=8, num_collection_passes=1 to void (__cdecl artm::core::MasterComponent::*)(class artm::FitOfflineMasterModelArgs const & __ptr64) __ptr64
I0119 00:40:20.331411  2308 master_component.cc:942] ProcessBatchesArgs: nwt_target_name=nwt, batch_filename_size=8, batch_size=0, batch_weight_size=8, pwt_source_name=pwt, num_document_passes=10, reuse_theta=no, opt_for_avx=no, predict_class_id=
I0119 00:40:20.409615 13556 processor.cc:683] Processing queue has data, processing started
I0119 00:40:20.409615 10452 processor.cc:683] Processing queue has data, processing started
I0119 00:40:20.409615  1048 processor.cc:683] Processing queue has data, processing started
I0119 00:40:20.431267  2244 processor.cc:760] Processor: start processing batch 52533224-c248-49b0-8b38-b15dc89e8679 into model nwt
I0119 00:40:20.446895  5368 processor.cc:760] Processor: start processing batch e87ef7b5-7f10-48e5-b084-5653613a8a51 into model nwt
I0119 00:40:20.462519 11132 processor.cc:760] Processor: start processing batch d395259b-fcbc-4aeb-ae11-7a95fabb6ded into model nwt
I0119 00:40:20.462519  1048 processor.cc:760] Processor: start processing batch d55d8b7d-085b-4eef-b74d-c84f36d616ac into model nwt
I0119 00:40:20.462519 13556 processor.cc:760] Processor: start processing batch 07473d4e-b1ee-4dcc-ac96-cc4d00bd667d into model nwt
I0119 00:40:20.462519 13288 processor.cc:760] Processor: start processing batch aff4b136-ed38-4f04-bd52-25bb7cfd41e6 into model nwt
I0119 00:40:20.462519 11152 processor.cc:760] Processor: start processing batch f8a23931-fa0d-47ba-8904-163a138eb7dd into model nwt
I0119 00:40:20.462519 10452 processor.cc:760] Processor: start processing batch 86298525-67b8-4dea-8bb4-21475ed47ffe into model nwt
I0119 00:40:20.895432  2244 processor.cc:856] Processor: complete processing batch 52533224-c248-49b0-8b38-b15dc89e8679 into model nwt
I0119 00:40:20.901950  2244 cuckoo_watch.h:44] 492ms in ProcessBatch(D:\artmonline\data\datasets\lurk\batches\aaaaag.batch) [including 27ms in LoadMessage; 6ms in InitializeSparseNdw; 446ms in InferThetaAndUpdateNwtSparse; ]
I0119 00:40:21.112009  2244 processor.cc:676] No data in processing queue, waiting...
I0119 00:40:21.462941  5368 processor.cc:856] Processor: complete processing batch e87ef7b5-7f10-48e5-b084-5653613a8a51 into model nwt
I0119 00:40:21.480487  5368 cuckoo_watch.h:44] 1071ms in ProcessBatch(D:\artmonline\data\datasets\lurk\batches\aaaaah.batch) [including 42ms in LoadMessage; 16ms in InitializeSparseNdw; 989ms in InferThetaAndUpdateNwtSparse; ]
I0119 00:40:21.602813  5368 processor.cc:676] No data in processing queue, waiting...
I0119 00:40:21.698567 11132 processor.cc:856] Processor: complete processing batch d395259b-fcbc-4aeb-ae11-7a95fabb6ded into model nwt
I0119 00:40:21.707092 11132 cuckoo_watch.h:44] 1297ms in ProcessBatch(D:\artmonline\data\datasets\lurk\batches\aaaaaa.batch) [including 48ms in LoadMessage; 63ms in InitializeSparseNdw; 1170ms in InferThetaAndUpdateNwtSparse; ]
I0119 00:40:21.858994 11132 processor.cc:676] No data in processing queue, waiting...
I0119 00:40:22.029446 13556 processor.cc:856] Processor: complete processing batch 07473d4e-b1ee-4dcc-ac96-cc4d00bd667d into model nwt
I0119 00:40:22.032454 13288 processor.cc:856] Processor: complete processing batch aff4b136-ed38-4f04-bd52-25bb7cfd41e6 into model nwt
I0119 00:40:22.040477 13556 cuckoo_watch.h:44] 1630ms in ProcessBatch(D:\artmonline\data\datasets\lurk\batches\aaaaac.batch) [including 59ms in LoadMessage; 55ms in InitializeSparseNdw; 1498ms in InferThetaAndUpdateNwtSparse; ]
I0119 00:40:22.040978 13288 cuckoo_watch.h:44] 1631ms in ProcessBatch(D:\artmonline\data\datasets\lurk\batches\aaaaad.batch) [including 58ms in LoadMessage; 46ms in InitializeSparseNdw; 1510ms in InferThetaAndUpdateNwtSparse; ]
I0119 00:40:22.046993  1048 processor.cc:856] Processor: complete processing batch d55d8b7d-085b-4eef-b74d-c84f36d616ac into model nwt
I0119 00:40:22.061533  1048 cuckoo_watch.h:44] 1651ms in ProcessBatch(D:\artmonline\data\datasets\lurk\batches\aaaaae.batch) [including 57ms in LoadMessage; 44ms in InitializeSparseNdw; 1527ms in InferThetaAndUpdateNwtSparse; ]
I0119 00:40:22.065074 10452 processor.cc:856] Processor: complete processing batch 86298525-67b8-4dea-8bb4-21475ed47ffe into model nwt
I0119 00:40:22.078608 10452 cuckoo_watch.h:44] 1668ms in ProcessBatch(D:\artmonline\data\datasets\lurk\batches\aaaaab.batch) [including 61ms in LoadMessage; 48ms in InitializeSparseNdw; 1539ms in InferThetaAndUpdateNwtSparse; ]
I0119 00:40:22.082118 11152 processor.cc:856] Processor: complete processing batch f8a23931-fa0d-47ba-8904-163a138eb7dd into model nwt
I0119 00:40:22.095152 11152 cuckoo_watch.h:44] 1685ms in ProcessBatch(D:\artmonline\data\datasets\lurk\batches\aaaaaf.batch) [including 61ms in LoadMessage; 47ms in InitializeSparseNdw; 1557ms in InferThetaAndUpdateNwtSparse; ]
I0119 00:40:22.095657  2308 master_component.cc:991] NormalizeModelArgs: pwt_target_name=pwt, nwt_source_name=nwt, rwt_source_name=
I0119 00:40:22.095657  2308 master_component.cc:617] MasterComponent: start normalizing model nwt
I0119 00:40:22.153275 13556 processor.cc:676] No data in processing queue, waiting...
I0119 00:40:22.153275 13288 processor.cc:676] No data in processing queue, waiting...
I0119 00:40:22.168818  1048 processor.cc:676] No data in processing queue, waiting...
I0119 00:40:22.184389 10452 processor.cc:676] No data in processing queue, waiting...
I0119 00:40:22.196907  2308 master_component.cc:639] MasterComponent: complete normalizing model nwt
I0119 00:40:22.196907  2308 master_component.cc:1015] DisposeModel rwt
I0119 00:40:22.198928  2308 c_interface.cc:318] Pass 50dbcaa0-a361-431c-93ed-46879a5b768a to void (__cdecl artm::core::MasterComponent::*)(class std::basic_string<char,struct std::char_traits<char>,class std::allocator<char> > const & __ptr64) __ptr64
I0119 00:40:22.212432  2308 c_interface.cc:283] Disposing MasterComponent (id=1)...
I0119 00:40:22.212432  2308 c_interface.cc:318] Pass dictionary to void (__cdecl artm::core::MasterComponent::*)(class std::basic_string<char,struct std::char_traits<char>,class std::allocator<char> > const & __ptr64) __ptr64
I0119 00:40:22.226470  2308 c_interface.cc:283] Disposing MasterComponent (id=2)...
I0119 00:40:22.235496  2308 c_interface.cc:180] ArtmCopyRequestedMessage is copying 68937 bytes...
I0119 00:40:22.334301 11152 processor.cc:676] No data in processing queue, waiting...
W0119 00:40:22.340351  2308 check_messages.h:833] Inconsistent fields size in ThetaMatrix: 7668 vs 0 vs 7668 vs 0;
I0119 00:40:22.340351  2308 c_interface.cc:180] ArtmCopyRequestedMessage is copying 38265 bytes...
I0119 00:40:22.371639  2308 c_interface.cc:185] ArtmCopyRequestedObject is copying 460080 bytes...
I0119 00:40:22.399461  2308 phi_matrix_operations.cc:82] RetrieveExternalTopicModel() with 15 topics, 71309 tokens
I0119 00:40:22.440433  2308 c_interface.cc:180] ArtmCopyRequestedMessage is copying 2039107 bytes...
I0119 00:40:24.047860  2308 phi_matrix_operations.cc:82] RetrieveExternalTopicModel() with 15 topics, 71309 tokens
I0119 00:40:24.155568  2308 c_interface.cc:180] ArtmCopyRequestedMessage is copying 1753871 bytes...
I0119 00:40:24.502372  2308 c_interface.cc:185] ArtmCopyRequestedObject is copying 4278540 bytes...
I0119 00:42:01.569134 10452 processor.cc:668] Processor thread stopped
I0119 00:42:01.569134 10452 processor.cc:669] Total number of processed batches: 10
I0119 00:42:01.584761  5368 processor.cc:668] Processor thread stopped
I0119 00:42:01.584761  5368 processor.cc:669] Total number of processed batches: 10
I0119 00:42:01.600401  1048 processor.cc:668] Processor thread stopped
I0119 00:42:01.600401  1048 processor.cc:669] Total number of processed batches: 10
I0119 00:42:01.615985 11132 processor.cc:668] Processor thread stopped
I0119 00:42:01.615985 11132 processor.cc:669] Total number of processed batches: 10
I0119 00:42:01.631654  2244 processor.cc:668] Processor thread stopped
I0119 00:42:01.631654  2244 processor.cc:669] Total number of processed batches: 10
I0119 00:42:01.647292 11152 processor.cc:668] Processor thread stopped
I0119 00:42:01.647292 11152 processor.cc:669] Total number of processed batches: 10
I0119 00:42:01.669162 13288 processor.cc:668] Processor thread stopped
I0119 00:42:01.669162 13288 processor.cc:669] Total number of processed batches: 10
I0119 00:42:01.684854 13556 processor.cc:668] Processor thread stopped
I0119 00:42:01.684854 13556 processor.cc:669] Total number of processed batches: 10
I0119 00:42:01.753758  2308 c_interface.cc:283] Disposing MasterComponent (id=3)...
