I0116 12:42:52.191977 11588 processor.cc:760] Processor: start processing batch 181c75f0-3941-4bfa-9f90-f19d7a397432 into model nwt
I0116 12:42:52.191977 10540 processor.cc:760] Processor: start processing batch 0eacb8d9-eea2-4801-a26e-91e4061f419a into model nwt
I0116 12:42:52.195987  3908 processor.cc:856] Processor: complete processing batch 72c7c503-2c13-4284-864f-2b3562833a41 into model nwt
I0116 12:42:52.196990  3908 cuckoo_watch.h:44] 74ms in ProcessBatch(D:\artmonline\data\datasets\lenta\batches\aaaaan.batch) [including 3ms in LoadMessage; 0ms in InitializeSparseNdw; 47ms in InferThetaAndUpdateNwtSparse; ]
I0116 12:42:52.201001 12796 processor.cc:760] Processor: start processing batch d852a03c-1d24-43cc-86ce-deda10969237 into model nwt
I0116 12:42:52.209022 10244 processor.cc:760] Processor: start processing batch e0c6239b-a8b8-4a72-88cc-ad45d21522cc into model nwt
I0116 12:42:52.209022  3908 processor.cc:760] Processor: start processing batch 21227cb2-46ce-40e5-bb51-e0ecfe37be66 into model nwt
I0116 12:42:52.217043  5896 processor.cc:856] Processor: complete processing batch aa878812-f3c7-4eae-be12-a5f004c2c812 into model nwt
I0116 12:42:52.218046  5896 cuckoo_watch.h:44] 46ms in ProcessBatch(D:\artmonline\data\datasets\lenta\batches\aaaaar.batch) [including 3ms in LoadMessage; 0ms in InitializeSparseNdw; 30ms in InferThetaAndUpdateNwtSparse; ]
I0116 12:42:52.221055  7048 processor.cc:856] Processor: complete processing batch b61bf30b-6c2e-41f7-bb24-37a66bdde20a into model nwt
I0116 12:42:52.222056  7048 cuckoo_watch.h:44] 49ms in ProcessBatch(D:\artmonline\data\datasets\lenta\batches\aaaaas.batch) [including 2ms in LoadMessage; 0ms in InitializeSparseNdw; 34ms in InferThetaAndUpdateNwtSparse; ]
I0116 12:42:52.229075 10540 processor.cc:856] Processor: complete processing batch 0eacb8d9-eea2-4801-a26e-91e4061f419a into model nwt
I0116 12:42:52.229075  5896 processor.cc:760] Processor: start processing batch b818f8e8-9e0b-4567-a086-e4fa5fb24c94 into model nwt
I0116 12:42:52.231082 10540 cuckoo_watch.h:44] 60ms in ProcessBatch(D:\artmonline\data\datasets\lenta\batches\aaaaaq.batch) [including 2ms in LoadMessage; 0ms in InitializeSparseNdw; 36ms in InferThetaAndUpdateNwtSparse; ]
I0116 12:42:52.231082 12796 processor.cc:856] Processor: complete processing batch d852a03c-1d24-43cc-86ce-deda10969237 into model nwt
I0116 12:42:52.232084 12796 cuckoo_watch.h:44] 46ms in ProcessBatch(D:\artmonline\data\datasets\lenta\batches\aaaaav.batch) [including 3ms in LoadMessage; 0ms in InitializeSparseNdw; 30ms in InferThetaAndUpdateNwtSparse; ]
I0116 12:42:52.237098  7048 processor.cc:760] Processor: start processing batch fe77c731-6f7c-4850-b667-bc6d4c192d74 into model nwt
I0116 12:42:52.237098 10244 processor.cc:856] Processor: complete processing batch e0c6239b-a8b8-4a72-88cc-ad45d21522cc into model nwt
I0116 12:42:52.238100 11588 processor.cc:856] Processor: complete processing batch 181c75f0-3941-4bfa-9f90-f19d7a397432 into model nwt
I0116 12:42:52.239102 10244 cuckoo_watch.h:44] 52ms in ProcessBatch(D:\artmonline\data\datasets\lenta\batches\aaaaau.batch) [including 13ms in LoadMessage; 0ms in InitializeSparseNdw; 28ms in InferThetaAndUpdateNwtSparse; ]
I0116 12:42:52.240106 11588 cuckoo_watch.h:44] 62ms in ProcessBatch(D:\artmonline\data\datasets\lenta\batches\aaaaat.batch) [including 3ms in LoadMessage; 0ms in InitializeSparseNdw; 45ms in InferThetaAndUpdateNwtSparse; ]
I0116 12:42:52.243113  3908 processor.cc:856] Processor: complete processing batch 21227cb2-46ce-40e5-bb51-e0ecfe37be66 into model nwt
I0116 12:42:52.245118  3908 cuckoo_watch.h:44] 47ms in ProcessBatch(D:\artmonline\data\datasets\lenta\batches\aaaaaw.batch) [including 2ms in LoadMessage; 0ms in InitializeSparseNdw; 34ms in InferThetaAndUpdateNwtSparse; ]
I0116 12:42:52.245118 10540 processor.cc:760] Processor: start processing batch 608db9e3-9894-48b8-9708-4341a81a39b1 into model nwt
I0116 12:42:52.246121 12796 processor.cc:760] Processor: start processing batch 9548b3c0-c002-481a-8d22-f489f974c1d6 into model nwt
I0116 12:42:52.252137 10244 processor.cc:760] Processor: start processing batch 0ede75e6-73ad-46d9-adad-032443ec2870 into model nwt
I0116 12:42:52.258153  5896 processor.cc:856] Processor: complete processing batch b818f8e8-9e0b-4567-a086-e4fa5fb24c94 into model nwt
I0116 12:42:52.259156  3908 processor.cc:760] Processor: start processing batch 010dde91-4916-48b2-8792-afe9efd779a8 into model nwt
I0116 12:42:52.259156  5896 cuckoo_watch.h:44] 41ms in ProcessBatch(D:\artmonline\data\datasets\lenta\batches\aaaaax.batch) [including 2ms in LoadMessage; 0ms in InitializeSparseNdw; 28ms in InferThetaAndUpdateNwtSparse; ]
I0116 12:42:52.263166 11588 processor.cc:760] Processor: start processing batch 35b49a08-2c56-4c48-b866-b431c31ecd78 into model nwt
I0116 12:42:52.271188  5896 processor.cc:760] Processor: start processing batch 8f750b19-ad59-42c9-9ba9-da45e8e702ba into model nwt
I0116 12:42:52.275197 12796 processor.cc:856] Processor: complete processing batch 9548b3c0-c002-481a-8d22-f489f974c1d6 into model nwt
I0116 12:42:52.275197 10540 processor.cc:856] Processor: complete processing batch 608db9e3-9894-48b8-9708-4341a81a39b1 into model nwt
I0116 12:42:52.276199 12796 cuckoo_watch.h:44] 43ms in ProcessBatch(D:\artmonline\data\datasets\lenta\batches\aaaaba.batch) [including 2ms in LoadMessage; 0ms in InitializeSparseNdw; 28ms in InferThetaAndUpdateNwtSparse; ]
I0116 12:42:52.276199 10540 cuckoo_watch.h:44] 44ms in ProcessBatch(D:\artmonline\data\datasets\lenta\batches\aaaaaz.batch) [including 2ms in LoadMessage; 0ms in InitializeSparseNdw; 29ms in InferThetaAndUpdateNwtSparse; ]
I0116 12:42:52.281214  4756 processor.cc:856] Processor: complete processing batch 2b88d973-a090-4e65-9898-4fe7cc01703c into model nwt
I0116 12:42:52.282217  7048 processor.cc:856] Processor: complete processing batch fe77c731-6f7c-4850-b667-bc6d4c192d74 into model nwt
I0116 12:42:52.283218  7048 cuckoo_watch.h:44] 61ms in ProcessBatch(D:\artmonline\data\datasets\lenta\batches\aaaaay.batch) [including 3ms in LoadMessage; 0ms in InitializeSparseNdw; 44ms in InferThetaAndUpdateNwtSparse; ]
I0116 12:42:52.287231 12796 processor.cc:760] Processor: start processing batch 988aa15e-6d33-4879-902c-adfdd002ed40 into model nwt
I0116 12:42:52.287231 10540 processor.cc:760] Processor: start processing batch 33d8b615-396b-4604-b5c3-f34dca1016dc into model nwt
I0116 12:42:52.289237 11588 processor.cc:856] Processor: complete processing batch 35b49a08-2c56-4c48-b866-b431c31ecd78 into model nwt
I0116 12:42:52.289237  4756 cuckoo_watch.h:44] 179ms in ProcessBatch(D:\artmonline\data\datasets\lenta\batches\aaaaai.batch) [including 15ms in LoadMessage; 1ms in InitializeSparseNdw; 138ms in InferThetaAndUpdateNwtSparse; ]
I0116 12:42:52.289237  3908 processor.cc:856] Processor: complete processing batch 010dde91-4916-48b2-8792-afe9efd779a8 into model nwt
I0116 12:42:52.289237 10244 processor.cc:856] Processor: complete processing batch 0ede75e6-73ad-46d9-adad-032443ec2870 into model nwt
I0116 12:42:52.290252 11588 cuckoo_watch.h:44] 50ms in ProcessBatch(D:\artmonline\data\datasets\lenta\batches\aaaabc.batch) [including 2ms in LoadMessage; 0ms in InitializeSparseNdw; 25ms in InferThetaAndUpdateNwtSparse; ]
I0116 12:42:52.290252  3908 cuckoo_watch.h:44] 45ms in ProcessBatch(D:\artmonline\data\datasets\lenta\batches\aaaabd.batch) [including 3ms in LoadMessage; 0ms in InitializeSparseNdw; 29ms in InferThetaAndUpdateNwtSparse; ]
I0116 12:42:52.291240 10244 cuckoo_watch.h:44] 52ms in ProcessBatch(D:\artmonline\data\datasets\lenta\batches\aaaabb.batch) [including 3ms in LoadMessage; 0ms in InitializeSparseNdw; 37ms in InferThetaAndUpdateNwtSparse; ]
I0116 12:42:52.298259  5896 processor.cc:856] Processor: complete processing batch 8f750b19-ad59-42c9-9ba9-da45e8e702ba into model nwt
I0116 12:42:52.300266  5896 cuckoo_watch.h:44] 40ms in ProcessBatch(D:\artmonline\data\datasets\lenta\batches\aaaabe.batch) [including 2ms in LoadMessage; 0ms in InitializeSparseNdw; 27ms in InferThetaAndUpdateNwtSparse; ]
I0116 12:42:52.301270  4756 processor.cc:760] Processor: start processing batch 5a635ab8-b1ca-44cb-8fcc-678286d4c084 into model nwt
I0116 12:42:52.301270 10244 processor.cc:760] Processor: start processing batch e3c01b53-80ad-4562-aaec-242c4035ac30 into model nwt
I0116 12:42:52.301270  7048 processor.cc:760] Processor: start processing batch 99ef58d2-9990-4f21-b6d0-fcab7502a16d into model nwt
I0116 12:42:52.306282  3908 processor.cc:760] Processor: start processing batch 3003da87-5f2b-42f2-82bf-abecb349227d into model nwt
I0116 12:42:52.308286 11588 processor.cc:760] Processor: start processing batch 859bed08-fbc3-4f2c-9325-3a352a7ddc41 into model nwt
I0116 12:42:52.315305  5896 processor.cc:760] Processor: start processing batch 3897b2c8-86bd-4cb9-a88e-2e092f7c9a10 into model nwt
I0116 12:42:52.317311 10540 processor.cc:856] Processor: complete processing batch 33d8b615-396b-4604-b5c3-f34dca1016dc into model nwt
I0116 12:42:52.318312 10540 cuckoo_watch.h:44] 41ms in ProcessBatch(D:\artmonline\data\datasets\lenta\batches\aaaabg.batch) [including 2ms in LoadMessage; 0ms in InitializeSparseNdw; 29ms in InferThetaAndUpdateNwtSparse; ]
I0116 12:42:52.319332 12796 processor.cc:856] Processor: complete processing batch 988aa15e-6d33-4879-902c-adfdd002ed40 into model nwt
I0116 12:42:52.320318 12796 cuckoo_watch.h:44] 44ms in ProcessBatch(D:\artmonline\data\datasets\lenta\batches\aaaabf.batch) [including 3ms in LoadMessage; 0ms in InitializeSparseNdw; 31ms in InferThetaAndUpdateNwtSparse; ]
I0116 12:42:52.329344 10540 processor.cc:760] Processor: start processing batch 43feeb32-c53b-4775-b855-866acb1a5133 into model nwt
I0116 12:42:52.330345  4756 processor.cc:856] Processor: complete processing batch 5a635ab8-b1ca-44cb-8fcc-678286d4c084 into model nwt
I0116 12:42:52.331347  4756 cuckoo_watch.h:44] 42ms in ProcessBatch(D:\artmonline\data\datasets\lenta\batches\aaaabi.batch) [including 3ms in LoadMessage; 0ms in InitializeSparseNdw; 28ms in InferThetaAndUpdateNwtSparse; ]
I0116 12:42:52.333351  3908 processor.cc:856] Processor: complete processing batch 3003da87-5f2b-42f2-82bf-abecb349227d into model nwt
I0116 12:42:52.334355 12796 processor.cc:760] Processor: start processing batch 40245e79-4989-4f54-85b1-c19879c6380f into model nwt
I0116 12:42:52.334355  3908 cuckoo_watch.h:44] 43ms in ProcessBatch(D:\artmonline\data\datasets\lenta\batches\aaaabk.batch) [including 2ms in LoadMessage; 0ms in InitializeSparseNdw; 26ms in InferThetaAndUpdateNwtSparse; ]
I0116 12:42:52.339368  5896 processor.cc:856] Processor: complete processing batch 3897b2c8-86bd-4cb9-a88e-2e092f7c9a10 into model nwt
I0116 12:42:52.341374  5896 cuckoo_watch.h:44] 41ms in ProcessBatch(D:\artmonline\data\datasets\lenta\batches\aaaabm.batch) [including 3ms in LoadMessage; 0ms in InitializeSparseNdw; 24ms in InferThetaAndUpdateNwtSparse; ]
I0116 12:42:52.342375 11588 processor.cc:856] Processor: complete processing batch 859bed08-fbc3-4f2c-9325-3a352a7ddc41 into model nwt
I0116 12:42:52.344383 11588 cuckoo_watch.h:44] 53ms in ProcessBatch(D:\artmonline\data\datasets\lenta\batches\aaaabj.batch) [including 3ms in LoadMessage; 0ms in InitializeSparseNdw; 33ms in InferThetaAndUpdateNwtSparse; ]
I0116 12:42:52.344383  4756 processor.cc:760] Processor: start processing batch 50f8a9b1-935a-4d73-8a70-61d350d39af7 into model nwt
I0116 12:42:52.350399  3908 processor.cc:760] Processor: start processing batch 2313b410-b327-4c8b-9369-5979878c03e6 into model nwt
I0116 12:42:52.352403 10244 processor.cc:856] Processor: complete processing batch e3c01b53-80ad-4562-aaec-242c4035ac30 into model nwt
I0116 12:42:52.353405 10244 cuckoo_watch.h:44] 62ms in ProcessBatch(D:\artmonline\data\datasets\lenta\batches\aaaabl.batch) [including 2ms in LoadMessage; 0ms in InitializeSparseNdw; 50ms in InferThetaAndUpdateNwtSparse; ]
I0116 12:42:52.357417  5896 processor.cc:760] Processor: start processing batch 947c5335-0ec1-411e-944e-573fcdd0eb61 into model nwt
I0116 12:42:52.359436 11588 processor.cc:760] Processor: start processing batch 7fc34afd-b2f0-448c-9c89-b192a200720c into model nwt
I0116 12:42:52.361428  7048 processor.cc:856] Processor: complete processing batch 99ef58d2-9990-4f21-b6d0-fcab7502a16d into model nwt
I0116 12:42:52.362431 10540 processor.cc:856] Processor: complete processing batch 43feeb32-c53b-4775-b855-866acb1a5133 into model nwt
I0116 12:42:52.363432  7048 cuckoo_watch.h:44] 80ms in ProcessBatch(D:\artmonline\data\datasets\lenta\batches\aaaabh.batch) [including 3ms in LoadMessage; 0ms in InitializeSparseNdw; 60ms in InferThetaAndUpdateNwtSparse; ]
I0116 12:42:52.364434 10540 cuckoo_watch.h:44] 46ms in ProcessBatch(D:\artmonline\data\datasets\lenta\batches\aaaabn.batch) [including 2ms in LoadMessage; 0ms in InitializeSparseNdw; 32ms in InferThetaAndUpdateNwtSparse; ]
I0116 12:42:52.366441 12796 processor.cc:856] Processor: complete processing batch 40245e79-4989-4f54-85b1-c19879c6380f into model nwt
I0116 12:42:52.368454 12796 cuckoo_watch.h:44] 47ms in ProcessBatch(D:\artmonline\data\datasets\lenta\batches\aaaabo.batch) [including 2ms in LoadMessage; 0ms in InitializeSparseNdw; 31ms in InferThetaAndUpdateNwtSparse; ]
I0116 12:42:52.368454 10244 processor.cc:760] Processor: start processing batch 7a542f56-00b8-4de8-8235-03d57b63ce88 into model nwt
I0116 12:42:52.377471  7048 processor.cc:760] Processor: start processing batch 768a8c85-f506-4e26-b568-845ece070f26 into model nwt
I0116 12:42:52.377471 10540 processor.cc:760] Processor: start processing batch 5865e0df-1527-40af-94e5-cf5ac732d076 into model nwt
I0116 12:42:52.377471  4756 processor.cc:856] Processor: complete processing batch 50f8a9b1-935a-4d73-8a70-61d350d39af7 into model nwt
I0116 12:42:52.379477  4756 cuckoo_watch.h:44] 47ms in ProcessBatch(D:\artmonline\data\datasets\lenta\batches\aaaabp.batch) [including 2ms in LoadMessage; 0ms in InitializeSparseNdw; 32ms in InferThetaAndUpdateNwtSparse; ]
I0116 12:42:52.383486 12796 processor.cc:760] Processor: start processing batch 6a33faf4-1a39-4b72-90db-22ac533ccb00 into model nwt
I0116 12:42:52.389503  5896 processor.cc:856] Processor: complete processing batch 947c5335-0ec1-411e-944e-573fcdd0eb61 into model nwt
I0116 12:42:52.390506  4756 processor.cc:760] Processor: start processing batch 9980c678-5608-49dd-b5ef-e3f8a600bd61 into model nwt
I0116 12:42:52.391507  5896 cuckoo_watch.h:44] 49ms in ProcessBatch(D:\artmonline\data\datasets\lenta\batches\aaaabr.batch) [including 5ms in LoadMessage; 0ms in InitializeSparseNdw; 31ms in InferThetaAndUpdateNwtSparse; ]
I0116 12:42:52.393513 11588 processor.cc:856] Processor: complete processing batch 7fc34afd-b2f0-448c-9c89-b192a200720c into model nwt
I0116 12:42:52.394515  3908 processor.cc:856] Processor: complete processing batch 2313b410-b327-4c8b-9369-5979878c03e6 into model nwt
I0116 12:42:52.394515 11588 cuckoo_watch.h:44] 50ms in ProcessBatch(D:\artmonline\data\datasets\lenta\batches\aaaabs.batch) [including 4ms in LoadMessage; 0ms in InitializeSparseNdw; 32ms in InferThetaAndUpdateNwtSparse; ]
I0116 12:42:52.395519  3908 cuckoo_watch.h:44] 60ms in ProcessBatch(D:\artmonline\data\datasets\lenta\batches\aaaabq.batch) [including 3ms in LoadMessage; 0ms in InitializeSparseNdw; 43ms in InferThetaAndUpdateNwtSparse; ]
I0116 12:42:52.404542 10244 processor.cc:856] Processor: complete processing batch 7a542f56-00b8-4de8-8235-03d57b63ce88 into model nwt
I0116 12:42:52.406548 10244 cuckoo_watch.h:44] 53ms in ProcessBatch(D:\artmonline\data\datasets\lenta\batches\aaaabt.batch) [including 2ms in LoadMessage; 0ms in InitializeSparseNdw; 35ms in InferThetaAndUpdateNwtSparse; ]
I0116 12:42:52.406548  5896 processor.cc:760] Processor: start processing batch 993722d1-9f08-49fc-ac8b-668831df8392 into model nwt
I0116 12:42:52.408568 10540 processor.cc:856] Processor: complete processing batch 5865e0df-1527-40af-94e5-cf5ac732d076 into model nwt
I0116 12:42:52.409555 10540 cuckoo_watch.h:44] 45ms in ProcessBatch(D:\artmonline\data\datasets\lenta\batches\aaaabv.batch) [including 2ms in LoadMessage; 0ms in InitializeSparseNdw; 30ms in InferThetaAndUpdateNwtSparse; ]
I0116 12:42:52.410559  3908 processor.cc:760] Processor: start processing batch 7ba62403-08fe-4c9a-9a15-459d5dafb9e7 into model nwt
I0116 12:42:52.411561 12796 processor.cc:856] Processor: complete processing batch 6a33faf4-1a39-4b72-90db-22ac533ccb00 into model nwt
I0116 12:42:52.411561  7048 processor.cc:856] Processor: complete processing batch 768a8c85-f506-4e26-b568-845ece070f26 into model nwt
I0116 12:42:52.412564 11588 processor.cc:760] Processor: start processing batch 514e5f03-a8c6-4110-98e6-f3079af6e3b5 into model nwt
I0116 12:42:52.412564 12796 cuckoo_watch.h:44] 44ms in ProcessBatch(D:\artmonline\data\datasets\lenta\batches\aaaabw.batch) [including 5ms in LoadMessage; 0ms in InitializeSparseNdw; 27ms in InferThetaAndUpdateNwtSparse; ]
I0116 12:42:52.412564  7048 cuckoo_watch.h:44] 49ms in ProcessBatch(D:\artmonline\data\datasets\lenta\batches\aaaabu.batch) [including 3ms in LoadMessage; 0ms in InitializeSparseNdw; 33ms in InferThetaAndUpdateNwtSparse; ]
I0116 12:42:52.417577  4756 processor.cc:856] Processor: complete processing batch 9980c678-5608-49dd-b5ef-e3f8a600bd61 into model nwt
I0116 12:42:52.419582  4756 cuckoo_watch.h:44] 40ms in ProcessBatch(D:\artmonline\data\datasets\lenta\batches\aaaabx.batch) [including 3ms in LoadMessage; 0ms in InitializeSparseNdw; 26ms in InferThetaAndUpdateNwtSparse; ]
I0116 12:42:52.422591 10540 processor.cc:760] Processor: start processing batch 05b6a1c4-5b43-4a9e-8361-7e993bd7eab0 into model nwt
I0116 12:42:52.424597  7048 processor.cc:760] Processor: start processing batch 663dc201-fafb-4d73-af42-dbe689ba125d into model nwt
I0116 12:42:52.424597 12796 processor.cc:760] Processor: start processing batch 994ded7a-a31e-4a53-af60-2658eb163d30 into model nwt
I0116 12:42:52.424597 10244 processor.cc:760] Processor: start processing batch 63d2420f-b6f9-4f31-94fd-7cd7c80d52cc into model nwt
I0116 12:42:52.433620  4756 processor.cc:760] Processor: start processing batch fa642f17-67b4-4923-860c-81589929b558 into model nwt
I0116 12:42:52.438633  5896 processor.cc:856] Processor: complete processing batch 993722d1-9f08-49fc-ac8b-668831df8392 into model nwt
I0116 12:42:52.439635  5896 cuckoo_watch.h:44] 48ms in ProcessBatch(D:\artmonline\data\datasets\lenta\batches\aaaaby.batch) [including 3ms in LoadMessage; 0ms in InitializeSparseNdw; 32ms in InferThetaAndUpdateNwtSparse; ]
I0116 12:42:52.441640 11588 processor.cc:856] Processor: complete processing batch 514e5f03-a8c6-4110-98e6-f3079af6e3b5 into model nwt
I0116 12:42:52.441640 11588 cuckoo_watch.h:44] 47ms in ProcessBatch(D:\artmonline\data\datasets\lenta\batches\aaaabz.batch) [including 2ms in LoadMessage; 0ms in InitializeSparseNdw; 28ms in InferThetaAndUpdateNwtSparse; ]
I0116 12:42:52.449661  5896 processor.cc:760] Processor: start processing batch d9bdcac7-5ec6-41c0-83be-ce96d73e09be into model nwt
I0116 12:42:52.450664 10540 processor.cc:856] Processor: complete processing batch 05b6a1c4-5b43-4a9e-8361-7e993bd7eab0 into model nwt
I0116 12:42:52.451668  7048 processor.cc:856] Processor: complete processing batch 663dc201-fafb-4d73-af42-dbe689ba125d into model nwt
I0116 12:42:52.451668 10540 cuckoo_watch.h:44] 42ms in ProcessBatch(D:\artmonline\data\datasets\lenta\batches\aaaacc.batch) [including 3ms in LoadMessage; 0ms in InitializeSparseNdw; 27ms in InferThetaAndUpdateNwtSparse; ]
I0116 12:42:52.453672  7048 cuckoo_watch.h:44] 40ms in ProcessBatch(D:\artmonline\data\datasets\lenta\batches\aaaace.batch) [including 3ms in LoadMessage; 0ms in InitializeSparseNdw; 26ms in InferThetaAndUpdateNwtSparse; ]
I0116 12:42:52.454676 10244 processor.cc:856] Processor: complete processing batch 63d2420f-b6f9-4f31-94fd-7cd7c80d52cc into model nwt
I0116 12:42:52.455678 10244 cuckoo_watch.h:44] 49ms in ProcessBatch(D:\artmonline\data\datasets\lenta\batches\aaaacb.batch) [including 3ms in LoadMessage; 0ms in InitializeSparseNdw; 29ms in InferThetaAndUpdateNwtSparse; ]
I0116 12:42:52.458685  4756 processor.cc:856] Processor: complete processing batch fa642f17-67b4-4923-860c-81589929b558 into model nwt
I0116 12:42:52.458685 12796 processor.cc:856] Processor: complete processing batch 994ded7a-a31e-4a53-af60-2658eb163d30 into model nwt
I0116 12:42:52.460691  4756 cuckoo_watch.h:44] 40ms in ProcessBatch(D:\artmonline\data\datasets\lenta\batches\aaaacf.batch) [including 4ms in LoadMessage; 0ms in InitializeSparseNdw; 25ms in InferThetaAndUpdateNwtSparse; ]
I0116 12:42:52.460691 12796 cuckoo_watch.h:44] 48ms in ProcessBatch(D:\artmonline\data\datasets\lenta\batches\aaaacd.batch) [including 3ms in LoadMessage; 0ms in InitializeSparseNdw; 33ms in InferThetaAndUpdateNwtSparse; ]
I0116 12:42:52.460691  3908 processor.cc:856] Processor: complete processing batch 7ba62403-08fe-4c9a-9a15-459d5dafb9e7 into model nwt
I0116 12:42:52.462697  3908 cuckoo_watch.h:44] 67ms in ProcessBatch(D:\artmonline\data\datasets\lenta\batches\aaaaca.batch) [including 3ms in LoadMessage; 0ms in InitializeSparseNdw; 50ms in InferThetaAndUpdateNwtSparse; ]
I0116 12:42:52.466707 10540 processor.cc:760] Processor: start processing batch 2cefb7e9-4a69-4049-91bd-1739d1eb6c53 into model nwt
I0116 12:42:52.472723 10244 processor.cc:760] Processor: start processing batch 2d8308c6-189d-4a08-a2c2-0cd1242ce391 into model nwt
I0116 12:42:52.476735 11588 processor.cc:760] Processor: start processing batch 9cd58bc9-52d0-420a-9bf6-61b18ef5d205 into model nwt
I0116 12:42:52.476735  4756 processor.cc:760] Processor: start processing batch dde254f9-e40c-4279-9668-9ec4d9d981bc into model nwt
I0116 12:42:52.479754 12796 processor.cc:760] Processor: start processing batch 131369dd-51ea-4fe1-ad2d-f6d7b1c96375 into model nwt
I0116 12:42:52.479754  3908 processor.cc:760] Processor: start processing batch a1fafc2b-abe8-47ca-a57d-d7476a7528db into model nwt
I0116 12:42:52.479754  7048 processor.cc:760] Processor: start processing batch 5ca20988-44a0-4115-b1f3-44ff8e2738cc into model nwt
I0116 12:42:52.485757  5896 processor.cc:856] Processor: complete processing batch d9bdcac7-5ec6-41c0-83be-ce96d73e09be into model nwt
I0116 12:42:52.486762  5896 cuckoo_watch.h:44] 47ms in ProcessBatch(D:\artmonline\data\datasets\lenta\batches\aaaacg.batch) [including 2ms in LoadMessage; 0ms in InitializeSparseNdw; 35ms in InferThetaAndUpdateNwtSparse; ]
I0116 12:42:52.492776 10540 processor.cc:856] Processor: complete processing batch 2cefb7e9-4a69-4049-91bd-1739d1eb6c53 into model nwt
I0116 12:42:52.493778 10540 cuckoo_watch.h:44] 42ms in ProcessBatch(D:\artmonline\data\datasets\lenta\batches\aaaaci.batch) [including 2ms in LoadMessage; 0ms in InitializeSparseNdw; 25ms in InferThetaAndUpdateNwtSparse; ]
I0116 12:42:52.497792  5896 processor.cc:760] Processor: start processing batch 7fb892cb-b83b-4e25-96e8-40793e929295 into model nwt
I0116 12:42:52.501801 10244 processor.cc:856] Processor: complete processing batch 2d8308c6-189d-4a08-a2c2-0cd1242ce391 into model nwt
I0116 12:42:52.502804  4756 processor.cc:856] Processor: complete processing batch dde254f9-e40c-4279-9668-9ec4d9d981bc into model nwt
I0116 12:42:52.503806 10244 cuckoo_watch.h:44] 47ms in ProcessBatch(D:\artmonline\data\datasets\lenta\batches\aaaack.batch) [including 3ms in LoadMessage; 0ms in InitializeSparseNdw; 28ms in InferThetaAndUpdateNwtSparse; ]
I0116 12:42:52.504809  4756 cuckoo_watch.h:44] 44ms in ProcessBatch(D:\artmonline\data\datasets\lenta\batches\aaaacl.batch) [including 3ms in LoadMessage; 0ms in InitializeSparseNdw; 25ms in InferThetaAndUpdateNwtSparse; ]
I0116 12:42:52.505811 10540 processor.cc:760] Processor: start processing batch 7df72a03-679f-412c-96dc-48be132cecf5 into model nwt
I0116 12:42:52.506815  3908 processor.cc:856] Processor: complete processing batch a1fafc2b-abe8-47ca-a57d-d7476a7528db into model nwt
I0116 12:42:52.507817 11588 processor.cc:856] Processor: complete processing batch 9cd58bc9-52d0-420a-9bf6-61b18ef5d205 into model nwt
I0116 12:42:52.507817  3908 cuckoo_watch.h:44] 45ms in ProcessBatch(D:\artmonline\data\datasets\lenta\batches\aaaacn.batch) [including 4ms in LoadMessage; 0ms in InitializeSparseNdw; 26ms in InferThetaAndUpdateNwtSparse; ]
I0116 12:42:52.508819  7048 processor.cc:856] Processor: complete processing batch 5ca20988-44a0-4115-b1f3-44ff8e2738cc into model nwt
I0116 12:42:52.509824 12796 processor.cc:856] Processor: complete processing batch 131369dd-51ea-4fe1-ad2d-f6d7b1c96375 into model nwt
I0116 12:42:52.509824 11588 cuckoo_watch.h:44] 67ms in ProcessBatch(D:\artmonline\data\datasets\lenta\batches\aaaach.batch) [including 18ms in LoadMessage; 0ms in InitializeSparseNdw; 31ms in InferThetaAndUpdateNwtSparse; ]
I0116 12:42:52.510824  7048 cuckoo_watch.h:44] 56ms in ProcessBatch(D:\artmonline\data\datasets\lenta\batches\aaaacj.batch) [including 3ms in LoadMessage; 0ms in InitializeSparseNdw; 28ms in InferThetaAndUpdateNwtSparse; ]
I0116 12:42:52.510824 12796 cuckoo_watch.h:44] 50ms in ProcessBatch(D:\artmonline\data\datasets\lenta\batches\aaaacm.batch) [including 7ms in LoadMessage; 0ms in InitializeSparseNdw; 29ms in InferThetaAndUpdateNwtSparse; ]
I0116 12:42:52.520853 10244 processor.cc:760] Processor: start processing batch cf4b6527-be57-4762-8824-31fc263043c2 into model nwt
I0116 12:42:52.520853  4756 processor.cc:760] Processor: start processing batch 28e330d7-f89e-4b57-b579-104494f23b78 into model nwt
I0116 12:42:52.525866  3908 processor.cc:760] Processor: start processing batch dc3872dd-e777-4e58-9fa3-bff7e29a06ab into model nwt
I0116 12:42:52.525866  7048 processor.cc:760] Processor: start processing batch ffc673df-f8e7-4036-8919-2a8e4da573d3 into model nwt
I0116 12:42:52.525866 11588 processor.cc:760] Processor: start processing batch 411abd2d-2266-4179-b84a-8e679c0da5ca into model nwt
I0116 12:42:52.525866 12796 processor.cc:760] Processor: start processing batch 4882b7d3-e8a1-48e0-b53e-e6f0fb4bdd30 into model nwt
I0116 12:42:52.528872  5896 processor.cc:856] Processor: complete processing batch 7fb892cb-b83b-4e25-96e8-40793e929295 into model nwt
I0116 12:42:52.530879  5896 cuckoo_watch.h:44] 43ms in ProcessBatch(D:\artmonline\data\datasets\lenta\batches\aaaaco.batch) [including 2ms in LoadMessage; 0ms in InitializeSparseNdw; 30ms in InferThetaAndUpdateNwtSparse; ]
I0116 12:42:52.539902 10540 processor.cc:856] Processor: complete processing batch 7df72a03-679f-412c-96dc-48be132cecf5 into model nwt
I0116 12:42:52.541906 10540 cuckoo_watch.h:44] 47ms in ProcessBatch(D:\artmonline\data\datasets\lenta\batches\aaaacp.batch) [including 3ms in LoadMessage; 0ms in InitializeSparseNdw; 34ms in InferThetaAndUpdateNwtSparse; ]
I0116 12:42:52.541906  5896 processor.cc:760] Processor: start processing batch 44ef2a03-1dc7-4b3f-810a-610e896e8df5 into model nwt
I0116 12:42:52.547924 10244 processor.cc:856] Processor: complete processing batch cf4b6527-be57-4762-8824-31fc263043c2 into model nwt
I0116 12:42:52.548926  4756 processor.cc:856] Processor: complete processing batch 28e330d7-f89e-4b57-b579-104494f23b78 into model nwt
I0116 12:42:52.548926 10244 cuckoo_watch.h:44] 45ms in ProcessBatch(D:\artmonline\data\datasets\lenta\batches\aaaacq.batch) [including 3ms in LoadMessage; 0ms in InitializeSparseNdw; 26ms in InferThetaAndUpdateNwtSparse; ]
I0116 12:42:52.549929  4756 cuckoo_watch.h:44] 45ms in ProcessBatch(D:\artmonline\data\datasets\lenta\batches\aaaacr.batch) [including 3ms in LoadMessage; 0ms in InitializeSparseNdw; 27ms in InferThetaAndUpdateNwtSparse; ]
I0116 12:42:52.552937 10540 processor.cc:760] Processor: start processing batch c29e98af-f66a-42d8-8dd4-ed3c168a1e0a into model nwt
I0116 12:42:52.552937  3908 processor.cc:856] Processor: complete processing batch dc3872dd-e777-4e58-9fa3-bff7e29a06ab into model nwt
I0116 12:42:52.553939 11588 processor.cc:856] Processor: complete processing batch 411abd2d-2266-4179-b84a-8e679c0da5ca into model nwt
I0116 12:42:52.554944  7048 processor.cc:856] Processor: complete processing batch ffc673df-f8e7-4036-8919-2a8e4da573d3 into model nwt
I0116 12:42:52.554944  3908 cuckoo_watch.h:44] 46ms in ProcessBatch(D:\artmonline\data\datasets\lenta\batches\aaaacs.batch) [including 3ms in LoadMessage; 0ms in InitializeSparseNdw; 27ms in InferThetaAndUpdateNwtSparse; ]
I0116 12:42:52.555944 11588 cuckoo_watch.h:44] 46ms in ProcessBatch(D:\artmonline\data\datasets\lenta\batches\aaaact.batch) [including 3ms in LoadMessage; 0ms in InitializeSparseNdw; 27ms in InferThetaAndUpdateNwtSparse; ]
I0116 12:42:52.556947  7048 cuckoo_watch.h:44] 46ms in ProcessBatch(D:\artmonline\data\datasets\lenta\batches\aaaacu.batch) [including 5ms in LoadMessage; 0ms in InitializeSparseNdw; 28ms in InferThetaAndUpdateNwtSparse; ]
I0116 12:42:52.557950 12796 processor.cc:856] Processor: complete processing batch 4882b7d3-e8a1-48e0-b53e-e6f0fb4bdd30 into model nwt
I0116 12:42:52.559955 12796 cuckoo_watch.h:44] 48ms in ProcessBatch(D:\artmonline\data\datasets\lenta\batches\aaaacv.batch) [including 3ms in LoadMessage; 0ms in InitializeSparseNdw; 31ms in InferThetaAndUpdateNwtSparse; ]
I0116 12:42:52.564971  4756 processor.cc:760] Processor: start processing batch ff167e56-cd90-4778-af46-dc5be46b997b into model nwt
I0116 12:42:52.564971 10244 processor.cc:760] Processor: start processing batch 5968c015-8c0d-41a1-9d21-8dc04fa885a2 into model nwt
I0116 12:42:52.569984  7048 processor.cc:760] Processor: start processing batch 08a15689-de7b-4ab4-940a-f9942f300261 into model nwt
I0116 12:42:52.569984 11588 processor.cc:760] Processor: start processing batch 005d8463-8ea4-4a02-976a-85fc627aee8f into model nwt
I0116 12:42:52.569984  3908 processor.cc:760] Processor: start processing batch 6ad53381-d206-42f9-9149-9103d39a0838 into model nwt
I0116 12:42:52.570986  5896 processor.cc:856] Processor: complete processing batch 44ef2a03-1dc7-4b3f-810a-610e896e8df5 into model nwt
I0116 12:42:52.572990  5896 cuckoo_watch.h:44] 42ms in ProcessBatch(D:\artmonline\data\datasets\lenta\batches\aaaacw.batch) [including 3ms in LoadMessage; 0ms in InitializeSparseNdw; 29ms in InferThetaAndUpdateNwtSparse; ]
I0116 12:42:52.573992 12796 processor.cc:760] Processor: start processing batch 04522e2e-b3d1-4ebd-a4e3-0bc610584767 into model nwt
I0116 12:42:52.584019  5896 processor.cc:760] Processor: start processing batch 18e734b5-f0ae-470d-9046-ff602b67eb7c into model nwt
I0116 12:42:52.586024 10540 processor.cc:856] Processor: complete processing batch c29e98af-f66a-42d8-8dd4-ed3c168a1e0a into model nwt
I0116 12:42:52.587026 10540 cuckoo_watch.h:44] 45ms in ProcessBatch(D:\artmonline\data\datasets\lenta\batches\aaaacx.batch) [including 2ms in LoadMessage; 0ms in InitializeSparseNdw; 32ms in InferThetaAndUpdateNwtSparse; ]
I0116 12:42:52.593044 10244 processor.cc:856] Processor: complete processing batch 5968c015-8c0d-41a1-9d21-8dc04fa885a2 into model nwt
I0116 12:42:52.593044  4756 processor.cc:856] Processor: complete processing batch ff167e56-cd90-4778-af46-dc5be46b997b into model nwt
I0116 12:42:52.594048 10244 cuckoo_watch.h:44] 45ms in ProcessBatch(D:\artmonline\data\datasets\lenta\batches\aaaacy.batch) [including 3ms in LoadMessage; 0ms in InitializeSparseNdw; 27ms in InferThetaAndUpdateNwtSparse; ]
I0116 12:42:52.594048  4756 cuckoo_watch.h:44] 44ms in ProcessBatch(D:\artmonline\data\datasets\lenta\batches\aaaacz.batch) [including 3ms in LoadMessage; 0ms in InitializeSparseNdw; 27ms in InferThetaAndUpdateNwtSparse; ]
I0116 12:42:52.596051  7048 processor.cc:856] Processor: complete processing batch 08a15689-de7b-4ab4-940a-f9942f300261 into model nwt
I0116 12:42:52.598057 12796 processor.cc:856] Processor: complete processing batch 04522e2e-b3d1-4ebd-a4e3-0bc610584767 into model nwt
I0116 12:42:52.598057  7048 cuckoo_watch.h:44] 41ms in ProcessBatch(D:\artmonline\data\datasets\lenta\batches\aaaadc.batch) [including 3ms in LoadMessage; 0ms in InitializeSparseNdw; 26ms in InferThetaAndUpdateNwtSparse; ]
I0116 12:42:52.599061 12796 cuckoo_watch.h:44] 39ms in ProcessBatch(D:\artmonline\data\datasets\lenta\batches\aaaadd.batch) [including 3ms in LoadMessage; 0ms in InitializeSparseNdw; 23ms in InferThetaAndUpdateNwtSparse; ]
I0116 12:42:52.599061 11588 processor.cc:856] Processor: complete processing batch 005d8463-8ea4-4a02-976a-85fc627aee8f into model nwt
I0116 12:42:52.599061 10540 processor.cc:760] Processor: start processing batch 3ddc9ad0-33fe-4951-a9ed-293f3bcd28e0 into model nwt
I0116 12:42:52.600064  3908 processor.cc:856] Processor: complete processing batch 6ad53381-d206-42f9-9149-9103d39a0838 into model nwt
I0116 12:42:52.601065 11588 cuckoo_watch.h:44] 45ms in ProcessBatch(D:\artmonline\data\datasets\lenta\batches\aaaadb.batch) [including 3ms in LoadMessage; 0ms in InitializeSparseNdw; 29ms in InferThetaAndUpdateNwtSparse; ]
I0116 12:42:52.602068  3908 cuckoo_watch.h:44] 46ms in ProcessBatch(D:\artmonline\data\datasets\lenta\batches\aaaada.batch) [including 3ms in LoadMessage; 0ms in InitializeSparseNdw; 30ms in InferThetaAndUpdateNwtSparse; ]
I0116 12:42:52.607080  5896 processor.cc:856] Processor: complete processing batch 18e734b5-f0ae-470d-9046-ff602b67eb7c into model nwt
I0116 12:42:52.608084  5896 cuckoo_watch.h:44] 35ms in ProcessBatch(D:\artmonline\data\datasets\lenta\batches\aaaade.batch) [including 2ms in LoadMessage; 0ms in InitializeSparseNdw; 22ms in InferThetaAndUpdateNwtSparse; ]
I0116 12:42:52.608084  4756 processor.cc:760] Processor: start processing batch abbf8605-ab9d-4c58-b1d9-a370acea1745 into model nwt
I0116 12:42:52.609087  7048 processor.cc:760] Processor: start processing batch 6c3f53b3-2fc4-4049-a8e0-bbac5eee6e26 into model nwt
I0116 12:42:52.609087 10244 processor.cc:760] Processor: start processing batch 1f05383c-8dcc-40fc-8167-776ec61cbcdc into model nwt
I0116 12:42:52.617141  7048 processor.cc:856] Processor: complete processing batch 6c3f53b3-2fc4-4049-a8e0-bbac5eee6e26 into model nwt
I0116 12:42:52.617141  7048 cuckoo_watch.h:44] 19ms in ProcessBatch(D:\artmonline\data\datasets\lenta\batches\aaaadi.batch) [including 1ms in LoadMessage; 0ms in InitializeSparseNdw; 7ms in InferThetaAndUpdateNwtSparse; ]
I0116 12:42:52.621117 10540 processor.cc:856] Processor: complete processing batch 3ddc9ad0-33fe-4951-a9ed-293f3bcd28e0 into model nwt
I0116 12:42:52.621117 10540 cuckoo_watch.h:44] 34ms in ProcessBatch(D:\artmonline\data\datasets\lenta\batches\aaaadf.batch) [including 2ms in LoadMessage; 0ms in InitializeSparseNdw; 21ms in InferThetaAndUpdateNwtSparse; ]
I0116 12:42:52.627133 10244 processor.cc:856] Processor: complete processing batch 1f05383c-8dcc-40fc-8167-776ec61cbcdc into model nwt
I0116 12:42:52.627133  4756 processor.cc:856] Processor: complete processing batch abbf8605-ab9d-4c58-b1d9-a370acea1745 into model nwt
I0116 12:42:52.627133 10244 cuckoo_watch.h:44] 33ms in ProcessBatch(D:\artmonline\data\datasets\lenta\batches\aaaadg.batch) [including 4ms in LoadMessage; 0ms in InitializeSparseNdw; 17ms in InferThetaAndUpdateNwtSparse; ]
I0116 12:42:52.628136  4756 cuckoo_watch.h:44] 33ms in ProcessBatch(D:\artmonline\data\datasets\lenta\batches\aaaadh.batch) [including 3ms in LoadMessage; 0ms in InitializeSparseNdw; 18ms in InferThetaAndUpdateNwtSparse; ]
I0116 12:42:52.630133 12964 master_component.cc:991] NormalizeModelArgs: pwt_target_name=pwt, nwt_source_name=nwt, rwt_source_name=
I0116 12:42:52.630133 12964 master_component.cc:617] MasterComponent: start normalizing model nwt
I0116 12:42:52.632141 12796 processor.cc:676] No data in processing queue, waiting...
I0116 12:42:52.632141 11588 processor.cc:676] No data in processing queue, waiting...
I0116 12:42:52.637154  3908 processor.cc:676] No data in processing queue, waiting...
I0116 12:42:52.646190  5896 processor.cc:676] No data in processing queue, waiting...
I0116 12:42:52.654201  7048 processor.cc:676] No data in processing queue, waiting...
I0116 12:42:52.658211 10540 processor.cc:676] No data in processing queue, waiting...
I0116 12:42:52.662221 10244 processor.cc:676] No data in processing queue, waiting...
I0116 12:42:52.662221  4756 processor.cc:676] No data in processing queue, waiting...
I0116 12:42:52.793570 12964 master_component.cc:639] MasterComponent: complete normalizing model nwt
I0116 12:42:52.793570 12964 master_component.cc:1015] DisposeModel rwt
I0116 12:42:52.794574 12964 c_interface.cc:332] Pass FitOfflineMasterModelArgs, batch_filename_size=87, batch_weight_size=87, num_collection_passes=1 to void (__cdecl artm::core::MasterComponent::*)(class artm::FitOfflineMasterModelArgs const & __ptr64) __ptr64
I0116 12:42:52.794574 12964 master_component.cc:942] ProcessBatchesArgs: nwt_target_name=nwt, batch_filename_size=87, batch_size=0, batch_weight_size=87, pwt_source_name=pwt, num_document_passes=20, reuse_theta=no, opt_for_avx=no, predict_class_id=
I0116 12:42:52.937953 10244 processor.cc:683] Processing queue has data, processing started
I0116 12:42:52.937953 11588 processor.cc:683] Processing queue has data, processing started
I0116 12:42:52.937953 12796 processor.cc:683] Processing queue has data, processing started
I0116 12:42:52.938956 10540 processor.cc:683] Processing queue has data, processing started
I0116 12:42:52.938956  3908 processor.cc:683] Processing queue has data, processing started
I0116 12:42:52.938956  7048 processor.cc:683] Processing queue has data, processing started
I0116 12:42:52.939959  4756 processor.cc:683] Processing queue has data, processing started
I0116 12:42:52.939959  5896 processor.cc:683] Processing queue has data, processing started
I0116 12:42:52.966030  7048 processor.cc:760] Processor: start processing batch 525b108c-48e7-42f3-a4d3-b89f410bfa54 into model nwt
I0116 12:42:52.966030 12796 processor.cc:760] Processor: start processing batch e16f3b1c-b10b-4ffe-9a61-3d53391a4df9 into model nwt
I0116 12:42:52.966030  3908 processor.cc:760] Processor: start processing batch c1adb2ae-3d35-484b-a31a-79869caf1452 into model nwt
I0116 12:42:52.966030 11588 processor.cc:760] Processor: start processing batch 53b585c4-4244-49c2-8454-1fb1db7f7e84 into model nwt
I0116 12:42:52.971043  5896 processor.cc:760] Processor: start processing batch b6a181f4-65d4-4478-a33f-56e3df1d3d5b into model nwt
I0116 12:42:52.974057  4756 processor.cc:760] Processor: start processing batch 6a4af1d3-9a98-40b7-a817-21047d2c0370 into model nwt
I0116 12:42:52.977059 10540 processor.cc:760] Processor: start processing batch 961bb6ad-a4bd-4b85-ae3d-da069df1cd4e into model nwt
I0116 12:42:52.978061 10244 processor.cc:760] Processor: start processing batch f07bd643-092b-4b33-851d-1fa6bd2596a5 into model nwt
I0116 12:42:53.185613 11588 processor.cc:856] Processor: complete processing batch 53b585c4-4244-49c2-8454-1fb1db7f7e84 into model nwt
I0116 12:42:53.186615 12796 processor.cc:856] Processor: complete processing batch e16f3b1c-b10b-4ffe-9a61-3d53391a4df9 into model nwt
I0116 12:42:53.191629  5896 processor.cc:856] Processor: complete processing batch b6a181f4-65d4-4478-a33f-56e3df1d3d5b into model nwt
I0116 12:42:53.191629 11588 cuckoo_watch.h:44] 254ms in ProcessBatch(D:\artmonline\data\datasets\lenta\batches\aaaaac.batch) [including 18ms in LoadMessage; 3ms in InitializeSparseNdw; 215ms in InferThetaAndUpdateNwtSparse; ]
I0116 12:42:53.192632  7048 processor.cc:856] Processor: complete processing batch 525b108c-48e7-42f3-a4d3-b89f410bfa54 into model nwt
I0116 12:42:53.194636 12796 cuckoo_watch.h:44] 256ms in ProcessBatch(D:\artmonline\data\datasets\lenta\batches\aaaaaa.batch) [including 18ms in LoadMessage; 3ms in InitializeSparseNdw; 216ms in InferThetaAndUpdateNwtSparse; ]
I0116 12:42:53.200652  5896 cuckoo_watch.h:44] 261ms in ProcessBatch(D:\artmonline\data\datasets\lenta\batches\aaaaah.batch) [including 18ms in LoadMessage; 2ms in InitializeSparseNdw; 217ms in InferThetaAndUpdateNwtSparse; ]
I0116 12:42:53.200652  3908 processor.cc:856] Processor: complete processing batch c1adb2ae-3d35-484b-a31a-79869caf1452 into model nwt
I0116 12:42:53.200652  4756 processor.cc:856] Processor: complete processing batch 6a4af1d3-9a98-40b7-a817-21047d2c0370 into model nwt
I0116 12:42:53.201655  7048 cuckoo_watch.h:44] 263ms in ProcessBatch(D:\artmonline\data\datasets\lenta\batches\aaaaaf.batch) [including 18ms in LoadMessage; 3ms in InitializeSparseNdw; 223ms in InferThetaAndUpdateNwtSparse; ]
I0116 12:42:53.209676  4756 cuckoo_watch.h:44] 270ms in ProcessBatch(D:\artmonline\data\datasets\lenta\batches\aaaaag.batch) [including 20ms in LoadMessage; 1ms in InitializeSparseNdw; 224ms in InferThetaAndUpdateNwtSparse; ]
I0116 12:42:53.210680 10244 processor.cc:856] Processor: complete processing batch f07bd643-092b-4b33-851d-1fa6bd2596a5 into model nwt
I0116 12:42:53.210680 12796 processor.cc:760] Processor: start processing batch 4f78d3f8-7022-463c-9770-a66d84013b84 into model nwt
I0116 12:42:53.210680  3908 cuckoo_watch.h:44] 272ms in ProcessBatch(D:\artmonline\data\datasets\lenta\batches\aaaaae.batch) [including 18ms in LoadMessage; 3ms in InitializeSparseNdw; 231ms in InferThetaAndUpdateNwtSparse; ]
I0116 12:42:53.219703  5896 processor.cc:760] Processor: start processing batch e4a1b9e5-f4bf-465b-8dbe-b36aa5fd54ce into model nwt
I0116 12:42:53.219703  7048 processor.cc:760] Processor: start processing batch f356a4bb-a9b9-405e-a407-3123ac10abf7 into model nwt
I0116 12:42:53.222712 11588 processor.cc:760] Processor: start processing batch 2b88d973-a090-4e65-9898-4fe7cc01703c into model nwt
I0116 12:42:53.226723 10244 cuckoo_watch.h:44] 289ms in ProcessBatch(D:\artmonline\data\datasets\lenta\batches\aaaaab.batch) [including 25ms in LoadMessage; 2ms in InitializeSparseNdw; 229ms in InferThetaAndUpdateNwtSparse; ]
I0116 12:42:53.227725 10540 processor.cc:856] Processor: complete processing batch 961bb6ad-a4bd-4b85-ae3d-da069df1cd4e into model nwt
I0116 12:42:53.228729  4756 processor.cc:760] Processor: start processing batch 5198d9b7-d04c-4afc-af5e-a01d9eedf94a into model nwt
I0116 12:42:53.234743  3908 processor.cc:760] Processor: start processing batch 72c7c503-2c13-4284-864f-2b3562833a41 into model nwt
I0116 12:42:53.234743 10540 cuckoo_watch.h:44] 296ms in ProcessBatch(D:\artmonline\data\datasets\lenta\batches\aaaaad.batch) [including 23ms in LoadMessage; 1ms in InitializeSparseNdw; 248ms in InferThetaAndUpdateNwtSparse; ]
I0116 12:42:53.240761 10244 processor.cc:760] Processor: start processing batch fcd60de1-1df5-47bf-8b98-78fa23552316 into model nwt
I0116 12:42:53.247778 10540 processor.cc:760] Processor: start processing batch 6518cc63-dd88-4413-89df-ee38b607dcaf into model nwt
I0116 12:42:53.247778 12796 processor.cc:856] Processor: complete processing batch 4f78d3f8-7022-463c-9770-a66d84013b84 into model nwt
I0116 12:42:53.248780 12796 cuckoo_watch.h:44] 54ms in ProcessBatch(D:\artmonline\data\datasets\lenta\batches\aaaaaj.batch) [including 3ms in LoadMessage; 0ms in InitializeSparseNdw; 36ms in InferThetaAndUpdateNwtSparse; ]
I0116 12:42:53.250795  7048 processor.cc:856] Processor: complete processing batch f356a4bb-a9b9-405e-a407-3123ac10abf7 into model nwt
I0116 12:42:53.251791  7048 cuckoo_watch.h:44] 50ms in ProcessBatch(D:\artmonline\data\datasets\lenta\batches\aaaaal.batch) [including 3ms in LoadMessage; 0ms in InitializeSparseNdw; 30ms in InferThetaAndUpdateNwtSparse; ]
I0116 12:42:53.251791  5896 processor.cc:856] Processor: complete processing batch e4a1b9e5-f4bf-465b-8dbe-b36aa5fd54ce into model nwt
I0116 12:42:53.253795  5896 cuckoo_watch.h:44] 52ms in ProcessBatch(D:\artmonline\data\datasets\lenta\batches\aaaaak.batch) [including 3ms in LoadMessage; 0ms in InitializeSparseNdw; 32ms in InferThetaAndUpdateNwtSparse; ]
I0116 12:42:53.256803  4756 processor.cc:856] Processor: complete processing batch 5198d9b7-d04c-4afc-af5e-a01d9eedf94a into model nwt
I0116 12:42:53.258808  4756 cuckoo_watch.h:44] 48ms in ProcessBatch(D:\artmonline\data\datasets\lenta\batches\aaaaam.batch) [including 3ms in LoadMessage; 0ms in InitializeSparseNdw; 27ms in InferThetaAndUpdateNwtSparse; ]
I0116 12:42:53.264825  3908 processor.cc:856] Processor: complete processing batch 72c7c503-2c13-4284-864f-2b3562833a41 into model nwt
I0116 12:42:53.265827 12796 processor.cc:760] Processor: start processing batch 0eacb8d9-eea2-4801-a26e-91e4061f419a into model nwt
I0116 12:42:53.266829  3908 cuckoo_watch.h:44] 55ms in ProcessBatch(D:\artmonline\data\datasets\lenta\batches\aaaaan.batch) [including 4ms in LoadMessage; 0ms in InitializeSparseNdw; 30ms in InferThetaAndUpdateNwtSparse; ]
I0116 12:42:53.267832  7048 processor.cc:760] Processor: start processing batch aa878812-f3c7-4eae-be12-a5f004c2c812 into model nwt
I0116 12:42:53.269837  5896 processor.cc:760] Processor: start processing batch b61bf30b-6c2e-41f7-bb24-37a66bdde20a into model nwt
I0116 12:42:53.269837 10244 processor.cc:856] Processor: complete processing batch fcd60de1-1df5-47bf-8b98-78fa23552316 into model nwt
I0116 12:42:53.271842 10244 cuckoo_watch.h:44] 44ms in ProcessBatch(D:\artmonline\data\datasets\lenta\batches\aaaaao.batch) [including 3ms in LoadMessage; 0ms in InitializeSparseNdw; 28ms in InferThetaAndUpdateNwtSparse; ]
I0116 12:42:53.274852  4756 processor.cc:760] Processor: start processing batch 181c75f0-3941-4bfa-9f90-f19d7a397432 into model nwt
I0116 12:42:53.282872  3908 processor.cc:760] Processor: start processing batch e0c6239b-a8b8-4a72-88cc-ad45d21522cc into model nwt
I0116 12:42:53.284876 10540 processor.cc:856] Processor: complete processing batch 6518cc63-dd88-4413-89df-ee38b607dcaf into model nwt
I0116 12:42:53.285878 10540 cuckoo_watch.h:44] 51ms in ProcessBatch(D:\artmonline\data\datasets\lenta\batches\aaaaap.batch) [including 3ms in LoadMessage; 0ms in InitializeSparseNdw; 37ms in InferThetaAndUpdateNwtSparse; ]
I0116 12:42:53.286882 10244 processor.cc:760] Processor: start processing batch d852a03c-1d24-43cc-86ce-deda10969237 into model nwt
I0116 12:42:53.296908 10540 processor.cc:760] Processor: start processing batch 21227cb2-46ce-40e5-bb51-e0ecfe37be66 into model nwt
I0116 12:42:53.298913 12796 processor.cc:856] Processor: complete processing batch 0eacb8d9-eea2-4801-a26e-91e4061f419a into model nwt
I0116 12:42:53.299917  7048 processor.cc:856] Processor: complete processing batch aa878812-f3c7-4eae-be12-a5f004c2c812 into model nwt
I0116 12:42:53.299917 12796 cuckoo_watch.h:44] 50ms in ProcessBatch(D:\artmonline\data\datasets\lenta\batches\aaaaaq.batch) [including 3ms in LoadMessage; 0ms in InitializeSparseNdw; 32ms in InferThetaAndUpdateNwtSparse; ]
I0116 12:42:53.299917  5896 processor.cc:856] Processor: complete processing batch b61bf30b-6c2e-41f7-bb24-37a66bdde20a into model nwt
I0116 12:42:53.300920  7048 cuckoo_watch.h:44] 48ms in ProcessBatch(D:\artmonline\data\datasets\lenta\batches\aaaaar.batch) [including 3ms in LoadMessage; 0ms in InitializeSparseNdw; 31ms in InferThetaAndUpdateNwtSparse; ]
I0116 12:42:53.300920  5896 cuckoo_watch.h:44] 47ms in ProcessBatch(D:\artmonline\data\datasets\lenta\batches\aaaaas.batch) [including 3ms in LoadMessage; 0ms in InitializeSparseNdw; 30ms in InferThetaAndUpdateNwtSparse; ]
I0116 12:42:53.301921  4756 processor.cc:856] Processor: complete processing batch 181c75f0-3941-4bfa-9f90-f19d7a397432 into model nwt
I0116 12:42:53.302924  4756 cuckoo_watch.h:44] 44ms in ProcessBatch(D:\artmonline\data\datasets\lenta\batches\aaaaat.batch) [including 3ms in LoadMessage; 0ms in InitializeSparseNdw; 26ms in InferThetaAndUpdateNwtSparse; ]
I0116 12:42:53.308943  3908 processor.cc:856] Processor: complete processing batch e0c6239b-a8b8-4a72-88cc-ad45d21522cc into model nwt
I0116 12:42:53.309944  3908 cuckoo_watch.h:44] 43ms in ProcessBatch(D:\artmonline\data\datasets\lenta\batches\aaaaau.batch) [including 3ms in LoadMessage; 0ms in InitializeSparseNdw; 26ms in InferThetaAndUpdateNwtSparse; ]
I0116 12:42:53.311949  5896 processor.cc:760] Processor: start processing batch 608db9e3-9894-48b8-9708-4341a81a39b1 into model nwt
I0116 12:42:53.311949  7048 processor.cc:760] Processor: start processing batch fe77c731-6f7c-4850-b667-bc6d4c192d74 into model nwt
I0116 12:42:53.311949 12796 processor.cc:760] Processor: start processing batch b818f8e8-9e0b-4567-a086-e4fa5fb24c94 into model nwt
I0116 12:42:53.315960  4756 processor.cc:760] Processor: start processing batch 9548b3c0-c002-481a-8d22-f489f974c1d6 into model nwt
I0116 12:42:53.315960 10244 processor.cc:856] Processor: complete processing batch d852a03c-1d24-43cc-86ce-deda10969237 into model nwt
I0116 12:42:53.317965 10244 cuckoo_watch.h:44] 45ms in ProcessBatch(D:\artmonline\data\datasets\lenta\batches\aaaaav.batch) [including 3ms in LoadMessage; 0ms in InitializeSparseNdw; 29ms in InferThetaAndUpdateNwtSparse; ]
I0116 12:42:53.321976 10540 processor.cc:856] Processor: complete processing batch 21227cb2-46ce-40e5-bb51-e0ecfe37be66 into model nwt
I0116 12:42:53.323982 10540 cuckoo_watch.h:44] 37ms in ProcessBatch(D:\artmonline\data\datasets\lenta\batches\aaaaaw.batch) [including 2ms in LoadMessage; 0ms in InitializeSparseNdw; 25ms in InferThetaAndUpdateNwtSparse; ]
I0116 12:42:53.324985  3908 processor.cc:760] Processor: start processing batch 0ede75e6-73ad-46d9-adad-032443ec2870 into model nwt
I0116 12:42:53.330999 10244 processor.cc:760] Processor: start processing batch 35b49a08-2c56-4c48-b866-b431c31ecd78 into model nwt
I0116 12:42:53.335010 10540 processor.cc:760] Processor: start processing batch 010dde91-4916-48b2-8792-afe9efd779a8 into model nwt
I0116 12:42:53.339021 12796 processor.cc:856] Processor: complete processing batch b818f8e8-9e0b-4567-a086-e4fa5fb24c94 into model nwt
I0116 12:42:53.339021 12796 cuckoo_watch.h:44] 39ms in ProcessBatch(D:\artmonline\data\datasets\lenta\batches\aaaaax.batch) [including 2ms in LoadMessage; 0ms in InitializeSparseNdw; 25ms in InferThetaAndUpdateNwtSparse; ]
I0116 12:42:53.340023  5896 processor.cc:856] Processor: complete processing batch 608db9e3-9894-48b8-9708-4341a81a39b1 into model nwt
