Log file created at: 2017/01/19 02:19:55
Running on machine: FEDIMSER
Log line format: [IWEF]mmdd hh:mm:ss.uuuuuu threadid file:line] msg
I0119 02:19:55.449707  5288 c_interface.cc:74] Logging enabled to .
I0119 02:19:55.449707  5288 c_interface.cc:221] Creating MasterModel (id=1)...
I0119 02:19:55.450682  5288 c_interface.cc:318] Pass a63eb27e-bca2-49e3-bcb3-bbf8705235e5 to void (__cdecl artm::core::MasterComponent::*)(class std::basic_string<char,struct std::char_traits<char>,class std::allocator<char> > const & __ptr64) __ptr64
I0119 02:19:55.450682  5288 c_interface.cc:332] Pass GatherDictionaryArgs: dictionary_target_name=a63eb27e-bca2-49e3-bcb3-bbf8705235e5, data_path=D:\artmonline\data\datasets\postnauka\batches, symmetric_cooc_values=0 to void (__cdecl artm::core::MasterComponent::*)(class artm::GatherDictionaryArgs const & __ptr64) __ptr64
I0119 02:19:55.450682  5288 dictionary.cc:187] Found 4 batches in 'D:\artmonline\data\datasets\postnauka\batches' folder
I0119 02:19:56.018333  5288 dictionary.cc:243] Find 73513 unique tokens in 3446 items
I0119 02:19:56.197403  5288 c_interface.cc:221] Creating MasterModel (id=2)...
I0119 02:19:56.197403  5288 c_interface.cc:318] Pass dictionary to void (__cdecl artm::core::MasterComponent::*)(class std::basic_string<char,struct std::char_traits<char>,class std::allocator<char> > const & __ptr64) __ptr64
I0119 02:19:57.795351  5288 instance.cc:365] MasterModelConfig.processors_count is automatically set to 8
I0119 02:19:57.795351  5288 c_interface.cc:221] Creating MasterModel (id=3)...
I0119 02:19:57.795351 12984 processor.cc:660] Processor thread started
I0119 02:19:57.795351   584 processor.cc:660] Processor thread started
I0119 02:19:57.795351   456 processor.cc:660] Processor thread started
I0119 02:19:57.795351  5288 c_interface.cc:332] Pass MasterModelConfig: topic_name_size=10, score_config_size=0, num_processors=0, pwt_name=pwt, nwt_name=nwt, num_document_passes=30, reuse_theta=no, cache_theta=yes, opt_for_avx=no, disk_cache_path to void (__cdecl artm::core::MasterComponent::*)(class artm::MasterModelConfig const & __ptr64) __ptr64
I0119 02:19:57.796353 10196 processor.cc:660] Processor thread started
I0119 02:19:57.796353  5288 instance.cc:365] MasterModelConfig.processors_count is automatically set to 8
I0119 02:19:57.796353  6116 processor.cc:660] Processor thread started
I0119 02:19:57.796353  5288 c_interface.cc:318] Pass pwt to void (__cdecl artm::core::MasterComponent::*)(class std::basic_string<char,struct std::char_traits<char>,class std::allocator<char> > const & __ptr64) __ptr64
I0119 02:19:57.796353  8056 processor.cc:660] Processor thread started
I0119 02:19:57.796353  5288 c_interface.cc:318] Pass nwt to void (__cdecl artm::core::MasterComponent::*)(class std::basic_string<char,struct std::char_traits<char>,class std::allocator<char> > const & __ptr64) __ptr64
I0119 02:19:57.796353  3092 processor.cc:660] Processor thread started
I0119 02:19:57.796353 11816 processor.cc:660] Processor thread started
I0119 02:19:57.796353  5288 c_interface.cc:332] Pass InitializeModelArgs: model_name=pwt, dictionary_name=dictionary, topic_name_size=10 to void (__cdecl artm::core::MasterComponent::*)(class artm::InitializeModelArgs const & __ptr64) __ptr64
I0119 02:19:57.796353  5288 master_component.cc:338] InitializeModel() with 10 topics and 73513 tokens
I0119 02:19:57.826436   584 processor.cc:676] No data in processing queue, waiting...
I0119 02:19:57.826436 12984 processor.cc:676] No data in processing queue, waiting...
I0119 02:19:57.826436   456 processor.cc:676] No data in processing queue, waiting...
I0119 02:19:57.827436 10196 processor.cc:676] No data in processing queue, waiting...
I0119 02:19:57.827436 11816 processor.cc:676] No data in processing queue, waiting...
I0119 02:19:57.827436  8056 processor.cc:676] No data in processing queue, waiting...
I0119 02:19:57.827436  6116 processor.cc:676] No data in processing queue, waiting...
I0119 02:19:57.827436  3092 processor.cc:676] No data in processing queue, waiting...
I0119 02:19:58.099186  5288 c_interface.cc:332] Pass InitializeModelArgs: model_name=nwt, dictionary_name=dictionary, topic_name_size=10 to void (__cdecl artm::core::MasterComponent::*)(class artm::InitializeModelArgs const & __ptr64) __ptr64
I0119 02:19:58.099186  5288 master_component.cc:338] InitializeModel() with 10 topics and 73513 tokens
I0119 02:19:58.401707  5288 phi_matrix_operations.cc:82] RetrieveExternalTopicModel() with 10 topics, 73513 tokens
I0119 02:19:58.459391  5288 c_interface.cc:180] ArtmCopyRequestedMessage is copying 2152765 bytes...
I0119 02:20:00.254884  5288 c_interface.cc:332] Pass FitOfflineMasterModelArgs, batch_filename_size=4, batch_weight_size=4, num_collection_passes=1 to void (__cdecl artm::core::MasterComponent::*)(class artm::FitOfflineMasterModelArgs const & __ptr64) __ptr64
I0119 02:20:00.254884  5288 master_component.cc:942] ProcessBatchesArgs: nwt_target_name=nwt, batch_filename_size=4, batch_size=0, batch_weight_size=4, pwt_source_name=pwt, num_document_passes=30, reuse_theta=no, opt_for_avx=no, predict_class_id=
I0119 02:20:00.411137  5288 master_component.cc:478] Batches count (=4) is smaller than num processors (=8), which may cause suboptimal performance.
I0119 02:20:00.414145  3092 processor.cc:683] Processing queue has data, processing started
I0119 02:20:00.414145 10196 processor.cc:683] Processing queue has data, processing started
I0119 02:20:00.414145 11816 processor.cc:683] Processing queue has data, processing started
I0119 02:20:00.414145 12984 processor.cc:683] Processing queue has data, processing started
I0119 02:20:00.428184 12984 processor.cc:760] Processor: start processing batch 01feadb1-9dca-4ecc-8900-78b6b2c1726b into model nwt
I0119 02:20:00.445230 10196 processor.cc:760] Processor: start processing batch 4b27e2ef-3bd1-44f8-8663-1336de6541de into model nwt
I0119 02:20:00.447235 11816 processor.cc:760] Processor: start processing batch fa93482d-725f-43f6-83b9-300480dc1fbb into model nwt
I0119 02:20:00.447235  3092 processor.cc:760] Processor: start processing batch 0bbb922d-24b6-4b39-b053-bf906bcb1e7f into model nwt
I0119 02:20:00.718983 12984 processor.cc:856] Processor: complete processing batch 01feadb1-9dca-4ecc-8900-78b6b2c1726b into model nwt
I0119 02:20:00.721990 12984 cuckoo_watch.h:44] 308ms in ProcessBatch(D:\artmonline\data\datasets\postnauka\batches\aaaaad.batch) [including 9ms in LoadMessage; 3ms in InitializeSparseNdw; 287ms in InferThetaAndUpdateNwtSparse; ]
I0119 02:20:00.755079 12984 processor.cc:676] No data in processing queue, waiting...
I0119 02:20:01.018227 10196 processor.cc:856] Processor: complete processing batch 4b27e2ef-3bd1-44f8-8663-1336de6541de into model nwt
I0119 02:20:01.021236 11816 processor.cc:856] Processor: complete processing batch fa93482d-725f-43f6-83b9-300480dc1fbb into model nwt
I0119 02:20:01.025246 10196 cuckoo_watch.h:44] 611ms in ProcessBatch(D:\artmonline\data\datasets\postnauka\batches\aaaaab.batch) [including 26ms in LoadMessage; 10ms in InitializeSparseNdw; 562ms in InferThetaAndUpdateNwtSparse; ]
I0119 02:20:01.025246 11816 cuckoo_watch.h:44] 611ms in ProcessBatch(D:\artmonline\data\datasets\postnauka\batches\aaaaac.batch) [including 27ms in LoadMessage; 9ms in InitializeSparseNdw; 564ms in InferThetaAndUpdateNwtSparse; ]
I0119 02:20:01.033268  3092 processor.cc:856] Processor: complete processing batch 0bbb922d-24b6-4b39-b053-bf906bcb1e7f into model nwt
I0119 02:20:01.038281  3092 cuckoo_watch.h:44] 624ms in ProcessBatch(D:\artmonline\data\datasets\postnauka\batches\aaaaaa.batch) [including 28ms in LoadMessage; 10ms in InitializeSparseNdw; 575ms in InferThetaAndUpdateNwtSparse; ]
I0119 02:20:01.039284  5288 master_component.cc:991] NormalizeModelArgs: pwt_target_name=pwt, nwt_source_name=nwt, rwt_source_name=
I0119 02:20:01.039284  5288 master_component.cc:617] MasterComponent: start normalizing model nwt
I0119 02:20:01.071873 10196 processor.cc:676] No data in processing queue, waiting...
I0119 02:20:01.071873 11816 processor.cc:676] No data in processing queue, waiting...
I0119 02:20:01.078101  3092 processor.cc:676] No data in processing queue, waiting...
I0119 02:20:01.133281  5288 master_component.cc:639] MasterComponent: complete normalizing model nwt
I0119 02:20:01.133281  5288 master_component.cc:1015] DisposeModel rwt
I0119 02:20:01.133281  5288 c_interface.cc:332] Pass FitOfflineMasterModelArgs, batch_filename_size=4, batch_weight_size=4, num_collection_passes=1 to void (__cdecl artm::core::MasterComponent::*)(class artm::FitOfflineMasterModelArgs const & __ptr64) __ptr64
I0119 02:20:01.133281  5288 master_component.cc:942] ProcessBatchesArgs: nwt_target_name=nwt, batch_filename_size=4, batch_size=0, batch_weight_size=4, pwt_source_name=pwt, num_document_passes=30, reuse_theta=no, opt_for_avx=no, predict_class_id=
I0119 02:20:01.211169   584 processor.cc:683] Processing queue has data, processing started
I0119 02:20:01.211169  6116 processor.cc:683] Processing queue has data, processing started
I0119 02:20:01.211169 10196 processor.cc:683] Processing queue has data, processing started
I0119 02:20:01.212172  3092 processor.cc:683] Processing queue has data, processing started
I0119 02:20:01.227210  3092 processor.cc:760] Processor: start processing batch 01feadb1-9dca-4ecc-8900-78b6b2c1726b into model nwt
I0119 02:20:01.232224 10196 processor.cc:760] Processor: start processing batch fa93482d-725f-43f6-83b9-300480dc1fbb into model nwt
I0119 02:20:01.239244   584 processor.cc:760] Processor: start processing batch 0bbb922d-24b6-4b39-b053-bf906bcb1e7f into model nwt
I0119 02:20:01.243257  6116 processor.cc:760] Processor: start processing batch 4b27e2ef-3bd1-44f8-8663-1336de6541de into model nwt
I0119 02:20:01.486913  3092 processor.cc:856] Processor: complete processing batch 01feadb1-9dca-4ecc-8900-78b6b2c1726b into model nwt
I0119 02:20:01.488919  3092 cuckoo_watch.h:44] 277ms in ProcessBatch(D:\artmonline\data\datasets\postnauka\batches\aaaaad.batch) [including 12ms in LoadMessage; 2ms in InitializeSparseNdw; 257ms in InferThetaAndUpdateNwtSparse; ]
I0119 02:20:01.523010  3092 processor.cc:676] No data in processing queue, waiting...
I0119 02:20:01.800763  6116 processor.cc:856] Processor: complete processing batch 4b27e2ef-3bd1-44f8-8663-1336de6541de into model nwt
I0119 02:20:01.804774  6116 cuckoo_watch.h:44] 593ms in ProcessBatch(D:\artmonline\data\datasets\postnauka\batches\aaaaab.batch) [including 27ms in LoadMessage; 6ms in InitializeSparseNdw; 550ms in InferThetaAndUpdateNwtSparse; ]
I0119 02:20:01.815801 10196 processor.cc:856] Processor: complete processing batch fa93482d-725f-43f6-83b9-300480dc1fbb into model nwt
I0119 02:20:01.817806   584 processor.cc:856] Processor: complete processing batch 0bbb922d-24b6-4b39-b053-bf906bcb1e7f into model nwt
I0119 02:20:01.822820 10196 cuckoo_watch.h:44] 612ms in ProcessBatch(D:\artmonline\data\datasets\postnauka\batches\aaaaac.batch) [including 17ms in LoadMessage; 5ms in InitializeSparseNdw; 577ms in InferThetaAndUpdateNwtSparse; ]
I0119 02:20:01.823823   584 cuckoo_watch.h:44] 612ms in ProcessBatch(D:\artmonline\data\datasets\postnauka\batches\aaaaaa.batch) [including 22ms in LoadMessage; 6ms in InitializeSparseNdw; 571ms in InferThetaAndUpdateNwtSparse; ]
I0119 02:20:01.823823  5288 master_component.cc:991] NormalizeModelArgs: pwt_target_name=pwt, nwt_source_name=nwt, rwt_source_name=
I0119 02:20:01.823823  5288 master_component.cc:617] MasterComponent: start normalizing model nwt
I0119 02:20:01.847887  6116 processor.cc:676] No data in processing queue, waiting...
I0119 02:20:01.856912 10196 processor.cc:676] No data in processing queue, waiting...
I0119 02:20:01.858418   584 processor.cc:676] No data in processing queue, waiting...
I0119 02:20:01.922088  5288 master_component.cc:639] MasterComponent: complete normalizing model nwt
I0119 02:20:01.922088  5288 master_component.cc:1015] DisposeModel rwt
I0119 02:20:01.922088  5288 c_interface.cc:332] Pass FitOfflineMasterModelArgs, batch_filename_size=4, batch_weight_size=4, num_collection_passes=1 to void (__cdecl artm::core::MasterComponent::*)(class artm::FitOfflineMasterModelArgs const & __ptr64) __ptr64
I0119 02:20:01.922088  5288 master_component.cc:942] ProcessBatchesArgs: nwt_target_name=nwt, batch_filename_size=4, batch_size=0, batch_weight_size=4, pwt_source_name=pwt, num_document_passes=30, reuse_theta=no, opt_for_avx=no, predict_class_id=
I0119 02:20:02.002907  6116 processor.cc:683] Processing queue has data, processing started
I0119 02:20:02.002907 12984 processor.cc:683] Processing queue has data, processing started
I0119 02:20:02.002907   456 processor.cc:683] Processing queue has data, processing started
I0119 02:20:02.006919   584 processor.cc:683] Processing queue has data, processing started
I0119 02:20:02.024935  6116 processor.cc:760] Processor: start processing batch fa93482d-725f-43f6-83b9-300480dc1fbb into model nwt
I0119 02:20:02.024935 12984 processor.cc:760] Processor: start processing batch 0bbb922d-24b6-4b39-b053-bf906bcb1e7f into model nwt
I0119 02:20:02.025938   584 processor.cc:760] Processor: start processing batch 01feadb1-9dca-4ecc-8900-78b6b2c1726b into model nwt
I0119 02:20:02.034961   456 processor.cc:760] Processor: start processing batch 4b27e2ef-3bd1-44f8-8663-1336de6541de into model nwt
I0119 02:20:02.286645   584 processor.cc:856] Processor: complete processing batch 01feadb1-9dca-4ecc-8900-78b6b2c1726b into model nwt
I0119 02:20:02.288650   584 cuckoo_watch.h:44] 282ms in ProcessBatch(D:\artmonline\data\datasets\postnauka\batches\aaaaad.batch) [including 14ms in LoadMessage; 3ms in InitializeSparseNdw; 256ms in InferThetaAndUpdateNwtSparse; ]
I0119 02:20:02.330763   584 processor.cc:676] No data in processing queue, waiting...
I0119 02:20:02.701833 12984 processor.cc:856] Processor: complete processing batch 0bbb922d-24b6-4b39-b053-bf906bcb1e7f into model nwt
I0119 02:20:02.710858 12984 cuckoo_watch.h:44] 708ms in ProcessBatch(D:\artmonline\data\datasets\postnauka\batches\aaaaaa.batch) [including 17ms in LoadMessage; 8ms in InitializeSparseNdw; 668ms in InferThetaAndUpdateNwtSparse; ]
I0119 02:20:02.730911 12984 processor.cc:676] No data in processing queue, waiting...
I0119 02:20:02.735925  6116 processor.cc:856] Processor: complete processing batch fa93482d-725f-43f6-83b9-300480dc1fbb into model nwt
I0119 02:20:02.742943  6116 cuckoo_watch.h:44] 740ms in ProcessBatch(D:\artmonline\data\datasets\postnauka\batches\aaaaac.batch) [including 17ms in LoadMessage; 9ms in InitializeSparseNdw; 702ms in InferThetaAndUpdateNwtSparse; ]
I0119 02:20:02.745949   456 processor.cc:856] Processor: complete processing batch 4b27e2ef-3bd1-44f8-8663-1336de6541de into model nwt
I0119 02:20:02.751965   456 cuckoo_watch.h:44] 748ms in ProcessBatch(D:\artmonline\data\datasets\postnauka\batches\aaaaab.batch) [including 26ms in LoadMessage; 4ms in InitializeSparseNdw; 706ms in InferThetaAndUpdateNwtSparse; ]
I0119 02:20:02.752969  5288 master_component.cc:991] NormalizeModelArgs: pwt_target_name=pwt, nwt_source_name=nwt, rwt_source_name=
I0119 02:20:02.752969  5288 master_component.cc:617] MasterComponent: start normalizing model nwt
I0119 02:20:02.771019  6116 processor.cc:676] No data in processing queue, waiting...
I0119 02:20:02.785707   456 processor.cc:676] No data in processing queue, waiting...
I0119 02:20:02.873973  5288 master_component.cc:639] MasterComponent: complete normalizing model nwt
I0119 02:20:02.873973  5288 master_component.cc:1015] DisposeModel rwt
I0119 02:20:02.874475  5288 c_interface.cc:332] Pass FitOfflineMasterModelArgs, batch_filename_size=4, batch_weight_size=4, num_collection_passes=1 to void (__cdecl artm::core::MasterComponent::*)(class artm::FitOfflineMasterModelArgs const & __ptr64) __ptr64
I0119 02:20:02.874475  5288 master_component.cc:942] ProcessBatchesArgs: nwt_target_name=nwt, batch_filename_size=4, batch_size=0, batch_weight_size=4, pwt_source_name=pwt, num_document_passes=30, reuse_theta=no, opt_for_avx=no, predict_class_id=
I0119 02:20:02.971885 10196 processor.cc:683] Processing queue has data, processing started
I0119 02:20:02.971885   456 processor.cc:683] Processing queue has data, processing started
I0119 02:20:02.971885 12984 processor.cc:683] Processing queue has data, processing started
I0119 02:20:02.971885  6116 processor.cc:683] Processing queue has data, processing started
I0119 02:20:02.986927 12984 processor.cc:760] Processor: start processing batch 01feadb1-9dca-4ecc-8900-78b6b2c1726b into model nwt
I0119 02:20:02.996954 10196 processor.cc:760] Processor: start processing batch 0bbb922d-24b6-4b39-b053-bf906bcb1e7f into model nwt
I0119 02:20:03.005977  6116 processor.cc:760] Processor: start processing batch 4b27e2ef-3bd1-44f8-8663-1336de6541de into model nwt
I0119 02:20:03.007985   456 processor.cc:760] Processor: start processing batch fa93482d-725f-43f6-83b9-300480dc1fbb into model nwt
I0119 02:20:03.295337 12984 processor.cc:856] Processor: complete processing batch 01feadb1-9dca-4ecc-8900-78b6b2c1726b into model nwt
I0119 02:20:03.300351 12984 cuckoo_watch.h:44] 328ms in ProcessBatch(D:\artmonline\data\datasets\postnauka\batches\aaaaad.batch) [including 11ms in LoadMessage; 2ms in InitializeSparseNdw; 305ms in InferThetaAndUpdateNwtSparse; ]
I0119 02:20:03.330431 12984 processor.cc:676] No data in processing queue, waiting...
I0119 02:20:03.639263   456 processor.cc:856] Processor: complete processing batch fa93482d-725f-43f6-83b9-300480dc1fbb into model nwt
I0119 02:20:03.643273   456 cuckoo_watch.h:44] 671ms in ProcessBatch(D:\artmonline\data\datasets\postnauka\batches\aaaaac.batch) [including 30ms in LoadMessage; 8ms in InitializeSparseNdw; 622ms in InferThetaAndUpdateNwtSparse; ]
I0119 02:20:03.650292 10196 processor.cc:856] Processor: complete processing batch 0bbb922d-24b6-4b39-b053-bf906bcb1e7f into model nwt
I0119 02:20:03.654304 10196 cuckoo_watch.h:44] 682ms in ProcessBatch(D:\artmonline\data\datasets\postnauka\batches\aaaaaa.batch) [including 21ms in LoadMessage; 6ms in InitializeSparseNdw; 645ms in InferThetaAndUpdateNwtSparse; ]
I0119 02:20:03.662828  6116 processor.cc:856] Processor: complete processing batch 4b27e2ef-3bd1-44f8-8663-1336de6541de into model nwt
I0119 02:20:03.667340  6116 cuckoo_watch.h:44] 695ms in ProcessBatch(D:\artmonline\data\datasets\postnauka\batches\aaaaab.batch) [including 29ms in LoadMessage; 7ms in InitializeSparseNdw; 648ms in InferThetaAndUpdateNwtSparse; ]
I0119 02:20:03.668344  5288 master_component.cc:991] NormalizeModelArgs: pwt_target_name=pwt, nwt_source_name=nwt, rwt_source_name=
I0119 02:20:03.668344  5288 master_component.cc:617] MasterComponent: start normalizing model nwt
I0119 02:20:03.686393   456 processor.cc:676] No data in processing queue, waiting...
I0119 02:20:03.693413 10196 processor.cc:676] No data in processing queue, waiting...
I0119 02:20:03.704440  6116 processor.cc:676] No data in processing queue, waiting...
I0119 02:20:03.782680  5288 master_component.cc:639] MasterComponent: complete normalizing model nwt
I0119 02:20:03.782680  5288 master_component.cc:1015] DisposeModel rwt
I0119 02:20:03.782680  5288 c_interface.cc:332] Pass FitOfflineMasterModelArgs, batch_filename_size=4, batch_weight_size=4, num_collection_passes=1 to void (__cdecl artm::core::MasterComponent::*)(class artm::FitOfflineMasterModelArgs const & __ptr64) __ptr64
I0119 02:20:03.782680  5288 master_component.cc:942] ProcessBatchesArgs: nwt_target_name=nwt, batch_filename_size=4, batch_size=0, batch_weight_size=4, pwt_source_name=pwt, num_document_passes=30, reuse_theta=no, opt_for_avx=no, predict_class_id=
I0119 02:20:03.906062 10196 processor.cc:683] Processing queue has data, processing started
I0119 02:20:03.906062   456 processor.cc:683] Processing queue has data, processing started
I0119 02:20:03.906062 12984 processor.cc:683] Processing queue has data, processing started
I0119 02:20:03.906062  3092 processor.cc:683] Processing queue has data, processing started
I0119 02:20:03.927103  3092 processor.cc:760] Processor: start processing batch 01feadb1-9dca-4ecc-8900-78b6b2c1726b into model nwt
I0119 02:20:03.940141 12984 processor.cc:760] Processor: start processing batch 4b27e2ef-3bd1-44f8-8663-1336de6541de into model nwt
I0119 02:20:03.940141 10196 processor.cc:760] Processor: start processing batch 0bbb922d-24b6-4b39-b053-bf906bcb1e7f into model nwt
I0119 02:20:03.945150   456 processor.cc:760] Processor: start processing batch fa93482d-725f-43f6-83b9-300480dc1fbb into model nwt
I0119 02:20:04.297786  3092 processor.cc:856] Processor: complete processing batch 01feadb1-9dca-4ecc-8900-78b6b2c1726b into model nwt
I0119 02:20:04.303797  3092 cuckoo_watch.h:44] 397ms in ProcessBatch(D:\artmonline\data\datasets\postnauka\batches\aaaaad.batch) [including 13ms in LoadMessage; 2ms in InitializeSparseNdw; 367ms in InferThetaAndUpdateNwtSparse; ]
I0119 02:20:04.328865  3092 processor.cc:676] No data in processing queue, waiting...
I0119 02:20:04.752925 10196 processor.cc:856] Processor: complete processing batch 0bbb922d-24b6-4b39-b053-bf906bcb1e7f into model nwt
I0119 02:20:04.762953 10196 cuckoo_watch.h:44] 857ms in ProcessBatch(D:\artmonline\data\datasets\postnauka\batches\aaaaaa.batch) [including 29ms in LoadMessage; 13ms in InitializeSparseNdw; 798ms in InferThetaAndUpdateNwtSparse; ]
I0119 02:20:04.788527 10196 processor.cc:676] No data in processing queue, waiting...
I0119 02:20:04.789530 12984 processor.cc:856] Processor: complete processing batch 4b27e2ef-3bd1-44f8-8663-1336de6541de into model nwt
I0119 02:20:04.797551 12984 cuckoo_watch.h:44] 891ms in ProcessBatch(D:\artmonline\data\datasets\postnauka\batches\aaaaab.batch) [including 29ms in LoadMessage; 12ms in InitializeSparseNdw; 836ms in InferThetaAndUpdateNwtSparse; ]
I0119 02:20:04.824625   456 processor.cc:856] Processor: complete processing batch fa93482d-725f-43f6-83b9-300480dc1fbb into model nwt
I0119 02:20:04.828634 12984 processor.cc:676] No data in processing queue, waiting...
I0119 02:20:04.831641   456 cuckoo_watch.h:44] 926ms in ProcessBatch(D:\artmonline\data\datasets\postnauka\batches\aaaaac.batch) [including 31ms in LoadMessage; 13ms in InitializeSparseNdw; 864ms in InferThetaAndUpdateNwtSparse; ]
I0119 02:20:04.833647  5288 master_component.cc:991] NormalizeModelArgs: pwt_target_name=pwt, nwt_source_name=nwt, rwt_source_name=
I0119 02:20:04.833647  5288 master_component.cc:617] MasterComponent: start normalizing model nwt
I0119 02:20:04.860718   456 processor.cc:676] No data in processing queue, waiting...
I0119 02:20:04.951663  5288 master_component.cc:639] MasterComponent: complete normalizing model nwt
I0119 02:20:04.951663  5288 master_component.cc:1015] DisposeModel rwt
I0119 02:20:04.951663  5288 c_interface.cc:332] Pass FitOfflineMasterModelArgs, batch_filename_size=4, batch_weight_size=4, num_collection_passes=1 to void (__cdecl artm::core::MasterComponent::*)(class artm::FitOfflineMasterModelArgs const & __ptr64) __ptr64
I0119 02:20:04.951663  5288 master_component.cc:942] ProcessBatchesArgs: nwt_target_name=nwt, batch_filename_size=4, batch_size=0, batch_weight_size=4, pwt_source_name=pwt, num_document_passes=30, reuse_theta=no, opt_for_avx=no, predict_class_id=
I0119 02:20:05.048079  3092 processor.cc:683] Processing queue has data, processing started
I0119 02:20:05.048079   456 processor.cc:683] Processing queue has data, processing started
I0119 02:20:05.048079   584 processor.cc:683] Processing queue has data, processing started
I0119 02:20:05.048079 10196 processor.cc:683] Processing queue has data, processing started
I0119 02:20:05.067498   584 processor.cc:760] Processor: start processing batch 01feadb1-9dca-4ecc-8900-78b6b2c1726b into model nwt
I0119 02:20:05.074015  3092 processor.cc:760] Processor: start processing batch fa93482d-725f-43f6-83b9-300480dc1fbb into model nwt
I0119 02:20:05.077524   456 processor.cc:760] Processor: start processing batch 4b27e2ef-3bd1-44f8-8663-1336de6541de into model nwt
I0119 02:20:05.084044 10196 processor.cc:760] Processor: start processing batch 0bbb922d-24b6-4b39-b053-bf906bcb1e7f into model nwt
I0119 02:20:05.370820   584 processor.cc:856] Processor: complete processing batch 01feadb1-9dca-4ecc-8900-78b6b2c1726b into model nwt
I0119 02:20:05.374330   584 cuckoo_watch.h:44] 326ms in ProcessBatch(D:\artmonline\data\datasets\postnauka\batches\aaaaad.batch) [including 14ms in LoadMessage; 3ms in InitializeSparseNdw; 300ms in InferThetaAndUpdateNwtSparse; ]
I0119 02:20:05.402907   584 processor.cc:676] No data in processing queue, waiting...
I0119 02:20:05.664470  3092 processor.cc:856] Processor: complete processing batch fa93482d-725f-43f6-83b9-300480dc1fbb into model nwt
I0119 02:20:05.671495  3092 cuckoo_watch.h:44] 623ms in ProcessBatch(D:\artmonline\data\datasets\postnauka\batches\aaaaac.batch) [including 19ms in LoadMessage; 7ms in InitializeSparseNdw; 582ms in InferThetaAndUpdateNwtSparse; ]
I0119 02:20:05.698570 10196 processor.cc:856] Processor: complete processing batch 0bbb922d-24b6-4b39-b053-bf906bcb1e7f into model nwt
I0119 02:20:05.701578  3092 processor.cc:676] No data in processing queue, waiting...
I0119 02:20:05.702584 10196 cuckoo_watch.h:44] 655ms in ProcessBatch(D:\artmonline\data\datasets\postnauka\batches\aaaaaa.batch) [including 28ms in LoadMessage; 7ms in InitializeSparseNdw; 605ms in InferThetaAndUpdateNwtSparse; ]
I0119 02:20:05.726646   456 processor.cc:856] Processor: complete processing batch 4b27e2ef-3bd1-44f8-8663-1336de6541de into model nwt
I0119 02:20:05.731688 10196 processor.cc:676] No data in processing queue, waiting...
I0119 02:20:05.732686   456 cuckoo_watch.h:44] 685ms in ProcessBatch(D:\artmonline\data\datasets\postnauka\batches\aaaaab.batch) [including 23ms in LoadMessage; 7ms in InitializeSparseNdw; 642ms in InferThetaAndUpdateNwtSparse; ]
I0119 02:20:05.733664  5288 master_component.cc:991] NormalizeModelArgs: pwt_target_name=pwt, nwt_source_name=nwt, rwt_source_name=
I0119 02:20:05.733664  5288 master_component.cc:617] MasterComponent: start normalizing model nwt
I0119 02:20:05.762774   456 processor.cc:676] No data in processing queue, waiting...
I0119 02:20:05.840728  5288 master_component.cc:639] MasterComponent: complete normalizing model nwt
I0119 02:20:05.840728  5288 master_component.cc:1015] DisposeModel rwt
I0119 02:20:05.840728  5288 c_interface.cc:332] Pass FitOfflineMasterModelArgs, batch_filename_size=4, batch_weight_size=4, num_collection_passes=1 to void (__cdecl artm::core::MasterComponent::*)(class artm::FitOfflineMasterModelArgs const & __ptr64) __ptr64
I0119 02:20:05.840728  5288 master_component.cc:942] ProcessBatchesArgs: nwt_target_name=nwt, batch_filename_size=4, batch_size=0, batch_weight_size=4, pwt_source_name=pwt, num_document_passes=30, reuse_theta=no, opt_for_avx=no, predict_class_id=
I0119 02:20:05.924013  3092 processor.cc:683] Processing queue has data, processing started
I0119 02:20:05.924013 12984 processor.cc:683] Processing queue has data, processing started
I0119 02:20:05.926018   456 processor.cc:683] Processing queue has data, processing started
I0119 02:20:05.926018 10196 processor.cc:683] Processing queue has data, processing started
I0119 02:20:05.941058 10196 processor.cc:760] Processor: start processing batch 01feadb1-9dca-4ecc-8900-78b6b2c1726b into model nwt
I0119 02:20:05.947074  3092 processor.cc:760] Processor: start processing batch 4b27e2ef-3bd1-44f8-8663-1336de6541de into model nwt
I0119 02:20:05.951087 12984 processor.cc:760] Processor: start processing batch 0bbb922d-24b6-4b39-b053-bf906bcb1e7f into model nwt
I0119 02:20:05.957101   456 processor.cc:760] Processor: start processing batch fa93482d-725f-43f6-83b9-300480dc1fbb into model nwt
I0119 02:20:06.223852 10196 processor.cc:856] Processor: complete processing batch 01feadb1-9dca-4ecc-8900-78b6b2c1726b into model nwt
I0119 02:20:06.226358 10196 cuckoo_watch.h:44] 300ms in ProcessBatch(D:\artmonline\data\datasets\postnauka\batches\aaaaad.batch) [including 11ms in LoadMessage; 1ms in InitializeSparseNdw; 281ms in InferThetaAndUpdateNwtSparse; ]
I0119 02:20:06.253430 10196 processor.cc:676] No data in processing queue, waiting...
I0119 02:20:06.517673 12984 processor.cc:856] Processor: complete processing batch 0bbb922d-24b6-4b39-b053-bf906bcb1e7f into model nwt
I0119 02:20:06.526197 12984 cuckoo_watch.h:44] 602ms in ProcessBatch(D:\artmonline\data\datasets\postnauka\batches\aaaaaa.batch) [including 23ms in LoadMessage; 7ms in InitializeSparseNdw; 558ms in InferThetaAndUpdateNwtSparse; ]
I0119 02:20:06.558782 12984 processor.cc:676] No data in processing queue, waiting...
I0119 02:20:06.567306   456 processor.cc:856] Processor: complete processing batch fa93482d-725f-43f6-83b9-300480dc1fbb into model nwt
I0119 02:20:06.570314  3092 processor.cc:856] Processor: complete processing batch 4b27e2ef-3bd1-44f8-8663-1336de6541de into model nwt
I0119 02:20:06.573321   456 cuckoo_watch.h:44] 647ms in ProcessBatch(D:\artmonline\data\datasets\postnauka\batches\aaaaac.batch) [including 25ms in LoadMessage; 6ms in InitializeSparseNdw; 603ms in InferThetaAndUpdateNwtSparse; ]
I0119 02:20:06.576330  3092 cuckoo_watch.h:44] 652ms in ProcessBatch(D:\artmonline\data\datasets\postnauka\batches\aaaaab.batch) [including 19ms in LoadMessage; 6ms in InitializeSparseNdw; 615ms in InferThetaAndUpdateNwtSparse; ]
I0119 02:20:06.576830  5288 master_component.cc:991] NormalizeModelArgs: pwt_target_name=pwt, nwt_source_name=nwt, rwt_source_name=
I0119 02:20:06.576830  5288 master_component.cc:617] MasterComponent: start normalizing model nwt
I0119 02:20:06.596885   456 processor.cc:676] No data in processing queue, waiting...
I0119 02:20:06.600896  3092 processor.cc:676] No data in processing queue, waiting...
I0119 02:20:06.684119  5288 master_component.cc:639] MasterComponent: complete normalizing model nwt
I0119 02:20:06.684119  5288 master_component.cc:1015] DisposeModel rwt
I0119 02:20:06.684620  5288 c_interface.cc:332] Pass FitOfflineMasterModelArgs, batch_filename_size=4, batch_weight_size=4, num_collection_passes=1 to void (__cdecl artm::core::MasterComponent::*)(class artm::FitOfflineMasterModelArgs const & __ptr64) __ptr64
I0119 02:20:06.684620  5288 master_component.cc:942] ProcessBatchesArgs: nwt_target_name=nwt, batch_filename_size=4, batch_size=0, batch_weight_size=4, pwt_source_name=pwt, num_document_passes=30, reuse_theta=no, opt_for_avx=no, predict_class_id=
I0119 02:20:06.767340  8056 processor.cc:683] Processing queue has data, processing started
I0119 02:20:06.767340 11816 processor.cc:683] Processing queue has data, processing started
I0119 02:20:06.767340  6116 processor.cc:683] Processing queue has data, processing started
I0119 02:20:06.767340   584 processor.cc:683] Processing queue has data, processing started
I0119 02:20:06.780846   584 processor.cc:760] Processor: start processing batch 01feadb1-9dca-4ecc-8900-78b6b2c1726b into model nwt
I0119 02:20:06.791378  6116 processor.cc:760] Processor: start processing batch 0bbb922d-24b6-4b39-b053-bf906bcb1e7f into model nwt
I0119 02:20:06.791378 11816 processor.cc:760] Processor: start processing batch 4b27e2ef-3bd1-44f8-8663-1336de6541de into model nwt
I0119 02:20:06.794384  8056 processor.cc:760] Processor: start processing batch fa93482d-725f-43f6-83b9-300480dc1fbb into model nwt
I0119 02:20:07.190944   584 processor.cc:856] Processor: complete processing batch 01feadb1-9dca-4ecc-8900-78b6b2c1726b into model nwt
I0119 02:20:07.192950   584 cuckoo_watch.h:44] 425ms in ProcessBatch(D:\artmonline\data\datasets\postnauka\batches\aaaaad.batch) [including 9ms in LoadMessage; 2ms in InitializeSparseNdw; 407ms in InferThetaAndUpdateNwtSparse; ]
I0119 02:20:07.218016   584 processor.cc:676] No data in processing queue, waiting...
I0119 02:20:07.464673  8056 processor.cc:856] Processor: complete processing batch fa93482d-725f-43f6-83b9-300480dc1fbb into model nwt
I0119 02:20:07.465674  6116 processor.cc:856] Processor: complete processing batch 0bbb922d-24b6-4b39-b053-bf906bcb1e7f into model nwt
I0119 02:20:07.472193  6116 cuckoo_watch.h:44] 705ms in ProcessBatch(D:\artmonline\data\datasets\postnauka\batches\aaaaaa.batch) [including 20ms in LoadMessage; 8ms in InitializeSparseNdw; 665ms in InferThetaAndUpdateNwtSparse; ]
I0119 02:20:07.472193  8056 cuckoo_watch.h:44] 705ms in ProcessBatch(D:\artmonline\data\datasets\postnauka\batches\aaaaac.batch) [including 22ms in LoadMessage; 7ms in InitializeSparseNdw; 661ms in InferThetaAndUpdateNwtSparse; ]
I0119 02:20:07.482218 11816 processor.cc:856] Processor: complete processing batch 4b27e2ef-3bd1-44f8-8663-1336de6541de into model nwt
I0119 02:20:07.487232 11816 cuckoo_watch.h:44] 720ms in ProcessBatch(D:\artmonline\data\datasets\postnauka\batches\aaaaab.batch) [including 20ms in LoadMessage; 8ms in InitializeSparseNdw; 681ms in InferThetaAndUpdateNwtSparse; ]
I0119 02:20:07.488236  5288 master_component.cc:991] NormalizeModelArgs: pwt_target_name=pwt, nwt_source_name=nwt, rwt_source_name=
I0119 02:20:07.488236  5288 master_component.cc:617] MasterComponent: start normalizing model nwt
I0119 02:20:07.502274  8056 processor.cc:676] No data in processing queue, waiting...
I0119 02:20:07.502274  6116 processor.cc:676] No data in processing queue, waiting...
I0119 02:20:07.515312 11816 processor.cc:676] No data in processing queue, waiting...
I0119 02:20:07.604151  5288 master_component.cc:639] MasterComponent: complete normalizing model nwt
I0119 02:20:07.604151  5288 master_component.cc:1015] DisposeModel rwt
I0119 02:20:07.604151  5288 c_interface.cc:332] Pass FitOfflineMasterModelArgs, batch_filename_size=4, batch_weight_size=4, num_collection_passes=1 to void (__cdecl artm::core::MasterComponent::*)(class artm::FitOfflineMasterModelArgs const & __ptr64) __ptr64
I0119 02:20:07.604151  5288 master_component.cc:942] ProcessBatchesArgs: nwt_target_name=nwt, batch_filename_size=4, batch_size=0, batch_weight_size=4, pwt_source_name=pwt, num_document_passes=30, reuse_theta=no, opt_for_avx=no, predict_class_id=
I0119 02:20:07.684875   584 processor.cc:683] Processing queue has data, processing started
I0119 02:20:07.684875 10196 processor.cc:683] Processing queue has data, processing started
I0119 02:20:07.684875  3092 processor.cc:683] Processing queue has data, processing started
I0119 02:20:07.684875  6116 processor.cc:683] Processing queue has data, processing started
I0119 02:20:07.697402  6116 processor.cc:760] Processor: start processing batch 01feadb1-9dca-4ecc-8900-78b6b2c1726b into model nwt
I0119 02:20:07.706429 10196 processor.cc:760] Processor: start processing batch 0bbb922d-24b6-4b39-b053-bf906bcb1e7f into model nwt
I0119 02:20:07.706429   584 processor.cc:760] Processor: start processing batch 4b27e2ef-3bd1-44f8-8663-1336de6541de into model nwt
I0119 02:20:07.707430  3092 processor.cc:760] Processor: start processing batch fa93482d-725f-43f6-83b9-300480dc1fbb into model nwt
I0119 02:20:07.984174  6116 processor.cc:856] Processor: complete processing batch 01feadb1-9dca-4ecc-8900-78b6b2c1726b into model nwt
I0119 02:20:07.987684  6116 cuckoo_watch.h:44] 303ms in ProcessBatch(D:\artmonline\data\datasets\postnauka\batches\aaaaad.batch) [including 9ms in LoadMessage; 2ms in InitializeSparseNdw; 284ms in InferThetaAndUpdateNwtSparse; ]
I0119 02:20:08.016259  6116 processor.cc:676] No data in processing queue, waiting...
I0119 02:20:08.253901  3092 processor.cc:856] Processor: complete processing batch fa93482d-725f-43f6-83b9-300480dc1fbb into model nwt
I0119 02:20:08.262923  3092 cuckoo_watch.h:44] 578ms in ProcessBatch(D:\artmonline\data\datasets\postnauka\batches\aaaaac.batch) [including 19ms in LoadMessage; 8ms in InitializeSparseNdw; 536ms in InferThetaAndUpdateNwtSparse; ]
I0119 02:20:08.293005  3092 processor.cc:676] No data in processing queue, waiting...
I0119 02:20:08.293005   584 processor.cc:856] Processor: complete processing batch 4b27e2ef-3bd1-44f8-8663-1336de6541de into model nwt
I0119 02:20:08.295011 10196 processor.cc:856] Processor: complete processing batch 0bbb922d-24b6-4b39-b053-bf906bcb1e7f into model nwt
I0119 02:20:08.297015   584 cuckoo_watch.h:44] 612ms in ProcessBatch(D:\artmonline\data\datasets\postnauka\batches\aaaaab.batch) [including 18ms in LoadMessage; 7ms in InitializeSparseNdw; 577ms in InferThetaAndUpdateNwtSparse; ]
I0119 02:20:08.300024 10196 cuckoo_watch.h:44] 615ms in ProcessBatch(D:\artmonline\data\datasets\postnauka\batches\aaaaaa.batch) [including 18ms in LoadMessage; 8ms in InitializeSparseNdw; 579ms in InferThetaAndUpdateNwtSparse; ]
I0119 02:20:08.301028  5288 master_component.cc:991] NormalizeModelArgs: pwt_target_name=pwt, nwt_source_name=nwt, rwt_source_name=
I0119 02:20:08.301028  5288 master_component.cc:617] MasterComponent: start normalizing model nwt
I0119 02:20:08.336119   584 processor.cc:676] No data in processing queue, waiting...
I0119 02:20:08.339128 10196 processor.cc:676] No data in processing queue, waiting...
I0119 02:20:08.401834  5288 master_component.cc:639] MasterComponent: complete normalizing model nwt
I0119 02:20:08.401834  5288 master_component.cc:1015] DisposeModel rwt
I0119 02:20:08.401834  5288 c_interface.cc:332] Pass FitOfflineMasterModelArgs, batch_filename_size=4, batch_weight_size=4, num_collection_passes=1 to void (__cdecl artm::core::MasterComponent::*)(class artm::FitOfflineMasterModelArgs const & __ptr64) __ptr64
I0119 02:20:08.401834  5288 master_component.cc:942] ProcessBatchesArgs: nwt_target_name=nwt, batch_filename_size=4, batch_size=0, batch_weight_size=4, pwt_source_name=pwt, num_document_passes=30, reuse_theta=no, opt_for_avx=no, predict_class_id=
I0119 02:20:08.481721   456 processor.cc:683] Processing queue has data, processing started
I0119 02:20:08.481721  8056 processor.cc:683] Processing queue has data, processing started
I0119 02:20:08.481721 12984 processor.cc:683] Processing queue has data, processing started
I0119 02:20:08.481721 10196 processor.cc:683] Processing queue has data, processing started
I0119 02:20:08.498785 12984 processor.cc:760] Processor: start processing batch 01feadb1-9dca-4ecc-8900-78b6b2c1726b into model nwt
I0119 02:20:08.505805   456 processor.cc:760] Processor: start processing batch fa93482d-725f-43f6-83b9-300480dc1fbb into model nwt
I0119 02:20:08.505805 10196 processor.cc:760] Processor: start processing batch 4b27e2ef-3bd1-44f8-8663-1336de6541de into model nwt
I0119 02:20:08.505805  8056 processor.cc:760] Processor: start processing batch 0bbb922d-24b6-4b39-b053-bf906bcb1e7f into model nwt
I0119 02:20:08.766506 12984 processor.cc:856] Processor: complete processing batch 01feadb1-9dca-4ecc-8900-78b6b2c1726b into model nwt
I0119 02:20:08.769513 12984 cuckoo_watch.h:44] 288ms in ProcessBatch(D:\artmonline\data\datasets\postnauka\batches\aaaaad.batch) [including 13ms in LoadMessage; 2ms in InitializeSparseNdw; 264ms in InferThetaAndUpdateNwtSparse; ]
I0119 02:20:08.798593 12984 processor.cc:676] No data in processing queue, waiting...
I0119 02:20:09.104436   456 processor.cc:856] Processor: complete processing batch fa93482d-725f-43f6-83b9-300480dc1fbb into model nwt
I0119 02:20:09.115468   456 cuckoo_watch.h:44] 634ms in ProcessBatch(D:\artmonline\data\datasets\postnauka\batches\aaaaac.batch) [including 20ms in LoadMessage; 8ms in InitializeSparseNdw; 589ms in InferThetaAndUpdateNwtSparse; ]
I0119 02:20:09.157580   456 processor.cc:676] No data in processing queue, waiting...
I0119 02:20:09.197712 10196 processor.cc:856] Processor: complete processing batch 4b27e2ef-3bd1-44f8-8663-1336de6541de into model nwt
I0119 02:20:09.197712  8056 processor.cc:856] Processor: complete processing batch 0bbb922d-24b6-4b39-b053-bf906bcb1e7f into model nwt
I0119 02:20:09.209744  8056 cuckoo_watch.h:44] 728ms in ProcessBatch(D:\artmonline\data\datasets\postnauka\batches\aaaaaa.batch) [including 21ms in LoadMessage; 9ms in InitializeSparseNdw; 682ms in InferThetaAndUpdateNwtSparse; ]
I0119 02:20:09.211766 10196 cuckoo_watch.h:44] 730ms in ProcessBatch(D:\artmonline\data\datasets\postnauka\batches\aaaaab.batch) [including 19ms in LoadMessage; 9ms in InitializeSparseNdw; 681ms in InferThetaAndUpdateNwtSparse; ]
I0119 02:20:09.212759  5288 master_component.cc:991] NormalizeModelArgs: pwt_target_name=pwt, nwt_source_name=nwt, rwt_source_name=
I0119 02:20:09.212759  5288 master_component.cc:617] MasterComponent: start normalizing model nwt
I0119 02:20:09.237823 10196 processor.cc:676] No data in processing queue, waiting...
I0119 02:20:09.237823  8056 processor.cc:676] No data in processing queue, waiting...
I0119 02:20:09.358767  5288 master_component.cc:639] MasterComponent: complete normalizing model nwt
I0119 02:20:09.358767  5288 master_component.cc:1015] DisposeModel rwt
I0119 02:20:09.359771  5288 c_interface.cc:332] Pass FitOfflineMasterModelArgs, batch_filename_size=4, batch_weight_size=4, num_collection_passes=1 to void (__cdecl artm::core::MasterComponent::*)(class artm::FitOfflineMasterModelArgs const & __ptr64) __ptr64
I0119 02:20:09.359771  5288 master_component.cc:942] ProcessBatchesArgs: nwt_target_name=nwt, batch_filename_size=4, batch_size=0, batch_weight_size=4, pwt_source_name=pwt, num_document_passes=30, reuse_theta=no, opt_for_avx=no, predict_class_id=
I0119 02:20:09.439990 10196 processor.cc:683] Processing queue has data, processing started
I0119 02:20:09.439990  8056 processor.cc:683] Processing queue has data, processing started
I0119 02:20:09.439990   456 processor.cc:683] Processing queue has data, processing started
I0119 02:20:09.439990  6116 processor.cc:683] Processing queue has data, processing started
I0119 02:20:09.454023  6116 processor.cc:760] Processor: start processing batch 01feadb1-9dca-4ecc-8900-78b6b2c1726b into model nwt
I0119 02:20:09.468061   456 processor.cc:760] Processor: start processing batch fa93482d-725f-43f6-83b9-300480dc1fbb into model nwt
I0119 02:20:09.468061  8056 processor.cc:760] Processor: start processing batch 4b27e2ef-3bd1-44f8-8663-1336de6541de into model nwt
I0119 02:20:09.471070 10196 processor.cc:760] Processor: start processing batch 0bbb922d-24b6-4b39-b053-bf906bcb1e7f into model nwt
I0119 02:20:09.718739  6116 processor.cc:856] Processor: complete processing batch 01feadb1-9dca-4ecc-8900-78b6b2c1726b into model nwt
I0119 02:20:09.720746  6116 cuckoo_watch.h:44] 281ms in ProcessBatch(D:\artmonline\data\datasets\postnauka\batches\aaaaad.batch) [including 9ms in LoadMessage; 4ms in InitializeSparseNdw; 260ms in InferThetaAndUpdateNwtSparse; ]
I0119 02:20:09.774889  6116 processor.cc:676] No data in processing queue, waiting...
I0119 02:20:10.037605   456 processor.cc:856] Processor: complete processing batch fa93482d-725f-43f6-83b9-300480dc1fbb into model nwt
I0119 02:20:10.043620   456 cuckoo_watch.h:44] 603ms in ProcessBatch(D:\artmonline\data\datasets\postnauka\batches\aaaaac.batch) [including 24ms in LoadMessage; 10ms in InitializeSparseNdw; 559ms in InferThetaAndUpdateNwtSparse; ]
I0119 02:20:10.047631 10196 processor.cc:856] Processor: complete processing batch 0bbb922d-24b6-4b39-b053-bf906bcb1e7f into model nwt
I0119 02:20:10.052646 10196 cuckoo_watch.h:44] 612ms in ProcessBatch(D:\artmonline\data\datasets\postnauka\batches\aaaaaa.batch) [including 26ms in LoadMessage; 8ms in InitializeSparseNdw; 567ms in InferThetaAndUpdateNwtSparse; ]
I0119 02:20:10.057657  8056 processor.cc:856] Processor: complete processing batch 4b27e2ef-3bd1-44f8-8663-1336de6541de into model nwt
I0119 02:20:10.062671  8056 cuckoo_watch.h:44] 622ms in ProcessBatch(D:\artmonline\data\datasets\postnauka\batches\aaaaab.batch) [including 23ms in LoadMessage; 10ms in InitializeSparseNdw; 579ms in InferThetaAndUpdateNwtSparse; ]
I0119 02:20:10.064680  5288 master_component.cc:991] NormalizeModelArgs: pwt_target_name=pwt, nwt_source_name=nwt, rwt_source_name=
I0119 02:20:10.064680  5288 master_component.cc:617] MasterComponent: start normalizing model nwt
I0119 02:20:10.085734   456 processor.cc:676] No data in processing queue, waiting...
I0119 02:20:10.092252 10196 processor.cc:676] No data in processing queue, waiting...
I0119 02:20:10.102782  8056 processor.cc:676] No data in processing queue, waiting...
I0119 02:20:10.162971  5288 master_component.cc:639] MasterComponent: complete normalizing model nwt
I0119 02:20:10.162971  5288 master_component.cc:1015] DisposeModel rwt
I0119 02:20:10.162971  5288 c_interface.cc:332] Pass FitOfflineMasterModelArgs, batch_filename_size=4, batch_weight_size=4, num_collection_passes=1 to void (__cdecl artm::core::MasterComponent::*)(class artm::FitOfflineMasterModelArgs const & __ptr64) __ptr64
I0119 02:20:10.163975  5288 master_component.cc:942] ProcessBatchesArgs: nwt_target_name=nwt, batch_filename_size=4, batch_size=0, batch_weight_size=4, pwt_source_name=pwt, num_document_passes=30, reuse_theta=no, opt_for_avx=no, predict_class_id=
I0119 02:20:10.275355   584 processor.cc:683] Processing queue has data, processing started
I0119 02:20:10.275355 10196 processor.cc:683] Processing queue has data, processing started
I0119 02:20:10.275355  6116 processor.cc:683] Processing queue has data, processing started
I0119 02:20:10.275355   456 processor.cc:683] Processing queue has data, processing started
I0119 02:20:10.292419 10196 processor.cc:760] Processor: start processing batch 01feadb1-9dca-4ecc-8900-78b6b2c1726b into model nwt
I0119 02:20:10.301945  6116 processor.cc:760] Processor: start processing batch 4b27e2ef-3bd1-44f8-8663-1336de6541de into model nwt
I0119 02:20:10.302949   456 processor.cc:760] Processor: start processing batch fa93482d-725f-43f6-83b9-300480dc1fbb into model nwt
I0119 02:20:10.302949   584 processor.cc:760] Processor: start processing batch 0bbb922d-24b6-4b39-b053-bf906bcb1e7f into model nwt
I0119 02:20:10.616791 10196 processor.cc:856] Processor: complete processing batch 01feadb1-9dca-4ecc-8900-78b6b2c1726b into model nwt
I0119 02:20:10.619798 10196 cuckoo_watch.h:44] 344ms in ProcessBatch(D:\artmonline\data\datasets\postnauka\batches\aaaaad.batch) [including 12ms in LoadMessage; 2ms in InitializeSparseNdw; 321ms in InferThetaAndUpdateNwtSparse; ]
I0119 02:20:10.648875 10196 processor.cc:676] No data in processing queue, waiting...
I0119 02:20:10.873479   456 processor.cc:856] Processor: complete processing batch fa93482d-725f-43f6-83b9-300480dc1fbb into model nwt
I0119 02:20:10.879498   456 cuckoo_watch.h:44] 604ms in ProcessBatch(D:\artmonline\data\datasets\postnauka\batches\aaaaac.batch) [including 22ms in LoadMessage; 9ms in InitializeSparseNdw; 560ms in InferThetaAndUpdateNwtSparse; ]
I0119 02:20:10.884011  6116 processor.cc:856] Processor: complete processing batch 4b27e2ef-3bd1-44f8-8663-1336de6541de into model nwt
I0119 02:20:10.889524  6116 cuckoo_watch.h:44] 614ms in ProcessBatch(D:\artmonline\data\datasets\postnauka\batches\aaaaab.batch) [including 21ms in LoadMessage; 7ms in InitializeSparseNdw; 573ms in InferThetaAndUpdateNwtSparse; ]
I0119 02:20:10.891028   584 processor.cc:856] Processor: complete processing batch 0bbb922d-24b6-4b39-b053-bf906bcb1e7f into model nwt
I0119 02:20:10.895541   584 cuckoo_watch.h:44] 620ms in ProcessBatch(D:\artmonline\data\datasets\postnauka\batches\aaaaaa.batch) [including 23ms in LoadMessage; 8ms in InitializeSparseNdw; 578ms in InferThetaAndUpdateNwtSparse; ]
I0119 02:20:10.896545  5288 master_component.cc:991] NormalizeModelArgs: pwt_target_name=pwt, nwt_source_name=nwt, rwt_source_name=
I0119 02:20:10.896545  5288 master_component.cc:617] MasterComponent: start normalizing model nwt
I0119 02:20:10.909579   456 processor.cc:676] No data in processing queue, waiting...
I0119 02:20:10.918603  6116 processor.cc:676] No data in processing queue, waiting...
I0119 02:20:10.925622   584 processor.cc:676] No data in processing queue, waiting...
I0119 02:20:11.000833  5288 master_component.cc:639] MasterComponent: complete normalizing model nwt
I0119 02:20:11.000833  5288 master_component.cc:1015] DisposeModel rwt
I0119 02:20:11.000833  5288 c_interface.cc:332] Pass FitOfflineMasterModelArgs, batch_filename_size=4, batch_weight_size=4, num_collection_passes=1 to void (__cdecl artm::core::MasterComponent::*)(class artm::FitOfflineMasterModelArgs const & __ptr64) __ptr64
I0119 02:20:11.000833  5288 master_component.cc:942] ProcessBatchesArgs: nwt_target_name=nwt, batch_filename_size=4, batch_size=0, batch_weight_size=4, pwt_source_name=pwt, num_document_passes=30, reuse_theta=no, opt_for_avx=no, predict_class_id=
I0119 02:20:11.090075  3092 processor.cc:683] Processing queue has data, processing started
I0119 02:20:11.090075 10196 processor.cc:683] Processing queue has data, processing started
I0119 02:20:11.091078   456 processor.cc:683] Processing queue has data, processing started
I0119 02:20:11.091078 12984 processor.cc:683] Processing queue has data, processing started
I0119 02:20:11.106122 12984 processor.cc:760] Processor: start processing batch 01feadb1-9dca-4ecc-8900-78b6b2c1726b into model nwt
I0119 02:20:11.118152   456 processor.cc:760] Processor: start processing batch fa93482d-725f-43f6-83b9-300480dc1fbb into model nwt
I0119 02:20:11.119154  3092 processor.cc:760] Processor: start processing batch 4b27e2ef-3bd1-44f8-8663-1336de6541de into model nwt
I0119 02:20:11.121161 10196 processor.cc:760] Processor: start processing batch 0bbb922d-24b6-4b39-b053-bf906bcb1e7f into model nwt
I0119 02:20:11.459070 12984 processor.cc:856] Processor: complete processing batch 01feadb1-9dca-4ecc-8900-78b6b2c1726b into model nwt
I0119 02:20:11.462077 12984 cuckoo_watch.h:44] 371ms in ProcessBatch(D:\artmonline\data\datasets\postnauka\batches\aaaaad.batch) [including 11ms in LoadMessage; 2ms in InitializeSparseNdw; 350ms in InferThetaAndUpdateNwtSparse; ]
I0119 02:20:11.487653 12984 processor.cc:676] No data in processing queue, waiting...
