I0119 00:07:51.341925  6152 master_component.cc:991] NormalizeModelArgs: pwt_target_name=pwt, nwt_source_name=nwt, rwt_source_name=
I0119 00:07:51.341925  6152 master_component.cc:617] MasterComponent: start normalizing model nwt
I0119 00:07:51.357467 12656 processor.cc:668] Processor thread stopped
I0119 00:07:51.357467 12656 processor.cc:669] Total number of processed batches: 9
I0119 00:07:51.373008  6296 processor.cc:668] Processor thread stopped
I0119 00:07:51.373008  6296 processor.cc:669] Total number of processed batches: 2
I0119 00:07:51.388550  9424 processor.cc:668] Processor thread stopped
I0119 00:07:51.388550  9424 processor.cc:669] Total number of processed batches: 6
I0119 00:07:51.404093  1020 processor.cc:668] Processor thread stopped
I0119 00:07:51.404093  1020 processor.cc:669] Total number of processed batches: 9
I0119 00:07:51.419632 12352 processor.cc:668] Processor thread stopped
I0119 00:07:51.419632 12352 processor.cc:669] Total number of processed batches: 6
I0119 00:07:51.432667  6152 master_component.cc:639] MasterComponent: complete normalizing model nwt
I0119 00:07:51.432667  6152 master_component.cc:1015] DisposeModel rwt
I0119 00:07:51.433168  6152 c_interface.cc:332] Pass FitOfflineMasterModelArgs, batch_filename_size=4, batch_weight_size=4, num_collection_passes=1 to void (__cdecl artm::core::MasterComponent::*)(class artm::FitOfflineMasterModelArgs const & __ptr64) __ptr64
I0119 00:07:51.433168  6152 master_component.cc:942] ProcessBatchesArgs: nwt_target_name=nwt, batch_filename_size=4, batch_size=0, batch_weight_size=4, pwt_source_name=pwt, num_document_passes=10, reuse_theta=no, opt_for_avx=no, predict_class_id=
I0119 00:07:51.435174  8320 processor.cc:676] No data in processing queue, waiting...
I0119 00:07:51.435174 12052 processor.cc:668] Processor thread stopped
I0119 00:07:51.435174 12052 processor.cc:669] Total number of processed batches: 1
I0119 00:07:51.450744 14208 processor.cc:668] Processor thread stopped
I0119 00:07:51.450744 14208 processor.cc:669] Total number of processed batches: 2
I0119 00:07:51.466256  2516 processor.cc:668] Processor thread stopped
I0119 00:07:51.466256  2516 processor.cc:669] Total number of processed batches: 5
I0119 00:07:51.512995  6740 c_interface.cc:283] Disposing MasterComponent (id=3)...
I0119 00:07:51.543612 12476 processor.cc:683] Processing queue has data, processing started
I0119 00:07:51.543612 10420 processor.cc:683] Processing queue has data, processing started
I0119 00:07:51.556612 12476 processor.cc:760] Processor: start processing batch 01feadb1-9dca-4ecc-8900-78b6b2c1726b into model nwt
I0119 00:07:51.566138  9120 processor.cc:760] Processor: start processing batch fa93482d-725f-43f6-83b9-300480dc1fbb into model nwt
I0119 00:07:51.571152 13092 processor.cc:760] Processor: start processing batch 0bbb922d-24b6-4b39-b053-bf906bcb1e7f into model nwt
I0119 00:07:51.573659 10420 processor.cc:760] Processor: start processing batch 4b27e2ef-3bd1-44f8-8663-1336de6541de into model nwt
I0119 00:07:51.605741   692 processor.cc:676] No data in processing queue, waiting...
I0119 00:07:51.699992 12476 processor.cc:856] Processor: complete processing batch 01feadb1-9dca-4ecc-8900-78b6b2c1726b into model nwt
I0119 00:07:51.703001 12476 cuckoo_watch.h:44] 159ms in ProcessBatch(D:\artmonline\data\datasets\postnauka\batches\aaaaad.batch) [including 9ms in LoadMessage; 3ms in InitializeSparseNdw; 139ms in InferThetaAndUpdateNwtSparse; ]
I0119 00:07:51.813796  9120 processor.cc:856] Processor: complete processing batch fa93482d-725f-43f6-83b9-300480dc1fbb into model nwt
I0119 00:07:51.817807  9120 cuckoo_watch.h:44] 274ms in ProcessBatch(D:\artmonline\data\datasets\postnauka\batches\aaaaac.batch) [including 18ms in LoadMessage; 7ms in InitializeSparseNdw; 239ms in InferThetaAndUpdateNwtSparse; ]
I0119 00:07:51.820816 13092 processor.cc:856] Processor: complete processing batch 0bbb922d-24b6-4b39-b053-bf906bcb1e7f into model nwt
I0119 00:07:51.824826 13092 cuckoo_watch.h:44] 281ms in ProcessBatch(D:\artmonline\data\datasets\postnauka\batches\aaaaaa.batch) [including 21ms in LoadMessage; 8ms in InitializeSparseNdw; 241ms in InferThetaAndUpdateNwtSparse; ]
I0119 00:07:51.826335 10420 processor.cc:856] Processor: complete processing batch 4b27e2ef-3bd1-44f8-8663-1336de6541de into model nwt
I0119 00:07:51.832345 10420 cuckoo_watch.h:44] 288ms in ProcessBatch(D:\artmonline\data\datasets\postnauka\batches\aaaaab.batch) [including 23ms in LoadMessage; 7ms in InitializeSparseNdw; 244ms in InferThetaAndUpdateNwtSparse; ]
I0119 00:07:51.833853  6152 master_component.cc:991] NormalizeModelArgs: pwt_target_name=pwt, nwt_source_name=nwt, rwt_source_name=
I0119 00:07:51.833853  6152 master_component.cc:617] MasterComponent: start normalizing model nwt
I0119 00:07:51.923588  6152 master_component.cc:639] MasterComponent: complete normalizing model nwt
I0119 00:07:51.924089  6152 master_component.cc:1015] DisposeModel rwt
I0119 00:07:51.924089  6152 c_interface.cc:332] Pass FitOfflineMasterModelArgs, batch_filename_size=4, batch_weight_size=4, num_collection_passes=1 to void (__cdecl artm::core::MasterComponent::*)(class artm::FitOfflineMasterModelArgs const & __ptr64) __ptr64
I0119 00:07:51.924089  6152 master_component.cc:942] ProcessBatchesArgs: nwt_target_name=nwt, batch_filename_size=4, batch_size=0, batch_weight_size=4, pwt_source_name=pwt, num_document_passes=10, reuse_theta=no, opt_for_avx=no, predict_class_id=
I0119 00:07:51.927098 12476 processor.cc:676] No data in processing queue, waiting...
I0119 00:07:52.004874  8700 processor.cc:683] Processing queue has data, processing started
I0119 00:07:52.004874 12476 processor.cc:683] Processing queue has data, processing started
I0119 00:07:52.017336  8700 processor.cc:760] Processor: start processing batch 01feadb1-9dca-4ecc-8900-78b6b2c1726b into model nwt
I0119 00:07:52.026360 10420 processor.cc:760] Processor: start processing batch 4b27e2ef-3bd1-44f8-8663-1336de6541de into model nwt
I0119 00:07:52.026360 13092 processor.cc:760] Processor: start processing batch 0bbb922d-24b6-4b39-b053-bf906bcb1e7f into model nwt
I0119 00:07:52.026360 12476 processor.cc:760] Processor: start processing batch fa93482d-725f-43f6-83b9-300480dc1fbb into model nwt
I0119 00:07:52.113593  9120 processor.cc:676] No data in processing queue, waiting...
I0119 00:07:52.141165  8700 processor.cc:856] Processor: complete processing batch 01feadb1-9dca-4ecc-8900-78b6b2c1726b into model nwt
I0119 00:07:52.143170  8700 cuckoo_watch.h:44] 138ms in ProcessBatch(D:\artmonline\data\datasets\postnauka\batches\aaaaad.batch) [including 8ms in LoadMessage; 2ms in InitializeSparseNdw; 121ms in InferThetaAndUpdateNwtSparse; ]
I0119 00:07:52.255970 13092 processor.cc:856] Processor: complete processing batch 0bbb922d-24b6-4b39-b053-bf906bcb1e7f into model nwt
I0119 00:07:52.259981 13092 cuckoo_watch.h:44] 254ms in ProcessBatch(D:\artmonline\data\datasets\postnauka\batches\aaaaaa.batch) [including 17ms in LoadMessage; 8ms in InitializeSparseNdw; 220ms in InferThetaAndUpdateNwtSparse; ]
I0119 00:07:52.267001 12476 processor.cc:856] Processor: complete processing batch fa93482d-725f-43f6-83b9-300480dc1fbb into model nwt
I0119 00:07:52.270009 10420 processor.cc:856] Processor: complete processing batch 4b27e2ef-3bd1-44f8-8663-1336de6541de into model nwt
I0119 00:07:52.272013 12476 cuckoo_watch.h:44] 266ms in ProcessBatch(D:\artmonline\data\datasets\postnauka\batches\aaaaac.batch) [including 18ms in LoadMessage; 8ms in InitializeSparseNdw; 232ms in InferThetaAndUpdateNwtSparse; ]
I0119 00:07:52.272013 10420 cuckoo_watch.h:44] 271ms in ProcessBatch(D:\artmonline\data\datasets\postnauka\batches\aaaaab.batch) [including 18ms in LoadMessage; 9ms in InitializeSparseNdw; 233ms in InferThetaAndUpdateNwtSparse; ]
I0119 00:07:52.287644  6152 master_component.cc:991] NormalizeModelArgs: pwt_target_name=pwt, nwt_source_name=nwt, rwt_source_name=
I0119 00:07:52.287644  6152 master_component.cc:617] MasterComponent: start normalizing model nwt
I0119 00:07:52.371366  8700 processor.cc:676] No data in processing queue, waiting...
I0119 00:07:52.382866  6152 master_component.cc:639] MasterComponent: complete normalizing model nwt
I0119 00:07:52.382866  6152 master_component.cc:1015] DisposeModel rwt
I0119 00:07:52.382866  6152 c_interface.cc:332] Pass FitOfflineMasterModelArgs, batch_filename_size=4, batch_weight_size=4, num_collection_passes=1 to void (__cdecl artm::core::MasterComponent::*)(class artm::FitOfflineMasterModelArgs const & __ptr64) __ptr64
I0119 00:07:52.382866  6152 master_component.cc:942] ProcessBatchesArgs: nwt_target_name=nwt, batch_filename_size=4, batch_size=0, batch_weight_size=4, pwt_source_name=pwt, num_document_passes=10, reuse_theta=no, opt_for_avx=no, predict_class_id=
I0119 00:07:52.390499 13092 processor.cc:676] No data in processing queue, waiting...
I0119 00:07:52.392506 10420 processor.cc:676] No data in processing queue, waiting...
I0119 00:07:52.392506 12476 processor.cc:676] No data in processing queue, waiting...
I0119 00:07:52.595069  8320 processor.cc:683] Processing queue has data, processing started
I0119 00:07:52.595069  8700 processor.cc:683] Processing queue has data, processing started
I0119 00:07:52.595069 13092 processor.cc:683] Processing queue has data, processing started
I0119 00:07:52.596072 12476 processor.cc:683] Processing queue has data, processing started
I0119 00:07:52.611110 12476 processor.cc:760] Processor: start processing batch 01feadb1-9dca-4ecc-8900-78b6b2c1726b into model nwt
I0119 00:07:52.621137 13092 processor.cc:760] Processor: start processing batch 4b27e2ef-3bd1-44f8-8663-1336de6541de into model nwt
I0119 00:07:52.628159  8700 processor.cc:760] Processor: start processing batch fa93482d-725f-43f6-83b9-300480dc1fbb into model nwt
I0119 00:07:52.631168  8320 processor.cc:760] Processor: start processing batch 0bbb922d-24b6-4b39-b053-bf906bcb1e7f into model nwt
I0119 00:07:52.772603 12476 processor.cc:856] Processor: complete processing batch 01feadb1-9dca-4ecc-8900-78b6b2c1726b into model nwt
I0119 00:07:52.772603 12476 cuckoo_watch.h:44] 190ms in ProcessBatch(D:\artmonline\data\datasets\postnauka\batches\aaaaad.batch) [including 10ms in LoadMessage; 2ms in InitializeSparseNdw; 169ms in InferThetaAndUpdateNwtSparse; ]
I0119 00:07:52.919782  8700 processor.cc:856] Processor: complete processing batch fa93482d-725f-43f6-83b9-300480dc1fbb into model nwt
I0119 00:07:52.919782  8700 cuckoo_watch.h:44] 338ms in ProcessBatch(D:\artmonline\data\datasets\postnauka\batches\aaaaac.batch) [including 27ms in LoadMessage; 14ms in InitializeSparseNdw; 287ms in InferThetaAndUpdateNwtSparse; ]
I0119 00:07:52.935406  8320 processor.cc:856] Processor: complete processing batch 0bbb922d-24b6-4b39-b053-bf906bcb1e7f into model nwt
I0119 00:07:52.935406  8320 cuckoo_watch.h:44] 346ms in ProcessBatch(D:\artmonline\data\datasets\postnauka\batches\aaaaaa.batch) [including 27ms in LoadMessage; 13ms in InitializeSparseNdw; 292ms in InferThetaAndUpdateNwtSparse; ]
I0119 00:07:52.935406 13092 processor.cc:856] Processor: complete processing batch 4b27e2ef-3bd1-44f8-8663-1336de6541de into model nwt
I0119 00:07:52.951033 13092 cuckoo_watch.h:44] 359ms in ProcessBatch(D:\artmonline\data\datasets\postnauka\batches\aaaaab.batch) [including 21ms in LoadMessage; 8ms in InitializeSparseNdw; 316ms in InferThetaAndUpdateNwtSparse; ]
I0119 00:07:52.966662  6152 master_component.cc:991] NormalizeModelArgs: pwt_target_name=pwt, nwt_source_name=nwt, rwt_source_name=
I0119 00:07:52.966662  6152 master_component.cc:617] MasterComponent: start normalizing model nwt
I0119 00:07:53.051322  6152 master_component.cc:639] MasterComponent: complete normalizing model nwt
I0119 00:07:53.051322  6152 master_component.cc:1015] DisposeModel rwt
I0119 00:07:53.051322  6152 c_interface.cc:332] Pass FitOfflineMasterModelArgs, batch_filename_size=4, batch_weight_size=4, num_collection_passes=1 to void (__cdecl artm::core::MasterComponent::*)(class artm::FitOfflineMasterModelArgs const & __ptr64) __ptr64
I0119 00:07:53.051322  6152 master_component.cc:942] ProcessBatchesArgs: nwt_target_name=nwt, batch_filename_size=4, batch_size=0, batch_weight_size=4, pwt_source_name=pwt, num_document_passes=10, reuse_theta=no, opt_for_avx=no, predict_class_id=
I0119 00:07:53.088695 12476 processor.cc:676] No data in processing queue, waiting...
I0119 00:07:53.135557 10420 processor.cc:683] Processing queue has data, processing started
I0119 00:07:53.135557 11088 processor.cc:683] Processing queue has data, processing started
I0119 00:07:53.135557 10420 processor.cc:760] Processor: start processing batch 01feadb1-9dca-4ecc-8900-78b6b2c1726b into model nwt
I0119 00:07:53.151167  8320 processor.cc:760] Processor: start processing batch fa93482d-725f-43f6-83b9-300480dc1fbb into model nwt
I0119 00:07:53.166797 11088 processor.cc:760] Processor: start processing batch 0bbb922d-24b6-4b39-b053-bf906bcb1e7f into model nwt
I0119 00:07:53.166797 13092 processor.cc:760] Processor: start processing batch 4b27e2ef-3bd1-44f8-8663-1336de6541de into model nwt
I0119 00:07:53.235780  8700 processor.cc:676] No data in processing queue, waiting...
I0119 00:07:53.289185 10420 processor.cc:856] Processor: complete processing batch 01feadb1-9dca-4ecc-8900-78b6b2c1726b into model nwt
I0119 00:07:53.289185 10420 cuckoo_watch.h:44] 163ms in ProcessBatch(D:\artmonline\data\datasets\postnauka\batches\aaaaad.batch) [including 9ms in LoadMessage; 2ms in InitializeSparseNdw; 146ms in InferThetaAndUpdateNwtSparse; ]
I0119 00:07:53.418503  8320 processor.cc:856] Processor: complete processing batch fa93482d-725f-43f6-83b9-300480dc1fbb into model nwt
I0119 00:07:53.422513  8320 cuckoo_watch.h:44] 287ms in ProcessBatch(D:\artmonline\data\datasets\postnauka\batches\aaaaac.batch) [including 16ms in LoadMessage; 4ms in InitializeSparseNdw; 257ms in InferThetaAndUpdateNwtSparse; ]
I0119 00:07:53.423014 13092 processor.cc:856] Processor: complete processing batch 4b27e2ef-3bd1-44f8-8663-1336de6541de into model nwt
I0119 00:07:53.426553 13092 cuckoo_watch.h:44] 291ms in ProcessBatch(D:\artmonline\data\datasets\postnauka\batches\aaaaab.batch) [including 27ms in LoadMessage; 6ms in InitializeSparseNdw; 249ms in InferThetaAndUpdateNwtSparse; ]
I0119 00:07:53.434082 11088 processor.cc:856] Processor: complete processing batch 0bbb922d-24b6-4b39-b053-bf906bcb1e7f into model nwt
I0119 00:07:53.441092 11088 cuckoo_watch.h:44] 305ms in ProcessBatch(D:\artmonline\data\datasets\postnauka\batches\aaaaaa.batch) [including 27ms in LoadMessage; 8ms in InitializeSparseNdw; 258ms in InferThetaAndUpdateNwtSparse; ]
I0119 00:07:53.445106  6152 master_component.cc:991] NormalizeModelArgs: pwt_target_name=pwt, nwt_source_name=nwt, rwt_source_name=
I0119 00:07:53.445106  6152 master_component.cc:617] MasterComponent: start normalizing model nwt
I0119 00:07:53.517292 10420 processor.cc:676] No data in processing queue, waiting...
I0119 00:07:53.539855  6152 master_component.cc:639] MasterComponent: complete normalizing model nwt
I0119 00:07:53.540359  6152 master_component.cc:1015] DisposeModel rwt
I0119 00:07:53.540359  6152 c_interface.cc:332] Pass FitOfflineMasterModelArgs, batch_filename_size=4, batch_weight_size=4, num_collection_passes=1 to void (__cdecl artm::core::MasterComponent::*)(class artm::FitOfflineMasterModelArgs const & __ptr64) __ptr64
I0119 00:07:53.540359  6152 master_component.cc:942] ProcessBatchesArgs: nwt_target_name=nwt, batch_filename_size=4, batch_size=0, batch_weight_size=4, pwt_source_name=pwt, num_document_passes=10, reuse_theta=no, opt_for_avx=no, predict_class_id=
I0119 00:07:53.555511 13092 processor.cc:676] No data in processing queue, waiting...
I0119 00:07:53.555511  8320 processor.cc:676] No data in processing queue, waiting...
I0119 00:07:53.557517 11088 processor.cc:676] No data in processing queue, waiting...
I0119 00:07:53.630822 12476 processor.cc:683] Processing queue has data, processing started
I0119 00:07:53.630822  8700 processor.cc:683] Processing queue has data, processing started
I0119 00:07:53.630822   692 processor.cc:683] Processing queue has data, processing started
I0119 00:07:53.630822 13092 processor.cc:683] Processing queue has data, processing started
I0119 00:07:53.649817   692 processor.cc:760] Processor: start processing batch 01feadb1-9dca-4ecc-8900-78b6b2c1726b into model nwt
I0119 00:07:53.649817 13092 processor.cc:760] Processor: start processing batch fa93482d-725f-43f6-83b9-300480dc1fbb into model nwt
I0119 00:07:53.649817  8700 processor.cc:760] Processor: start processing batch 4b27e2ef-3bd1-44f8-8663-1336de6541de into model nwt
I0119 00:07:53.649817 12476 processor.cc:760] Processor: start processing batch 0bbb922d-24b6-4b39-b053-bf906bcb1e7f into model nwt
I0119 00:07:53.750104   692 processor.cc:856] Processor: complete processing batch 01feadb1-9dca-4ecc-8900-78b6b2c1726b into model nwt
I0119 00:07:53.750104   692 cuckoo_watch.h:44] 132ms in ProcessBatch(D:\artmonline\data\datasets\postnauka\batches\aaaaad.batch) [including 14ms in LoadMessage; 3ms in InitializeSparseNdw; 107ms in InferThetaAndUpdateNwtSparse; ]
I0119 00:07:53.897934  8700 processor.cc:856] Processor: complete processing batch 4b27e2ef-3bd1-44f8-8663-1336de6541de into model nwt
I0119 00:07:53.902446  8700 cuckoo_watch.h:44] 271ms in ProcessBatch(D:\artmonline\data\datasets\postnauka\batches\aaaaab.batch) [including 17ms in LoadMessage; 8ms in InitializeSparseNdw; 235ms in InferThetaAndUpdateNwtSparse; ]
I0119 00:07:53.903949 12476 processor.cc:856] Processor: complete processing batch 0bbb922d-24b6-4b39-b053-bf906bcb1e7f into model nwt
I0119 00:07:53.906457 13092 processor.cc:856] Processor: complete processing batch fa93482d-725f-43f6-83b9-300480dc1fbb into model nwt
I0119 00:07:53.908462 12476 cuckoo_watch.h:44] 277ms in ProcessBatch(D:\artmonline\data\datasets\postnauka\batches\aaaaaa.batch) [including 26ms in LoadMessage; 6ms in InitializeSparseNdw; 233ms in InferThetaAndUpdateNwtSparse; ]
I0119 00:07:53.913473 13092 cuckoo_watch.h:44] 282ms in ProcessBatch(D:\artmonline\data\datasets\postnauka\batches\aaaaac.batch) [including 18ms in LoadMessage; 8ms in InitializeSparseNdw; 244ms in InferThetaAndUpdateNwtSparse; ]
I0119 00:07:53.921495  6152 master_component.cc:991] NormalizeModelArgs: pwt_target_name=pwt, nwt_source_name=nwt, rwt_source_name=
I0119 00:07:53.921495  6152 master_component.cc:617] MasterComponent: start normalizing model nwt
I0119 00:07:54.032310  6152 master_component.cc:639] MasterComponent: complete normalizing model nwt
I0119 00:07:54.032310  6152 master_component.cc:1015] DisposeModel rwt
I0119 00:07:54.032812  6152 c_interface.cc:332] Pass FitOfflineMasterModelArgs, batch_filename_size=4, batch_weight_size=4, num_collection_passes=1 to void (__cdecl artm::core::MasterComponent::*)(class artm::FitOfflineMasterModelArgs const & __ptr64) __ptr64
I0119 00:07:54.032812  6152 master_component.cc:942] ProcessBatchesArgs: nwt_target_name=nwt, batch_filename_size=4, batch_size=0, batch_weight_size=4, pwt_source_name=pwt, num_document_passes=10, reuse_theta=no, opt_for_avx=no, predict_class_id=
I0119 00:07:54.049857   692 processor.cc:676] No data in processing queue, waiting...
I0119 00:07:54.112056 10420 processor.cc:683] Processing queue has data, processing started
I0119 00:07:54.112056  9120 processor.cc:683] Processing queue has data, processing started
I0119 00:07:54.112056 11088 processor.cc:683] Processing queue has data, processing started
I0119 00:07:54.127564  8320 processor.cc:683] Processing queue has data, processing started
I0119 00:07:54.134080 10420 processor.cc:760] Processor: start processing batch 4b27e2ef-3bd1-44f8-8663-1336de6541de into model nwt
I0119 00:07:54.143105  9120 processor.cc:760] Processor: start processing batch 0bbb922d-24b6-4b39-b053-bf906bcb1e7f into model nwt
I0119 00:07:54.143105 11088 processor.cc:760] Processor: start processing batch fa93482d-725f-43f6-83b9-300480dc1fbb into model nwt
I0119 00:07:54.148119  8320 processor.cc:760] Processor: start processing batch 01feadb1-9dca-4ecc-8900-78b6b2c1726b into model nwt
I0119 00:07:54.189764  8700 processor.cc:676] No data in processing queue, waiting...
I0119 00:07:54.205303 12476 processor.cc:676] No data in processing queue, waiting...
I0119 00:07:54.205303 13092 processor.cc:676] No data in processing queue, waiting...
I0119 00:07:54.263926  8320 processor.cc:856] Processor: complete processing batch 01feadb1-9dca-4ecc-8900-78b6b2c1726b into model nwt
I0119 00:07:54.265931  8320 cuckoo_watch.h:44] 138ms in ProcessBatch(D:\artmonline\data\datasets\postnauka\batches\aaaaad.batch) [including 14ms in LoadMessage; 2ms in InitializeSparseNdw; 113ms in InferThetaAndUpdateNwtSparse; ]
I0119 00:07:54.381739  9120 processor.cc:856] Processor: complete processing batch 0bbb922d-24b6-4b39-b053-bf906bcb1e7f into model nwt
I0119 00:07:54.382741 10420 processor.cc:856] Processor: complete processing batch 4b27e2ef-3bd1-44f8-8663-1336de6541de into model nwt
I0119 00:07:54.385782  9120 cuckoo_watch.h:44] 273ms in ProcessBatch(D:\artmonline\data\datasets\postnauka\batches\aaaaaa.batch) [including 26ms in LoadMessage; 8ms in InitializeSparseNdw; 229ms in InferThetaAndUpdateNwtSparse; ]
I0119 00:07:54.387289 10420 cuckoo_watch.h:44] 275ms in ProcessBatch(D:\artmonline\data\datasets\postnauka\batches\aaaaab.batch) [including 17ms in LoadMessage; 7ms in InitializeSparseNdw; 240ms in InferThetaAndUpdateNwtSparse; ]
I0119 00:07:54.390295 11088 processor.cc:856] Processor: complete processing batch fa93482d-725f-43f6-83b9-300480dc1fbb into model nwt
I0119 00:07:54.397315 11088 cuckoo_watch.h:44] 285ms in ProcessBatch(D:\artmonline\data\datasets\postnauka\batches\aaaaac.batch) [including 26ms in LoadMessage; 6ms in InitializeSparseNdw; 239ms in InferThetaAndUpdateNwtSparse; ]
I0119 00:07:54.407378  6152 master_component.cc:991] NormalizeModelArgs: pwt_target_name=pwt, nwt_source_name=nwt, rwt_source_name=
I0119 00:07:54.407378  6152 master_component.cc:617] MasterComponent: start normalizing model nwt
I0119 00:07:54.502060  6152 master_component.cc:639] MasterComponent: complete normalizing model nwt
I0119 00:07:54.502060  6152 master_component.cc:1015] DisposeModel rwt
I0119 00:07:54.502060  6152 c_interface.cc:332] Pass FitOfflineMasterModelArgs, batch_filename_size=4, batch_weight_size=4, num_collection_passes=1 to void (__cdecl artm::core::MasterComponent::*)(class artm::FitOfflineMasterModelArgs const & __ptr64) __ptr64
I0119 00:07:54.502060  6152 master_component.cc:942] ProcessBatchesArgs: nwt_target_name=nwt, batch_filename_size=4, batch_size=0, batch_weight_size=4, pwt_source_name=pwt, num_document_passes=10, reuse_theta=no, opt_for_avx=no, predict_class_id=
I0119 00:07:54.547180  8320 processor.cc:676] No data in processing queue, waiting...
I0119 00:07:54.578341 13092 processor.cc:683] Processing queue has data, processing started
I0119 00:07:54.578341 12476 processor.cc:683] Processing queue has data, processing started
I0119 00:07:54.578341  8700 processor.cc:683] Processing queue has data, processing started
I0119 00:07:54.590795 10420 processor.cc:760] Processor: start processing batch 01feadb1-9dca-4ecc-8900-78b6b2c1726b into model nwt
I0119 00:07:54.596815  8700 processor.cc:760] Processor: start processing batch 0bbb922d-24b6-4b39-b053-bf906bcb1e7f into model nwt
I0119 00:07:54.596815 12476 processor.cc:760] Processor: start processing batch 4b27e2ef-3bd1-44f8-8663-1336de6541de into model nwt
I0119 00:07:54.596815 13092 processor.cc:760] Processor: start processing batch fa93482d-725f-43f6-83b9-300480dc1fbb into model nwt
I0119 00:07:54.674950  9120 processor.cc:676] No data in processing queue, waiting...
I0119 00:07:54.690578 11088 processor.cc:676] No data in processing queue, waiting...
I0119 00:07:54.703125 10420 processor.cc:856] Processor: complete processing batch 01feadb1-9dca-4ecc-8900-78b6b2c1726b into model nwt
I0119 00:07:54.705122 10420 cuckoo_watch.h:44] 126ms in ProcessBatch(D:\artmonline\data\datasets\postnauka\batches\aaaaad.batch) [including 9ms in LoadMessage; 2ms in InitializeSparseNdw; 109ms in InferThetaAndUpdateNwtSparse; ]
I0119 00:07:54.834465 13092 processor.cc:856] Processor: complete processing batch fa93482d-725f-43f6-83b9-300480dc1fbb into model nwt
I0119 00:07:54.838475  8700 processor.cc:856] Processor: complete processing batch 0bbb922d-24b6-4b39-b053-bf906bcb1e7f into model nwt
I0119 00:07:54.838977 13092 cuckoo_watch.h:44] 260ms in ProcessBatch(D:\artmonline\data\datasets\postnauka\batches\aaaaac.batch) [including 18ms in LoadMessage; 7ms in InitializeSparseNdw; 224ms in InferThetaAndUpdateNwtSparse; ]
I0119 00:07:54.841984  8700 cuckoo_watch.h:44] 263ms in ProcessBatch(D:\artmonline\data\datasets\postnauka\batches\aaaaaa.batch) [including 17ms in LoadMessage; 7ms in InitializeSparseNdw; 230ms in InferThetaAndUpdateNwtSparse; ]
I0119 00:07:54.846027 12476 processor.cc:856] Processor: complete processing batch 4b27e2ef-3bd1-44f8-8663-1336de6541de into model nwt
I0119 00:07:54.853045 12476 cuckoo_watch.h:44] 274ms in ProcessBatch(D:\artmonline\data\datasets\postnauka\batches\aaaaab.batch) [including 17ms in LoadMessage; 8ms in InitializeSparseNdw; 236ms in InferThetaAndUpdateNwtSparse; ]
I0119 00:07:54.861574  6152 master_component.cc:991] NormalizeModelArgs: pwt_target_name=pwt, nwt_source_name=nwt, rwt_source_name=
I0119 00:07:54.861574  6152 master_component.cc:617] MasterComponent: start normalizing model nwt
I0119 00:07:54.976876  6152 master_component.cc:639] MasterComponent: complete normalizing model nwt
I0119 00:07:54.976876  6152 master_component.cc:1015] DisposeModel rwt
I0119 00:07:54.977376  6152 c_interface.cc:332] Pass FitOfflineMasterModelArgs, batch_filename_size=4, batch_weight_size=4, num_collection_passes=1 to void (__cdecl artm::core::MasterComponent::*)(class artm::FitOfflineMasterModelArgs const & __ptr64) __ptr64
I0119 00:07:54.977376  6152 master_component.cc:942] ProcessBatchesArgs: nwt_target_name=nwt, batch_filename_size=4, batch_size=0, batch_weight_size=4, pwt_source_name=pwt, num_document_passes=10, reuse_theta=no, opt_for_avx=no, predict_class_id=
I0119 00:07:54.985901 10420 processor.cc:676] No data in processing queue, waiting...
I0119 00:07:55.079115   692 processor.cc:683] Processing queue has data, processing started
I0119 00:07:55.091150  8700 processor.cc:760] Processor: start processing batch 01feadb1-9dca-4ecc-8900-78b6b2c1726b into model nwt
I0119 00:07:55.102176   692 processor.cc:760] Processor: start processing batch 0bbb922d-24b6-4b39-b053-bf906bcb1e7f into model nwt
I0119 00:07:55.107692 12476 processor.cc:760] Processor: start processing batch fa93482d-725f-43f6-83b9-300480dc1fbb into model nwt
I0119 00:07:55.113708 13092 processor.cc:760] Processor: start processing batch 4b27e2ef-3bd1-44f8-8663-1336de6541de into model nwt
I0119 00:07:55.218485  8700 processor.cc:856] Processor: complete processing batch 01feadb1-9dca-4ecc-8900-78b6b2c1726b into model nwt
I0119 00:07:55.221493  8700 cuckoo_watch.h:44] 142ms in ProcessBatch(D:\artmonline\data\datasets\postnauka\batches\aaaaad.batch) [including 8ms in LoadMessage; 2ms in InitializeSparseNdw; 124ms in InferThetaAndUpdateNwtSparse; ]
I0119 00:07:55.349850   692 processor.cc:856] Processor: complete processing batch 0bbb922d-24b6-4b39-b053-bf906bcb1e7f into model nwt
I0119 00:07:55.353847   692 cuckoo_watch.h:44] 274ms in ProcessBatch(D:\artmonline\data\datasets\postnauka\batches\aaaaaa.batch) [including 18ms in LoadMessage; 8ms in InitializeSparseNdw; 238ms in InferThetaAndUpdateNwtSparse; ]
I0119 00:07:55.366883 12476 processor.cc:856] Processor: complete processing batch fa93482d-725f-43f6-83b9-300480dc1fbb into model nwt
I0119 00:07:55.367384 13092 processor.cc:856] Processor: complete processing batch 4b27e2ef-3bd1-44f8-8663-1336de6541de into model nwt
I0119 00:07:55.373399 12476 cuckoo_watch.h:44] 294ms in ProcessBatch(D:\artmonline\data\datasets\postnauka\batches\aaaaac.batch) [including 23ms in LoadMessage; 7ms in InitializeSparseNdw; 251ms in InferThetaAndUpdateNwtSparse; ]
I0119 00:07:55.373931 13092 cuckoo_watch.h:44] 295ms in ProcessBatch(D:\artmonline\data\datasets\postnauka\batches\aaaaab.batch) [including 27ms in LoadMessage; 6ms in InitializeSparseNdw; 247ms in InferThetaAndUpdateNwtSparse; ]
I0119 00:07:55.374433  6152 master_component.cc:991] NormalizeModelArgs: pwt_target_name=pwt, nwt_source_name=nwt, rwt_source_name=
I0119 00:07:55.374433  6152 master_component.cc:617] MasterComponent: start normalizing model nwt
I0119 00:07:55.475704  6152 master_component.cc:639] MasterComponent: complete normalizing model nwt
I0119 00:07:55.475704  6152 master_component.cc:1015] DisposeModel rwt
I0119 00:07:55.480713  6152 c_interface.cc:318] Pass 243db64b-595d-4f9d-97b9-bd7e091b3aa4 to void (__cdecl artm::core::MasterComponent::*)(class std::basic_string<char,struct std::char_traits<char>,class std::allocator<char> > const & __ptr64) __ptr64
I0119 00:07:55.489243  6152 c_interface.cc:283] Disposing MasterComponent (id=4)...
I0119 00:07:55.489243  6152 c_interface.cc:318] Pass dictionary to void (__cdecl artm::core::MasterComponent::*)(class std::basic_string<char,struct std::char_traits<char>,class std::allocator<char> > const & __ptr64) __ptr64
I0119 00:07:55.489243  6152 c_interface.cc:283] Disposing MasterComponent (id=5)...
I0119 00:07:55.504904  6152 c_interface.cc:180] ArtmCopyRequestedMessage is copying 30919 bytes...
I0119 00:07:55.520531  8700 processor.cc:676] No data in processing queue, waiting...
I0119 00:07:55.552099   692 processor.cc:676] No data in processing queue, waiting...
I0119 00:07:55.554100 12476 processor.cc:676] No data in processing queue, waiting...
I0119 00:07:55.555106 13092 processor.cc:676] No data in processing queue, waiting...
W0119 00:07:55.560118  6152 check_messages.h:833] Inconsistent fields size in ThetaMatrix: 3446 vs 0 vs 3446 vs 0;
I0119 00:07:55.560636  6152 c_interface.cc:180] ArtmCopyRequestedMessage is copying 17135 bytes...
I0119 00:07:55.584616  6152 c_interface.cc:185] ArtmCopyRequestedObject is copying 137840 bytes...
I0119 00:07:55.603301  6152 phi_matrix_operations.cc:82] RetrieveExternalTopicModel() with 10 topics, 73513 tokens
I0119 00:07:55.778851  6152 c_interface.cc:180] ArtmCopyRequestedMessage is copying 2152765 bytes...
I0119 00:07:57.287649  6152 phi_matrix_operations.cc:82] RetrieveExternalTopicModel() with 10 topics, 73513 tokens
I0119 00:07:57.338577  6152 c_interface.cc:180] ArtmCopyRequestedMessage is copying 1858713 bytes...
I0119 00:07:57.655110  6152 c_interface.cc:185] ArtmCopyRequestedObject is copying 2940520 bytes...
I0119 00:08:21.999195 11088 processor.cc:668] Processor thread stopped
I0119 00:08:21.999195 11088 processor.cc:669] Total number of processed batches: 3
I0119 00:08:22.000196  9120 processor.cc:668] Processor thread stopped
I0119 00:08:22.000196  9120 processor.cc:669] Total number of processed batches: 4
I0119 00:08:22.002202 13092 processor.cc:668] Processor thread stopped
I0119 00:08:22.002202 13092 processor.cc:669] Total number of processed batches: 8
I0119 00:08:22.004209 10420 processor.cc:668] Processor thread stopped
I0119 00:08:22.004209 10420 processor.cc:669] Total number of processed batches: 6
I0119 00:08:22.007216  8320 processor.cc:668] Processor thread stopped
I0119 00:08:22.007216  8320 processor.cc:669] Total number of processed batches: 4
I0119 00:08:22.008219   692 processor.cc:668] Processor thread stopped
I0119 00:08:22.008219   692 processor.cc:669] Total number of processed batches: 4
I0119 00:08:22.009222  8700 processor.cc:668] Processor thread stopped
I0119 00:08:22.009222  8700 processor.cc:669] Total number of processed batches: 5
I0119 00:08:22.012228 12476 processor.cc:668] Processor thread stopped
I0119 00:08:22.012228 12476 processor.cc:669] Total number of processed batches: 6
I0119 00:08:22.046412  6152 c_interface.cc:283] Disposing MasterComponent (id=6)...
