I0119 02:21:20.601922 10476 cuckoo_watch.h:44] 884ms in ProcessBatch(D:\artmonline\data\datasets\postnauka\batches\aaaaad.batch) [including 13ms in LoadMessage; 2ms in InitializeSparseNdw; 844ms in InferThetaAndUpdateNwtSparse; ]
I0119 02:21:20.652549 10476 processor.cc:676] No data in processing queue, waiting...
I0119 02:21:20.988960  3228 processor.cc:856] Processor: complete processing batch 7044a15b-dc78-4f8b-8e21-f334322b308d into model nwt
I0119 02:21:20.997983  3228 cuckoo_watch.h:44] 1280ms in ProcessBatch(D:\artmonline\phi1.batch) [including 31ms in LoadMessage; 3ms in InitializeSparseNdw; 1230ms in InferThetaAndUpdateNwtSparse; ]
I0119 02:21:21.027567  3228 processor.cc:676] No data in processing queue, waiting...
I0119 02:21:21.513782  4868 processor.cc:856] Processor: complete processing batch 0bbb922d-24b6-4b39-b053-bf906bcb1e7f into model nwt
I0119 02:21:21.519783  4868 cuckoo_watch.h:44] 1804ms in ProcessBatch(D:\artmonline\data\datasets\postnauka\batches\aaaaaa.batch) [including 19ms in LoadMessage; 8ms in InitializeSparseNdw; 1764ms in InferThetaAndUpdateNwtSparse; ]
I0119 02:21:21.533392  4304 processor.cc:856] Processor: complete processing batch 4b27e2ef-3bd1-44f8-8663-1336de6541de into model nwt
I0119 02:21:21.539408  4304 cuckoo_watch.h:44] 1824ms in ProcessBatch(D:\artmonline\data\datasets\postnauka\batches\aaaaab.batch) [including 20ms in LoadMessage; 9ms in InitializeSparseNdw; 1779ms in InferThetaAndUpdateNwtSparse; ]
I0119 02:21:21.555485  4868 processor.cc:676] No data in processing queue, waiting...
I0119 02:21:21.563472 12612 processor.cc:856] Processor: complete processing batch fa93482d-725f-43f6-83b9-300480dc1fbb into model nwt
I0119 02:21:21.567482 12612 cuckoo_watch.h:44] 1853ms in ProcessBatch(D:\artmonline\data\datasets\postnauka\batches\aaaaac.batch) [including 19ms in LoadMessage; 10ms in InitializeSparseNdw; 1813ms in InferThetaAndUpdateNwtSparse; ]
I0119 02:21:21.568485  5288 master_component.cc:991] NormalizeModelArgs: pwt_target_name=pwt, nwt_source_name=nwt, rwt_source_name=
I0119 02:21:21.568485  5288 master_component.cc:617] MasterComponent: start normalizing model nwt
I0119 02:21:21.573528  4304 processor.cc:676] No data in processing queue, waiting...
I0119 02:21:21.600603 12612 processor.cc:676] No data in processing queue, waiting...
I0119 02:21:21.713964  5288 master_component.cc:639] MasterComponent: complete normalizing model nwt
I0119 02:21:21.713964  5288 master_component.cc:1015] DisposeModel rwt
I0119 02:21:21.713964  5288 c_interface.cc:332] Pass FitOfflineMasterModelArgs, batch_filename_size=5, batch_weight_size=5, num_collection_passes=1 to void (__cdecl artm::core::MasterComponent::*)(class artm::FitOfflineMasterModelArgs const & __ptr64) __ptr64
I0119 02:21:21.713964  5288 master_component.cc:942] ProcessBatchesArgs: nwt_target_name=nwt, batch_filename_size=5, batch_size=0, batch_weight_size=5, pwt_source_name=pwt, num_document_passes=30, reuse_theta=no, opt_for_avx=no, predict_class_id=
I0119 02:21:21.805042 10476 processor.cc:683] Processing queue has data, processing started
I0119 02:21:21.805042 12612 processor.cc:683] Processing queue has data, processing started
I0119 02:21:21.805042  3228 processor.cc:683] Processing queue has data, processing started
I0119 02:21:21.805042  4304 processor.cc:683] Processing queue has data, processing started
I0119 02:21:21.805042  2920 processor.cc:683] Processing queue has data, processing started
I0119 02:21:21.821044  3228 processor.cc:760] Processor: start processing batch 01feadb1-9dca-4ecc-8900-78b6b2c1726b into model nwt
I0119 02:21:21.831073  4304 processor.cc:760] Processor: start processing batch fa93482d-725f-43f6-83b9-300480dc1fbb into model nwt
I0119 02:21:21.833580 10476 processor.cc:760] Processor: start processing batch 4b27e2ef-3bd1-44f8-8663-1336de6541de into model nwt
I0119 02:21:21.833580 12612 processor.cc:760] Processor: start processing batch 0bbb922d-24b6-4b39-b053-bf906bcb1e7f into model nwt
I0119 02:21:21.843118  2920 processor.cc:760] Processor: start processing batch 7044a15b-dc78-4f8b-8e21-f334322b308d into model nwt
I0119 02:21:22.518517  3228 processor.cc:856] Processor: complete processing batch 01feadb1-9dca-4ecc-8900-78b6b2c1726b into model nwt
I0119 02:21:22.521525  3228 cuckoo_watch.h:44] 716ms in ProcessBatch(D:\artmonline\data\datasets\postnauka\batches\aaaaad.batch) [including 12ms in LoadMessage; 1ms in InitializeSparseNdw; 696ms in InferThetaAndUpdateNwtSparse; ]
I0119 02:21:22.549607  3228 processor.cc:676] No data in processing queue, waiting...
I0119 02:21:22.754163  2920 processor.cc:856] Processor: complete processing batch 7044a15b-dc78-4f8b-8e21-f334322b308d into model nwt
I0119 02:21:22.768201  2920 cuckoo_watch.h:44] 962ms in ProcessBatch(D:\artmonline\phi1.batch) [including 30ms in LoadMessage; 4ms in InitializeSparseNdw; 906ms in InferThetaAndUpdateNwtSparse; ]
I0119 02:21:22.795274  2920 processor.cc:676] No data in processing queue, waiting...
I0119 02:21:23.445668 12612 processor.cc:856] Processor: complete processing batch 0bbb922d-24b6-4b39-b053-bf906bcb1e7f into model nwt
I0119 02:21:23.450685 12612 cuckoo_watch.h:44] 1646ms in ProcessBatch(D:\artmonline\data\datasets\postnauka\batches\aaaaaa.batch) [including 23ms in LoadMessage; 11ms in InitializeSparseNdw; 1600ms in InferThetaAndUpdateNwtSparse; ]
I0119 02:21:23.474755 12612 processor.cc:676] No data in processing queue, waiting...
I0119 02:21:23.484776 10476 processor.cc:856] Processor: complete processing batch 4b27e2ef-3bd1-44f8-8663-1336de6541de into model nwt
I0119 02:21:23.494806  4304 processor.cc:856] Processor: complete processing batch fa93482d-725f-43f6-83b9-300480dc1fbb into model nwt
I0119 02:21:23.494806 10476 cuckoo_watch.h:44] 1690ms in ProcessBatch(D:\artmonline\data\datasets\postnauka\batches\aaaaab.batch) [including 23ms in LoadMessage; 12ms in InitializeSparseNdw; 1637ms in InferThetaAndUpdateNwtSparse; ]
I0119 02:21:23.499815  4304 cuckoo_watch.h:44] 1695ms in ProcessBatch(D:\artmonline\data\datasets\postnauka\batches\aaaaac.batch) [including 21ms in LoadMessage; 7ms in InitializeSparseNdw; 1655ms in InferThetaAndUpdateNwtSparse; ]
I0119 02:21:23.500820  5288 master_component.cc:991] NormalizeModelArgs: pwt_target_name=pwt, nwt_source_name=nwt, rwt_source_name=
I0119 02:21:23.500820  5288 master_component.cc:617] MasterComponent: start normalizing model nwt
I0119 02:21:23.521875 10476 processor.cc:676] No data in processing queue, waiting...
I0119 02:21:23.527902  4304 processor.cc:676] No data in processing queue, waiting...
I0119 02:21:23.709414  5288 master_component.cc:639] MasterComponent: complete normalizing model nwt
I0119 02:21:23.709414  5288 master_component.cc:1015] DisposeModel rwt
I0119 02:21:23.710417  5288 c_interface.cc:332] Pass FitOfflineMasterModelArgs, batch_filename_size=5, batch_weight_size=5, num_collection_passes=1 to void (__cdecl artm::core::MasterComponent::*)(class artm::FitOfflineMasterModelArgs const & __ptr64) __ptr64
I0119 02:21:23.710417  5288 master_component.cc:942] ProcessBatchesArgs: nwt_target_name=nwt, batch_filename_size=5, batch_size=0, batch_weight_size=5, pwt_source_name=pwt, num_document_passes=30, reuse_theta=no, opt_for_avx=no, predict_class_id=
I0119 02:21:23.802664  2920 processor.cc:683] Processing queue has data, processing started
I0119 02:21:23.802664  4304 processor.cc:683] Processing queue has data, processing started
I0119 02:21:23.803665 12612 processor.cc:683] Processing queue has data, processing started
I0119 02:21:23.803665  4868 processor.cc:683] Processing queue has data, processing started
I0119 02:21:23.805671  3228 processor.cc:683] Processing queue has data, processing started
I0119 02:21:23.823719  4868 processor.cc:760] Processor: start processing batch 01feadb1-9dca-4ecc-8900-78b6b2c1726b into model nwt
I0119 02:21:23.831243  2920 processor.cc:760] Processor: start processing batch 0bbb922d-24b6-4b39-b053-bf906bcb1e7f into model nwt
I0119 02:21:23.835754  4304 processor.cc:760] Processor: start processing batch 4b27e2ef-3bd1-44f8-8663-1336de6541de into model nwt
I0119 02:21:23.837258 12612 processor.cc:760] Processor: start processing batch fa93482d-725f-43f6-83b9-300480dc1fbb into model nwt
I0119 02:21:23.846789  3228 processor.cc:760] Processor: start processing batch 7044a15b-dc78-4f8b-8e21-f334322b308d into model nwt
I0119 02:21:24.524633  4868 processor.cc:856] Processor: complete processing batch 01feadb1-9dca-4ecc-8900-78b6b2c1726b into model nwt
I0119 02:21:24.527642  4868 cuckoo_watch.h:44] 724ms in ProcessBatch(D:\artmonline\data\datasets\postnauka\batches\aaaaad.batch) [including 15ms in LoadMessage; 2ms in InitializeSparseNdw; 697ms in InferThetaAndUpdateNwtSparse; ]
I0119 02:21:24.565749  4868 processor.cc:676] No data in processing queue, waiting...
I0119 02:21:24.803393  3228 processor.cc:856] Processor: complete processing batch 7044a15b-dc78-4f8b-8e21-f334322b308d into model nwt
I0119 02:21:24.812415  3228 cuckoo_watch.h:44] 1007ms in ProcessBatch(D:\artmonline\phi1.batch) [including 35ms in LoadMessage; 2ms in InitializeSparseNdw; 953ms in InferThetaAndUpdateNwtSparse; ]
I0119 02:21:24.845006  3228 processor.cc:676] No data in processing queue, waiting...
I0119 02:21:25.348374  2920 processor.cc:856] Processor: complete processing batch 0bbb922d-24b6-4b39-b053-bf906bcb1e7f into model nwt
I0119 02:21:25.352890  2920 cuckoo_watch.h:44] 1550ms in ProcessBatch(D:\artmonline\data\datasets\postnauka\batches\aaaaaa.batch) [including 23ms in LoadMessage; 8ms in InitializeSparseNdw; 1508ms in InferThetaAndUpdateNwtSparse; ]
I0119 02:21:25.382969  4304 processor.cc:856] Processor: complete processing batch 4b27e2ef-3bd1-44f8-8663-1336de6541de into model nwt
I0119 02:21:25.388984  4304 cuckoo_watch.h:44] 1586ms in ProcessBatch(D:\artmonline\data\datasets\postnauka\batches\aaaaab.batch) [including 26ms in LoadMessage; 10ms in InitializeSparseNdw; 1536ms in InferThetaAndUpdateNwtSparse; ]
I0119 02:21:25.392995  2920 processor.cc:676] No data in processing queue, waiting...
I0119 02:21:25.410065 12612 processor.cc:856] Processor: complete processing batch fa93482d-725f-43f6-83b9-300480dc1fbb into model nwt
I0119 02:21:25.415079 12612 cuckoo_watch.h:44] 1611ms in ProcessBatch(D:\artmonline\data\datasets\postnauka\batches\aaaaac.batch) [including 25ms in LoadMessage; 10ms in InitializeSparseNdw; 1562ms in InferThetaAndUpdateNwtSparse; ]
I0119 02:21:25.416098  4304 processor.cc:676] No data in processing queue, waiting...
I0119 02:21:25.416098  5288 master_component.cc:991] NormalizeModelArgs: pwt_target_name=pwt, nwt_source_name=nwt, rwt_source_name=
I0119 02:21:25.416098  5288 master_component.cc:617] MasterComponent: start normalizing model nwt
I0119 02:21:25.460245 12612 processor.cc:676] No data in processing queue, waiting...
I0119 02:21:25.647727  5288 master_component.cc:639] MasterComponent: complete normalizing model nwt
I0119 02:21:25.647727  5288 master_component.cc:1015] DisposeModel rwt
I0119 02:21:25.648229  5288 c_interface.cc:332] Pass FitOfflineMasterModelArgs, batch_filename_size=5, batch_weight_size=5, num_collection_passes=1 to void (__cdecl artm::core::MasterComponent::*)(class artm::FitOfflineMasterModelArgs const & __ptr64) __ptr64
I0119 02:21:25.648229  5288 master_component.cc:942] ProcessBatchesArgs: nwt_target_name=nwt, batch_filename_size=5, batch_size=0, batch_weight_size=5, pwt_source_name=pwt, num_document_passes=30, reuse_theta=no, opt_for_avx=no, predict_class_id=
I0119 02:21:25.792781  5284 processor.cc:683] Processing queue has data, processing started
I0119 02:21:25.792781  4304 processor.cc:683] Processing queue has data, processing started
I0119 02:21:25.792781 10476 processor.cc:683] Processing queue has data, processing started
I0119 02:21:25.792781  2920 processor.cc:683] Processing queue has data, processing started
I0119 02:21:25.792781  4868 processor.cc:683] Processing queue has data, processing started
I0119 02:21:25.809829  4868 processor.cc:760] Processor: start processing batch 01feadb1-9dca-4ecc-8900-78b6b2c1726b into model nwt
I0119 02:21:25.817850  2920 processor.cc:760] Processor: start processing batch fa93482d-725f-43f6-83b9-300480dc1fbb into model nwt
I0119 02:21:25.817850  5284 processor.cc:760] Processor: start processing batch 0bbb922d-24b6-4b39-b053-bf906bcb1e7f into model nwt
I0119 02:21:25.826871 10476 processor.cc:760] Processor: start processing batch 4b27e2ef-3bd1-44f8-8663-1336de6541de into model nwt
I0119 02:21:25.831885  4304 processor.cc:760] Processor: start processing batch 7044a15b-dc78-4f8b-8e21-f334322b308d into model nwt
I0119 02:21:26.573926  4868 processor.cc:856] Processor: complete processing batch 01feadb1-9dca-4ecc-8900-78b6b2c1726b into model nwt
I0119 02:21:26.576932  4868 cuckoo_watch.h:44] 784ms in ProcessBatch(D:\artmonline\data\datasets\postnauka\batches\aaaaad.batch) [including 13ms in LoadMessage; 1ms in InitializeSparseNdw; 762ms in InferThetaAndUpdateNwtSparse; ]
I0119 02:21:26.611023  4868 processor.cc:676] No data in processing queue, waiting...
I0119 02:21:26.813290  4304 processor.cc:856] Processor: complete processing batch 7044a15b-dc78-4f8b-8e21-f334322b308d into model nwt
I0119 02:21:26.821347  4304 cuckoo_watch.h:44] 1028ms in ProcessBatch(D:\artmonline\phi1.batch) [including 32ms in LoadMessage; 3ms in InitializeSparseNdw; 978ms in InferThetaAndUpdateNwtSparse; ]
I0119 02:21:26.862424  4304 processor.cc:676] No data in processing queue, waiting...
I0119 02:21:27.353667  5284 processor.cc:856] Processor: complete processing batch 0bbb922d-24b6-4b39-b053-bf906bcb1e7f into model nwt
I0119 02:21:27.357678  5284 cuckoo_watch.h:44] 1565ms in ProcessBatch(D:\artmonline\data\datasets\postnauka\batches\aaaaaa.batch) [including 21ms in LoadMessage; 9ms in InitializeSparseNdw; 1525ms in InferThetaAndUpdateNwtSparse; ]
I0119 02:21:27.368738  2920 processor.cc:856] Processor: complete processing batch fa93482d-725f-43f6-83b9-300480dc1fbb into model nwt
I0119 02:21:27.372751  2920 cuckoo_watch.h:44] 1580ms in ProcessBatch(D:\artmonline\data\datasets\postnauka\batches\aaaaac.batch) [including 20ms in LoadMessage; 10ms in InitializeSparseNdw; 1540ms in InferThetaAndUpdateNwtSparse; ]
I0119 02:21:27.380774 10476 processor.cc:856] Processor: complete processing batch 4b27e2ef-3bd1-44f8-8663-1336de6541de into model nwt
I0119 02:21:27.384784 10476 cuckoo_watch.h:44] 1592ms in ProcessBatch(D:\artmonline\data\datasets\postnauka\batches\aaaaab.batch) [including 27ms in LoadMessage; 7ms in InitializeSparseNdw; 1546ms in InferThetaAndUpdateNwtSparse; ]
I0119 02:21:27.388733  5288 master_component.cc:991] NormalizeModelArgs: pwt_target_name=pwt, nwt_source_name=nwt, rwt_source_name=
I0119 02:21:27.388733  5288 master_component.cc:617] MasterComponent: start normalizing model nwt
I0119 02:21:27.401772  5284 processor.cc:676] No data in processing queue, waiting...
I0119 02:21:27.406785  2920 processor.cc:676] No data in processing queue, waiting...
I0119 02:21:27.412801 10476 processor.cc:676] No data in processing queue, waiting...
I0119 02:21:27.524185  5288 master_component.cc:639] MasterComponent: complete normalizing model nwt
I0119 02:21:27.524185  5288 master_component.cc:1015] DisposeModel rwt
I0119 02:21:27.525188  5288 c_interface.cc:332] Pass FitOfflineMasterModelArgs, batch_filename_size=5, batch_weight_size=5, num_collection_passes=1 to void (__cdecl artm::core::MasterComponent::*)(class artm::FitOfflineMasterModelArgs const & __ptr64) __ptr64
I0119 02:21:27.525188  5288 master_component.cc:942] ProcessBatchesArgs: nwt_target_name=nwt, batch_filename_size=5, batch_size=0, batch_weight_size=5, pwt_source_name=pwt, num_document_passes=30, reuse_theta=no, opt_for_avx=no, predict_class_id=
I0119 02:21:27.611627  4304 processor.cc:683] Processing queue has data, processing started
I0119 02:21:27.611627  3228 processor.cc:683] Processing queue has data, processing started
I0119 02:21:27.611627 10476 processor.cc:683] Processing queue has data, processing started
I0119 02:21:27.611627 12612 processor.cc:683] Processing queue has data, processing started
I0119 02:21:27.611627  5284 processor.cc:683] Processing queue has data, processing started
I0119 02:21:27.628679 12612 processor.cc:760] Processor: start processing batch 01feadb1-9dca-4ecc-8900-78b6b2c1726b into model nwt
I0119 02:21:27.635697  3228 processor.cc:760] Processor: start processing batch fa93482d-725f-43f6-83b9-300480dc1fbb into model nwt
I0119 02:21:27.635697 10476 processor.cc:760] Processor: start processing batch 0bbb922d-24b6-4b39-b053-bf906bcb1e7f into model nwt
I0119 02:21:27.645727  4304 processor.cc:760] Processor: start processing batch 4b27e2ef-3bd1-44f8-8663-1336de6541de into model nwt
I0119 02:21:27.650743  5284 processor.cc:760] Processor: start processing batch 7044a15b-dc78-4f8b-8e21-f334322b308d into model nwt
I0119 02:21:28.590318 12612 processor.cc:856] Processor: complete processing batch 01feadb1-9dca-4ecc-8900-78b6b2c1726b into model nwt
I0119 02:21:28.593827 12612 cuckoo_watch.h:44] 982ms in ProcessBatch(D:\artmonline\data\datasets\postnauka\batches\aaaaad.batch) [including 13ms in LoadMessage; 1ms in InitializeSparseNdw; 959ms in InferThetaAndUpdateNwtSparse; ]
I0119 02:21:28.627918 12612 processor.cc:676] No data in processing queue, waiting...
I0119 02:21:28.835978  5284 processor.cc:856] Processor: complete processing batch 7044a15b-dc78-4f8b-8e21-f334322b308d into model nwt
I0119 02:21:28.844504  5284 cuckoo_watch.h:44] 1233ms in ProcessBatch(D:\artmonline\phi1.batch) [including 33ms in LoadMessage; 3ms in InitializeSparseNdw; 1181ms in InferThetaAndUpdateNwtSparse; ]
I0119 02:21:28.884112  5284 processor.cc:676] No data in processing queue, waiting...
I0119 02:21:29.384506 10476 processor.cc:856] Processor: complete processing batch 0bbb922d-24b6-4b39-b053-bf906bcb1e7f into model nwt
I0119 02:21:29.385509  3228 processor.cc:856] Processor: complete processing batch fa93482d-725f-43f6-83b9-300480dc1fbb into model nwt
I0119 02:21:29.388516 10476 cuckoo_watch.h:44] 1777ms in ProcessBatch(D:\artmonline\data\datasets\postnauka\batches\aaaaaa.batch) [including 20ms in LoadMessage; 9ms in InitializeSparseNdw; 1738ms in InferThetaAndUpdateNwtSparse; ]
I0119 02:21:29.391523  3228 cuckoo_watch.h:44] 1780ms in ProcessBatch(D:\artmonline\data\datasets\postnauka\batches\aaaaac.batch) [including 19ms in LoadMessage; 8ms in InitializeSparseNdw; 1741ms in InferThetaAndUpdateNwtSparse; ]
I0119 02:21:29.392560  4304 processor.cc:856] Processor: complete processing batch 4b27e2ef-3bd1-44f8-8663-1336de6541de into model nwt
I0119 02:21:29.399579  4304 cuckoo_watch.h:44] 1788ms in ProcessBatch(D:\artmonline\data\datasets\postnauka\batches\aaaaab.batch) [including 27ms in LoadMessage; 5ms in InitializeSparseNdw; 1741ms in InferThetaAndUpdateNwtSparse; ]
I0119 02:21:29.401582  5288 master_component.cc:991] NormalizeModelArgs: pwt_target_name=pwt, nwt_source_name=nwt, rwt_source_name=
I0119 02:21:29.401582  5288 master_component.cc:617] MasterComponent: start normalizing model nwt
I0119 02:21:29.426647 10476 processor.cc:676] No data in processing queue, waiting...
I0119 02:21:29.430660  3228 processor.cc:676] No data in processing queue, waiting...
I0119 02:21:29.439676  4304 processor.cc:676] No data in processing queue, waiting...
I0119 02:21:29.539983  5288 master_component.cc:639] MasterComponent: complete normalizing model nwt
I0119 02:21:29.539983  5288 master_component.cc:1015] DisposeModel rwt
I0119 02:21:29.539983  5288 c_interface.cc:332] Pass FitOfflineMasterModelArgs, batch_filename_size=5, batch_weight_size=5, num_collection_passes=1 to void (__cdecl artm::core::MasterComponent::*)(class artm::FitOfflineMasterModelArgs const & __ptr64) __ptr64
I0119 02:21:29.539983  5288 master_component.cc:942] ProcessBatchesArgs: nwt_target_name=nwt, batch_filename_size=5, batch_size=0, batch_weight_size=5, pwt_source_name=pwt, num_document_passes=30, reuse_theta=no, opt_for_avx=no, predict_class_id=
I0119 02:21:29.661381  2920 processor.cc:683] Processing queue has data, processing started
I0119 02:21:29.661381  4304 processor.cc:683] Processing queue has data, processing started
I0119 02:21:29.661381  5284 processor.cc:683] Processing queue has data, processing started
I0119 02:21:29.661381  3228 processor.cc:683] Processing queue has data, processing started
I0119 02:21:29.666013  4868 processor.cc:683] Processing queue has data, processing started
I0119 02:21:29.682052  4304 processor.cc:760] Processor: start processing batch 01feadb1-9dca-4ecc-8900-78b6b2c1726b into model nwt
I0119 02:21:29.697094  2920 processor.cc:760] Processor: start processing batch fa93482d-725f-43f6-83b9-300480dc1fbb into model nwt
I0119 02:21:29.699098  5284 processor.cc:760] Processor: start processing batch 4b27e2ef-3bd1-44f8-8663-1336de6541de into model nwt
I0119 02:21:29.705116  3228 processor.cc:760] Processor: start processing batch 0bbb922d-24b6-4b39-b053-bf906bcb1e7f into model nwt
I0119 02:21:29.722162  4868 processor.cc:760] Processor: start processing batch 7044a15b-dc78-4f8b-8e21-f334322b308d into model nwt
I0119 02:21:30.585289  4304 processor.cc:856] Processor: complete processing batch 01feadb1-9dca-4ecc-8900-78b6b2c1726b into model nwt
I0119 02:21:30.589301  4304 cuckoo_watch.h:44] 928ms in ProcessBatch(D:\artmonline\data\datasets\postnauka\batches\aaaaad.batch) [including 14ms in LoadMessage; 3ms in InitializeSparseNdw; 898ms in InferThetaAndUpdateNwtSparse; ]
I0119 02:21:30.638435  4304 processor.cc:676] No data in processing queue, waiting...
I0119 02:21:30.831964  4868 processor.cc:856] Processor: complete processing batch 7044a15b-dc78-4f8b-8e21-f334322b308d into model nwt
I0119 02:21:30.841989  4868 cuckoo_watch.h:44] 1175ms in ProcessBatch(D:\artmonline\phi1.batch) [including 49ms in LoadMessage; 6ms in InitializeSparseNdw; 1103ms in InferThetaAndUpdateNwtSparse; ]
I0119 02:21:30.877084  4868 processor.cc:676] No data in processing queue, waiting...
I0119 02:21:31.336966  3228 processor.cc:856] Processor: complete processing batch 0bbb922d-24b6-4b39-b053-bf906bcb1e7f into model nwt
I0119 02:21:31.341011  3228 cuckoo_watch.h:44] 1679ms in ProcessBatch(D:\artmonline\data\datasets\postnauka\batches\aaaaaa.batch) [including 36ms in LoadMessage; 14ms in InitializeSparseNdw; 1616ms in InferThetaAndUpdateNwtSparse; ]
I0119 02:21:31.361029  5284 processor.cc:856] Processor: complete processing batch 4b27e2ef-3bd1-44f8-8663-1336de6541de into model nwt
I0119 02:21:31.370052  5284 cuckoo_watch.h:44] 1709ms in ProcessBatch(D:\artmonline\data\datasets\postnauka\batches\aaaaab.batch) [including 30ms in LoadMessage; 15ms in InitializeSparseNdw; 1644ms in InferThetaAndUpdateNwtSparse; ]
I0119 02:21:31.382084  2920 processor.cc:856] Processor: complete processing batch fa93482d-725f-43f6-83b9-300480dc1fbb into model nwt
I0119 02:21:31.387097  2920 cuckoo_watch.h:44] 1725ms in ProcessBatch(D:\artmonline\data\datasets\postnauka\batches\aaaaac.batch) [including 26ms in LoadMessage; 13ms in InitializeSparseNdw; 1670ms in InferThetaAndUpdateNwtSparse; ]
I0119 02:21:31.388100  5288 master_component.cc:991] NormalizeModelArgs: pwt_target_name=pwt, nwt_source_name=nwt, rwt_source_name=
I0119 02:21:31.388100  5288 master_component.cc:617] MasterComponent: start normalizing model nwt
I0119 02:21:31.392163  3228 processor.cc:676] No data in processing queue, waiting...
I0119 02:21:31.418267  5284 processor.cc:676] No data in processing queue, waiting...
I0119 02:21:31.438292  2920 processor.cc:676] No data in processing queue, waiting...
I0119 02:21:31.560431  5288 master_component.cc:639] MasterComponent: complete normalizing model nwt
I0119 02:21:31.560431  5288 master_component.cc:1015] DisposeModel rwt
I0119 02:21:31.560431  5288 c_interface.cc:332] Pass FitOfflineMasterModelArgs, batch_filename_size=5, batch_weight_size=5, num_collection_passes=1 to void (__cdecl artm::core::MasterComponent::*)(class artm::FitOfflineMasterModelArgs const & __ptr64) __ptr64
I0119 02:21:31.560431  5288 master_component.cc:942] ProcessBatchesArgs: nwt_target_name=nwt, batch_filename_size=5, batch_size=0, batch_weight_size=5, pwt_source_name=pwt, num_document_passes=30, reuse_theta=no, opt_for_avx=no, predict_class_id=
I0119 02:21:31.655731 12612 processor.cc:683] Processing queue has data, processing started
I0119 02:21:31.655731  3228 processor.cc:683] Processing queue has data, processing started
I0119 02:21:31.655731  4304 processor.cc:683] Processing queue has data, processing started
I0119 02:21:31.655731  5284 processor.cc:683] Processing queue has data, processing started
I0119 02:21:31.655731 10476 processor.cc:683] Processing queue has data, processing started
I0119 02:21:31.671696  5284 processor.cc:760] Processor: start processing batch 01feadb1-9dca-4ecc-8900-78b6b2c1726b into model nwt
I0119 02:21:31.682726 10476 processor.cc:760] Processor: start processing batch fa93482d-725f-43f6-83b9-300480dc1fbb into model nwt
I0119 02:21:31.684732  4304 processor.cc:760] Processor: start processing batch 7044a15b-dc78-4f8b-8e21-f334322b308d into model nwt
I0119 02:21:31.691751  3228 processor.cc:760] Processor: start processing batch 4b27e2ef-3bd1-44f8-8663-1336de6541de into model nwt
I0119 02:21:31.691751 12612 processor.cc:760] Processor: start processing batch 0bbb922d-24b6-4b39-b053-bf906bcb1e7f into model nwt
I0119 02:21:32.547508  5284 processor.cc:856] Processor: complete processing batch 01feadb1-9dca-4ecc-8900-78b6b2c1726b into model nwt
I0119 02:21:32.553524  5284 cuckoo_watch.h:44] 897ms in ProcessBatch(D:\artmonline\data\datasets\postnauka\batches\aaaaad.batch) [including 11ms in LoadMessage; 1ms in InitializeSparseNdw; 873ms in InferThetaAndUpdateNwtSparse; ]
I0119 02:21:32.584606  5284 processor.cc:676] No data in processing queue, waiting...
I0119 02:21:32.899443  4304 processor.cc:856] Processor: complete processing batch 7044a15b-dc78-4f8b-8e21-f334322b308d into model nwt
I0119 02:21:32.908468  4304 cuckoo_watch.h:44] 1252ms in ProcessBatch(D:\artmonline\phi1.batch) [including 23ms in LoadMessage; 4ms in InitializeSparseNdw; 1210ms in InferThetaAndUpdateNwtSparse; ]
I0119 02:21:32.940049  4304 processor.cc:676] No data in processing queue, waiting...
I0119 02:21:33.399612 12612 processor.cc:856] Processor: complete processing batch 0bbb922d-24b6-4b39-b053-bf906bcb1e7f into model nwt
I0119 02:21:33.404630 12612 cuckoo_watch.h:44] 1749ms in ProcessBatch(D:\artmonline\data\datasets\postnauka\batches\aaaaaa.batch) [including 29ms in LoadMessage; 8ms in InitializeSparseNdw; 1698ms in InferThetaAndUpdateNwtSparse; ]
I0119 02:21:33.448776 12612 processor.cc:676] No data in processing queue, waiting...
I0119 02:21:33.492573  3228 processor.cc:856] Processor: complete processing batch 4b27e2ef-3bd1-44f8-8663-1336de6541de into model nwt
I0119 02:21:33.496585  3228 cuckoo_watch.h:44] 1841ms in ProcessBatch(D:\artmonline\data\datasets\postnauka\batches\aaaaab.batch) [including 29ms in LoadMessage; 8ms in InitializeSparseNdw; 1791ms in InferThetaAndUpdateNwtSparse; ]
I0119 02:21:33.497615 10476 processor.cc:856] Processor: complete processing batch fa93482d-725f-43f6-83b9-300480dc1fbb into model nwt
I0119 02:21:33.501626 10476 cuckoo_watch.h:44] 1846ms in ProcessBatch(D:\artmonline\data\datasets\postnauka\batches\aaaaac.batch) [including 20ms in LoadMessage; 8ms in InitializeSparseNdw; 1806ms in InferThetaAndUpdateNwtSparse; ]
I0119 02:21:33.503638  5288 master_component.cc:991] NormalizeModelArgs: pwt_target_name=pwt, nwt_source_name=nwt, rwt_source_name=
I0119 02:21:33.503638  5288 master_component.cc:617] MasterComponent: start normalizing model nwt
I0119 02:21:33.549760  3228 processor.cc:676] No data in processing queue, waiting...
I0119 02:21:33.551761 10476 processor.cc:676] No data in processing queue, waiting...
I0119 02:21:33.640745  5288 master_component.cc:639] MasterComponent: complete normalizing model nwt
I0119 02:21:33.640745  5288 master_component.cc:1015] DisposeModel rwt
I0119 02:21:33.640745  5288 c_interface.cc:332] Pass FitOfflineMasterModelArgs, batch_filename_size=5, batch_weight_size=5, num_collection_passes=1 to void (__cdecl artm::core::MasterComponent::*)(class artm::FitOfflineMasterModelArgs const & __ptr64) __ptr64
I0119 02:21:33.640745  5288 master_component.cc:942] ProcessBatchesArgs: nwt_target_name=nwt, batch_filename_size=5, batch_size=0, batch_weight_size=5, pwt_source_name=pwt, num_document_passes=30, reuse_theta=no, opt_for_avx=no, predict_class_id=
I0119 02:21:33.730083  4304 processor.cc:683] Processing queue has data, processing started
I0119 02:21:33.730083 12612 processor.cc:683] Processing queue has data, processing started
I0119 02:21:33.730083 10476 processor.cc:683] Processing queue has data, processing started
I0119 02:21:33.730083  3228 processor.cc:683] Processing queue has data, processing started
I0119 02:21:33.730083  5284 processor.cc:683] Processing queue has data, processing started
I0119 02:21:33.747133  3228 processor.cc:760] Processor: start processing batch 01feadb1-9dca-4ecc-8900-78b6b2c1726b into model nwt
I0119 02:21:33.762176  5284 processor.cc:760] Processor: start processing batch 4b27e2ef-3bd1-44f8-8663-1336de6541de into model nwt
I0119 02:21:33.762176  4304 processor.cc:760] Processor: start processing batch fa93482d-725f-43f6-83b9-300480dc1fbb into model nwt
I0119 02:21:33.762176 12612 processor.cc:760] Processor: start processing batch 0bbb922d-24b6-4b39-b053-bf906bcb1e7f into model nwt
I0119 02:21:33.769196 10476 processor.cc:760] Processor: start processing batch 7044a15b-dc78-4f8b-8e21-f334322b308d into model nwt
I0119 02:21:34.630240  3228 processor.cc:856] Processor: complete processing batch 01feadb1-9dca-4ecc-8900-78b6b2c1726b into model nwt
I0119 02:21:34.636759  3228 cuckoo_watch.h:44] 906ms in ProcessBatch(D:\artmonline\data\datasets\postnauka\batches\aaaaad.batch) [including 11ms in LoadMessage; 2ms in InitializeSparseNdw; 879ms in InferThetaAndUpdateNwtSparse; ]
I0119 02:21:34.666838  3228 processor.cc:676] No data in processing queue, waiting...
I0119 02:21:35.035831 10476 processor.cc:856] Processor: complete processing batch 7044a15b-dc78-4f8b-8e21-f334322b308d into model nwt
I0119 02:21:35.043851 10476 cuckoo_watch.h:44] 1314ms in ProcessBatch(D:\artmonline\phi1.batch) [including 31ms in LoadMessage; 7ms in InitializeSparseNdw; 1258ms in InferThetaAndUpdateNwtSparse; ]
I0119 02:21:35.074935 10476 processor.cc:676] No data in processing queue, waiting...
I0119 02:21:35.550230 12612 processor.cc:856] Processor: complete processing batch 0bbb922d-24b6-4b39-b053-bf906bcb1e7f into model nwt
I0119 02:21:35.554244 12612 cuckoo_watch.h:44] 1824ms in ProcessBatch(D:\artmonline\data\datasets\postnauka\batches\aaaaaa.batch) [including 27ms in LoadMessage; 16ms in InitializeSparseNdw; 1771ms in InferThetaAndUpdateNwtSparse; ]
I0119 02:21:35.573292  4304 processor.cc:856] Processor: complete processing batch fa93482d-725f-43f6-83b9-300480dc1fbb into model nwt
I0119 02:21:35.577303  4304 cuckoo_watch.h:44] 1847ms in ProcessBatch(D:\artmonline\data\datasets\postnauka\batches\aaaaac.batch) [including 25ms in LoadMessage; 14ms in InitializeSparseNdw; 1796ms in InferThetaAndUpdateNwtSparse; ]
I0119 02:21:35.581315 12612 processor.cc:676] No data in processing queue, waiting...
I0119 02:21:35.588333  5284 processor.cc:856] Processor: complete processing batch 4b27e2ef-3bd1-44f8-8663-1336de6541de into model nwt
I0119 02:21:35.593346  5284 cuckoo_watch.h:44] 1863ms in ProcessBatch(D:\artmonline\data\datasets\postnauka\batches\aaaaab.batch) [including 26ms in LoadMessage; 13ms in InitializeSparseNdw; 1812ms in InferThetaAndUpdateNwtSparse; ]
I0119 02:21:35.596354  5288 master_component.cc:991] NormalizeModelArgs: pwt_target_name=pwt, nwt_source_name=nwt, rwt_source_name=
I0119 02:21:35.596354  5288 master_component.cc:617] MasterComponent: start normalizing model nwt
I0119 02:21:35.612397  4304 processor.cc:676] No data in processing queue, waiting...
I0119 02:21:35.641044  5284 processor.cc:676] No data in processing queue, waiting...
I0119 02:21:35.748420  5288 master_component.cc:639] MasterComponent: complete normalizing model nwt
I0119 02:21:35.748420  5288 master_component.cc:1015] DisposeModel rwt
I0119 02:21:35.749425  5288 c_interface.cc:332] Pass FitOfflineMasterModelArgs, batch_filename_size=5, batch_weight_size=5, num_collection_passes=1 to void (__cdecl artm::core::MasterComponent::*)(class artm::FitOfflineMasterModelArgs const & __ptr64) __ptr64
I0119 02:21:35.749425  5288 master_component.cc:942] ProcessBatchesArgs: nwt_target_name=nwt, batch_filename_size=5, batch_size=0, batch_weight_size=5, pwt_source_name=pwt, num_document_passes=30, reuse_theta=no, opt_for_avx=no, predict_class_id=
I0119 02:21:35.839236  4868 processor.cc:683] Processing queue has data, processing started
I0119 02:21:35.842245  4304 processor.cc:683] Processing queue has data, processing started
I0119 02:21:35.842245 10508 processor.cc:683] Processing queue has data, processing started
I0119 02:21:35.842245  3228 processor.cc:683] Processing queue has data, processing started
I0119 02:21:35.842245  2920 processor.cc:683] Processing queue has data, processing started
I0119 02:21:35.857251 10508 processor.cc:760] Processor: start processing batch 01feadb1-9dca-4ecc-8900-78b6b2c1726b into model nwt
I0119 02:21:35.867281  4868 processor.cc:760] Processor: start processing batch 0bbb922d-24b6-4b39-b053-bf906bcb1e7f into model nwt
I0119 02:21:35.873296  3228 processor.cc:760] Processor: start processing batch fa93482d-725f-43f6-83b9-300480dc1fbb into model nwt
I0119 02:21:35.873296  4304 processor.cc:760] Processor: start processing batch 4b27e2ef-3bd1-44f8-8663-1336de6541de into model nwt
I0119 02:21:35.882323  2920 processor.cc:760] Processor: start processing batch 7044a15b-dc78-4f8b-8e21-f334322b308d into model nwt
I0119 02:21:36.541121 10508 processor.cc:856] Processor: complete processing batch 01feadb1-9dca-4ecc-8900-78b6b2c1726b into model nwt
I0119 02:21:36.543126 10508 cuckoo_watch.h:44] 701ms in ProcessBatch(D:\artmonline\data\datasets\postnauka\batches\aaaaad.batch) [including 10ms in LoadMessage; 2ms in InitializeSparseNdw; 681ms in InferThetaAndUpdateNwtSparse; ]
I0119 02:21:36.581228 10508 processor.cc:676] No data in processing queue, waiting...
I0119 02:21:36.808807  2920 processor.cc:856] Processor: complete processing batch 7044a15b-dc78-4f8b-8e21-f334322b308d into model nwt
I0119 02:21:36.817831  2920 cuckoo_watch.h:44] 975ms in ProcessBatch(D:\artmonline\phi1.batch) [including 32ms in LoadMessage; 3ms in InitializeSparseNdw; 922ms in InferThetaAndUpdateNwtSparse; ]
I0119 02:21:36.856508  2920 processor.cc:676] No data in processing queue, waiting...
I0119 02:21:37.449705  4868 processor.cc:856] Processor: complete processing batch 0bbb922d-24b6-4b39-b053-bf906bcb1e7f into model nwt
I0119 02:21:37.454718  4868 cuckoo_watch.h:44] 1615ms in ProcessBatch(D:\artmonline\data\datasets\postnauka\batches\aaaaaa.batch) [including 23ms in LoadMessage; 9ms in InitializeSparseNdw; 1572ms in InferThetaAndUpdateNwtSparse; ]
I0119 02:21:37.486804  3228 processor.cc:856] Processor: complete processing batch fa93482d-725f-43f6-83b9-300480dc1fbb into model nwt
I0119 02:21:37.491817  3228 cuckoo_watch.h:44] 1649ms in ProcessBatch(D:\artmonline\data\datasets\postnauka\batches\aaaaac.batch) [including 23ms in LoadMessage; 10ms in InitializeSparseNdw; 1603ms in InferThetaAndUpdateNwtSparse; ]
I0119 02:21:37.497833  4304 processor.cc:856] Processor: complete processing batch 4b27e2ef-3bd1-44f8-8663-1336de6541de into model nwt
I0119 02:21:37.501843  4304 cuckoo_watch.h:44] 1660ms in ProcessBatch(D:\artmonline\data\datasets\postnauka\batches\aaaaab.batch) [including 24ms in LoadMessage; 8ms in InitializeSparseNdw; 1615ms in InferThetaAndUpdateNwtSparse; ]
I0119 02:21:37.503803  5288 master_component.cc:991] NormalizeModelArgs: pwt_target_name=pwt, nwt_source_name=nwt, rwt_source_name=
I0119 02:21:37.503803  5288 master_component.cc:617] MasterComponent: start normalizing model nwt
I0119 02:21:37.504808  4868 processor.cc:676] No data in processing queue, waiting...
I0119 02:21:37.523861  3228 processor.cc:676] No data in processing queue, waiting...
I0119 02:21:37.527902  4304 processor.cc:676] No data in processing queue, waiting...
I0119 02:21:37.662981  5288 master_component.cc:639] MasterComponent: complete normalizing model nwt
I0119 02:21:37.662981  5288 master_component.cc:1015] DisposeModel rwt
I0119 02:21:37.662981  5288 c_interface.cc:332] Pass FitOfflineMasterModelArgs, batch_filename_size=5, batch_weight_size=5, num_collection_passes=1 to void (__cdecl artm::core::MasterComponent::*)(class artm::FitOfflineMasterModelArgs const & __ptr64) __ptr64
I0119 02:21:37.662981  5288 master_component.cc:942] ProcessBatchesArgs: nwt_target_name=nwt, batch_filename_size=5, batch_size=0, batch_weight_size=5, pwt_source_name=pwt, num_document_passes=30, reuse_theta=no, opt_for_avx=no, predict_class_id=
I0119 02:21:37.769490  4304 processor.cc:683] Processing queue has data, processing started
I0119 02:21:37.769490 12612 processor.cc:683] Processing queue has data, processing started
I0119 02:21:37.769490  5284 processor.cc:683] Processing queue has data, processing started
I0119 02:21:37.769490  4868 processor.cc:683] Processing queue has data, processing started
I0119 02:21:37.769490  2920 processor.cc:683] Processing queue has data, processing started
I0119 02:21:37.790549  5284 processor.cc:760] Processor: start processing batch 01feadb1-9dca-4ecc-8900-78b6b2c1726b into model nwt
I0119 02:21:37.799572  2920 processor.cc:760] Processor: start processing batch 4b27e2ef-3bd1-44f8-8663-1336de6541de into model nwt
I0119 02:21:37.802582 12612 processor.cc:760] Processor: start processing batch 0bbb922d-24b6-4b39-b053-bf906bcb1e7f into model nwt
I0119 02:21:37.808596  4304 processor.cc:760] Processor: start processing batch fa93482d-725f-43f6-83b9-300480dc1fbb into model nwt
I0119 02:21:37.809602  4868 processor.cc:760] Processor: start processing batch 7044a15b-dc78-4f8b-8e21-f334322b308d into model nwt
I0119 02:21:38.532598  5284 processor.cc:856] Processor: complete processing batch 01feadb1-9dca-4ecc-8900-78b6b2c1726b into model nwt
I0119 02:21:38.535104  5284 cuckoo_watch.h:44] 765ms in ProcessBatch(D:\artmonline\data\datasets\postnauka\batches\aaaaad.batch) [including 15ms in LoadMessage; 2ms in InitializeSparseNdw; 739ms in InferThetaAndUpdateNwtSparse; ]
I0119 02:21:38.571202  5284 processor.cc:676] No data in processing queue, waiting...
I0119 02:21:38.785569  4868 processor.cc:856] Processor: complete processing batch 7044a15b-dc78-4f8b-8e21-f334322b308d into model nwt
I0119 02:21:38.797600  4868 cuckoo_watch.h:44] 1028ms in ProcessBatch(D:\artmonline\phi1.batch) [including 31ms in LoadMessage; 5ms in InitializeSparseNdw; 971ms in InferThetaAndUpdateNwtSparse; ]
I0119 02:21:38.831696  4868 processor.cc:676] No data in processing queue, waiting...
I0119 02:21:39.528710  4304 processor.cc:856] Processor: complete processing batch fa93482d-725f-43f6-83b9-300480dc1fbb into model nwt
I0119 02:21:39.532721  4304 cuckoo_watch.h:44] 1763ms in ProcessBatch(D:\artmonline\data\datasets\postnauka\batches\aaaaac.batch) [including 30ms in LoadMessage; 8ms in InitializeSparseNdw; 1710ms in InferThetaAndUpdateNwtSparse; ]
I0119 02:21:39.559793  4304 processor.cc:676] No data in processing queue, waiting...
I0119 02:21:39.559793  2920 processor.cc:856] Processor: complete processing batch 4b27e2ef-3bd1-44f8-8663-1336de6541de into model nwt
I0119 02:21:39.564807  2920 cuckoo_watch.h:44] 1795ms in ProcessBatch(D:\artmonline\data\datasets\postnauka\batches\aaaaab.batch) [including 24ms in LoadMessage; 8ms in InitializeSparseNdw; 1751ms in InferThetaAndUpdateNwtSparse; ]
I0119 02:21:39.566813 12612 processor.cc:856] Processor: complete processing batch 0bbb922d-24b6-4b39-b053-bf906bcb1e7f into model nwt
I0119 02:21:39.571826 12612 cuckoo_watch.h:44] 1802ms in ProcessBatch(D:\artmonline\data\datasets\postnauka\batches\aaaaaa.batch) [including 26ms in LoadMessage; 10ms in InitializeSparseNdw; 1753ms in InferThetaAndUpdateNwtSparse; ]
I0119 02:21:39.572832  5288 master_component.cc:991] NormalizeModelArgs: pwt_target_name=pwt, nwt_source_name=nwt, rwt_source_name=
I0119 02:21:39.572832  5288 master_component.cc:617] MasterComponent: start normalizing model nwt
I0119 02:21:39.584861  2920 processor.cc:676] No data in processing queue, waiting...
I0119 02:21:39.593910 12612 processor.cc:676] No data in processing queue, waiting...
I0119 02:21:39.712420  5288 master_component.cc:639] MasterComponent: complete normalizing model nwt
I0119 02:21:39.712420  5288 master_component.cc:1015] DisposeModel rwt
I0119 02:21:39.712420  5288 c_interface.cc:332] Pass FitOfflineMasterModelArgs, batch_filename_size=5, batch_weight_size=5, num_collection_passes=1 to void (__cdecl artm::core::MasterComponent::*)(class artm::FitOfflineMasterModelArgs const & __ptr64) __ptr64
I0119 02:21:39.712420  5288 master_component.cc:942] ProcessBatchesArgs: nwt_target_name=nwt, batch_filename_size=5, batch_size=0, batch_weight_size=5, pwt_source_name=pwt, num_document_passes=30, reuse_theta=no, opt_for_avx=no, predict_class_id=
I0119 02:21:39.801699 10508 processor.cc:683] Processing queue has data, processing started
I0119 02:21:39.805706  5284 processor.cc:683] Processing queue has data, processing started
I0119 02:21:39.805706  3228 processor.cc:683] Processing queue has data, processing started
I0119 02:21:39.805706 12612 processor.cc:683] Processing queue has data, processing started
I0119 02:21:39.805706  4304 processor.cc:683] Processing queue has data, processing started
I0119 02:21:39.822721  4304 processor.cc:760] Processor: start processing batch 01feadb1-9dca-4ecc-8900-78b6b2c1726b into model nwt
I0119 02:21:39.828738 10508 processor.cc:760] Processor: start processing batch 0bbb922d-24b6-4b39-b053-bf906bcb1e7f into model nwt
I0119 02:21:39.836760  5284 processor.cc:760] Processor: start processing batch 4b27e2ef-3bd1-44f8-8663-1336de6541de into model nwt
I0119 02:21:39.836760 12612 processor.cc:760] Processor: start processing batch fa93482d-725f-43f6-83b9-300480dc1fbb into model nwt
I0119 02:21:39.836760  3228 processor.cc:760] Processor: start processing batch 7044a15b-dc78-4f8b-8e21-f334322b308d into model nwt
I0119 02:21:40.656548  4304 processor.cc:856] Processor: complete processing batch 01feadb1-9dca-4ecc-8900-78b6b2c1726b into model nwt
I0119 02:21:40.660559  4304 cuckoo_watch.h:44] 855ms in ProcessBatch(D:\artmonline\data\datasets\postnauka\batches\aaaaad.batch) [including 12ms in LoadMessage; 1ms in InitializeSparseNdw; 832ms in InferThetaAndUpdateNwtSparse; ]
I0119 02:21:40.690639  4304 processor.cc:676] No data in processing queue, waiting...
I0119 02:21:40.930287  3228 processor.cc:856] Processor: complete processing batch 7044a15b-dc78-4f8b-8e21-f334322b308d into model nwt
I0119 02:21:40.937309  3228 cuckoo_watch.h:44] 1131ms in ProcessBatch(D:\artmonline\phi1.batch) [including 27ms in LoadMessage; 6ms in InitializeSparseNdw; 1086ms in InferThetaAndUpdateNwtSparse; ]
I0119 02:21:40.973469  3228 processor.cc:676] No data in processing queue, waiting...
I0119 02:21:41.566365 10508 processor.cc:856] Processor: complete processing batch 0bbb922d-24b6-4b39-b053-bf906bcb1e7f into model nwt
I0119 02:21:41.584414 10508 cuckoo_watch.h:44] 1782ms in ProcessBatch(D:\artmonline\data\datasets\postnauka\batches\aaaaaa.batch) [including 23ms in LoadMessage; 7ms in InitializeSparseNdw; 1729ms in InferThetaAndUpdateNwtSparse; ]
I0119 02:21:41.608480 12612 processor.cc:856] Processor: complete processing batch fa93482d-725f-43f6-83b9-300480dc1fbb into model nwt
I0119 02:21:41.611485 10508 processor.cc:676] No data in processing queue, waiting...
I0119 02:21:41.613492 12612 cuckoo_watch.h:44] 1808ms in ProcessBatch(D:\artmonline\data\datasets\postnauka\batches\aaaaac.batch) [including 26ms in LoadMessage; 10ms in InitializeSparseNdw; 1760ms in InferThetaAndUpdateNwtSparse; ]
I0119 02:21:41.637557  5284 processor.cc:856] Processor: complete processing batch 4b27e2ef-3bd1-44f8-8663-1336de6541de into model nwt
I0119 02:21:41.642068 12612 processor.cc:676] No data in processing queue, waiting...
I0119 02:21:41.643573  5284 cuckoo_watch.h:44] 1837ms in ProcessBatch(D:\artmonline\data\datasets\postnauka\batches\aaaaab.batch) [including 26ms in LoadMessage; 10ms in InitializeSparseNdw; 1788ms in InferThetaAndUpdateNwtSparse; ]
I0119 02:21:41.644073  5288 master_component.cc:991] NormalizeModelArgs: pwt_target_name=pwt, nwt_source_name=nwt, rwt_source_name=
I0119 02:21:41.644073  5288 master_component.cc:617] MasterComponent: start normalizing model nwt
I0119 02:21:41.676242  5284 processor.cc:676] No data in processing queue, waiting...
I0119 02:21:41.830202  5288 master_component.cc:639] MasterComponent: complete normalizing model nwt
I0119 02:21:41.830202  5288 master_component.cc:1015] DisposeModel rwt
I0119 02:21:41.831204  5288 c_interface.cc:332] Pass FitOfflineMasterModelArgs, batch_filename_size=5, batch_weight_size=5, num_collection_passes=1 to void (__cdecl artm::core::MasterComponent::*)(class artm::FitOfflineMasterModelArgs const & __ptr64) __ptr64
I0119 02:21:41.831204  5288 master_component.cc:942] ProcessBatchesArgs: nwt_target_name=nwt, batch_filename_size=5, batch_size=0, batch_weight_size=5, pwt_source_name=pwt, num_document_passes=30, reuse_theta=no, opt_for_avx=no, predict_class_id=
I0119 02:21:41.921481  4304 processor.cc:683] Processing queue has data, processing started
I0119 02:21:41.923486 10508 processor.cc:683] Processing queue has data, processing started
I0119 02:21:41.923486 12612 processor.cc:683] Processing queue has data, processing started
I0119 02:21:41.923486  3228 processor.cc:683] Processing queue has data, processing started
I0119 02:21:41.923486  4868 processor.cc:683] Processing queue has data, processing started
I0119 02:21:41.941509 10508 processor.cc:760] Processor: start processing batch 01feadb1-9dca-4ecc-8900-78b6b2c1726b into model nwt
I0119 02:21:41.947525  4304 processor.cc:760] Processor: start processing batch 0bbb922d-24b6-4b39-b053-bf906bcb1e7f into model nwt
I0119 02:21:41.955549 12612 processor.cc:760] Processor: start processing batch 4b27e2ef-3bd1-44f8-8663-1336de6541de into model nwt
I0119 02:21:41.958556  3228 processor.cc:760] Processor: start processing batch fa93482d-725f-43f6-83b9-300480dc1fbb into model nwt
I0119 02:21:41.960564  4868 processor.cc:760] Processor: start processing batch 7044a15b-dc78-4f8b-8e21-f334322b308d into model nwt
I0119 02:21:42.661481 10508 processor.cc:856] Processor: complete processing batch 01feadb1-9dca-4ecc-8900-78b6b2c1726b into model nwt
I0119 02:21:42.665493 10508 cuckoo_watch.h:44] 742ms in ProcessBatch(D:\artmonline\data\datasets\postnauka\batches\aaaaad.batch) [including 13ms in LoadMessage; 2ms in InitializeSparseNdw; 717ms in InferThetaAndUpdateNwtSparse; ]
I0119 02:21:42.697577 10508 processor.cc:676] No data in processing queue, waiting...
I0119 02:21:42.890113  4868 processor.cc:856] Processor: complete processing batch 7044a15b-dc78-4f8b-8e21-f334322b308d into model nwt
I0119 02:21:42.900126  4868 cuckoo_watch.h:44] 976ms in ProcessBatch(D:\artmonline\phi1.batch) [including 29ms in LoadMessage; 4ms in InitializeSparseNdw; 925ms in InferThetaAndUpdateNwtSparse; ]
I0119 02:21:42.938730  4868 processor.cc:676] No data in processing queue, waiting...
I0119 02:21:43.412510  4304 processor.cc:856] Processor: complete processing batch 0bbb922d-24b6-4b39-b053-bf906bcb1e7f into model nwt
I0119 02:21:43.417523  4304 cuckoo_watch.h:44] 1496ms in ProcessBatch(D:\artmonline\data\datasets\postnauka\batches\aaaaaa.batch) [including 21ms in LoadMessage; 6ms in InitializeSparseNdw; 1456ms in InferThetaAndUpdateNwtSparse; ]
I0119 02:21:43.444097 12612 processor.cc:856] Processor: complete processing batch 4b27e2ef-3bd1-44f8-8663-1336de6541de into model nwt
I0119 02:21:43.449611 12612 cuckoo_watch.h:44] 1526ms in ProcessBatch(D:\artmonline\data\datasets\postnauka\batches\aaaaab.batch) [including 25ms in LoadMessage; 8ms in InitializeSparseNdw; 1478ms in InferThetaAndUpdateNwtSparse; ]
I0119 02:21:43.453624  4304 processor.cc:676] No data in processing queue, waiting...
I0119 02:21:43.482700 12612 processor.cc:676] No data in processing queue, waiting...
I0119 02:21:43.485708  3228 processor.cc:856] Processor: complete processing batch fa93482d-725f-43f6-83b9-300480dc1fbb into model nwt
I0119 02:21:43.489748  3228 cuckoo_watch.h:44] 1566ms in ProcessBatch(D:\artmonline\data\datasets\postnauka\batches\aaaaac.batch) [including 28ms in LoadMessage; 7ms in InitializeSparseNdw; 1519ms in InferThetaAndUpdateNwtSparse; ]
I0119 02:21:43.491883  5288 master_component.cc:991] NormalizeModelArgs: pwt_target_name=pwt, nwt_source_name=nwt, rwt_source_name=
I0119 02:21:43.491883  5288 master_component.cc:617] MasterComponent: start normalizing model nwt
I0119 02:21:43.526978  3228 processor.cc:676] No data in processing queue, waiting...
I0119 02:21:43.619832  5288 master_component.cc:639] MasterComponent: complete normalizing model nwt
I0119 02:21:43.619832  5288 master_component.cc:1015] DisposeModel rwt
I0119 02:21:43.619832  5288 c_interface.cc:332] Pass FitOfflineMasterModelArgs, batch_filename_size=5, batch_weight_size=5, num_collection_passes=1 to void (__cdecl artm::core::MasterComponent::*)(class artm::FitOfflineMasterModelArgs const & __ptr64) __ptr64
I0119 02:21:43.619832  5288 master_component.cc:942] ProcessBatchesArgs: nwt_target_name=nwt, batch_filename_size=5, batch_size=0, batch_weight_size=5, pwt_source_name=pwt, num_document_passes=30, reuse_theta=no, opt_for_avx=no, predict_class_id=
I0119 02:21:43.734067 10476 processor.cc:683] Processing queue has data, processing started
