I0118 18:36:40.816449 13392 processor.cc:760] Processor: start processing batch 9ebeb5ff-2218-45d7-aa3c-8d3aec4bf25d into model nwt
I0118 18:36:41.102206 12328 processor.cc:856] Processor: complete processing batch e4841d68-82e0-48fd-93eb-bd1c2ec53b47 into model nwt
I0118 18:36:41.104212 12328 cuckoo_watch.h:44] 324ms in ProcessBatch(D:\artmonline\data\datasets\postnauka\batches\aaaaad.batch) [including 11ms in LoadMessage; 2ms in InitializeSparseNdw; 302ms in InferThetaAndUpdateNwtSparse; ]
I0118 18:36:41.129277 12328 processor.cc:676] No data in processing queue, waiting...
I0118 18:36:41.444119 13564 processor.cc:856] Processor: complete processing batch 9e5ab146-6980-4705-a8b6-a18ebb5dc926 into model nwt
I0118 18:36:41.449129 13564 cuckoo_watch.h:44] 669ms in ProcessBatch(D:\artmonline\data\datasets\postnauka\batches\aaaaaa.batch) [including 26ms in LoadMessage; 12ms in InitializeSparseNdw; 619ms in InferThetaAndUpdateNwtSparse; ]
I0118 18:36:41.451133 13392 processor.cc:856] Processor: complete processing batch 9ebeb5ff-2218-45d7-aa3c-8d3aec4bf25d into model nwt
I0118 18:36:41.457149 13392 cuckoo_watch.h:44] 677ms in ProcessBatch(D:\artmonline\data\datasets\postnauka\batches\aaaaac.batch) [including 28ms in LoadMessage; 10ms in InitializeSparseNdw; 624ms in InferThetaAndUpdateNwtSparse; ]
I0118 18:36:41.469182  9272 processor.cc:856] Processor: complete processing batch 67cf4f19-31ed-4ee1-b5a7-402f7c7416e3 into model nwt
I0118 18:36:41.474195  9272 cuckoo_watch.h:44] 694ms in ProcessBatch(D:\artmonline\data\datasets\postnauka\batches\aaaaab.batch) [including 26ms in LoadMessage; 11ms in InitializeSparseNdw; 645ms in InferThetaAndUpdateNwtSparse; ]
I0118 18:36:41.475209 11840 master_component.cc:991] NormalizeModelArgs: pwt_target_name=pwt, nwt_source_name=nwt, rwt_source_name=
I0118 18:36:41.475209 11840 master_component.cc:617] MasterComponent: start normalizing model nwt
I0118 18:36:41.487228 13564 processor.cc:676] No data in processing queue, waiting...
I0118 18:36:41.493245 13392 processor.cc:676] No data in processing queue, waiting...
I0118 18:36:41.510290  9272 processor.cc:676] No data in processing queue, waiting...
I0118 18:36:41.592509 11840 master_component.cc:639] MasterComponent: complete normalizing model nwt
I0118 18:36:41.592509 11840 master_component.cc:1015] DisposeModel rwt
I0118 18:36:41.592509 11840 c_interface.cc:332] Pass FitOfflineMasterModelArgs, batch_filename_size=4, batch_weight_size=4, num_collection_passes=1 to void (__cdecl artm::core::MasterComponent::*)(class artm::FitOfflineMasterModelArgs const & __ptr64) __ptr64
I0118 18:36:41.592509 11840 master_component.cc:942] ProcessBatchesArgs: nwt_target_name=nwt, batch_filename_size=4, batch_size=0, batch_weight_size=4, pwt_source_name=pwt, num_document_passes=30, reuse_theta=no, opt_for_avx=no, predict_class_id=
I0118 18:36:41.691773  9272 processor.cc:683] Processing queue has data, processing started
I0118 18:36:41.691773 14044 processor.cc:683] Processing queue has data, processing started
I0118 18:36:41.692775 13392 processor.cc:683] Processing queue has data, processing started
I0118 18:36:41.692775 12328 processor.cc:683] Processing queue has data, processing started
I0118 18:36:41.705811 12328 processor.cc:760] Processor: start processing batch e4841d68-82e0-48fd-93eb-bd1c2ec53b47 into model nwt
I0118 18:36:41.717842  9272 processor.cc:760] Processor: start processing batch 9e5ab146-6980-4705-a8b6-a18ebb5dc926 into model nwt
I0118 18:36:41.717842 14044 processor.cc:760] Processor: start processing batch 67cf4f19-31ed-4ee1-b5a7-402f7c7416e3 into model nwt
I0118 18:36:41.727870 13392 processor.cc:760] Processor: start processing batch 9ebeb5ff-2218-45d7-aa3c-8d3aec4bf25d into model nwt
I0118 18:36:41.999591 12328 processor.cc:856] Processor: complete processing batch e4841d68-82e0-48fd-93eb-bd1c2ec53b47 into model nwt
I0118 18:36:42.002599 12328 cuckoo_watch.h:44] 310ms in ProcessBatch(D:\artmonline\data\datasets\postnauka\batches\aaaaad.batch) [including 8ms in LoadMessage; 2ms in InitializeSparseNdw; 291ms in InferThetaAndUpdateNwtSparse; ]
I0118 18:36:42.035688 12328 processor.cc:676] No data in processing queue, waiting...
I0118 18:36:42.350524  9272 processor.cc:856] Processor: complete processing batch 9e5ab146-6980-4705-a8b6-a18ebb5dc926 into model nwt
I0118 18:36:42.356541  9272 cuckoo_watch.h:44] 665ms in ProcessBatch(D:\artmonline\data\datasets\postnauka\batches\aaaaaa.batch) [including 21ms in LoadMessage; 10ms in InitializeSparseNdw; 621ms in InferThetaAndUpdateNwtSparse; ]
I0118 18:36:42.370579 13392 processor.cc:856] Processor: complete processing batch 9ebeb5ff-2218-45d7-aa3c-8d3aec4bf25d into model nwt
I0118 18:36:42.373587 14044 processor.cc:856] Processor: complete processing batch 67cf4f19-31ed-4ee1-b5a7-402f7c7416e3 into model nwt
I0118 18:36:42.377598 13392 cuckoo_watch.h:44] 685ms in ProcessBatch(D:\artmonline\data\datasets\postnauka\batches\aaaaac.batch) [including 27ms in LoadMessage; 6ms in InitializeSparseNdw; 636ms in InferThetaAndUpdateNwtSparse; ]
I0118 18:36:42.378599 14044 cuckoo_watch.h:44] 687ms in ProcessBatch(D:\artmonline\data\datasets\postnauka\batches\aaaaab.batch) [including 21ms in LoadMessage; 10ms in InitializeSparseNdw; 644ms in InferThetaAndUpdateNwtSparse; ]
I0118 18:36:42.379602 11840 master_component.cc:991] NormalizeModelArgs: pwt_target_name=pwt, nwt_source_name=nwt, rwt_source_name=
I0118 18:36:42.379602 11840 master_component.cc:617] MasterComponent: start normalizing model nwt
I0118 18:36:42.386622  9272 processor.cc:676] No data in processing queue, waiting...
I0118 18:36:42.409682 14044 processor.cc:676] No data in processing queue, waiting...
I0118 18:36:42.409682 13392 processor.cc:676] No data in processing queue, waiting...
I0118 18:36:42.489895 11840 master_component.cc:639] MasterComponent: complete normalizing model nwt
I0118 18:36:42.489895 11840 master_component.cc:1015] DisposeModel rwt
I0118 18:36:42.489895 11840 c_interface.cc:332] Pass FitOfflineMasterModelArgs, batch_filename_size=4, batch_weight_size=4, num_collection_passes=1 to void (__cdecl artm::core::MasterComponent::*)(class artm::FitOfflineMasterModelArgs const & __ptr64) __ptr64
I0118 18:36:42.489895 11840 master_component.cc:942] ProcessBatchesArgs: nwt_target_name=nwt, batch_filename_size=4, batch_size=0, batch_weight_size=4, pwt_source_name=pwt, num_document_passes=30, reuse_theta=no, opt_for_avx=no, predict_class_id=
I0118 18:36:42.592166 14044 processor.cc:683] Processing queue has data, processing started
I0118 18:36:42.593170 12328 processor.cc:683] Processing queue has data, processing started
I0118 18:36:42.593170 13564 processor.cc:683] Processing queue has data, processing started
I0118 18:36:42.593170 13544 processor.cc:683] Processing queue has data, processing started
I0118 18:36:42.607240 13544 processor.cc:760] Processor: start processing batch e4841d68-82e0-48fd-93eb-bd1c2ec53b47 into model nwt
I0118 18:36:42.620242 13564 processor.cc:760] Processor: start processing batch 9ebeb5ff-2218-45d7-aa3c-8d3aec4bf25d into model nwt
I0118 18:36:42.622249 14044 processor.cc:760] Processor: start processing batch 9e5ab146-6980-4705-a8b6-a18ebb5dc926 into model nwt
I0118 18:36:42.629266 12328 processor.cc:760] Processor: start processing batch 67cf4f19-31ed-4ee1-b5a7-402f7c7416e3 into model nwt
I0118 18:36:42.908006 13544 processor.cc:856] Processor: complete processing batch e4841d68-82e0-48fd-93eb-bd1c2ec53b47 into model nwt
I0118 18:36:42.910013 13544 cuckoo_watch.h:44] 317ms in ProcessBatch(D:\artmonline\data\datasets\postnauka\batches\aaaaad.batch) [including 10ms in LoadMessage; 2ms in InitializeSparseNdw; 297ms in InferThetaAndUpdateNwtSparse; ]
I0118 18:36:42.943099 13544 processor.cc:676] No data in processing queue, waiting...
I0118 18:36:43.245904 13564 processor.cc:856] Processor: complete processing batch 9ebeb5ff-2218-45d7-aa3c-8d3aec4bf25d into model nwt
I0118 18:36:43.251920 13564 cuckoo_watch.h:44] 659ms in ProcessBatch(D:\artmonline\data\datasets\postnauka\batches\aaaaac.batch) [including 21ms in LoadMessage; 9ms in InitializeSparseNdw; 616ms in InferThetaAndUpdateNwtSparse; ]
I0118 18:36:43.258940 14044 processor.cc:856] Processor: complete processing batch 9e5ab146-6980-4705-a8b6-a18ebb5dc926 into model nwt
I0118 18:36:43.266960 14044 cuckoo_watch.h:44] 674ms in ProcessBatch(D:\artmonline\data\datasets\postnauka\batches\aaaaaa.batch) [including 24ms in LoadMessage; 9ms in InitializeSparseNdw; 626ms in InferThetaAndUpdateNwtSparse; ]
I0118 18:36:43.279995 12328 processor.cc:856] Processor: complete processing batch 67cf4f19-31ed-4ee1-b5a7-402f7c7416e3 into model nwt
I0118 18:36:43.284005 12328 cuckoo_watch.h:44] 691ms in ProcessBatch(D:\artmonline\data\datasets\postnauka\batches\aaaaab.batch) [including 27ms in LoadMessage; 6ms in InitializeSparseNdw; 643ms in InferThetaAndUpdateNwtSparse; ]
I0118 18:36:43.285007 11840 master_component.cc:991] NormalizeModelArgs: pwt_target_name=pwt, nwt_source_name=nwt, rwt_source_name=
I0118 18:36:43.285007 11840 master_component.cc:617] MasterComponent: start normalizing model nwt
I0118 18:36:43.288015 13564 processor.cc:676] No data in processing queue, waiting...
I0118 18:36:43.301050 14044 processor.cc:676] No data in processing queue, waiting...
I0118 18:36:43.324113 12328 processor.cc:676] No data in processing queue, waiting...
I0118 18:36:43.395303 11840 master_component.cc:639] MasterComponent: complete normalizing model nwt
I0118 18:36:43.395303 11840 master_component.cc:1015] DisposeModel rwt
I0118 18:36:43.395303 11840 c_interface.cc:332] Pass FitOfflineMasterModelArgs, batch_filename_size=4, batch_weight_size=4, num_collection_passes=1 to void (__cdecl artm::core::MasterComponent::*)(class artm::FitOfflineMasterModelArgs const & __ptr64) __ptr64
I0118 18:36:43.395303 11840 master_component.cc:942] ProcessBatchesArgs: nwt_target_name=nwt, batch_filename_size=4, batch_size=0, batch_weight_size=4, pwt_source_name=pwt, num_document_passes=30, reuse_theta=no, opt_for_avx=no, predict_class_id=
I0118 18:36:43.492560 13392 processor.cc:683] Processing queue has data, processing started
I0118 18:36:43.492560 13564 processor.cc:683] Processing queue has data, processing started
I0118 18:36:43.492560  9272 processor.cc:683] Processing queue has data, processing started
I0118 18:36:43.492560 12328 processor.cc:683] Processing queue has data, processing started
I0118 18:36:43.510608  9272 processor.cc:760] Processor: start processing batch e4841d68-82e0-48fd-93eb-bd1c2ec53b47 into model nwt
I0118 18:36:43.517629 13564 processor.cc:760] Processor: start processing batch 67cf4f19-31ed-4ee1-b5a7-402f7c7416e3 into model nwt
I0118 18:36:43.520637 13392 processor.cc:760] Processor: start processing batch 9e5ab146-6980-4705-a8b6-a18ebb5dc926 into model nwt
I0118 18:36:43.523645 12328 processor.cc:760] Processor: start processing batch 9ebeb5ff-2218-45d7-aa3c-8d3aec4bf25d into model nwt
I0118 18:36:43.803387  9272 processor.cc:856] Processor: complete processing batch e4841d68-82e0-48fd-93eb-bd1c2ec53b47 into model nwt
I0118 18:36:43.806394  9272 cuckoo_watch.h:44] 314ms in ProcessBatch(D:\artmonline\data\datasets\postnauka\batches\aaaaad.batch) [including 13ms in LoadMessage; 2ms in InitializeSparseNdw; 290ms in InferThetaAndUpdateNwtSparse; ]
I0118 18:36:43.840484  9272 processor.cc:676] No data in processing queue, waiting...
I0118 18:36:44.164378 13392 processor.cc:856] Processor: complete processing batch 9e5ab146-6980-4705-a8b6-a18ebb5dc926 into model nwt
I0118 18:36:44.166352 13564 processor.cc:856] Processor: complete processing batch 67cf4f19-31ed-4ee1-b5a7-402f7c7416e3 into model nwt
I0118 18:36:44.171401 13392 cuckoo_watch.h:44] 678ms in ProcessBatch(D:\artmonline\data\datasets\postnauka\batches\aaaaaa.batch) [including 23ms in LoadMessage; 9ms in InitializeSparseNdw; 633ms in InferThetaAndUpdateNwtSparse; ]
I0118 18:36:44.173404 13564 cuckoo_watch.h:44] 681ms in ProcessBatch(D:\artmonline\data\datasets\postnauka\batches\aaaaab.batch) [including 20ms in LoadMessage; 9ms in InitializeSparseNdw; 637ms in InferThetaAndUpdateNwtSparse; ]
I0118 18:36:44.179420 12328 processor.cc:856] Processor: complete processing batch 9ebeb5ff-2218-45d7-aa3c-8d3aec4bf25d into model nwt
I0118 18:36:44.183398 12328 cuckoo_watch.h:44] 691ms in ProcessBatch(D:\artmonline\data\datasets\postnauka\batches\aaaaac.batch) [including 24ms in LoadMessage; 8ms in InitializeSparseNdw; 646ms in InferThetaAndUpdateNwtSparse; ]
I0118 18:36:44.185437 11840 master_component.cc:991] NormalizeModelArgs: pwt_target_name=pwt, nwt_source_name=nwt, rwt_source_name=
I0118 18:36:44.185437 11840 master_component.cc:617] MasterComponent: start normalizing model nwt
I0118 18:36:44.209501 13392 processor.cc:676] No data in processing queue, waiting...
I0118 18:36:44.211473 13564 processor.cc:676] No data in processing queue, waiting...
I0118 18:36:44.221536 12328 processor.cc:676] No data in processing queue, waiting...
I0118 18:36:44.304747 11840 master_component.cc:639] MasterComponent: complete normalizing model nwt
I0118 18:36:44.304747 11840 master_component.cc:1015] DisposeModel rwt
I0118 18:36:44.306759 11840 instance.cc:365] MasterModelConfig.processors_count is automatically set to 8
I0118 18:36:44.306759 11840 c_interface.cc:221] Creating MasterModel (id=4)...
I0118 18:36:44.307729 11840 phi_matrix_operations.cc:82] RetrieveExternalTopicModel() with 10 topics, 73513 tokens
I0118 18:36:44.307729 11380 processor.cc:660] Processor thread started
I0118 18:36:44.307729  5116 processor.cc:660] Processor thread started
I0118 18:36:44.307729  9620 processor.cc:660] Processor thread started
I0118 18:36:44.308729  4900 processor.cc:660] Processor thread started
I0118 18:36:44.308729  9616 processor.cc:660] Processor thread started
I0118 18:36:44.308729  6412 processor.cc:660] Processor thread started
I0118 18:36:44.308729 11548 processor.cc:660] Processor thread started
I0118 18:36:44.308729  7476 processor.cc:660] Processor thread started
I0118 18:36:44.344859  9616 processor.cc:676] No data in processing queue, waiting...
I0118 18:36:44.344859  6412 processor.cc:676] No data in processing queue, waiting...
I0118 18:36:44.344859  5116 processor.cc:676] No data in processing queue, waiting...
I0118 18:36:44.344859 11548 processor.cc:676] No data in processing queue, waiting...
I0118 18:36:44.344859  9620 processor.cc:676] No data in processing queue, waiting...
I0118 18:36:44.344859  4900 processor.cc:676] No data in processing queue, waiting...
I0118 18:36:44.344859  7476 processor.cc:676] No data in processing queue, waiting...
I0118 18:36:44.344859 11380 processor.cc:676] No data in processing queue, waiting...
I0118 18:36:44.386972 11840 c_interface.cc:180] ArtmCopyRequestedMessage is copying 2858518 bytes...
I0118 18:36:47.123211 11840 phi_matrix_operations.cc:82] RetrieveExternalTopicModel() with 1 topics, 73513 tokens
I0118 18:36:47.175379 11840 c_interface.cc:180] ArtmCopyRequestedMessage is copying 1858686 bytes...
I0118 18:36:47.558396 11840 c_interface.cc:185] ArtmCopyRequestedObject is copying 294052 bytes...
I0118 18:36:47.752885 11840 phi_matrix_operations.cc:82] RetrieveExternalTopicModel() with 10 topics, 73513 tokens
I0118 18:36:47.841146 11840 c_interface.cc:180] ArtmCopyRequestedMessage is copying 2858518 bytes...
I0118 18:36:51.097975 11840 phi_matrix_operations.cc:82] RetrieveExternalTopicModel() with 10 topics, 73513 tokens
I0118 18:36:51.190181 11840 c_interface.cc:180] ArtmCopyRequestedMessage is copying 2858518 bytes...
I0118 18:36:54.044977 11840 phi_matrix_operations.cc:82] RetrieveExternalTopicModel() with 1 topics, 73513 tokens
I0118 18:36:54.107144 11840 c_interface.cc:180] ArtmCopyRequestedMessage is copying 1858686 bytes...
I0118 18:36:54.466095 11840 c_interface.cc:185] ArtmCopyRequestedObject is copying 294052 bytes...
I0118 18:36:54.693727 11840 phi_matrix_operations.cc:82] RetrieveExternalTopicModel() with 10 topics, 73513 tokens
I0118 18:36:54.771922 11840 c_interface.cc:180] ArtmCopyRequestedMessage is copying 2858518 bytes...
I0118 18:36:57.408918 11840 phi_matrix_operations.cc:82] RetrieveExternalTopicModel() with 1 topics, 73513 tokens
I0118 18:36:57.462062 11840 c_interface.cc:180] ArtmCopyRequestedMessage is copying 1858686 bytes...
I0118 18:36:57.850109 11840 c_interface.cc:185] ArtmCopyRequestedObject is copying 294052 bytes...
I0118 18:36:58.105799 11840 phi_matrix_operations.cc:82] RetrieveExternalTopicModel() with 10 topics, 73513 tokens
I0118 18:36:58.193003 11840 c_interface.cc:180] ArtmCopyRequestedMessage is copying 2858518 bytes...
I0118 18:37:00.779016 11840 phi_matrix_operations.cc:82] RetrieveExternalTopicModel() with 1 topics, 73513 tokens
I0118 18:37:00.830157 11840 c_interface.cc:180] ArtmCopyRequestedMessage is copying 1858686 bytes...
I0118 18:37:01.221187 11840 c_interface.cc:185] ArtmCopyRequestedObject is copying 294052 bytes...
I0118 18:37:01.480877 11840 phi_matrix_operations.cc:82] RetrieveExternalTopicModel() with 10 topics, 73513 tokens
I0118 18:37:01.564131 11840 c_interface.cc:180] ArtmCopyRequestedMessage is copying 2858518 bytes...
I0118 18:37:04.178050 11840 phi_matrix_operations.cc:82] RetrieveExternalTopicModel() with 1 topics, 73513 tokens
I0118 18:37:04.236204 11840 c_interface.cc:180] ArtmCopyRequestedMessage is copying 1858686 bytes...
I0118 18:37:04.636287 11840 c_interface.cc:185] ArtmCopyRequestedObject is copying 294052 bytes...
I0118 18:37:04.900972 11840 phi_matrix_operations.cc:82] RetrieveExternalTopicModel() with 10 topics, 73513 tokens
I0118 18:37:04.985194 11840 c_interface.cc:180] ArtmCopyRequestedMessage is copying 2858518 bytes...
I0118 18:37:07.810863 11840 phi_matrix_operations.cc:82] RetrieveExternalTopicModel() with 1 topics, 73513 tokens
I0118 18:37:07.856983 11840 c_interface.cc:180] ArtmCopyRequestedMessage is copying 1858686 bytes...
I0118 18:37:08.221956 11840 c_interface.cc:185] ArtmCopyRequestedObject is copying 294052 bytes...
I0118 18:37:08.467639 11840 phi_matrix_operations.cc:82] RetrieveExternalTopicModel() with 10 topics, 73513 tokens
I0118 18:37:08.538832 11840 c_interface.cc:180] ArtmCopyRequestedMessage is copying 2858518 bytes...
I0118 18:37:11.164778 11840 phi_matrix_operations.cc:82] RetrieveExternalTopicModel() with 1 topics, 73513 tokens
I0118 18:37:11.217953 11840 c_interface.cc:180] ArtmCopyRequestedMessage is copying 1858686 bytes...
I0118 18:37:11.593919 11840 c_interface.cc:185] ArtmCopyRequestedObject is copying 294052 bytes...
I0118 18:37:11.845623 11840 phi_matrix_operations.cc:82] RetrieveExternalTopicModel() with 10 topics, 73513 tokens
I0118 18:37:11.929812 11840 c_interface.cc:180] ArtmCopyRequestedMessage is copying 2858518 bytes...
I0118 18:37:14.479588 11840 phi_matrix_operations.cc:82] RetrieveExternalTopicModel() with 1 topics, 73513 tokens
I0118 18:37:14.527716 11840 c_interface.cc:180] ArtmCopyRequestedMessage is copying 1858686 bytes...
I0118 18:37:14.920936 11840 c_interface.cc:185] ArtmCopyRequestedObject is copying 294052 bytes...
I0118 18:37:15.184638 11840 phi_matrix_operations.cc:82] RetrieveExternalTopicModel() with 10 topics, 73513 tokens
I0118 18:37:15.267894 11840 c_interface.cc:180] ArtmCopyRequestedMessage is copying 2858518 bytes...
I0118 18:37:18.111416 11840 phi_matrix_operations.cc:82] RetrieveExternalTopicModel() with 1 topics, 73513 tokens
I0118 18:37:18.174585 11840 c_interface.cc:180] ArtmCopyRequestedMessage is copying 1858686 bytes...
I0118 18:37:18.550611 11840 c_interface.cc:185] ArtmCopyRequestedObject is copying 294052 bytes...
I0118 18:37:18.815289 11840 phi_matrix_operations.cc:82] RetrieveExternalTopicModel() with 10 topics, 73513 tokens
I0118 18:37:18.907533 11840 c_interface.cc:180] ArtmCopyRequestedMessage is copying 2858518 bytes...
I0118 18:37:21.752095 11840 phi_matrix_operations.cc:82] RetrieveExternalTopicModel() with 1 topics, 73513 tokens
I0118 18:37:21.803268 11840 c_interface.cc:180] ArtmCopyRequestedMessage is copying 1858686 bytes...
I0118 18:37:22.204298 11840 c_interface.cc:185] ArtmCopyRequestedObject is copying 294052 bytes...
I0118 18:37:23.264116 11840 c_interface.cc:221] Creating MasterModel (id=5)...
I0118 18:37:23.264116 11840 c_interface.cc:318] Pass 06214648-193d-4fd9-b6e3-bea2565fff46 to void (__cdecl artm::core::MasterComponent::*)(class std::basic_string<char,struct std::char_traits<char>,class std::allocator<char> > const & __ptr64) __ptr64
I0118 18:37:23.265117 11840 c_interface.cc:332] Pass GatherDictionaryArgs: dictionary_target_name=06214648-193d-4fd9-b6e3-bea2565fff46, data_path=, symmetric_cooc_values=0 to void (__cdecl artm::core::MasterComponent::*)(class artm::GatherDictionaryArgs const & __ptr64) __ptr64
I0118 18:37:23.265117 11840 dictionary.cc:187] Found 0 batches in '' folder
I0118 18:37:23.265117 11840 dictionary.cc:243] Find 0 unique tokens in 0 items
I0118 18:37:23.265117 11840 c_interface.cc:332] Pass MasterModelConfig: topic_name_size=50, score_config_size=0, num_processors=0, pwt_name=pwt, nwt_name=nwt, num_document_passes=30, reuse_theta=no, cache_theta=yes, opt_for_avx=no, disk_cache_path to void (__cdecl artm::core::MasterComponent::*)(class artm::MasterModelConfig const & __ptr64) __ptr64
I0118 18:37:23.265117 11840 instance.cc:365] MasterModelConfig.processors_count is automatically set to 8
I0118 18:37:23.265117 11840 c_interface.cc:318] Pass pwt to void (__cdecl artm::core::MasterComponent::*)(class std::basic_string<char,struct std::char_traits<char>,class std::allocator<char> > const & __ptr64) __ptr64
I0118 18:37:23.265117 11840 c_interface.cc:318] Pass nwt to void (__cdecl artm::core::MasterComponent::*)(class std::basic_string<char,struct std::char_traits<char>,class std::allocator<char> > const & __ptr64) __ptr64
I0118 18:37:23.265117 11840 c_interface.cc:332] Pass InitializeModelArgs: model_name=pwt, dictionary_name=dictionary, topic_name_size=50 to void (__cdecl artm::core::MasterComponent::*)(class artm::InitializeModelArgs const & __ptr64) __ptr64
I0118 18:37:23.265117 11840 master_component.cc:338] InitializeModel() with 50 topics and 73513 tokens
I0118 18:37:23.674206 11840 c_interface.cc:332] Pass InitializeModelArgs: model_name=nwt, dictionary_name=dictionary, topic_name_size=50 to void (__cdecl artm::core::MasterComponent::*)(class artm::InitializeModelArgs const & __ptr64) __ptr64
I0118 18:37:23.674206 11840 master_component.cc:338] InitializeModel() with 50 topics and 73513 tokens
I0118 18:37:24.065273 11840 phi_matrix_operations.cc:82] RetrieveExternalTopicModel() with 50 topics, 73513 tokens
I0118 18:37:24.141448 11840 c_interface.cc:180] ArtmCopyRequestedMessage is copying 2152925 bytes...
I0118 18:37:25.717926 11840 c_interface.cc:332] Pass FitOfflineMasterModelArgs, batch_filename_size=5, batch_weight_size=5, num_collection_passes=1 to void (__cdecl artm::core::MasterComponent::*)(class artm::FitOfflineMasterModelArgs const & __ptr64) __ptr64
I0118 18:37:25.718902 11840 master_component.cc:942] ProcessBatchesArgs: nwt_target_name=nwt, batch_filename_size=5, batch_size=0, batch_weight_size=5, pwt_source_name=pwt, num_document_passes=30, reuse_theta=no, opt_for_avx=no, predict_class_id=
I0118 18:37:25.845237 11380 processor.cc:683] Processing queue has data, processing started
I0118 18:37:25.845237  6412 processor.cc:683] Processing queue has data, processing started
I0118 18:37:25.845237  7476 processor.cc:683] Processing queue has data, processing started
I0118 18:37:25.847241  9620 processor.cc:683] Processing queue has data, processing started
I0118 18:37:25.847241  9616 processor.cc:683] Processing queue has data, processing started
I0118 18:37:25.868299  9620 processor.cc:760] Processor: start processing batch e4841d68-82e0-48fd-93eb-bd1c2ec53b47 into model nwt
I0118 18:37:25.878325  6412 processor.cc:760] Processor: start processing batch 9e5ab146-6980-4705-a8b6-a18ebb5dc926 into model nwt
I0118 18:37:25.882339 11380 processor.cc:760] Processor: start processing batch 67cf4f19-31ed-4ee1-b5a7-402f7c7416e3 into model nwt
I0118 18:37:25.884342  7476 processor.cc:760] Processor: start processing batch 9ebeb5ff-2218-45d7-aa3c-8d3aec4bf25d into model nwt
I0118 18:37:25.894367  9616 processor.cc:760] Processor: start processing batch 6c7f9286-fd41-47ad-a283-45652ff021e4 into model nwt
I0118 18:37:26.818826  9620 processor.cc:856] Processor: complete processing batch e4841d68-82e0-48fd-93eb-bd1c2ec53b47 into model nwt
I0118 18:37:26.822835  9620 cuckoo_watch.h:44] 975ms in ProcessBatch(D:\artmonline\data\datasets\postnauka\batches\aaaaad.batch) [including 15ms in LoadMessage; 2ms in InitializeSparseNdw; 947ms in InferThetaAndUpdateNwtSparse; ]
I0118 18:37:26.843893  9620 processor.cc:676] No data in processing queue, waiting...
I0118 18:37:27.143689  9616 processor.cc:856] Processor: complete processing batch 6c7f9286-fd41-47ad-a283-45652ff021e4 into model nwt
I0118 18:37:27.152714  9616 cuckoo_watch.h:44] 1305ms in ProcessBatch(D:\artmonline\phi1.batch) [including 38ms in LoadMessage; 3ms in InitializeSparseNdw; 1245ms in InferThetaAndUpdateNwtSparse; ]
I0118 18:37:27.181790  9616 processor.cc:676] No data in processing queue, waiting...
I0118 18:37:27.843549  6412 processor.cc:856] Processor: complete processing batch 9e5ab146-6980-4705-a8b6-a18ebb5dc926 into model nwt
I0118 18:37:27.851577  6412 cuckoo_watch.h:44] 2007ms in ProcessBatch(D:\artmonline\data\datasets\postnauka\batches\aaaaaa.batch) [including 27ms in LoadMessage; 13ms in InitializeSparseNdw; 1950ms in InferThetaAndUpdateNwtSparse; ]
I0118 18:37:27.877672  6412 processor.cc:676] No data in processing queue, waiting...
I0118 18:37:27.877672 11380 processor.cc:856] Processor: complete processing batch 67cf4f19-31ed-4ee1-b5a7-402f7c7416e3 into model nwt
I0118 18:37:27.883690 11380 cuckoo_watch.h:44] 2039ms in ProcessBatch(D:\artmonline\data\datasets\postnauka\batches\aaaaab.batch) [including 28ms in LoadMessage; 13ms in InitializeSparseNdw; 1982ms in InferThetaAndUpdateNwtSparse; ]
I0118 18:37:27.918748 11380 processor.cc:676] No data in processing queue, waiting...
I0118 18:37:27.921810  7476 processor.cc:856] Processor: complete processing batch 9ebeb5ff-2218-45d7-aa3c-8d3aec4bf25d into model nwt
I0118 18:37:27.928776  7476 cuckoo_watch.h:44] 2083ms in ProcessBatch(D:\artmonline\data\datasets\postnauka\batches\aaaaac.batch) [including 31ms in LoadMessage; 11ms in InitializeSparseNdw; 2025ms in InferThetaAndUpdateNwtSparse; ]
I0118 18:37:27.929808 11840 master_component.cc:991] NormalizeModelArgs: pwt_target_name=pwt, nwt_source_name=nwt, rwt_source_name=
I0118 18:37:27.929808 11840 master_component.cc:617] MasterComponent: start normalizing model nwt
I0118 18:37:27.962898  7476 processor.cc:676] No data in processing queue, waiting...
I0118 18:37:28.087221 11840 master_component.cc:639] MasterComponent: complete normalizing model nwt
I0118 18:37:28.087221 11840 master_component.cc:1015] DisposeModel rwt
I0118 18:37:28.087221 11840 c_interface.cc:332] Pass FitOfflineMasterModelArgs, batch_filename_size=5, batch_weight_size=5, num_collection_passes=1 to void (__cdecl artm::core::MasterComponent::*)(class artm::FitOfflineMasterModelArgs const & __ptr64) __ptr64
I0118 18:37:28.087221 11840 master_component.cc:942] ProcessBatchesArgs: nwt_target_name=nwt, batch_filename_size=5, batch_size=0, batch_weight_size=5, pwt_source_name=pwt, num_document_passes=30, reuse_theta=no, opt_for_avx=no, predict_class_id=
I0118 18:37:28.197489 11380 processor.cc:683] Processing queue has data, processing started
I0118 18:37:28.197489  5116 processor.cc:683] Processing queue has data, processing started
I0118 18:37:28.197489  9616 processor.cc:683] Processing queue has data, processing started
I0118 18:37:28.197489  4900 processor.cc:683] Processing queue has data, processing started
I0118 18:37:28.197489  7476 processor.cc:683] Processing queue has data, processing started
I0118 18:37:28.218549  4900 processor.cc:760] Processor: start processing batch e4841d68-82e0-48fd-93eb-bd1c2ec53b47 into model nwt
I0118 18:37:28.232590  9616 processor.cc:760] Processor: start processing batch 67cf4f19-31ed-4ee1-b5a7-402f7c7416e3 into model nwt
I0118 18:37:28.232590  5116 processor.cc:760] Processor: start processing batch 9ebeb5ff-2218-45d7-aa3c-8d3aec4bf25d into model nwt
I0118 18:37:28.233587 11380 processor.cc:760] Processor: start processing batch 9e5ab146-6980-4705-a8b6-a18ebb5dc926 into model nwt
I0118 18:37:28.243614  7476 processor.cc:760] Processor: start processing batch 6c7f9286-fd41-47ad-a283-45652ff021e4 into model nwt
I0118 18:37:29.159047  4900 processor.cc:856] Processor: complete processing batch e4841d68-82e0-48fd-93eb-bd1c2ec53b47 into model nwt
I0118 18:37:29.163056  4900 cuckoo_watch.h:44] 965ms in ProcessBatch(D:\artmonline\data\datasets\postnauka\batches\aaaaad.batch) [including 14ms in LoadMessage; 4ms in InitializeSparseNdw; 936ms in InferThetaAndUpdateNwtSparse; ]
I0118 18:37:29.185117  4900 processor.cc:676] No data in processing queue, waiting...
I0118 18:37:29.471879  7476 processor.cc:856] Processor: complete processing batch 6c7f9286-fd41-47ad-a283-45652ff021e4 into model nwt
I0118 18:37:29.482908  7476 cuckoo_watch.h:44] 1285ms in ProcessBatch(D:\artmonline\phi1.batch) [including 36ms in LoadMessage; 6ms in InitializeSparseNdw; 1221ms in InferThetaAndUpdateNwtSparse; ]
I0118 18:37:29.510982  7476 processor.cc:676] No data in processing queue, waiting...
I0118 18:37:30.177763 11380 processor.cc:856] Processor: complete processing batch 9e5ab146-6980-4705-a8b6-a18ebb5dc926 into model nwt
I0118 18:37:30.181764 11380 cuckoo_watch.h:44] 1984ms in ProcessBatch(D:\artmonline\data\datasets\postnauka\batches\aaaaaa.batch) [including 30ms in LoadMessage; 16ms in InitializeSparseNdw; 1927ms in InferThetaAndUpdateNwtSparse; ]
I0118 18:37:30.210844 11380 processor.cc:676] No data in processing queue, waiting...
I0118 18:37:30.211846  5116 processor.cc:856] Processor: complete processing batch 9ebeb5ff-2218-45d7-aa3c-8d3aec4bf25d into model nwt
I0118 18:37:30.215886  5116 cuckoo_watch.h:44] 2018ms in ProcessBatch(D:\artmonline\data\datasets\postnauka\batches\aaaaac.batch) [including 29ms in LoadMessage; 15ms in InitializeSparseNdw; 1962ms in InferThetaAndUpdateNwtSparse; ]
I0118 18:37:30.224911  9616 processor.cc:856] Processor: complete processing batch 67cf4f19-31ed-4ee1-b5a7-402f7c7416e3 into model nwt
I0118 18:37:30.228922  9616 cuckoo_watch.h:44] 2031ms in ProcessBatch(D:\artmonline\data\datasets\postnauka\batches\aaaaab.batch) [including 29ms in LoadMessage; 17ms in InitializeSparseNdw; 1974ms in InferThetaAndUpdateNwtSparse; ]
I0118 18:37:30.229926 11840 master_component.cc:991] NormalizeModelArgs: pwt_target_name=pwt, nwt_source_name=nwt, rwt_source_name=
I0118 18:37:30.229926 11840 master_component.cc:617] MasterComponent: start normalizing model nwt
I0118 18:37:30.248977  5116 processor.cc:676] No data in processing queue, waiting...
I0118 18:37:30.266019  9616 processor.cc:676] No data in processing queue, waiting...
I0118 18:37:30.380317 11840 master_component.cc:639] MasterComponent: complete normalizing model nwt
I0118 18:37:30.380317 11840 master_component.cc:1015] DisposeModel rwt
I0118 18:37:30.380317 11840 c_interface.cc:332] Pass FitOfflineMasterModelArgs, batch_filename_size=5, batch_weight_size=5, num_collection_passes=1 to void (__cdecl artm::core::MasterComponent::*)(class artm::FitOfflineMasterModelArgs const & __ptr64) __ptr64
I0118 18:37:30.380317 11840 master_component.cc:942] ProcessBatchesArgs: nwt_target_name=nwt, batch_filename_size=5, batch_size=0, batch_weight_size=5, pwt_source_name=pwt, num_document_passes=30, reuse_theta=no, opt_for_avx=no, predict_class_id=
I0118 18:37:30.489584  4900 processor.cc:683] Processing queue has data, processing started
I0118 18:37:30.489584  7476 processor.cc:683] Processing queue has data, processing started
I0118 18:37:30.490592  9616 processor.cc:683] Processing queue has data, processing started
I0118 18:37:30.490592 11380 processor.cc:683] Processing queue has data, processing started
I0118 18:37:30.490592  6412 processor.cc:683] Processing queue has data, processing started
I0118 18:37:30.507630  6412 processor.cc:760] Processor: start processing batch e4841d68-82e0-48fd-93eb-bd1c2ec53b47 into model nwt
I0118 18:37:30.517658  4900 processor.cc:760] Processor: start processing batch 67cf4f19-31ed-4ee1-b5a7-402f7c7416e3 into model nwt
I0118 18:37:30.519667  9616 processor.cc:760] Processor: start processing batch 9ebeb5ff-2218-45d7-aa3c-8d3aec4bf25d into model nwt
I0118 18:37:30.520669  7476 processor.cc:760] Processor: start processing batch 9e5ab146-6980-4705-a8b6-a18ebb5dc926 into model nwt
I0118 18:37:30.526682 11380 processor.cc:760] Processor: start processing batch 6c7f9286-fd41-47ad-a283-45652ff021e4 into model nwt
I0118 18:37:31.476208  6412 processor.cc:856] Processor: complete processing batch e4841d68-82e0-48fd-93eb-bd1c2ec53b47 into model nwt
I0118 18:37:31.480217  6412 cuckoo_watch.h:44] 989ms in ProcessBatch(D:\artmonline\data\datasets\postnauka\batches\aaaaad.batch) [including 11ms in LoadMessage; 2ms in InitializeSparseNdw; 964ms in InferThetaAndUpdateNwtSparse; ]
I0118 18:37:31.507290  6412 processor.cc:676] No data in processing queue, waiting...
I0118 18:37:31.785032 11380 processor.cc:856] Processor: complete processing batch 6c7f9286-fd41-47ad-a283-45652ff021e4 into model nwt
I0118 18:37:31.795054 11380 cuckoo_watch.h:44] 1304ms in ProcessBatch(D:\artmonline\phi1.batch) [including 29ms in LoadMessage; 4ms in InitializeSparseNdw; 1254ms in InferThetaAndUpdateNwtSparse; ]
I0118 18:37:31.824131 11380 processor.cc:676] No data in processing queue, waiting...
I0118 18:37:32.489900  7476 processor.cc:856] Processor: complete processing batch 9e5ab146-6980-4705-a8b6-a18ebb5dc926 into model nwt
I0118 18:37:32.494913  7476 cuckoo_watch.h:44] 2005ms in ProcessBatch(D:\artmonline\data\datasets\postnauka\batches\aaaaaa.batch) [including 25ms in LoadMessage; 10ms in InitializeSparseNdw; 1958ms in InferThetaAndUpdateNwtSparse; ]
I0118 18:37:32.521986  7476 processor.cc:676] No data in processing queue, waiting...
I0118 18:37:32.535022  4900 processor.cc:856] Processor: complete processing batch 67cf4f19-31ed-4ee1-b5a7-402f7c7416e3 into model nwt
I0118 18:37:32.540033  4900 cuckoo_watch.h:44] 2050ms in ProcessBatch(D:\artmonline\data\datasets\postnauka\batches\aaaaab.batch) [including 22ms in LoadMessage; 9ms in InitializeSparseNdw; 2008ms in InferThetaAndUpdateNwtSparse; ]
I0118 18:37:32.556110  9616 processor.cc:856] Processor: complete processing batch 9ebeb5ff-2218-45d7-aa3c-8d3aec4bf25d into model nwt
I0118 18:37:32.561120  9616 cuckoo_watch.h:44] 2070ms in ProcessBatch(D:\artmonline\data\datasets\postnauka\batches\aaaaac.batch) [including 23ms in LoadMessage; 10ms in InitializeSparseNdw; 2025ms in InferThetaAndUpdateNwtSparse; ]
I0118 18:37:32.563129 11840 master_component.cc:991] NormalizeModelArgs: pwt_target_name=pwt, nwt_source_name=nwt, rwt_source_name=
I0118 18:37:32.563129 11840 master_component.cc:617] MasterComponent: start normalizing model nwt
I0118 18:37:32.566134  4900 processor.cc:676] No data in processing queue, waiting...
I0118 18:37:32.594179  9616 processor.cc:676] No data in processing queue, waiting...
I0118 18:37:32.714524 11840 master_component.cc:639] MasterComponent: complete normalizing model nwt
I0118 18:37:32.714524 11840 master_component.cc:1015] DisposeModel rwt
I0118 18:37:32.715533 11840 c_interface.cc:332] Pass FitOfflineMasterModelArgs, batch_filename_size=5, batch_weight_size=5, num_collection_passes=1 to void (__cdecl artm::core::MasterComponent::*)(class artm::FitOfflineMasterModelArgs const & __ptr64) __ptr64
I0118 18:37:32.715533 11840 master_component.cc:942] ProcessBatchesArgs: nwt_target_name=nwt, batch_filename_size=5, batch_size=0, batch_weight_size=5, pwt_source_name=pwt, num_document_passes=30, reuse_theta=no, opt_for_avx=no, predict_class_id=
I0118 18:37:32.826827 11380 processor.cc:683] Processing queue has data, processing started
I0118 18:37:32.826827  9620 processor.cc:683] Processing queue has data, processing started
I0118 18:37:32.826827  4900 processor.cc:683] Processing queue has data, processing started
I0118 18:37:32.826827  9616 processor.cc:683] Processing queue has data, processing started
I0118 18:37:32.826827  7476 processor.cc:683] Processing queue has data, processing started
I0118 18:37:32.844844  9616 processor.cc:760] Processor: start processing batch e4841d68-82e0-48fd-93eb-bd1c2ec53b47 into model nwt
I0118 18:37:32.857879  7476 processor.cc:760] Processor: start processing batch 9e5ab146-6980-4705-a8b6-a18ebb5dc926 into model nwt
I0118 18:37:32.861891 11380 processor.cc:760] Processor: start processing batch 67cf4f19-31ed-4ee1-b5a7-402f7c7416e3 into model nwt
I0118 18:37:32.862892  4900 processor.cc:760] Processor: start processing batch 9ebeb5ff-2218-45d7-aa3c-8d3aec4bf25d into model nwt
I0118 18:37:32.866902  9620 processor.cc:760] Processor: start processing batch 6c7f9286-fd41-47ad-a283-45652ff021e4 into model nwt
I0118 18:37:33.810412  9616 processor.cc:856] Processor: complete processing batch e4841d68-82e0-48fd-93eb-bd1c2ec53b47 into model nwt
I0118 18:37:33.813421  9616 cuckoo_watch.h:44] 987ms in ProcessBatch(D:\artmonline\data\datasets\postnauka\batches\aaaaad.batch) [including 12ms in LoadMessage; 3ms in InitializeSparseNdw; 961ms in InferThetaAndUpdateNwtSparse; ]
I0118 18:37:33.841495  9616 processor.cc:676] No data in processing queue, waiting...
I0118 18:37:34.122241  9620 processor.cc:856] Processor: complete processing batch 6c7f9286-fd41-47ad-a283-45652ff021e4 into model nwt
I0118 18:37:34.132267  9620 cuckoo_watch.h:44] 1305ms in ProcessBatch(D:\artmonline\phi1.batch) [including 31ms in LoadMessage; 7ms in InitializeSparseNdw; 1247ms in InferThetaAndUpdateNwtSparse; ]
I0118 18:37:34.157333  9620 processor.cc:676] No data in processing queue, waiting...
I0118 18:37:34.831125  7476 processor.cc:856] Processor: complete processing batch 9e5ab146-6980-4705-a8b6-a18ebb5dc926 into model nwt
I0118 18:37:34.842157  7476 cuckoo_watch.h:44] 2015ms in ProcessBatch(D:\artmonline\data\datasets\postnauka\batches\aaaaaa.batch) [including 24ms in LoadMessage; 12ms in InitializeSparseNdw; 1959ms in InferThetaAndUpdateNwtSparse; ]
I0118 18:37:34.875272  7476 processor.cc:676] No data in processing queue, waiting...
I0118 18:37:34.925405  4900 processor.cc:856] Processor: complete processing batch 9ebeb5ff-2218-45d7-aa3c-8d3aec4bf25d into model nwt
I0118 18:37:34.932394  4900 cuckoo_watch.h:44] 2106ms in ProcessBatch(D:\artmonline\data\datasets\postnauka\batches\aaaaac.batch) [including 29ms in LoadMessage; 14ms in InitializeSparseNdw; 2047ms in InferThetaAndUpdateNwtSparse; ]
I0118 18:37:34.934411 11380 processor.cc:856] Processor: complete processing batch 67cf4f19-31ed-4ee1-b5a7-402f7c7416e3 into model nwt
I0118 18:37:34.939441 11380 cuckoo_watch.h:44] 2112ms in ProcessBatch(D:\artmonline\data\datasets\postnauka\batches\aaaaab.batch) [including 28ms in LoadMessage; 12ms in InitializeSparseNdw; 2058ms in InferThetaAndUpdateNwtSparse; ]
I0118 18:37:34.941452 11840 master_component.cc:991] NormalizeModelArgs: pwt_target_name=pwt, nwt_source_name=nwt, rwt_source_name=
I0118 18:37:34.941452 11840 master_component.cc:617] MasterComponent: start normalizing model nwt
I0118 18:37:34.965483  4900 processor.cc:676] No data in processing queue, waiting...
I0118 18:37:34.969522 11380 processor.cc:676] No data in processing queue, waiting...
I0118 18:37:35.102880 11840 master_component.cc:639] MasterComponent: complete normalizing model nwt
I0118 18:37:35.102880 11840 master_component.cc:1015] DisposeModel rwt
I0118 18:37:35.102880 11840 c_interface.cc:332] Pass FitOfflineMasterModelArgs, batch_filename_size=5, batch_weight_size=5, num_collection_passes=1 to void (__cdecl artm::core::MasterComponent::*)(class artm::FitOfflineMasterModelArgs const & __ptr64) __ptr64
I0118 18:37:35.102880 11840 master_component.cc:942] ProcessBatchesArgs: nwt_target_name=nwt, batch_filename_size=5, batch_size=0, batch_weight_size=5, pwt_source_name=pwt, num_document_passes=30, reuse_theta=no, opt_for_avx=no, predict_class_id=
I0118 18:37:35.200175 11380 processor.cc:683] Processing queue has data, processing started
I0118 18:37:35.200175  7476 processor.cc:683] Processing queue has data, processing started
I0118 18:37:35.200175  4900 processor.cc:683] Processing queue has data, processing started
I0118 18:37:35.200175  9616 processor.cc:683] Processing queue has data, processing started
I0118 18:37:35.200175  9620 processor.cc:683] Processing queue has data, processing started
I0118 18:37:35.218152  9620 processor.cc:760] Processor: start processing batch e4841d68-82e0-48fd-93eb-bd1c2ec53b47 into model nwt
I0118 18:37:35.229218  7476 processor.cc:760] Processor: start processing batch 67cf4f19-31ed-4ee1-b5a7-402f7c7416e3 into model nwt
I0118 18:37:35.229218 11380 processor.cc:760] Processor: start processing batch 9ebeb5ff-2218-45d7-aa3c-8d3aec4bf25d into model nwt
I0118 18:37:35.234199  9616 processor.cc:760] Processor: start processing batch 9e5ab146-6980-4705-a8b6-a18ebb5dc926 into model nwt
I0118 18:37:35.244225  4900 processor.cc:760] Processor: start processing batch 6c7f9286-fd41-47ad-a283-45652ff021e4 into model nwt
I0118 18:37:36.195754  9620 processor.cc:856] Processor: complete processing batch e4841d68-82e0-48fd-93eb-bd1c2ec53b47 into model nwt
I0118 18:37:36.200767  9620 cuckoo_watch.h:44] 1000ms in ProcessBatch(D:\artmonline\data\datasets\postnauka\batches\aaaaad.batch) [including 14ms in LoadMessage; 1ms in InitializeSparseNdw; 975ms in InferThetaAndUpdateNwtSparse; ]
I0118 18:37:36.230845  9620 processor.cc:676] No data in processing queue, waiting...
I0118 18:37:36.497556  4900 processor.cc:856] Processor: complete processing batch 6c7f9286-fd41-47ad-a283-45652ff021e4 into model nwt
I0118 18:37:36.508586  4900 cuckoo_watch.h:44] 1308ms in ProcessBatch(D:\artmonline\phi1.batch) [including 36ms in LoadMessage; 4ms in InitializeSparseNdw; 1248ms in InferThetaAndUpdateNwtSparse; ]
I0118 18:37:36.534654  4900 processor.cc:676] No data in processing queue, waiting...
I0118 18:37:37.261585  9616 processor.cc:856] Processor: complete processing batch 9e5ab146-6980-4705-a8b6-a18ebb5dc926 into model nwt
I0118 18:37:37.267601  9616 cuckoo_watch.h:44] 2068ms in ProcessBatch(D:\artmonline\data\datasets\postnauka\batches\aaaaaa.batch) [including 26ms in LoadMessage; 11ms in InitializeSparseNdw; 2015ms in InferThetaAndUpdateNwtSparse; ]
I0118 18:37:37.267601 11380 processor.cc:856] Processor: complete processing batch 9ebeb5ff-2218-45d7-aa3c-8d3aec4bf25d into model nwt
I0118 18:37:37.273651 11380 cuckoo_watch.h:44] 2073ms in ProcessBatch(D:\artmonline\data\datasets\postnauka\batches\aaaaac.batch) [including 23ms in LoadMessage; 12ms in InitializeSparseNdw; 2026ms in InferThetaAndUpdateNwtSparse; ]
I0118 18:37:37.282641  7476 processor.cc:856] Processor: complete processing batch 67cf4f19-31ed-4ee1-b5a7-402f7c7416e3 into model nwt
I0118 18:37:37.291666  7476 cuckoo_watch.h:44] 2092ms in ProcessBatch(D:\artmonline\data\datasets\postnauka\batches\aaaaab.batch) [including 24ms in LoadMessage; 10ms in InitializeSparseNdw; 2042ms in InferThetaAndUpdateNwtSparse; ]
I0118 18:37:37.293673 11840 master_component.cc:991] NormalizeModelArgs: pwt_target_name=pwt, nwt_source_name=nwt, rwt_source_name=
I0118 18:37:37.293673 11840 master_component.cc:617] MasterComponent: start normalizing model nwt
I0118 18:37:37.300722  9616 processor.cc:676] No data in processing queue, waiting...
I0118 18:37:37.311748 11380 processor.cc:676] No data in processing queue, waiting...
I0118 18:37:37.328794  7476 processor.cc:676] No data in processing queue, waiting...
I0118 18:37:37.469137 11840 master_component.cc:639] MasterComponent: complete normalizing model nwt
I0118 18:37:37.469137 11840 master_component.cc:1015] DisposeModel rwt
I0118 18:37:37.469137 11840 c_interface.cc:332] Pass FitOfflineMasterModelArgs, batch_filename_size=5, batch_weight_size=5, num_collection_passes=1 to void (__cdecl artm::core::MasterComponent::*)(class artm::FitOfflineMasterModelArgs const & __ptr64) __ptr64
I0118 18:37:37.469137 11840 master_component.cc:942] ProcessBatchesArgs: nwt_target_name=nwt, batch_filename_size=5, batch_size=0, batch_weight_size=5, pwt_source_name=pwt, num_document_passes=30, reuse_theta=no, opt_for_avx=no, predict_class_id=
I0118 18:37:37.576498 11380 processor.cc:683] Processing queue has data, processing started
I0118 18:37:37.576498  6412 processor.cc:683] Processing queue has data, processing started
I0118 18:37:37.576498 11548 processor.cc:683] Processing queue has data, processing started
I0118 18:37:37.576498  9620 processor.cc:683] Processing queue has data, processing started
I0118 18:37:37.576498  7476 processor.cc:683] Processing queue has data, processing started
I0118 18:37:37.593469 11380 processor.cc:760] Processor: start processing batch e4841d68-82e0-48fd-93eb-bd1c2ec53b47 into model nwt
I0118 18:37:37.604497  6412 processor.cc:760] Processor: start processing batch 9e5ab146-6980-4705-a8b6-a18ebb5dc926 into model nwt
I0118 18:37:37.605500 11548 processor.cc:760] Processor: start processing batch 9ebeb5ff-2218-45d7-aa3c-8d3aec4bf25d into model nwt
I0118 18:37:37.606504  9620 processor.cc:760] Processor: start processing batch 67cf4f19-31ed-4ee1-b5a7-402f7c7416e3 into model nwt
I0118 18:37:37.618537  7476 processor.cc:760] Processor: start processing batch 6c7f9286-fd41-47ad-a283-45652ff021e4 into model nwt
I0118 18:37:38.588114 11380 processor.cc:856] Processor: complete processing batch e4841d68-82e0-48fd-93eb-bd1c2ec53b47 into model nwt
I0118 18:37:38.592124 11380 cuckoo_watch.h:44] 1016ms in ProcessBatch(D:\artmonline\data\datasets\postnauka\batches\aaaaad.batch) [including 12ms in LoadMessage; 2ms in InitializeSparseNdw; 990ms in InferThetaAndUpdateNwtSparse; ]
I0118 18:37:38.627218 11380 processor.cc:676] No data in processing queue, waiting...
I0118 18:37:38.877884  7476 processor.cc:856] Processor: complete processing batch 6c7f9286-fd41-47ad-a283-45652ff021e4 into model nwt
I0118 18:37:38.886906  7476 cuckoo_watch.h:44] 1310ms in ProcessBatch(D:\artmonline\phi1.batch) [including 35ms in LoadMessage; 3ms in InitializeSparseNdw; 1255ms in InferThetaAndUpdateNwtSparse; ]
I0118 18:37:38.919996  7476 processor.cc:676] No data in processing queue, waiting...
I0118 18:37:39.582756  6412 processor.cc:856] Processor: complete processing batch 9e5ab146-6980-4705-a8b6-a18ebb5dc926 into model nwt
I0118 18:37:39.587769  6412 cuckoo_watch.h:44] 2011ms in ProcessBatch(D:\artmonline\data\datasets\postnauka\batches\aaaaaa.batch) [including 21ms in LoadMessage; 12ms in InitializeSparseNdw; 1965ms in InferThetaAndUpdateNwtSparse; ]
I0118 18:37:39.620858 11548 processor.cc:856] Processor: complete processing batch 9ebeb5ff-2218-45d7-aa3c-8d3aec4bf25d into model nwt
I0118 18:37:39.622864  6412 processor.cc:676] No data in processing queue, waiting...
I0118 18:37:39.625871 11548 cuckoo_watch.h:44] 2049ms in ProcessBatch(D:\artmonline\data\datasets\postnauka\batches\aaaaac.batch) [including 23ms in LoadMessage; 11ms in InitializeSparseNdw; 2003ms in InferThetaAndUpdateNwtSparse; ]
I0118 18:37:39.634896  9620 processor.cc:856] Processor: complete processing batch 67cf4f19-31ed-4ee1-b5a7-402f7c7416e3 into model nwt
I0118 18:37:39.638906  9620 cuckoo_watch.h:44] 2062ms in ProcessBatch(D:\artmonline\data\datasets\postnauka\batches\aaaaab.batch) [including 24ms in LoadMessage; 12ms in InitializeSparseNdw; 2015ms in InferThetaAndUpdateNwtSparse; ]
I0118 18:37:39.640985 11840 master_component.cc:991] NormalizeModelArgs: pwt_target_name=pwt, nwt_source_name=nwt, rwt_source_name=
I0118 18:37:39.640985 11840 master_component.cc:617] MasterComponent: start normalizing model nwt
I0118 18:37:39.656052 11548 processor.cc:676] No data in processing queue, waiting...
I0118 18:37:39.669090  9620 processor.cc:676] No data in processing queue, waiting...
I0118 18:37:39.806459 11840 master_component.cc:639] MasterComponent: complete normalizing model nwt
I0118 18:37:39.806459 11840 master_component.cc:1015] DisposeModel rwt
I0118 18:37:39.807468 11840 c_interface.cc:332] Pass FitOfflineMasterModelArgs, batch_filename_size=5, batch_weight_size=5, num_collection_passes=1 to void (__cdecl artm::core::MasterComponent::*)(class artm::FitOfflineMasterModelArgs const & __ptr64) __ptr64
I0118 18:37:39.807468 11840 master_component.cc:942] ProcessBatchesArgs: nwt_target_name=nwt, batch_filename_size=5, batch_size=0, batch_weight_size=5, pwt_source_name=pwt, num_document_passes=30, reuse_theta=no, opt_for_avx=no, predict_class_id=
I0118 18:37:39.898670  6412 processor.cc:683] Processing queue has data, processing started
I0118 18:37:39.899672  4900 processor.cc:683] Processing queue has data, processing started
I0118 18:37:39.899672  9616 processor.cc:683] Processing queue has data, processing started
I0118 18:37:39.899672 11380 processor.cc:683] Processing queue has data, processing started
I0118 18:37:39.900674  9620 processor.cc:683] Processing queue has data, processing started
I0118 18:37:39.919726  9616 processor.cc:760] Processor: start processing batch e4841d68-82e0-48fd-93eb-bd1c2ec53b47 into model nwt
I0118 18:37:39.929752  6412 processor.cc:760] Processor: start processing batch 9e5ab146-6980-4705-a8b6-a18ebb5dc926 into model nwt
I0118 18:37:39.929752  4900 processor.cc:760] Processor: start processing batch 67cf4f19-31ed-4ee1-b5a7-402f7c7416e3 into model nwt
I0118 18:37:39.933763 11380 processor.cc:760] Processor: start processing batch 9ebeb5ff-2218-45d7-aa3c-8d3aec4bf25d into model nwt
I0118 18:37:39.933763  9620 processor.cc:760] Processor: start processing batch 6c7f9286-fd41-47ad-a283-45652ff021e4 into model nwt
