I0116 12:42:53.341025  7048 processor.cc:856] Processor: complete processing batch fe77c731-6f7c-4850-b667-bc6d4c192d74 into model nwt
I0116 12:42:53.341025  5896 cuckoo_watch.h:44] 39ms in ProcessBatch(D:\artmonline\data\datasets\lenta\batches\aaaaaz.batch) [including 2ms in LoadMessage; 0ms in InitializeSparseNdw; 27ms in InferThetaAndUpdateNwtSparse; ]
I0116 12:42:53.343032  7048 cuckoo_watch.h:44] 42ms in ProcessBatch(D:\artmonline\data\datasets\lenta\batches\aaaaay.batch) [including 2ms in LoadMessage; 0ms in InitializeSparseNdw; 28ms in InferThetaAndUpdateNwtSparse; ]
I0116 12:42:53.343032  4756 processor.cc:856] Processor: complete processing batch 9548b3c0-c002-481a-8d22-f489f974c1d6 into model nwt
I0116 12:42:53.345037  4756 cuckoo_watch.h:44] 41ms in ProcessBatch(D:\artmonline\data\datasets\lenta\batches\aaaaba.batch) [including 2ms in LoadMessage; 0ms in InitializeSparseNdw; 27ms in InferThetaAndUpdateNwtSparse; ]
I0116 12:42:53.354061  3908 processor.cc:856] Processor: complete processing batch 0ede75e6-73ad-46d9-adad-032443ec2870 into model nwt
I0116 12:42:53.356066 10244 processor.cc:856] Processor: complete processing batch 35b49a08-2c56-4c48-b866-b431c31ecd78 into model nwt
I0116 12:42:53.356066  3908 cuckoo_watch.h:44] 46ms in ProcessBatch(D:\artmonline\data\datasets\lenta\batches\aaaabb.batch) [including 3ms in LoadMessage; 0ms in InitializeSparseNdw; 28ms in InferThetaAndUpdateNwtSparse; ]
I0116 12:42:53.356066 12796 processor.cc:760] Processor: start processing batch 8f750b19-ad59-42c9-9ba9-da45e8e702ba into model nwt
I0116 12:42:53.357069  5896 processor.cc:760] Processor: start processing batch 988aa15e-6d33-4879-902c-adfdd002ed40 into model nwt
I0116 12:42:53.358072 10244 cuckoo_watch.h:44] 39ms in ProcessBatch(D:\artmonline\data\datasets\lenta\batches\aaaabc.batch) [including 3ms in LoadMessage; 0ms in InitializeSparseNdw; 24ms in InferThetaAndUpdateNwtSparse; ]
I0116 12:42:53.359076  7048 processor.cc:760] Processor: start processing batch 33d8b615-396b-4604-b5c3-f34dca1016dc into model nwt
I0116 12:42:53.361079  4756 processor.cc:760] Processor: start processing batch 99ef58d2-9990-4f21-b6d0-fcab7502a16d into model nwt
I0116 12:42:53.365090 10540 processor.cc:856] Processor: complete processing batch 010dde91-4916-48b2-8792-afe9efd779a8 into model nwt
I0116 12:42:53.367096 10540 cuckoo_watch.h:44] 42ms in ProcessBatch(D:\artmonline\data\datasets\lenta\batches\aaaabd.batch) [including 3ms in LoadMessage; 0ms in InitializeSparseNdw; 29ms in InferThetaAndUpdateNwtSparse; ]
I0116 12:42:53.373112  3908 processor.cc:760] Processor: start processing batch 5a635ab8-b1ca-44cb-8fcc-678286d4c084 into model nwt
I0116 12:42:53.374115 10244 processor.cc:760] Processor: start processing batch 859bed08-fbc3-4f2c-9325-3a352a7ddc41 into model nwt
I0116 12:42:53.375118 11588 processor.cc:856] Processor: complete processing batch 2b88d973-a090-4e65-9898-4fe7cc01703c into model nwt
I0116 12:42:53.379127 11588 cuckoo_watch.h:44] 187ms in ProcessBatch(D:\artmonline\data\datasets\lenta\batches\aaaaai.batch) [including 14ms in LoadMessage; 1ms in InitializeSparseNdw; 150ms in InferThetaAndUpdateNwtSparse; ]
I0116 12:42:53.381132 10540 processor.cc:760] Processor: start processing batch 3003da87-5f2b-42f2-82bf-abecb349227d into model nwt
I0116 12:42:53.389154 12796 processor.cc:856] Processor: complete processing batch 8f750b19-ad59-42c9-9ba9-da45e8e702ba into model nwt
I0116 12:42:53.389154 11588 processor.cc:760] Processor: start processing batch e3c01b53-80ad-4562-aaec-242c4035ac30 into model nwt
I0116 12:42:53.390157  7048 processor.cc:856] Processor: complete processing batch 33d8b615-396b-4604-b5c3-f34dca1016dc into model nwt
I0116 12:42:53.390157 12796 cuckoo_watch.h:44] 50ms in ProcessBatch(D:\artmonline\data\datasets\lenta\batches\aaaabe.batch) [including 3ms in LoadMessage; 0ms in InitializeSparseNdw; 32ms in InferThetaAndUpdateNwtSparse; ]
I0116 12:42:53.391160  5896 processor.cc:856] Processor: complete processing batch 988aa15e-6d33-4879-902c-adfdd002ed40 into model nwt
I0116 12:42:53.391160  7048 cuckoo_watch.h:44] 48ms in ProcessBatch(D:\artmonline\data\datasets\lenta\batches\aaaabg.batch) [including 3ms in LoadMessage; 0ms in InitializeSparseNdw; 30ms in InferThetaAndUpdateNwtSparse; ]
I0116 12:42:53.392163  5896 cuckoo_watch.h:44] 51ms in ProcessBatch(D:\artmonline\data\datasets\lenta\batches\aaaabf.batch) [including 3ms in LoadMessage; 0ms in InitializeSparseNdw; 33ms in InferThetaAndUpdateNwtSparse; ]
I0116 12:42:53.393172  4756 processor.cc:856] Processor: complete processing batch 99ef58d2-9990-4f21-b6d0-fcab7502a16d into model nwt
I0116 12:42:53.394166  4756 cuckoo_watch.h:44] 49ms in ProcessBatch(D:\artmonline\data\datasets\lenta\batches\aaaabh.batch) [including 3ms in LoadMessage; 0ms in InitializeSparseNdw; 31ms in InferThetaAndUpdateNwtSparse; ]
I0116 12:42:53.402189  3908 processor.cc:856] Processor: complete processing batch 5a635ab8-b1ca-44cb-8fcc-678286d4c084 into model nwt
I0116 12:42:53.404196 10244 processor.cc:856] Processor: complete processing batch 859bed08-fbc3-4f2c-9325-3a352a7ddc41 into model nwt
I0116 12:42:53.404196  3908 cuckoo_watch.h:44] 47ms in ProcessBatch(D:\artmonline\data\datasets\lenta\batches\aaaabi.batch) [including 3ms in LoadMessage; 0ms in InitializeSparseNdw; 28ms in InferThetaAndUpdateNwtSparse; ]
I0116 12:42:53.406203 10244 cuckoo_watch.h:44] 48ms in ProcessBatch(D:\artmonline\data\datasets\lenta\batches\aaaabj.batch) [including 3ms in LoadMessage; 0ms in InitializeSparseNdw; 29ms in InferThetaAndUpdateNwtSparse; ]
I0116 12:42:53.406203  7048 processor.cc:760] Processor: start processing batch 43feeb32-c53b-4775-b855-866acb1a5133 into model nwt
I0116 12:42:53.406203 12796 processor.cc:760] Processor: start processing batch 3897b2c8-86bd-4cb9-a88e-2e092f7c9a10 into model nwt
I0116 12:42:53.407203 10540 processor.cc:856] Processor: complete processing batch 3003da87-5f2b-42f2-82bf-abecb349227d into model nwt
I0116 12:42:53.409221  5896 processor.cc:760] Processor: start processing batch 40245e79-4989-4f54-85b1-c19879c6380f into model nwt
I0116 12:42:53.409221 10540 cuckoo_watch.h:44] 42ms in ProcessBatch(D:\artmonline\data\datasets\lenta\batches\aaaabk.batch) [including 3ms in LoadMessage; 0ms in InitializeSparseNdw; 26ms in InferThetaAndUpdateNwtSparse; ]
I0116 12:42:53.413218  4756 processor.cc:760] Processor: start processing batch 50f8a9b1-935a-4d73-8a70-61d350d39af7 into model nwt
I0116 12:42:53.420238 11588 processor.cc:856] Processor: complete processing batch e3c01b53-80ad-4562-aaec-242c4035ac30 into model nwt
I0116 12:42:53.421239  3908 processor.cc:760] Processor: start processing batch 2313b410-b327-4c8b-9369-5979878c03e6 into model nwt
I0116 12:42:53.422243 11588 cuckoo_watch.h:44] 42ms in ProcessBatch(D:\artmonline\data\datasets\lenta\batches\aaaabl.batch) [including 2ms in LoadMessage; 0ms in InitializeSparseNdw; 30ms in InferThetaAndUpdateNwtSparse; ]
I0116 12:42:53.422243 10244 processor.cc:760] Processor: start processing batch 947c5335-0ec1-411e-944e-573fcdd0eb61 into model nwt
I0116 12:42:53.425249 10540 processor.cc:760] Processor: start processing batch 7fc34afd-b2f0-448c-9c89-b192a200720c into model nwt
I0116 12:42:53.434274 11588 processor.cc:760] Processor: start processing batch 7a542f56-00b8-4de8-8235-03d57b63ce88 into model nwt
I0116 12:42:53.437281 12796 processor.cc:856] Processor: complete processing batch 3897b2c8-86bd-4cb9-a88e-2e092f7c9a10 into model nwt
I0116 12:42:53.438285 12796 cuckoo_watch.h:44] 47ms in ProcessBatch(D:\artmonline\data\datasets\lenta\batches\aaaabm.batch) [including 2ms in LoadMessage; 0ms in InitializeSparseNdw; 31ms in InferThetaAndUpdateNwtSparse; ]
I0116 12:42:53.438285  7048 processor.cc:856] Processor: complete processing batch 43feeb32-c53b-4775-b855-866acb1a5133 into model nwt
I0116 12:42:53.439287  7048 cuckoo_watch.h:44] 48ms in ProcessBatch(D:\artmonline\data\datasets\lenta\batches\aaaabn.batch) [including 2ms in LoadMessage; 0ms in InitializeSparseNdw; 32ms in InferThetaAndUpdateNwtSparse; ]
I0116 12:42:53.440289  5896 processor.cc:856] Processor: complete processing batch 40245e79-4989-4f54-85b1-c19879c6380f into model nwt
I0116 12:42:53.441293  5896 cuckoo_watch.h:44] 48ms in ProcessBatch(D:\artmonline\data\datasets\lenta\batches\aaaabo.batch) [including 3ms in LoadMessage; 0ms in InitializeSparseNdw; 31ms in InferThetaAndUpdateNwtSparse; ]
I0116 12:42:53.445303  4756 processor.cc:856] Processor: complete processing batch 50f8a9b1-935a-4d73-8a70-61d350d39af7 into model nwt
I0116 12:42:53.447314  4756 cuckoo_watch.h:44] 53ms in ProcessBatch(D:\artmonline\data\datasets\lenta\batches\aaaabp.batch) [including 3ms in LoadMessage; 0ms in InitializeSparseNdw; 31ms in InferThetaAndUpdateNwtSparse; ]
I0116 12:42:53.450316 10244 processor.cc:856] Processor: complete processing batch 947c5335-0ec1-411e-944e-573fcdd0eb61 into model nwt
I0116 12:42:53.450316 10540 processor.cc:856] Processor: complete processing batch 7fc34afd-b2f0-448c-9c89-b192a200720c into model nwt
I0116 12:42:53.450316  3908 processor.cc:856] Processor: complete processing batch 2313b410-b327-4c8b-9369-5979878c03e6 into model nwt
I0116 12:42:53.451320 10244 cuckoo_watch.h:44] 45ms in ProcessBatch(D:\artmonline\data\datasets\lenta\batches\aaaabr.batch) [including 3ms in LoadMessage; 0ms in InitializeSparseNdw; 27ms in InferThetaAndUpdateNwtSparse; ]
I0116 12:42:53.451320 10540 cuckoo_watch.h:44] 42ms in ProcessBatch(D:\artmonline\data\datasets\lenta\batches\aaaabs.batch) [including 3ms in LoadMessage; 0ms in InitializeSparseNdw; 24ms in InferThetaAndUpdateNwtSparse; ]
I0116 12:42:53.452322  3908 cuckoo_watch.h:44] 47ms in ProcessBatch(D:\artmonline\data\datasets\lenta\batches\aaaabq.batch) [including 3ms in LoadMessage; 0ms in InitializeSparseNdw; 28ms in InferThetaAndUpdateNwtSparse; ]
I0116 12:42:53.452322 12796 processor.cc:760] Processor: start processing batch 768a8c85-f506-4e26-b568-845ece070f26 into model nwt
I0116 12:42:53.453325  7048 processor.cc:760] Processor: start processing batch 5865e0df-1527-40af-94e5-cf5ac732d076 into model nwt
I0116 12:42:53.455332  5896 processor.cc:760] Processor: start processing batch 6a33faf4-1a39-4b72-90db-22ac533ccb00 into model nwt
I0116 12:42:53.458338 11588 processor.cc:856] Processor: complete processing batch 7a542f56-00b8-4de8-8235-03d57b63ce88 into model nwt
I0116 12:42:53.460345 11588 cuckoo_watch.h:44] 38ms in ProcessBatch(D:\artmonline\data\datasets\lenta\batches\aaaabt.batch) [including 3ms in LoadMessage; 0ms in InitializeSparseNdw; 24ms in InferThetaAndUpdateNwtSparse; ]
I0116 12:42:53.462362  4756 processor.cc:760] Processor: start processing batch 9980c678-5608-49dd-b5ef-e3f8a600bd61 into model nwt
I0116 12:42:53.465358 10244 processor.cc:760] Processor: start processing batch 514e5f03-a8c6-4110-98e6-f3079af6e3b5 into model nwt
I0116 12:42:53.465358 10540 processor.cc:760] Processor: start processing batch 993722d1-9f08-49fc-ac8b-668831df8392 into model nwt
I0116 12:42:53.466361  3908 processor.cc:760] Processor: start processing batch 7ba62403-08fe-4c9a-9a15-459d5dafb9e7 into model nwt
I0116 12:42:53.474380 11588 processor.cc:760] Processor: start processing batch 63d2420f-b6f9-4f31-94fd-7cd7c80d52cc into model nwt
I0116 12:42:53.482401  7048 processor.cc:856] Processor: complete processing batch 5865e0df-1527-40af-94e5-cf5ac732d076 into model nwt
I0116 12:42:53.483404  7048 cuckoo_watch.h:44] 43ms in ProcessBatch(D:\artmonline\data\datasets\lenta\batches\aaaabv.batch) [including 2ms in LoadMessage; 0ms in InitializeSparseNdw; 29ms in InferThetaAndUpdateNwtSparse; ]
I0116 12:42:53.484406  5896 processor.cc:856] Processor: complete processing batch 6a33faf4-1a39-4b72-90db-22ac533ccb00 into model nwt
I0116 12:42:53.485409 12796 processor.cc:856] Processor: complete processing batch 768a8c85-f506-4e26-b568-845ece070f26 into model nwt
I0116 12:42:53.485409  5896 cuckoo_watch.h:44] 44ms in ProcessBatch(D:\artmonline\data\datasets\lenta\batches\aaaabw.batch) [including 3ms in LoadMessage; 0ms in InitializeSparseNdw; 28ms in InferThetaAndUpdateNwtSparse; ]
I0116 12:42:53.486413 12796 cuckoo_watch.h:44] 48ms in ProcessBatch(D:\artmonline\data\datasets\lenta\batches\aaaabu.batch) [including 2ms in LoadMessage; 0ms in InitializeSparseNdw; 32ms in InferThetaAndUpdateNwtSparse; ]
I0116 12:42:53.488417  4756 processor.cc:856] Processor: complete processing batch 9980c678-5608-49dd-b5ef-e3f8a600bd61 into model nwt
I0116 12:42:53.489421  4756 cuckoo_watch.h:44] 41ms in ProcessBatch(D:\artmonline\data\datasets\lenta\batches\aaaabx.batch) [including 2ms in LoadMessage; 0ms in InitializeSparseNdw; 25ms in InferThetaAndUpdateNwtSparse; ]
I0116 12:42:53.493433 10244 processor.cc:856] Processor: complete processing batch 514e5f03-a8c6-4110-98e6-f3079af6e3b5 into model nwt
I0116 12:42:53.497442  7048 processor.cc:760] Processor: start processing batch 05b6a1c4-5b43-4a9e-8361-7e993bd7eab0 into model nwt
I0116 12:42:53.497442 10540 processor.cc:856] Processor: complete processing batch 993722d1-9f08-49fc-ac8b-668831df8392 into model nwt
I0116 12:42:53.498445 10244 cuckoo_watch.h:44] 46ms in ProcessBatch(D:\artmonline\data\datasets\lenta\batches\aaaabz.batch) [including 3ms in LoadMessage; 0ms in InitializeSparseNdw; 27ms in InferThetaAndUpdateNwtSparse; ]
I0116 12:42:53.499447 10540 cuckoo_watch.h:44] 47ms in ProcessBatch(D:\artmonline\data\datasets\lenta\batches\aaaaby.batch) [including 3ms in LoadMessage; 0ms in InitializeSparseNdw; 31ms in InferThetaAndUpdateNwtSparse; ]
I0116 12:42:53.502456  5896 processor.cc:760] Processor: start processing batch 994ded7a-a31e-4a53-af60-2658eb163d30 into model nwt
I0116 12:42:53.502456 12796 processor.cc:760] Processor: start processing batch 663dc201-fafb-4d73-af42-dbe689ba125d into model nwt
I0116 12:42:53.505463  4756 processor.cc:760] Processor: start processing batch fa642f17-67b4-4923-860c-81589929b558 into model nwt
I0116 12:42:53.508471  3908 processor.cc:856] Processor: complete processing batch 7ba62403-08fe-4c9a-9a15-459d5dafb9e7 into model nwt
I0116 12:42:53.509474  3908 cuckoo_watch.h:44] 57ms in ProcessBatch(D:\artmonline\data\datasets\lenta\batches\aaaaca.batch) [including 3ms in LoadMessage; 0ms in InitializeSparseNdw; 41ms in InferThetaAndUpdateNwtSparse; ]
I0116 12:42:53.514487 10540 processor.cc:760] Processor: start processing batch 9cd58bc9-52d0-420a-9bf6-61b18ef5d205 into model nwt
I0116 12:42:53.515491 10244 processor.cc:760] Processor: start processing batch d9bdcac7-5ec6-41c0-83be-ce96d73e09be into model nwt
I0116 12:42:53.523510  3908 processor.cc:760] Processor: start processing batch 2cefb7e9-4a69-4049-91bd-1739d1eb6c53 into model nwt
I0116 12:42:53.524515 11588 processor.cc:856] Processor: complete processing batch 63d2420f-b6f9-4f31-94fd-7cd7c80d52cc into model nwt
I0116 12:42:53.525516 11588 cuckoo_watch.h:44] 65ms in ProcessBatch(D:\artmonline\data\datasets\lenta\batches\aaaacb.batch) [including 3ms in LoadMessage; 0ms in InitializeSparseNdw; 50ms in InferThetaAndUpdateNwtSparse; ]
I0116 12:42:53.531533  7048 processor.cc:856] Processor: complete processing batch 05b6a1c4-5b43-4a9e-8361-7e993bd7eab0 into model nwt
I0116 12:42:53.532536  7048 cuckoo_watch.h:44] 49ms in ProcessBatch(D:\artmonline\data\datasets\lenta\batches\aaaacc.batch) [including 2ms in LoadMessage; 0ms in InitializeSparseNdw; 33ms in InferThetaAndUpdateNwtSparse; ]
I0116 12:42:53.533538 12796 processor.cc:856] Processor: complete processing batch 663dc201-fafb-4d73-af42-dbe689ba125d into model nwt
I0116 12:42:53.534543  4756 processor.cc:856] Processor: complete processing batch fa642f17-67b4-4923-860c-81589929b558 into model nwt
I0116 12:42:53.535543 12796 cuckoo_watch.h:44] 48ms in ProcessBatch(D:\artmonline\data\datasets\lenta\batches\aaaace.batch) [including 2ms in LoadMessage; 0ms in InitializeSparseNdw; 31ms in InferThetaAndUpdateNwtSparse; ]
I0116 12:42:53.536546  4756 cuckoo_watch.h:44] 46ms in ProcessBatch(D:\artmonline\data\datasets\lenta\batches\aaaacf.batch) [including 3ms in LoadMessage; 0ms in InitializeSparseNdw; 29ms in InferThetaAndUpdateNwtSparse; ]
I0116 12:42:53.536546  5896 processor.cc:856] Processor: complete processing batch 994ded7a-a31e-4a53-af60-2658eb163d30 into model nwt
I0116 12:42:53.538552 11588 processor.cc:760] Processor: start processing batch 5ca20988-44a0-4115-b1f3-44ff8e2738cc into model nwt
I0116 12:42:53.538552  5896 cuckoo_watch.h:44] 52ms in ProcessBatch(D:\artmonline\data\datasets\lenta\batches\aaaacd.batch) [including 2ms in LoadMessage; 0ms in InitializeSparseNdw; 34ms in InferThetaAndUpdateNwtSparse; ]
I0116 12:42:53.546573 10540 processor.cc:856] Processor: complete processing batch 9cd58bc9-52d0-420a-9bf6-61b18ef5d205 into model nwt
I0116 12:42:53.548578  7048 processor.cc:760] Processor: start processing batch 2d8308c6-189d-4a08-a2c2-0cd1242ce391 into model nwt
I0116 12:42:53.548578 10540 cuckoo_watch.h:44] 49ms in ProcessBatch(D:\artmonline\data\datasets\lenta\batches\aaaach.batch) [including 2ms in LoadMessage; 0ms in InitializeSparseNdw; 31ms in InferThetaAndUpdateNwtSparse; ]
I0116 12:42:53.551586 12796 processor.cc:760] Processor: start processing batch dde254f9-e40c-4279-9668-9ec4d9d981bc into model nwt
I0116 12:42:53.555598  4756 processor.cc:760] Processor: start processing batch 131369dd-51ea-4fe1-ad2d-f6d7b1c96375 into model nwt
I0116 12:42:53.556599  5896 processor.cc:760] Processor: start processing batch a1fafc2b-abe8-47ca-a57d-d7476a7528db into model nwt
I0116 12:42:53.556599 10244 processor.cc:856] Processor: complete processing batch d9bdcac7-5ec6-41c0-83be-ce96d73e09be into model nwt
I0116 12:42:53.557602 10244 cuckoo_watch.h:44] 59ms in ProcessBatch(D:\artmonline\data\datasets\lenta\batches\aaaacg.batch) [including 3ms in LoadMessage; 0ms in InitializeSparseNdw; 41ms in InferThetaAndUpdateNwtSparse; ]
I0116 12:42:53.562615  3908 processor.cc:856] Processor: complete processing batch 2cefb7e9-4a69-4049-91bd-1739d1eb6c53 into model nwt
I0116 12:42:53.564621  3908 cuckoo_watch.h:44] 54ms in ProcessBatch(D:\artmonline\data\datasets\lenta\batches\aaaaci.batch) [including 4ms in LoadMessage; 0ms in InitializeSparseNdw; 39ms in InferThetaAndUpdateNwtSparse; ]
I0116 12:42:53.572641 10540 processor.cc:760] Processor: start processing batch 7fb892cb-b83b-4e25-96e8-40793e929295 into model nwt
I0116 12:42:53.574647  3908 processor.cc:760] Processor: start processing batch cf4b6527-be57-4762-8824-31fc263043c2 into model nwt
I0116 12:42:53.575649 11588 processor.cc:856] Processor: complete processing batch 5ca20988-44a0-4115-b1f3-44ff8e2738cc into model nwt
I0116 12:42:53.577656 11588 cuckoo_watch.h:44] 51ms in ProcessBatch(D:\artmonline\data\datasets\lenta\batches\aaaacj.batch) [including 2ms in LoadMessage; 0ms in InitializeSparseNdw; 37ms in InferThetaAndUpdateNwtSparse; ]
I0116 12:42:53.579660 12796 processor.cc:856] Processor: complete processing batch dde254f9-e40c-4279-9668-9ec4d9d981bc into model nwt
I0116 12:42:53.579660  7048 processor.cc:856] Processor: complete processing batch 2d8308c6-189d-4a08-a2c2-0cd1242ce391 into model nwt
I0116 12:42:53.580667 12796 cuckoo_watch.h:44] 45ms in ProcessBatch(D:\artmonline\data\datasets\lenta\batches\aaaacl.batch) [including 3ms in LoadMessage; 0ms in InitializeSparseNdw; 27ms in InferThetaAndUpdateNwtSparse; ]
I0116 12:42:53.581666  7048 cuckoo_watch.h:44] 48ms in ProcessBatch(D:\artmonline\data\datasets\lenta\batches\aaaack.batch) [including 3ms in LoadMessage; 0ms in InitializeSparseNdw; 30ms in InferThetaAndUpdateNwtSparse; ]
I0116 12:42:53.586679 10244 processor.cc:760] Processor: start processing batch 7df72a03-679f-412c-96dc-48be132cecf5 into model nwt
I0116 12:42:53.587682  4756 processor.cc:856] Processor: complete processing batch 131369dd-51ea-4fe1-ad2d-f6d7b1c96375 into model nwt
I0116 12:42:53.588686  5896 processor.cc:856] Processor: complete processing batch a1fafc2b-abe8-47ca-a57d-d7476a7528db into model nwt
I0116 12:42:53.589687  4756 cuckoo_watch.h:44] 53ms in ProcessBatch(D:\artmonline\data\datasets\lenta\batches\aaaacm.batch) [including 3ms in LoadMessage; 0ms in InitializeSparseNdw; 31ms in InferThetaAndUpdateNwtSparse; ]
I0116 12:42:53.591693  5896 cuckoo_watch.h:44] 53ms in ProcessBatch(D:\artmonline\data\datasets\lenta\batches\aaaacn.batch) [including 4ms in LoadMessage; 0ms in InitializeSparseNdw; 31ms in InferThetaAndUpdateNwtSparse; ]
I0116 12:42:53.596706 12796 processor.cc:760] Processor: start processing batch dc3872dd-e777-4e58-9fa3-bff7e29a06ab into model nwt
I0116 12:42:53.598712 11588 processor.cc:760] Processor: start processing batch 28e330d7-f89e-4b57-b579-104494f23b78 into model nwt
I0116 12:42:53.600718  7048 processor.cc:760] Processor: start processing batch 411abd2d-2266-4179-b84a-8e679c0da5ca into model nwt
I0116 12:42:53.605731  4756 processor.cc:760] Processor: start processing batch ffc673df-f8e7-4036-8919-2a8e4da573d3 into model nwt
I0116 12:42:53.613751 10540 processor.cc:856] Processor: complete processing batch 7fb892cb-b83b-4e25-96e8-40793e929295 into model nwt
I0116 12:42:53.613751  3908 processor.cc:856] Processor: complete processing batch cf4b6527-be57-4762-8824-31fc263043c2 into model nwt
I0116 12:42:53.614754 10540 cuckoo_watch.h:44] 65ms in ProcessBatch(D:\artmonline\data\datasets\lenta\batches\aaaaco.batch) [including 15ms in LoadMessage; 0ms in InitializeSparseNdw; 40ms in InferThetaAndUpdateNwtSparse; ]
I0116 12:42:53.616760  5896 processor.cc:760] Processor: start processing batch 4882b7d3-e8a1-48e0-b53e-e6f0fb4bdd30 into model nwt
I0116 12:42:53.621772  3908 cuckoo_watch.h:44] 57ms in ProcessBatch(D:\artmonline\data\datasets\lenta\batches\aaaacq.batch) [including 2ms in LoadMessage; 0ms in InitializeSparseNdw; 39ms in InferThetaAndUpdateNwtSparse; ]
I0116 12:42:53.626786 12796 processor.cc:856] Processor: complete processing batch dc3872dd-e777-4e58-9fa3-bff7e29a06ab into model nwt
I0116 12:42:53.627789  7048 processor.cc:856] Processor: complete processing batch 411abd2d-2266-4179-b84a-8e679c0da5ca into model nwt
I0116 12:42:53.628792 12796 cuckoo_watch.h:44] 47ms in ProcessBatch(D:\artmonline\data\datasets\lenta\batches\aaaacs.batch) [including 3ms in LoadMessage; 0ms in InitializeSparseNdw; 28ms in InferThetaAndUpdateNwtSparse; ]
I0116 12:42:53.628792 10540 processor.cc:760] Processor: start processing batch 44ef2a03-1dc7-4b3f-810a-610e896e8df5 into model nwt
I0116 12:42:53.628792 10244 processor.cc:856] Processor: complete processing batch 7df72a03-679f-412c-96dc-48be132cecf5 into model nwt
I0116 12:42:53.628792  7048 cuckoo_watch.h:44] 47ms in ProcessBatch(D:\artmonline\data\datasets\lenta\batches\aaaact.batch) [including 5ms in LoadMessage; 0ms in InitializeSparseNdw; 26ms in InferThetaAndUpdateNwtSparse; ]
I0116 12:42:53.630796 10244 cuckoo_watch.h:44] 72ms in ProcessBatch(D:\artmonline\data\datasets\lenta\batches\aaaacp.batch) [including 3ms in LoadMessage; 0ms in InitializeSparseNdw; 41ms in InferThetaAndUpdateNwtSparse; ]
I0116 12:42:53.634809  4756 processor.cc:856] Processor: complete processing batch ffc673df-f8e7-4036-8919-2a8e4da573d3 into model nwt
I0116 12:42:53.635810  3908 processor.cc:760] Processor: start processing batch c29e98af-f66a-42d8-8dd4-ed3c168a1e0a into model nwt
I0116 12:42:53.636812  4756 cuckoo_watch.h:44] 46ms in ProcessBatch(D:\artmonline\data\datasets\lenta\batches\aaaacu.batch) [including 3ms in LoadMessage; 0ms in InitializeSparseNdw; 28ms in InferThetaAndUpdateNwtSparse; ]
I0116 12:42:53.639822 11588 processor.cc:856] Processor: complete processing batch 28e330d7-f89e-4b57-b579-104494f23b78 into model nwt
I0116 12:42:53.642829 11588 cuckoo_watch.h:44] 64ms in ProcessBatch(D:\artmonline\data\datasets\lenta\batches\aaaacr.batch) [including 2ms in LoadMessage; 0ms in InitializeSparseNdw; 40ms in InferThetaAndUpdateNwtSparse; ]
I0116 12:42:53.643832 12796 processor.cc:760] Processor: start processing batch 5968c015-8c0d-41a1-9d21-8dc04fa885a2 into model nwt
I0116 12:42:53.643832  7048 processor.cc:760] Processor: start processing batch ff167e56-cd90-4778-af46-dc5be46b997b into model nwt
I0116 12:42:53.646842 10244 processor.cc:760] Processor: start processing batch 6ad53381-d206-42f9-9149-9103d39a0838 into model nwt
I0116 12:42:53.648845  5896 processor.cc:856] Processor: complete processing batch 4882b7d3-e8a1-48e0-b53e-e6f0fb4bdd30 into model nwt
I0116 12:42:53.650851  5896 cuckoo_watch.h:44] 58ms in ProcessBatch(D:\artmonline\data\datasets\lenta\batches\aaaacv.batch) [including 3ms in LoadMessage; 0ms in InitializeSparseNdw; 31ms in InferThetaAndUpdateNwtSparse; ]
I0116 12:42:53.656867  4756 processor.cc:760] Processor: start processing batch 005d8463-8ea4-4a02-976a-85fc627aee8f into model nwt
I0116 12:42:53.658872 11588 processor.cc:760] Processor: start processing batch 08a15689-de7b-4ab4-940a-f9942f300261 into model nwt
I0116 12:42:53.663885  5896 processor.cc:760] Processor: start processing batch 04522e2e-b3d1-4ebd-a4e3-0bc610584767 into model nwt
I0116 12:42:53.669909 10540 processor.cc:856] Processor: complete processing batch 44ef2a03-1dc7-4b3f-810a-610e896e8df5 into model nwt
I0116 12:42:53.670902 10540 cuckoo_watch.h:44] 55ms in ProcessBatch(D:\artmonline\data\datasets\lenta\batches\aaaacw.batch) [including 3ms in LoadMessage; 0ms in InitializeSparseNdw; 39ms in InferThetaAndUpdateNwtSparse; ]
I0116 12:42:53.677922  7048 processor.cc:856] Processor: complete processing batch ff167e56-cd90-4778-af46-dc5be46b997b into model nwt
I0116 12:42:53.679927  7048 cuckoo_watch.h:44] 50ms in ProcessBatch(D:\artmonline\data\datasets\lenta\batches\aaaacz.batch) [including 3ms in LoadMessage; 0ms in InitializeSparseNdw; 33ms in InferThetaAndUpdateNwtSparse; ]
I0116 12:42:53.679927  3908 processor.cc:856] Processor: complete processing batch c29e98af-f66a-42d8-8dd4-ed3c168a1e0a into model nwt
I0116 12:42:53.680930 12796 processor.cc:856] Processor: complete processing batch 5968c015-8c0d-41a1-9d21-8dc04fa885a2 into model nwt
I0116 12:42:53.680930  3908 cuckoo_watch.h:44] 59ms in ProcessBatch(D:\artmonline\data\datasets\lenta\batches\aaaacx.batch) [including 2ms in LoadMessage; 0ms in InitializeSparseNdw; 43ms in InferThetaAndUpdateNwtSparse; ]
I0116 12:42:53.682935 12796 cuckoo_watch.h:44] 54ms in ProcessBatch(D:\artmonline\data\datasets\lenta\batches\aaaacy.batch) [including 3ms in LoadMessage; 0ms in InitializeSparseNdw; 36ms in InferThetaAndUpdateNwtSparse; ]
I0116 12:42:53.683938 10244 processor.cc:856] Processor: complete processing batch 6ad53381-d206-42f9-9149-9103d39a0838 into model nwt
I0116 12:42:53.683938 10540 processor.cc:760] Processor: start processing batch 18e734b5-f0ae-470d-9046-ff602b67eb7c into model nwt
I0116 12:42:53.684940 10244 cuckoo_watch.h:44] 54ms in ProcessBatch(D:\artmonline\data\datasets\lenta\batches\aaaada.batch) [including 3ms in LoadMessage; 0ms in InitializeSparseNdw; 36ms in InferThetaAndUpdateNwtSparse; ]
I0116 12:42:53.685943  5896 processor.cc:856] Processor: complete processing batch 04522e2e-b3d1-4ebd-a4e3-0bc610584767 into model nwt
I0116 12:42:53.686949  5896 cuckoo_watch.h:44] 36ms in ProcessBatch(D:\artmonline\data\datasets\lenta\batches\aaaadd.batch) [including 2ms in LoadMessage; 0ms in InitializeSparseNdw; 21ms in InferThetaAndUpdateNwtSparse; ]
I0116 12:42:53.693974  4756 processor.cc:856] Processor: complete processing batch 005d8463-8ea4-4a02-976a-85fc627aee8f into model nwt
I0116 12:42:53.693974  7048 processor.cc:760] Processor: start processing batch 3ddc9ad0-33fe-4951-a9ed-293f3bcd28e0 into model nwt
I0116 12:42:53.694968  4756 cuckoo_watch.h:44] 58ms in ProcessBatch(D:\artmonline\data\datasets\lenta\batches\aaaadb.batch) [including 3ms in LoadMessage; 0ms in InitializeSparseNdw; 36ms in InferThetaAndUpdateNwtSparse; ]
I0116 12:42:53.696974  3908 processor.cc:760] Processor: start processing batch 1f05383c-8dcc-40fc-8167-776ec61cbcdc into model nwt
I0116 12:42:53.697975 12796 processor.cc:760] Processor: start processing batch abbf8605-ab9d-4c58-b1d9-a370acea1745 into model nwt
I0116 12:42:53.701987 11588 processor.cc:856] Processor: complete processing batch 08a15689-de7b-4ab4-940a-f9942f300261 into model nwt
I0116 12:42:53.703991 11588 cuckoo_watch.h:44] 61ms in ProcessBatch(D:\artmonline\data\datasets\lenta\batches\aaaadc.batch) [including 3ms in LoadMessage; 0ms in InitializeSparseNdw; 43ms in InferThetaAndUpdateNwtSparse; ]
I0116 12:42:53.705998 10244 processor.cc:760] Processor: start processing batch 6c3f53b3-2fc4-4049-a8e0-bbac5eee6e26 into model nwt
I0116 12:42:53.714016 10540 processor.cc:856] Processor: complete processing batch 18e734b5-f0ae-470d-9046-ff602b67eb7c into model nwt
I0116 12:42:53.715019 10540 cuckoo_watch.h:44] 43ms in ProcessBatch(D:\artmonline\data\datasets\lenta\batches\aaaade.batch) [including 2ms in LoadMessage; 0ms in InitializeSparseNdw; 30ms in InferThetaAndUpdateNwtSparse; ]
I0116 12:42:53.716022 10244 processor.cc:856] Processor: complete processing batch 6c3f53b3-2fc4-4049-a8e0-bbac5eee6e26 into model nwt
I0116 12:42:53.716022 10244 cuckoo_watch.h:44] 31ms in ProcessBatch(D:\artmonline\data\datasets\lenta\batches\aaaadi.batch) [including 1ms in LoadMessage; 0ms in InitializeSparseNdw; 10ms in InferThetaAndUpdateNwtSparse; ]
I0116 12:42:53.719030  7048 processor.cc:856] Processor: complete processing batch 3ddc9ad0-33fe-4951-a9ed-293f3bcd28e0 into model nwt
I0116 12:42:53.720033  7048 cuckoo_watch.h:44] 40ms in ProcessBatch(D:\artmonline\data\datasets\lenta\batches\aaaadf.batch) [including 3ms in LoadMessage; 0ms in InitializeSparseNdw; 24ms in InferThetaAndUpdateNwtSparse; ]
I0116 12:42:53.721036  3908 processor.cc:856] Processor: complete processing batch 1f05383c-8dcc-40fc-8167-776ec61cbcdc into model nwt
I0116 12:42:53.722038  3908 cuckoo_watch.h:44] 40ms in ProcessBatch(D:\artmonline\data\datasets\lenta\batches\aaaadg.batch) [including 2ms in LoadMessage; 0ms in InitializeSparseNdw; 24ms in InferThetaAndUpdateNwtSparse; ]
I0116 12:42:53.722038 12796 processor.cc:856] Processor: complete processing batch abbf8605-ab9d-4c58-b1d9-a370acea1745 into model nwt
I0116 12:42:53.724047  5896 processor.cc:676] No data in processing queue, waiting...
I0116 12:42:53.727053  4756 processor.cc:676] No data in processing queue, waiting...
I0116 12:42:53.727053 12796 cuckoo_watch.h:44] 44ms in ProcessBatch(D:\artmonline\data\datasets\lenta\batches\aaaadh.batch) [including 3ms in LoadMessage; 0ms in InitializeSparseNdw; 23ms in InferThetaAndUpdateNwtSparse; ]
I0116 12:42:53.729058 12964 master_component.cc:991] NormalizeModelArgs: pwt_target_name=pwt, nwt_source_name=nwt, rwt_source_name=
I0116 12:42:53.729058 12964 master_component.cc:617] MasterComponent: start normalizing model nwt
I0116 12:42:53.739084 11588 processor.cc:676] No data in processing queue, waiting...
I0116 12:42:53.754123 10540 processor.cc:676] No data in processing queue, waiting...
I0116 12:42:53.754123 10244 processor.cc:676] No data in processing queue, waiting...
I0116 12:42:53.763147  7048 processor.cc:676] No data in processing queue, waiting...
I0116 12:42:53.769191  3908 processor.cc:676] No data in processing queue, waiting...
I0116 12:42:53.774209 12796 processor.cc:676] No data in processing queue, waiting...
I0116 12:42:53.912575 12964 master_component.cc:639] MasterComponent: complete normalizing model nwt
I0116 12:42:53.912575 12964 master_component.cc:1015] DisposeModel rwt
I0116 12:42:53.912575 12964 c_interface.cc:332] Pass FitOfflineMasterModelArgs, batch_filename_size=87, batch_weight_size=87, num_collection_passes=1 to void (__cdecl artm::core::MasterComponent::*)(class artm::FitOfflineMasterModelArgs const & __ptr64) __ptr64
I0116 12:42:53.912575 12964 master_component.cc:942] ProcessBatchesArgs: nwt_target_name=nwt, batch_filename_size=87, batch_size=0, batch_weight_size=87, pwt_source_name=pwt, num_document_passes=20, reuse_theta=no, opt_for_avx=no, predict_class_id=
I0116 12:42:54.085032 10244 processor.cc:683] Processing queue has data, processing started
I0116 12:42:54.085032  7048 processor.cc:683] Processing queue has data, processing started
I0116 12:42:54.085032  4756 processor.cc:683] Processing queue has data, processing started
I0116 12:42:54.085032 10540 processor.cc:683] Processing queue has data, processing started
I0116 12:42:54.085032  5896 processor.cc:683] Processing queue has data, processing started
I0116 12:42:54.085032 11588 processor.cc:683] Processing queue has data, processing started
I0116 12:42:54.085032 12796 processor.cc:683] Processing queue has data, processing started
I0116 12:42:54.085032  3908 processor.cc:683] Processing queue has data, processing started
I0116 12:42:54.112076  7048 processor.cc:760] Processor: start processing batch 961bb6ad-a4bd-4b85-ae3d-da069df1cd4e into model nwt
I0116 12:42:54.112076 12796 processor.cc:760] Processor: start processing batch 53b585c4-4244-49c2-8454-1fb1db7f7e84 into model nwt
I0116 12:42:54.112076 11588 processor.cc:760] Processor: start processing batch 6a4af1d3-9a98-40b7-a817-21047d2c0370 into model nwt
I0116 12:42:54.112076 10244 processor.cc:760] Processor: start processing batch f07bd643-092b-4b33-851d-1fa6bd2596a5 into model nwt
I0116 12:42:54.113080 10540 processor.cc:760] Processor: start processing batch c1adb2ae-3d35-484b-a31a-79869caf1452 into model nwt
I0116 12:42:54.122104  3908 processor.cc:760] Processor: start processing batch b6a181f4-65d4-4478-a33f-56e3df1d3d5b into model nwt
I0116 12:42:54.127116  4756 processor.cc:760] Processor: start processing batch e16f3b1c-b10b-4ffe-9a61-3d53391a4df9 into model nwt
I0116 12:42:54.139148  5896 processor.cc:760] Processor: start processing batch 525b108c-48e7-42f3-a4d3-b89f410bfa54 into model nwt
I0116 12:42:54.352717 10540 processor.cc:856] Processor: complete processing batch c1adb2ae-3d35-484b-a31a-79869caf1452 into model nwt
I0116 12:42:54.353719 11588 processor.cc:856] Processor: complete processing batch 6a4af1d3-9a98-40b7-a817-21047d2c0370 into model nwt
I0116 12:42:54.359735 10540 cuckoo_watch.h:44] 275ms in ProcessBatch(D:\artmonline\data\datasets\lenta\batches\aaaaae.batch) [including 20ms in LoadMessage; 3ms in InitializeSparseNdw; 235ms in InferThetaAndUpdateNwtSparse; ]
I0116 12:42:54.361740 10244 processor.cc:856] Processor: complete processing batch f07bd643-092b-4b33-851d-1fa6bd2596a5 into model nwt
I0116 12:42:54.361740 12796 processor.cc:856] Processor: complete processing batch 53b585c4-4244-49c2-8454-1fb1db7f7e84 into model nwt
I0116 12:42:54.362748 11588 cuckoo_watch.h:44] 278ms in ProcessBatch(D:\artmonline\data\datasets\lenta\batches\aaaaag.batch) [including 18ms in LoadMessage; 3ms in InitializeSparseNdw; 238ms in InferThetaAndUpdateNwtSparse; ]
I0116 12:42:54.367756  3908 processor.cc:856] Processor: complete processing batch b6a181f4-65d4-4478-a33f-56e3df1d3d5b into model nwt
I0116 12:42:54.368758 10244 cuckoo_watch.h:44] 284ms in ProcessBatch(D:\artmonline\data\datasets\lenta\batches\aaaaab.batch) [including 20ms in LoadMessage; 3ms in InitializeSparseNdw; 244ms in InferThetaAndUpdateNwtSparse; ]
I0116 12:42:54.370764 12796 cuckoo_watch.h:44] 285ms in ProcessBatch(D:\artmonline\data\datasets\lenta\batches\aaaaac.batch) [including 19ms in LoadMessage; 3ms in InitializeSparseNdw; 245ms in InferThetaAndUpdateNwtSparse; ]
I0116 12:42:54.378785  3908 cuckoo_watch.h:44] 293ms in ProcessBatch(D:\artmonline\data\datasets\lenta\batches\aaaaah.batch) [including 25ms in LoadMessage; 1ms in InitializeSparseNdw; 243ms in InferThetaAndUpdateNwtSparse; ]
I0116 12:42:54.378785 11588 processor.cc:760] Processor: start processing batch 4f78d3f8-7022-463c-9770-a66d84013b84 into model nwt
I0116 12:42:54.381794 12796 processor.cc:760] Processor: start processing batch f356a4bb-a9b9-405e-a407-3123ac10abf7 into model nwt
I0116 12:42:54.381794 10244 processor.cc:760] Processor: start processing batch e4a1b9e5-f4bf-465b-8dbe-b36aa5fd54ce into model nwt
I0116 12:42:54.381794 10540 processor.cc:760] Processor: start processing batch 2b88d973-a090-4e65-9898-4fe7cc01703c into model nwt
I0116 12:42:54.391820  5896 processor.cc:856] Processor: complete processing batch 525b108c-48e7-42f3-a4d3-b89f410bfa54 into model nwt
I0116 12:42:54.392825  3908 processor.cc:760] Processor: start processing batch 5198d9b7-d04c-4afc-af5e-a01d9eedf94a into model nwt
I0116 12:42:54.394829  4756 processor.cc:856] Processor: complete processing batch e16f3b1c-b10b-4ffe-9a61-3d53391a4df9 into model nwt
I0116 12:42:54.399842  5896 cuckoo_watch.h:44] 314ms in ProcessBatch(D:\artmonline\data\datasets\lenta\batches\aaaaaf.batch) [including 40ms in LoadMessage; 1ms in InitializeSparseNdw; 250ms in InferThetaAndUpdateNwtSparse; ]
I0116 12:42:54.400843  7048 processor.cc:856] Processor: complete processing batch 961bb6ad-a4bd-4b85-ae3d-da069df1cd4e into model nwt
I0116 12:42:54.400843  4756 cuckoo_watch.h:44] 316ms in ProcessBatch(D:\artmonline\data\datasets\lenta\batches\aaaaaa.batch) [including 29ms in LoadMessage; 2ms in InitializeSparseNdw; 264ms in InferThetaAndUpdateNwtSparse; ]
I0116 12:42:54.410871 12796 processor.cc:856] Processor: complete processing batch f356a4bb-a9b9-405e-a407-3123ac10abf7 into model nwt
I0116 12:42:54.410871 11588 processor.cc:856] Processor: complete processing batch 4f78d3f8-7022-463c-9770-a66d84013b84 into model nwt
I0116 12:42:54.411873 12796 cuckoo_watch.h:44] 41ms in ProcessBatch(D:\artmonline\data\datasets\lenta\batches\aaaaal.batch) [including 3ms in LoadMessage; 0ms in InitializeSparseNdw; 28ms in InferThetaAndUpdateNwtSparse; ]
I0116 12:42:54.412878 10244 processor.cc:856] Processor: complete processing batch e4a1b9e5-f4bf-465b-8dbe-b36aa5fd54ce into model nwt
I0116 12:42:54.412878 11588 cuckoo_watch.h:44] 49ms in ProcessBatch(D:\artmonline\data\datasets\lenta\batches\aaaaaj.batch) [including 3ms in LoadMessage; 0ms in InitializeSparseNdw; 31ms in InferThetaAndUpdateNwtSparse; ]
I0116 12:42:54.413883  5896 processor.cc:760] Processor: start processing batch 72c7c503-2c13-4284-864f-2b3562833a41 into model nwt
I0116 12:42:54.413883  7048 cuckoo_watch.h:44] 329ms in ProcessBatch(D:\artmonline\data\datasets\lenta\batches\aaaaad.batch) [including 19ms in LoadMessage; 3ms in InitializeSparseNdw; 284ms in InferThetaAndUpdateNwtSparse; ]
I0116 12:42:54.413883 10244 cuckoo_watch.h:44] 44ms in ProcessBatch(D:\artmonline\data\datasets\lenta\batches\aaaaak.batch) [including 3ms in LoadMessage; 0ms in InitializeSparseNdw; 30ms in InferThetaAndUpdateNwtSparse; ]
I0116 12:42:54.414881  4756 processor.cc:760] Processor: start processing batch fcd60de1-1df5-47bf-8b98-78fa23552316 into model nwt
I0116 12:42:54.422920  3908 processor.cc:856] Processor: complete processing batch 5198d9b7-d04c-4afc-af5e-a01d9eedf94a into model nwt
I0116 12:42:54.423907  3908 cuckoo_watch.h:44] 45ms in ProcessBatch(D:\artmonline\data\datasets\lenta\batches\aaaaam.batch) [including 3ms in LoadMessage; 0ms in InitializeSparseNdw; 29ms in InferThetaAndUpdateNwtSparse; ]
I0116 12:42:54.426913 11588 processor.cc:760] Processor: start processing batch 0eacb8d9-eea2-4801-a26e-91e4061f419a into model nwt
I0116 12:42:54.426913 12796 processor.cc:760] Processor: start processing batch 6518cc63-dd88-4413-89df-ee38b607dcaf into model nwt
I0116 12:42:54.426913 10244 processor.cc:760] Processor: start processing batch b61bf30b-6c2e-41f7-bb24-37a66bdde20a into model nwt
I0116 12:42:54.431927  7048 processor.cc:760] Processor: start processing batch aa878812-f3c7-4eae-be12-a5f004c2c812 into model nwt
I0116 12:42:54.438956  3908 processor.cc:760] Processor: start processing batch 181c75f0-3941-4bfa-9f90-f19d7a397432 into model nwt
I0116 12:42:54.445965  5896 processor.cc:856] Processor: complete processing batch 72c7c503-2c13-4284-864f-2b3562833a41 into model nwt
I0116 12:42:54.446966  5896 cuckoo_watch.h:44] 47ms in ProcessBatch(D:\artmonline\data\datasets\lenta\batches\aaaaan.batch) [including 3ms in LoadMessage; 0ms in InitializeSparseNdw; 31ms in InferThetaAndUpdateNwtSparse; ]
I0116 12:42:54.448971  4756 processor.cc:856] Processor: complete processing batch fcd60de1-1df5-47bf-8b98-78fa23552316 into model nwt
I0116 12:42:54.449975  4756 cuckoo_watch.h:44] 49ms in ProcessBatch(D:\artmonline\data\datasets\lenta\batches\aaaaao.batch) [including 3ms in LoadMessage; 0ms in InitializeSparseNdw; 33ms in InferThetaAndUpdateNwtSparse; ]
I0116 12:42:54.454988 12796 processor.cc:856] Processor: complete processing batch 6518cc63-dd88-4413-89df-ee38b607dcaf into model nwt
I0116 12:42:54.455991 11588 processor.cc:856] Processor: complete processing batch 0eacb8d9-eea2-4801-a26e-91e4061f419a into model nwt
I0116 12:42:54.456993 12796 cuckoo_watch.h:44] 44ms in ProcessBatch(D:\artmonline\data\datasets\lenta\batches\aaaaap.batch) [including 3ms in LoadMessage; 0ms in InitializeSparseNdw; 27ms in InferThetaAndUpdateNwtSparse; ]
I0116 12:42:54.456993 10244 processor.cc:856] Processor: complete processing batch b61bf30b-6c2e-41f7-bb24-37a66bdde20a into model nwt
I0116 12:42:54.457998  5896 processor.cc:760] Processor: start processing batch e0c6239b-a8b8-4a72-88cc-ad45d21522cc into model nwt
I0116 12:42:54.457998 11588 cuckoo_watch.h:44] 44ms in ProcessBatch(D:\artmonline\data\datasets\lenta\batches\aaaaaq.batch) [including 3ms in LoadMessage; 0ms in InitializeSparseNdw; 29ms in InferThetaAndUpdateNwtSparse; ]
I0116 12:42:54.458999 10244 cuckoo_watch.h:44] 44ms in ProcessBatch(D:\artmonline\data\datasets\lenta\batches\aaaaas.batch) [including 3ms in LoadMessage; 0ms in InitializeSparseNdw; 30ms in InferThetaAndUpdateNwtSparse; ]
I0116 12:42:54.461004  7048 processor.cc:856] Processor: complete processing batch aa878812-f3c7-4eae-be12-a5f004c2c812 into model nwt
I0116 12:42:54.463011  7048 cuckoo_watch.h:44] 48ms in ProcessBatch(D:\artmonline\data\datasets\lenta\batches\aaaaar.batch) [including 3ms in LoadMessage; 0ms in InitializeSparseNdw; 28ms in InferThetaAndUpdateNwtSparse; ]
I0116 12:42:54.464015  4756 processor.cc:760] Processor: start processing batch d852a03c-1d24-43cc-86ce-deda10969237 into model nwt
I0116 12:42:54.466019  3908 processor.cc:856] Processor: complete processing batch 181c75f0-3941-4bfa-9f90-f19d7a397432 into model nwt
I0116 12:42:54.468037  3908 cuckoo_watch.h:44] 43ms in ProcessBatch(D:\artmonline\data\datasets\lenta\batches\aaaaat.batch) [including 3ms in LoadMessage; 0ms in InitializeSparseNdw; 26ms in InferThetaAndUpdateNwtSparse; ]
I0116 12:42:54.475042 11588 processor.cc:760] Processor: start processing batch b818f8e8-9e0b-4567-a086-e4fa5fb24c94 into model nwt
I0116 12:42:54.475042 10244 processor.cc:760] Processor: start processing batch fe77c731-6f7c-4850-b667-bc6d4c192d74 into model nwt
I0116 12:42:54.475042 12796 processor.cc:760] Processor: start processing batch 21227cb2-46ce-40e5-bb51-e0ecfe37be66 into model nwt
I0116 12:42:54.481057  7048 processor.cc:760] Processor: start processing batch 608db9e3-9894-48b8-9708-4341a81a39b1 into model nwt
I0116 12:42:54.483062  3908 processor.cc:760] Processor: start processing batch 9548b3c0-c002-481a-8d22-f489f974c1d6 into model nwt
I0116 12:42:54.493089  5896 processor.cc:856] Processor: complete processing batch e0c6239b-a8b8-4a72-88cc-ad45d21522cc into model nwt
I0116 12:42:54.494091  5896 cuckoo_watch.h:44] 47ms in ProcessBatch(D:\artmonline\data\datasets\lenta\batches\aaaaau.batch) [including 2ms in LoadMessage; 0ms in InitializeSparseNdw; 35ms in InferThetaAndUpdateNwtSparse; ]
I0116 12:42:54.497099  4756 processor.cc:856] Processor: complete processing batch d852a03c-1d24-43cc-86ce-deda10969237 into model nwt
I0116 12:42:54.498102  4756 cuckoo_watch.h:44] 47ms in ProcessBatch(D:\artmonline\data\datasets\lenta\batches\aaaaav.batch) [including 2ms in LoadMessage; 0ms in InitializeSparseNdw; 32ms in InferThetaAndUpdateNwtSparse; ]
I0116 12:42:54.499104 11588 processor.cc:856] Processor: complete processing batch b818f8e8-9e0b-4567-a086-e4fa5fb24c94 into model nwt
I0116 12:42:54.500108 11588 cuckoo_watch.h:44] 42ms in ProcessBatch(D:\artmonline\data\datasets\lenta\batches\aaaaax.batch) [including 3ms in LoadMessage; 0ms in InitializeSparseNdw; 24ms in InferThetaAndUpdateNwtSparse; ]
I0116 12:42:54.502115 10244 processor.cc:856] Processor: complete processing batch fe77c731-6f7c-4850-b667-bc6d4c192d74 into model nwt
I0116 12:42:54.504120 10244 cuckoo_watch.h:44] 45ms in ProcessBatch(D:\artmonline\data\datasets\lenta\batches\aaaaay.batch) [including 3ms in LoadMessage; 0ms in InitializeSparseNdw; 26ms in InferThetaAndUpdateNwtSparse; ]
I0116 12:42:54.504120 12796 processor.cc:856] Processor: complete processing batch 21227cb2-46ce-40e5-bb51-e0ecfe37be66 into model nwt
I0116 12:42:54.506124 12796 cuckoo_watch.h:44] 49ms in ProcessBatch(D:\artmonline\data\datasets\lenta\batches\aaaaaw.batch) [including 6ms in LoadMessage; 0ms in InitializeSparseNdw; 28ms in InferThetaAndUpdateNwtSparse; ]
I0116 12:42:54.508129  5896 processor.cc:760] Processor: start processing batch 0ede75e6-73ad-46d9-adad-032443ec2870 into model nwt
I0116 12:42:54.509132  3908 processor.cc:856] Processor: complete processing batch 9548b3c0-c002-481a-8d22-f489f974c1d6 into model nwt
I0116 12:42:54.512140  3908 cuckoo_watch.h:44] 43ms in ProcessBatch(D:\artmonline\data\datasets\lenta\batches\aaaaba.batch) [including 3ms in LoadMessage; 0ms in InitializeSparseNdw; 25ms in InferThetaAndUpdateNwtSparse; ]
I0116 12:42:54.512140  7048 processor.cc:856] Processor: complete processing batch 608db9e3-9894-48b8-9708-4341a81a39b1 into model nwt
I0116 12:42:54.514145  4756 processor.cc:760] Processor: start processing batch 35b49a08-2c56-4c48-b866-b431c31ecd78 into model nwt
I0116 12:42:54.514145  7048 cuckoo_watch.h:44] 51ms in ProcessBatch(D:\artmonline\data\datasets\lenta\batches\aaaaaz.batch) [including 3ms in LoadMessage; 0ms in InitializeSparseNdw; 31ms in InferThetaAndUpdateNwtSparse; ]
I0116 12:42:54.518157 11588 processor.cc:760] Processor: start processing batch 010dde91-4916-48b2-8792-afe9efd779a8 into model nwt
I0116 12:42:54.523169 10244 processor.cc:760] Processor: start processing batch 8f750b19-ad59-42c9-9ba9-da45e8e702ba into model nwt
I0116 12:42:54.526178 12796 processor.cc:760] Processor: start processing batch 988aa15e-6d33-4879-902c-adfdd002ed40 into model nwt
I0116 12:42:54.530189  3908 processor.cc:760] Processor: start processing batch 33d8b615-396b-4604-b5c3-f34dca1016dc into model nwt
I0116 12:42:54.532193  7048 processor.cc:760] Processor: start processing batch 99ef58d2-9990-4f21-b6d0-fcab7502a16d into model nwt
I0116 12:42:54.538209 10540 processor.cc:856] Processor: complete processing batch 2b88d973-a090-4e65-9898-4fe7cc01703c into model nwt
I0116 12:42:54.541218 10540 cuckoo_watch.h:44] 181ms in ProcessBatch(D:\artmonline\data\datasets\lenta\batches\aaaaai.batch) [including 12ms in LoadMessage; 1ms in InitializeSparseNdw; 154ms in InferThetaAndUpdateNwtSparse; ]
I0116 12:42:54.544225  5896 processor.cc:856] Processor: complete processing batch 0ede75e6-73ad-46d9-adad-032443ec2870 into model nwt
I0116 12:42:54.545228  5896 cuckoo_watch.h:44] 50ms in ProcessBatch(D:\artmonline\data\datasets\lenta\batches\aaaabb.batch) [including 2ms in LoadMessage; 0ms in InitializeSparseNdw; 35ms in InferThetaAndUpdateNwtSparse; ]
I0116 12:42:54.547233  4756 processor.cc:856] Processor: complete processing batch 35b49a08-2c56-4c48-b866-b431c31ecd78 into model nwt
I0116 12:42:54.548238  4756 cuckoo_watch.h:44] 50ms in ProcessBatch(D:\artmonline\data\datasets\lenta\batches\aaaabc.batch) [including 2ms in LoadMessage; 0ms in InitializeSparseNdw; 32ms in InferThetaAndUpdateNwtSparse; ]
I0116 12:42:54.553251 10540 processor.cc:760] Processor: start processing batch 5a635ab8-b1ca-44cb-8fcc-678286d4c084 into model nwt
I0116 12:42:54.554253 10244 processor.cc:856] Processor: complete processing batch 8f750b19-ad59-42c9-9ba9-da45e8e702ba into model nwt
I0116 12:42:54.556259 10244 cuckoo_watch.h:44] 51ms in ProcessBatch(D:\artmonline\data\datasets\lenta\batches\aaaabe.batch) [including 3ms in LoadMessage; 0ms in InitializeSparseNdw; 30ms in InferThetaAndUpdateNwtSparse; ]
I0116 12:42:54.557260  3908 processor.cc:856] Processor: complete processing batch 33d8b615-396b-4604-b5c3-f34dca1016dc into model nwt
I0116 12:42:54.559265 12796 processor.cc:856] Processor: complete processing batch 988aa15e-6d33-4879-902c-adfdd002ed40 into model nwt
I0116 12:42:54.559265  3908 cuckoo_watch.h:44] 47ms in ProcessBatch(D:\artmonline\data\datasets\lenta\batches\aaaabg.batch) [including 4ms in LoadMessage; 0ms in InitializeSparseNdw; 26ms in InferThetaAndUpdateNwtSparse; ]
I0116 12:42:54.560268 11588 processor.cc:856] Processor: complete processing batch 010dde91-4916-48b2-8792-afe9efd779a8 into model nwt
I0116 12:42:54.561270  7048 processor.cc:856] Processor: complete processing batch 99ef58d2-9990-4f21-b6d0-fcab7502a16d into model nwt
I0116 12:42:54.562274 11588 cuckoo_watch.h:44] 61ms in ProcessBatch(D:\artmonline\data\datasets\lenta\batches\aaaabd.batch) [including 3ms in LoadMessage; 0ms in InitializeSparseNdw; 41ms in InferThetaAndUpdateNwtSparse; ]
I0116 12:42:54.562274 12796 cuckoo_watch.h:44] 56ms in ProcessBatch(D:\artmonline\data\datasets\lenta\batches\aaaabf.batch) [including 4ms in LoadMessage; 0ms in InitializeSparseNdw; 32ms in InferThetaAndUpdateNwtSparse; ]
I0116 12:42:54.564281  4756 processor.cc:760] Processor: start processing batch 3003da87-5f2b-42f2-82bf-abecb349227d into model nwt
I0116 12:42:54.564281  5896 processor.cc:760] Processor: start processing batch 859bed08-fbc3-4f2c-9325-3a352a7ddc41 into model nwt
I0116 12:42:54.565284  7048 cuckoo_watch.h:44] 50ms in ProcessBatch(D:\artmonline\data\datasets\lenta\batches\aaaabh.batch) [including 3ms in LoadMessage; 0ms in InitializeSparseNdw; 29ms in InferThetaAndUpdateNwtSparse; ]
I0116 12:42:54.574306  3908 processor.cc:760] Processor: start processing batch 3897b2c8-86bd-4cb9-a88e-2e092f7c9a10 into model nwt
I0116 12:42:54.574306 10244 processor.cc:760] Processor: start processing batch e3c01b53-80ad-4562-aaec-242c4035ac30 into model nwt
