Log file created at: 2017/01/19 19:38:25
Running on machine: FEDIMSER
Log line format: [IWEF]mmdd hh:mm:ss.uuuuuu threadid file:line] msg
I0119 19:38:25.248000  3304 c_interface.cc:74] Logging enabled to .
I0119 19:38:25.250012  3304 c_interface.cc:221] Creating MasterModel (id=1)...
I0119 19:38:25.252043  3304 c_interface.cc:318] Pass 01de6d06-d07f-45b9-9bd3-a0d8c0612935 to void (__cdecl artm::core::MasterComponent::*)(class std::basic_string<char,struct std::char_traits<char>,class std::allocator<char> > const & __ptr64) __ptr64
I0119 19:38:25.253047  3304 c_interface.cc:332] Pass GatherDictionaryArgs: dictionary_target_name=01de6d06-d07f-45b9-9bd3-a0d8c0612935, data_path=D:\artmonline\data\datasets\kos\batches, symmetric_cooc_values=0 to void (__cdecl artm::core::MasterComponent::*)(class artm::GatherDictionaryArgs const & __ptr64) __ptr64
I0119 19:38:25.254024  3304 dictionary.cc:187] Found 4 batches in 'D:\artmonline\data\datasets\kos\batches' folder
I0119 19:38:25.488756  3304 dictionary.cc:243] Find 6906 unique tokens in 3430 items
I0119 19:38:25.498786  3304 c_interface.cc:221] Creating MasterModel (id=2)...
I0119 19:38:25.498786  3304 c_interface.cc:318] Pass dictionary to void (__cdecl artm::core::MasterComponent::*)(class std::basic_string<char,struct std::char_traits<char>,class std::allocator<char> > const & __ptr64) __ptr64
I0119 19:38:25.751720  3304 instance.cc:365] MasterModelConfig.processors_count is automatically set to 8
I0119 19:38:25.751720  3304 c_interface.cc:221] Creating MasterModel (id=3)...
I0119 19:38:25.751720  8596 processor.cc:660] Processor thread started
I0119 19:38:25.751720  3304 c_interface.cc:332] Pass MasterModelConfig: topic_name_size=10, score_config_size=0, num_processors=0, pwt_name=pwt, nwt_name=nwt, num_document_passes=30, reuse_theta=no, cache_theta=yes, opt_for_avx=no, disk_cache_path to void (__cdecl artm::core::MasterComponent::*)(class artm::MasterModelConfig const & __ptr64) __ptr64
I0119 19:38:25.751720  3304 instance.cc:365] MasterModelConfig.processors_count is automatically set to 8
I0119 19:38:25.751720  3304 c_interface.cc:318] Pass pwt to void (__cdecl artm::core::MasterComponent::*)(class std::basic_string<char,struct std::char_traits<char>,class std::allocator<char> > const & __ptr64) __ptr64
I0119 19:38:25.751720  3304 c_interface.cc:318] Pass nwt to void (__cdecl artm::core::MasterComponent::*)(class std::basic_string<char,struct std::char_traits<char>,class std::allocator<char> > const & __ptr64) __ptr64
I0119 19:38:25.751720  7792 processor.cc:660] Processor thread started
I0119 19:38:25.752722  8556 processor.cc:660] Processor thread started
I0119 19:38:25.752722  3304 c_interface.cc:332] Pass InitializeModelArgs: model_name=pwt, dictionary_name=dictionary, topic_name_size=10 to void (__cdecl artm::core::MasterComponent::*)(class artm::InitializeModelArgs const & __ptr64) __ptr64
I0119 19:38:25.752722  3304 master_component.cc:338] InitializeModel() with 10 topics and 6906 tokens
I0119 19:38:25.752722 11196 processor.cc:660] Processor thread started
I0119 19:38:25.752722 12224 processor.cc:660] Processor thread started
I0119 19:38:25.752722  1060 processor.cc:660] Processor thread started
I0119 19:38:25.752722 12816 processor.cc:660] Processor thread started
I0119 19:38:25.752722  5692 processor.cc:660] Processor thread started
I0119 19:38:25.776793  7792 processor.cc:676] No data in processing queue, waiting...
I0119 19:38:25.776793  8596 processor.cc:676] No data in processing queue, waiting...
I0119 19:38:25.777829 12224 processor.cc:676] No data in processing queue, waiting...
I0119 19:38:25.777829 11196 processor.cc:676] No data in processing queue, waiting...
I0119 19:38:25.777829  5692 processor.cc:676] No data in processing queue, waiting...
I0119 19:38:25.777829  1060 processor.cc:676] No data in processing queue, waiting...
I0119 19:38:25.777829  8556 processor.cc:676] No data in processing queue, waiting...
I0119 19:38:25.777829 12816 processor.cc:676] No data in processing queue, waiting...
I0119 19:38:25.809417  3304 c_interface.cc:332] Pass InitializeModelArgs: model_name=nwt, dictionary_name=dictionary, topic_name_size=10 to void (__cdecl artm::core::MasterComponent::*)(class artm::InitializeModelArgs const & __ptr64) __ptr64
I0119 19:38:25.809417  3304 master_component.cc:338] InitializeModel() with 10 topics and 6906 tokens
I0119 19:38:25.898674  3304 phi_matrix_operations.cc:82] RetrieveExternalTopicModel() with 10 topics, 6906 tokens
I0119 19:38:25.913719  3304 c_interface.cc:180] ArtmCopyRequestedMessage is copying 200530 bytes...
I0119 19:38:26.368086  3304 c_interface.cc:332] Pass FitOfflineMasterModelArgs, batch_filename_size=4, batch_weight_size=4, num_collection_passes=1 to void (__cdecl artm::core::MasterComponent::*)(class artm::FitOfflineMasterModelArgs const & __ptr64) __ptr64
I0119 19:38:26.368086  3304 master_component.cc:942] ProcessBatchesArgs: nwt_target_name=nwt, batch_filename_size=4, batch_size=0, batch_weight_size=4, pwt_source_name=pwt, num_document_passes=30, reuse_theta=no, opt_for_avx=no, predict_class_id=
I0119 19:38:26.384130  3304 master_component.cc:478] Batches count (=4) is smaller than num processors (=8), which may cause suboptimal performance.
I0119 19:38:26.386134  1060 processor.cc:683] Processing queue has data, processing started
I0119 19:38:26.389147  7792 processor.cc:683] Processing queue has data, processing started
I0119 19:38:26.389147  8596 processor.cc:683] Processing queue has data, processing started
I0119 19:38:26.391151  8556 processor.cc:683] Processing queue has data, processing started
I0119 19:38:26.407202  8556 processor.cc:760] Processor: start processing batch 47a2c821-24f8-4344-8d6d-b5ad46b90fd6 into model nwt
I0119 19:38:26.410208  8596 processor.cc:760] Processor: start processing batch 00ba4a21-f0f6-484c-b371-ed634f9a1cb1 into model nwt
I0119 19:38:26.410208  1060 processor.cc:760] Processor: start processing batch f3807429-b7a3-41cd-9ee0-193675c1cefe into model nwt
I0119 19:38:26.413210  7792 processor.cc:760] Processor: start processing batch aabbdfb9-0f5f-4a28-9764-4bcb76c49657 into model nwt
I0119 19:38:26.519496  8556 processor.cc:856] Processor: complete processing batch 47a2c821-24f8-4344-8d6d-b5ad46b90fd6 into model nwt
I0119 19:38:26.519496  8556 cuckoo_watch.h:44] 128ms in ProcessBatch(D:\artmonline\data\datasets\kos\batches\aaaaad.batch) [including 15ms in LoadMessage; 2ms in InitializeSparseNdw; 109ms in InferThetaAndUpdateNwtSparse; ]
I0119 19:38:26.549576  8556 processor.cc:676] No data in processing queue, waiting...
I0119 19:38:26.577152  1060 processor.cc:856] Processor: complete processing batch f3807429-b7a3-41cd-9ee0-193675c1cefe into model nwt
I0119 19:38:26.579658  1060 cuckoo_watch.h:44] 193ms in ProcessBatch(D:\artmonline\data\datasets\kos\batches\aaaaaa.batch) [including 23ms in LoadMessage; 6ms in InitializeSparseNdw; 160ms in InferThetaAndUpdateNwtSparse; ]
I0119 19:38:26.605728  7792 processor.cc:856] Processor: complete processing batch aabbdfb9-0f5f-4a28-9764-4bcb76c49657 into model nwt
I0119 19:38:26.606731  7792 cuckoo_watch.h:44] 217ms in ProcessBatch(D:\artmonline\data\datasets\kos\batches\aaaaab.batch) [including 22ms in LoadMessage; 4ms in InitializeSparseNdw; 187ms in InferThetaAndUpdateNwtSparse; ]
I0119 19:38:26.612747  8596 processor.cc:856] Processor: complete processing batch 00ba4a21-f0f6-484c-b371-ed634f9a1cb1 into model nwt
I0119 19:38:26.613750  1060 processor.cc:676] No data in processing queue, waiting...
I0119 19:38:26.613750  8596 cuckoo_watch.h:44] 224ms in ProcessBatch(D:\artmonline\data\datasets\kos\batches\aaaaac.batch) [including 19ms in LoadMessage; 6ms in InitializeSparseNdw; 195ms in InferThetaAndUpdateNwtSparse; ]
I0119 19:38:26.615756  3304 master_component.cc:991] NormalizeModelArgs: pwt_target_name=pwt, nwt_source_name=nwt, rwt_source_name=
I0119 19:38:26.615756  3304 master_component.cc:617] MasterComponent: start normalizing model nwt
I0119 19:38:26.621772  3304 master_component.cc:639] MasterComponent: complete normalizing model nwt
I0119 19:38:26.621772  3304 master_component.cc:1015] DisposeModel rwt
I0119 19:38:26.621772  3304 c_interface.cc:332] Pass FitOfflineMasterModelArgs, batch_filename_size=4, batch_weight_size=4, num_collection_passes=1 to void (__cdecl artm::core::MasterComponent::*)(class artm::FitOfflineMasterModelArgs const & __ptr64) __ptr64
I0119 19:38:26.621772  3304 master_component.cc:942] ProcessBatchesArgs: nwt_target_name=nwt, batch_filename_size=4, batch_size=0, batch_weight_size=4, pwt_source_name=pwt, num_document_passes=30, reuse_theta=no, opt_for_avx=no, predict_class_id=
I0119 19:38:26.627787 12224 processor.cc:683] Processing queue has data, processing started
I0119 19:38:26.627787  5692 processor.cc:683] Processing queue has data, processing started
I0119 19:38:26.630795 12816 processor.cc:683] Processing queue has data, processing started
I0119 19:38:26.630795  1060 processor.cc:683] Processing queue has data, processing started
I0119 19:38:26.632802 12224 processor.cc:760] Processor: start processing batch f3807429-b7a3-41cd-9ee0-193675c1cefe into model nwt
I0119 19:38:26.633805  5692 processor.cc:760] Processor: start processing batch aabbdfb9-0f5f-4a28-9764-4bcb76c49657 into model nwt
I0119 19:38:26.634806 12816 processor.cc:760] Processor: start processing batch 47a2c821-24f8-4344-8d6d-b5ad46b90fd6 into model nwt
I0119 19:38:26.637814  1060 processor.cc:760] Processor: start processing batch 00ba4a21-f0f6-484c-b371-ed634f9a1cb1 into model nwt
I0119 19:38:26.641825  7792 processor.cc:676] No data in processing queue, waiting...
I0119 19:38:26.647840  8596 processor.cc:676] No data in processing queue, waiting...
I0119 19:38:26.717028 12816 processor.cc:856] Processor: complete processing batch 47a2c821-24f8-4344-8d6d-b5ad46b90fd6 into model nwt
I0119 19:38:26.717028 12816 cuckoo_watch.h:44] 87ms in ProcessBatch(D:\artmonline\data\datasets\kos\batches\aaaaad.batch) [including 4ms in LoadMessage; 0ms in InitializeSparseNdw; 81ms in InferThetaAndUpdateNwtSparse; ]
I0119 19:38:26.741094 12816 processor.cc:676] No data in processing queue, waiting...
I0119 19:38:26.775688 12224 processor.cc:856] Processor: complete processing batch f3807429-b7a3-41cd-9ee0-193675c1cefe into model nwt
I0119 19:38:26.776688 12224 cuckoo_watch.h:44] 149ms in ProcessBatch(D:\artmonline\data\datasets\kos\batches\aaaaaa.batch) [including 5ms in LoadMessage; 1ms in InitializeSparseNdw; 140ms in InferThetaAndUpdateNwtSparse; ]
I0119 19:38:26.777209  1060 processor.cc:856] Processor: complete processing batch 00ba4a21-f0f6-484c-b371-ed634f9a1cb1 into model nwt
I0119 19:38:26.778695  1060 cuckoo_watch.h:44] 147ms in ProcessBatch(D:\artmonline\data\datasets\kos\batches\aaaaac.batch) [including 7ms in LoadMessage; 1ms in InitializeSparseNdw; 136ms in InferThetaAndUpdateNwtSparse; ]
I0119 19:38:26.807301  5692 processor.cc:856] Processor: complete processing batch aabbdfb9-0f5f-4a28-9764-4bcb76c49657 into model nwt
I0119 19:38:26.808331  5692 cuckoo_watch.h:44] 180ms in ProcessBatch(D:\artmonline\data\datasets\kos\batches\aaaaab.batch) [including 5ms in LoadMessage; 2ms in InitializeSparseNdw; 171ms in InferThetaAndUpdateNwtSparse; ]
I0119 19:38:26.809340  3304 master_component.cc:991] NormalizeModelArgs: pwt_target_name=pwt, nwt_source_name=nwt, rwt_source_name=
I0119 19:38:26.809340 12224 processor.cc:676] No data in processing queue, waiting...
I0119 19:38:26.809340  3304 master_component.cc:617] MasterComponent: start normalizing model nwt
I0119 19:38:26.812314  1060 processor.cc:676] No data in processing queue, waiting...
I0119 19:38:26.814319  3304 master_component.cc:639] MasterComponent: complete normalizing model nwt
I0119 19:38:26.814319  3304 master_component.cc:1015] DisposeModel rwt
I0119 19:38:26.814319  3304 c_interface.cc:332] Pass FitOfflineMasterModelArgs, batch_filename_size=4, batch_weight_size=4, num_collection_passes=1 to void (__cdecl artm::core::MasterComponent::*)(class artm::FitOfflineMasterModelArgs const & __ptr64) __ptr64
I0119 19:38:26.814319  3304 master_component.cc:942] ProcessBatchesArgs: nwt_target_name=nwt, batch_filename_size=4, batch_size=0, batch_weight_size=4, pwt_source_name=pwt, num_document_passes=30, reuse_theta=no, opt_for_avx=no, predict_class_id=
I0119 19:38:26.819330  8556 processor.cc:683] Processing queue has data, processing started
I0119 19:38:26.820333  1060 processor.cc:683] Processing queue has data, processing started
I0119 19:38:26.820333 12224 processor.cc:683] Processing queue has data, processing started
I0119 19:38:26.820333  7792 processor.cc:683] Processing queue has data, processing started
I0119 19:38:26.823341 12224 processor.cc:760] Processor: start processing batch 47a2c821-24f8-4344-8d6d-b5ad46b90fd6 into model nwt
I0119 19:38:26.824345  8556 processor.cc:760] Processor: start processing batch f3807429-b7a3-41cd-9ee0-193675c1cefe into model nwt
I0119 19:38:26.824345  7792 processor.cc:760] Processor: start processing batch 00ba4a21-f0f6-484c-b371-ed634f9a1cb1 into model nwt
I0119 19:38:26.826351  1060 processor.cc:760] Processor: start processing batch aabbdfb9-0f5f-4a28-9764-4bcb76c49657 into model nwt
I0119 19:38:26.844398  5692 processor.cc:676] No data in processing queue, waiting...
I0119 19:38:26.896540 12224 processor.cc:856] Processor: complete processing batch 47a2c821-24f8-4344-8d6d-b5ad46b90fd6 into model nwt
I0119 19:38:26.896540 12224 cuckoo_watch.h:44] 76ms in ProcessBatch(D:\artmonline\data\datasets\kos\batches\aaaaad.batch) [including 2ms in LoadMessage; 0ms in InitializeSparseNdw; 72ms in InferThetaAndUpdateNwtSparse; ]
I0119 19:38:26.924614 12224 processor.cc:676] No data in processing queue, waiting...
I0119 19:38:26.957737  8556 processor.cc:856] Processor: complete processing batch f3807429-b7a3-41cd-9ee0-193675c1cefe into model nwt
I0119 19:38:26.958739  8556 cuckoo_watch.h:44] 139ms in ProcessBatch(D:\artmonline\data\datasets\kos\batches\aaaaaa.batch) [including 4ms in LoadMessage; 1ms in InitializeSparseNdw; 132ms in InferThetaAndUpdateNwtSparse; ]
I0119 19:38:26.969734  7792 processor.cc:856] Processor: complete processing batch 00ba4a21-f0f6-484c-b371-ed634f9a1cb1 into model nwt
I0119 19:38:26.970737  7792 cuckoo_watch.h:44] 150ms in ProcessBatch(D:\artmonline\data\datasets\kos\batches\aaaaac.batch) [including 4ms in LoadMessage; 1ms in InitializeSparseNdw; 144ms in InferThetaAndUpdateNwtSparse; ]
I0119 19:38:26.972743  1060 processor.cc:856] Processor: complete processing batch aabbdfb9-0f5f-4a28-9764-4bcb76c49657 into model nwt
I0119 19:38:26.973745  1060 cuckoo_watch.h:44] 153ms in ProcessBatch(D:\artmonline\data\datasets\kos\batches\aaaaab.batch) [including 6ms in LoadMessage; 1ms in InitializeSparseNdw; 143ms in InferThetaAndUpdateNwtSparse; ]
I0119 19:38:26.974249  3304 master_component.cc:991] NormalizeModelArgs: pwt_target_name=pwt, nwt_source_name=nwt, rwt_source_name=
I0119 19:38:26.974249  3304 master_component.cc:617] MasterComponent: start normalizing model nwt
I0119 19:38:26.979792  3304 master_component.cc:639] MasterComponent: complete normalizing model nwt
I0119 19:38:26.979792  3304 master_component.cc:1015] DisposeModel rwt
I0119 19:38:26.980291  3304 c_interface.cc:332] Pass FitOfflineMasterModelArgs, batch_filename_size=4, batch_weight_size=4, num_collection_passes=1 to void (__cdecl artm::core::MasterComponent::*)(class artm::FitOfflineMasterModelArgs const & __ptr64) __ptr64
I0119 19:38:26.980291  3304 master_component.cc:942] ProcessBatchesArgs: nwt_target_name=nwt, batch_filename_size=4, batch_size=0, batch_weight_size=4, pwt_source_name=pwt, num_document_passes=30, reuse_theta=no, opt_for_avx=no, predict_class_id=
I0119 19:38:26.986280  5692 processor.cc:683] Processing queue has data, processing started
I0119 19:38:26.986280 12816 processor.cc:683] Processing queue has data, processing started
I0119 19:38:26.986280 11196 processor.cc:683] Processing queue has data, processing started
I0119 19:38:26.988786 11196 processor.cc:760] Processor: start processing batch 47a2c821-24f8-4344-8d6d-b5ad46b90fd6 into model nwt
I0119 19:38:26.990794  8556 processor.cc:676] No data in processing queue, waiting...
I0119 19:38:26.990794 12816 processor.cc:760] Processor: start processing batch 00ba4a21-f0f6-484c-b371-ed634f9a1cb1 into model nwt
I0119 19:38:26.990794  7792 processor.cc:760] Processor: start processing batch f3807429-b7a3-41cd-9ee0-193675c1cefe into model nwt
I0119 19:38:26.993803  5692 processor.cc:760] Processor: start processing batch aabbdfb9-0f5f-4a28-9764-4bcb76c49657 into model nwt
I0119 19:38:27.002827  1060 processor.cc:676] No data in processing queue, waiting...
I0119 19:38:27.044937 11196 processor.cc:856] Processor: complete processing batch 47a2c821-24f8-4344-8d6d-b5ad46b90fd6 into model nwt
I0119 19:38:27.045940 11196 cuckoo_watch.h:44] 59ms in ProcessBatch(D:\artmonline\data\datasets\kos\batches\aaaaad.batch) [including 2ms in LoadMessage; 0ms in InitializeSparseNdw; 56ms in InferThetaAndUpdateNwtSparse; ]
I0119 19:38:27.072048 11196 processor.cc:676] No data in processing queue, waiting...
I0119 19:38:27.124187 12816 processor.cc:856] Processor: complete processing batch 00ba4a21-f0f6-484c-b371-ed634f9a1cb1 into model nwt
I0119 19:38:27.126194 12816 cuckoo_watch.h:44] 140ms in ProcessBatch(D:\artmonline\data\datasets\kos\batches\aaaaac.batch) [including 4ms in LoadMessage; 1ms in InitializeSparseNdw; 132ms in InferThetaAndUpdateNwtSparse; ]
I0119 19:38:27.141232  5692 processor.cc:856] Processor: complete processing batch aabbdfb9-0f5f-4a28-9764-4bcb76c49657 into model nwt
I0119 19:38:27.142235  5692 cuckoo_watch.h:44] 156ms in ProcessBatch(D:\artmonline\data\datasets\kos\batches\aaaaab.batch) [including 7ms in LoadMessage; 1ms in InitializeSparseNdw; 145ms in InferThetaAndUpdateNwtSparse; ]
I0119 19:38:27.152290 12816 processor.cc:676] No data in processing queue, waiting...
I0119 19:38:27.155272  7792 processor.cc:856] Processor: complete processing batch f3807429-b7a3-41cd-9ee0-193675c1cefe into model nwt
I0119 19:38:27.156277  7792 cuckoo_watch.h:44] 172ms in ProcessBatch(D:\artmonline\data\datasets\kos\batches\aaaaaa.batch) [including 5ms in LoadMessage; 1ms in InitializeSparseNdw; 163ms in InferThetaAndUpdateNwtSparse; ]
I0119 19:38:27.157305  3304 master_component.cc:991] NormalizeModelArgs: pwt_target_name=pwt, nwt_source_name=nwt, rwt_source_name=
I0119 19:38:27.157305  3304 master_component.cc:617] MasterComponent: start normalizing model nwt
I0119 19:38:27.162317  3304 master_component.cc:639] MasterComponent: complete normalizing model nwt
I0119 19:38:27.162317  3304 master_component.cc:1015] DisposeModel rwt
I0119 19:38:27.162317  3304 c_interface.cc:332] Pass FitOfflineMasterModelArgs, batch_filename_size=4, batch_weight_size=4, num_collection_passes=1 to void (__cdecl artm::core::MasterComponent::*)(class artm::FitOfflineMasterModelArgs const & __ptr64) __ptr64
I0119 19:38:27.162317  3304 master_component.cc:942] ProcessBatchesArgs: nwt_target_name=nwt, batch_filename_size=4, batch_size=0, batch_weight_size=4, pwt_source_name=pwt, num_document_passes=30, reuse_theta=no, opt_for_avx=no, predict_class_id=
I0119 19:38:27.167330  8556 processor.cc:683] Processing queue has data, processing started
I0119 19:38:27.170336 11196 processor.cc:683] Processing queue has data, processing started
I0119 19:38:27.170336 12224 processor.cc:683] Processing queue has data, processing started
I0119 19:38:27.172315  5692 processor.cc:676] No data in processing queue, waiting...
I0119 19:38:27.172315  8556 processor.cc:760] Processor: start processing batch f3807429-b7a3-41cd-9ee0-193675c1cefe into model nwt
I0119 19:38:27.173321  7792 processor.cc:760] Processor: start processing batch 47a2c821-24f8-4344-8d6d-b5ad46b90fd6 into model nwt
I0119 19:38:27.175331 11196 processor.cc:760] Processor: start processing batch aabbdfb9-0f5f-4a28-9764-4bcb76c49657 into model nwt
I0119 19:38:27.176846 12224 processor.cc:760] Processor: start processing batch 00ba4a21-f0f6-484c-b371-ed634f9a1cb1 into model nwt
I0119 19:38:27.233485  7792 processor.cc:856] Processor: complete processing batch 47a2c821-24f8-4344-8d6d-b5ad46b90fd6 into model nwt
I0119 19:38:27.233485  7792 cuckoo_watch.h:44] 63ms in ProcessBatch(D:\artmonline\data\datasets\kos\batches\aaaaad.batch) [including 3ms in LoadMessage; 0ms in InitializeSparseNdw; 59ms in InferThetaAndUpdateNwtSparse; ]
I0119 19:38:27.265570  7792 processor.cc:676] No data in processing queue, waiting...
I0119 19:38:27.305714 11196 processor.cc:856] Processor: complete processing batch aabbdfb9-0f5f-4a28-9764-4bcb76c49657 into model nwt
I0119 19:38:27.306717 11196 cuckoo_watch.h:44] 137ms in ProcessBatch(D:\artmonline\data\datasets\kos\batches\aaaaab.batch) [including 5ms in LoadMessage; 1ms in InitializeSparseNdw; 129ms in InferThetaAndUpdateNwtSparse; ]
I0119 19:38:27.316745  8556 processor.cc:856] Processor: complete processing batch f3807429-b7a3-41cd-9ee0-193675c1cefe into model nwt
I0119 19:38:27.317747  8556 cuckoo_watch.h:44] 151ms in ProcessBatch(D:\artmonline\data\datasets\kos\batches\aaaaaa.batch) [including 5ms in LoadMessage; 1ms in InitializeSparseNdw; 142ms in InferThetaAndUpdateNwtSparse; ]
I0119 19:38:27.322793 12224 processor.cc:856] Processor: complete processing batch 00ba4a21-f0f6-484c-b371-ed634f9a1cb1 into model nwt
I0119 19:38:27.323796 12224 cuckoo_watch.h:44] 153ms in ProcessBatch(D:\artmonline\data\datasets\kos\batches\aaaaac.batch) [including 6ms in LoadMessage; 1ms in InitializeSparseNdw; 144ms in InferThetaAndUpdateNwtSparse; ]
I0119 19:38:27.324849  3304 master_component.cc:991] NormalizeModelArgs: pwt_target_name=pwt, nwt_source_name=nwt, rwt_source_name=
I0119 19:38:27.324849  3304 master_component.cc:617] MasterComponent: start normalizing model nwt
I0119 19:38:27.329809  3304 master_component.cc:639] MasterComponent: complete normalizing model nwt
I0119 19:38:27.329809  3304 master_component.cc:1015] DisposeModel rwt
I0119 19:38:27.329809  3304 c_interface.cc:332] Pass FitOfflineMasterModelArgs, batch_filename_size=4, batch_weight_size=4, num_collection_passes=1 to void (__cdecl artm::core::MasterComponent::*)(class artm::FitOfflineMasterModelArgs const & __ptr64) __ptr64
I0119 19:38:27.329809  3304 master_component.cc:942] ProcessBatchesArgs: nwt_target_name=nwt, batch_filename_size=4, batch_size=0, batch_weight_size=4, pwt_source_name=pwt, num_document_passes=30, reuse_theta=no, opt_for_avx=no, predict_class_id=
I0119 19:38:27.336865  8596 processor.cc:683] Processing queue has data, processing started
I0119 19:38:27.338805 11196 processor.cc:760] Processor: start processing batch 47a2c821-24f8-4344-8d6d-b5ad46b90fd6 into model nwt
I0119 19:38:27.341814  8596 processor.cc:760] Processor: start processing batch f3807429-b7a3-41cd-9ee0-193675c1cefe into model nwt
I0119 19:38:27.341814 12224 processor.cc:760] Processor: start processing batch aabbdfb9-0f5f-4a28-9764-4bcb76c49657 into model nwt
I0119 19:38:27.341814  8556 processor.cc:760] Processor: start processing batch 00ba4a21-f0f6-484c-b371-ed634f9a1cb1 into model nwt
I0119 19:38:27.385931 11196 processor.cc:856] Processor: complete processing batch 47a2c821-24f8-4344-8d6d-b5ad46b90fd6 into model nwt
I0119 19:38:27.385931 11196 cuckoo_watch.h:44] 49ms in ProcessBatch(D:\artmonline\data\datasets\kos\batches\aaaaad.batch) [including 2ms in LoadMessage; 0ms in InitializeSparseNdw; 45ms in InferThetaAndUpdateNwtSparse; ]
I0119 19:38:27.421025 11196 processor.cc:676] No data in processing queue, waiting...
I0119 19:38:27.472162  8556 processor.cc:856] Processor: complete processing batch 00ba4a21-f0f6-484c-b371-ed634f9a1cb1 into model nwt
I0119 19:38:27.474167  8556 cuckoo_watch.h:44] 137ms in ProcessBatch(D:\artmonline\data\datasets\kos\batches\aaaaac.batch) [including 5ms in LoadMessage; 1ms in InitializeSparseNdw; 128ms in InferThetaAndUpdateNwtSparse; ]
I0119 19:38:27.490712  8596 processor.cc:856] Processor: complete processing batch f3807429-b7a3-41cd-9ee0-193675c1cefe into model nwt
I0119 19:38:27.491246 12224 processor.cc:856] Processor: complete processing batch aabbdfb9-0f5f-4a28-9764-4bcb76c49657 into model nwt
I0119 19:38:27.491246  8596 cuckoo_watch.h:44] 155ms in ProcessBatch(D:\artmonline\data\datasets\kos\batches\aaaaaa.batch) [including 4ms in LoadMessage; 1ms in InitializeSparseNdw; 147ms in InferThetaAndUpdateNwtSparse; ]
I0119 19:38:27.492249 12224 cuckoo_watch.h:44] 155ms in ProcessBatch(D:\artmonline\data\datasets\kos\batches\aaaaab.batch) [including 5ms in LoadMessage; 1ms in InitializeSparseNdw; 147ms in InferThetaAndUpdateNwtSparse; ]
I0119 19:38:27.493316  3304 master_component.cc:991] NormalizeModelArgs: pwt_target_name=pwt, nwt_source_name=nwt, rwt_source_name=
I0119 19:38:27.493316  3304 master_component.cc:617] MasterComponent: start normalizing model nwt
I0119 19:38:27.498265  3304 master_component.cc:639] MasterComponent: complete normalizing model nwt
I0119 19:38:27.498265  3304 master_component.cc:1015] DisposeModel rwt
I0119 19:38:27.499266  3304 c_interface.cc:332] Pass FitOfflineMasterModelArgs, batch_filename_size=4, batch_weight_size=4, num_collection_passes=1 to void (__cdecl artm::core::MasterComponent::*)(class artm::FitOfflineMasterModelArgs const & __ptr64) __ptr64
I0119 19:38:27.499266  3304 master_component.cc:942] ProcessBatchesArgs: nwt_target_name=nwt, batch_filename_size=4, batch_size=0, batch_weight_size=4, pwt_source_name=pwt, num_document_passes=30, reuse_theta=no, opt_for_avx=no, predict_class_id=
I0119 19:38:27.504281  5692 processor.cc:683] Processing queue has data, processing started
I0119 19:38:27.504281 11196 processor.cc:683] Processing queue has data, processing started
I0119 19:38:27.509294 11196 processor.cc:760] Processor: start processing batch 00ba4a21-f0f6-484c-b371-ed634f9a1cb1 into model nwt
I0119 19:38:27.509294  8596 processor.cc:760] Processor: start processing batch f3807429-b7a3-41cd-9ee0-193675c1cefe into model nwt
I0119 19:38:27.510298  5692 processor.cc:760] Processor: start processing batch aabbdfb9-0f5f-4a28-9764-4bcb76c49657 into model nwt
I0119 19:38:27.511301  8556 processor.cc:760] Processor: start processing batch 47a2c821-24f8-4344-8d6d-b5ad46b90fd6 into model nwt
I0119 19:38:27.527343 12224 processor.cc:676] No data in processing queue, waiting...
I0119 19:38:27.569453  8556 processor.cc:856] Processor: complete processing batch 47a2c821-24f8-4344-8d6d-b5ad46b90fd6 into model nwt
I0119 19:38:27.569453  8556 cuckoo_watch.h:44] 62ms in ProcessBatch(D:\artmonline\data\datasets\kos\batches\aaaaad.batch) [including 3ms in LoadMessage; 0ms in InitializeSparseNdw; 57ms in InferThetaAndUpdateNwtSparse; ]
I0119 19:38:27.609562  8556 processor.cc:676] No data in processing queue, waiting...
I0119 19:38:27.649672 11196 processor.cc:856] Processor: complete processing batch 00ba4a21-f0f6-484c-b371-ed634f9a1cb1 into model nwt
I0119 19:38:27.650676 11196 cuckoo_watch.h:44] 146ms in ProcessBatch(D:\artmonline\data\datasets\kos\batches\aaaaac.batch) [including 4ms in LoadMessage; 1ms in InitializeSparseNdw; 138ms in InferThetaAndUpdateNwtSparse; ]
I0119 19:38:27.668720  8596 processor.cc:856] Processor: complete processing batch f3807429-b7a3-41cd-9ee0-193675c1cefe into model nwt
I0119 19:38:27.669723  8596 cuckoo_watch.h:44] 165ms in ProcessBatch(D:\artmonline\data\datasets\kos\batches\aaaaaa.batch) [including 5ms in LoadMessage; 1ms in InitializeSparseNdw; 157ms in InferThetaAndUpdateNwtSparse; ]
I0119 19:38:27.678246  5692 processor.cc:856] Processor: complete processing batch aabbdfb9-0f5f-4a28-9764-4bcb76c49657 into model nwt
I0119 19:38:27.679250  5692 cuckoo_watch.h:44] 175ms in ProcessBatch(D:\artmonline\data\datasets\kos\batches\aaaaab.batch) [including 5ms in LoadMessage; 1ms in InitializeSparseNdw; 166ms in InferThetaAndUpdateNwtSparse; ]
I0119 19:38:27.680316  3304 master_component.cc:991] NormalizeModelArgs: pwt_target_name=pwt, nwt_source_name=nwt, rwt_source_name=
I0119 19:38:27.680316  3304 master_component.cc:617] MasterComponent: start normalizing model nwt
I0119 19:38:27.685794  3304 master_component.cc:639] MasterComponent: complete normalizing model nwt
I0119 19:38:27.685794  3304 master_component.cc:1015] DisposeModel rwt
I0119 19:38:27.685794  3304 c_interface.cc:332] Pass FitOfflineMasterModelArgs, batch_filename_size=4, batch_weight_size=4, num_collection_passes=1 to void (__cdecl artm::core::MasterComponent::*)(class artm::FitOfflineMasterModelArgs const & __ptr64) __ptr64
I0119 19:38:27.685794  3304 master_component.cc:942] ProcessBatchesArgs: nwt_target_name=nwt, batch_filename_size=4, batch_size=0, batch_weight_size=4, pwt_source_name=pwt, num_document_passes=30, reuse_theta=no, opt_for_avx=no, predict_class_id=
I0119 19:38:27.691668 12816 processor.cc:683] Processing queue has data, processing started
I0119 19:38:27.691668  1060 processor.cc:683] Processing queue has data, processing started
I0119 19:38:27.694196  8596 processor.cc:760] Processor: start processing batch 47a2c821-24f8-4344-8d6d-b5ad46b90fd6 into model nwt
I0119 19:38:27.696202 12816 processor.cc:760] Processor: start processing batch 00ba4a21-f0f6-484c-b371-ed634f9a1cb1 into model nwt
I0119 19:38:27.699210  1060 processor.cc:760] Processor: start processing batch f3807429-b7a3-41cd-9ee0-193675c1cefe into model nwt
I0119 19:38:27.699210 11196 processor.cc:760] Processor: start processing batch aabbdfb9-0f5f-4a28-9764-4bcb76c49657 into model nwt
I0119 19:38:27.719264  5692 processor.cc:676] No data in processing queue, waiting...
I0119 19:38:27.751348  8596 processor.cc:856] Processor: complete processing batch 47a2c821-24f8-4344-8d6d-b5ad46b90fd6 into model nwt
I0119 19:38:27.752351  8596 cuckoo_watch.h:44] 60ms in ProcessBatch(D:\artmonline\data\datasets\kos\batches\aaaaad.batch) [including 2ms in LoadMessage; 0ms in InitializeSparseNdw; 56ms in InferThetaAndUpdateNwtSparse; ]
I0119 19:38:27.791961  8596 processor.cc:676] No data in processing queue, waiting...
I0119 19:38:27.822543 12816 processor.cc:856] Processor: complete processing batch 00ba4a21-f0f6-484c-b371-ed634f9a1cb1 into model nwt
I0119 19:38:27.823545 12816 cuckoo_watch.h:44] 132ms in ProcessBatch(D:\artmonline\data\datasets\kos\batches\aaaaac.batch) [including 4ms in LoadMessage; 0ms in InitializeSparseNdw; 125ms in InferThetaAndUpdateNwtSparse; ]
I0119 19:38:27.828567  1060 processor.cc:856] Processor: complete processing batch f3807429-b7a3-41cd-9ee0-193675c1cefe into model nwt
I0119 19:38:27.829562  1060 cuckoo_watch.h:44] 137ms in ProcessBatch(D:\artmonline\data\datasets\kos\batches\aaaaaa.batch) [including 7ms in LoadMessage; 1ms in InitializeSparseNdw; 127ms in InferThetaAndUpdateNwtSparse; ]
I0119 19:38:27.833573 11196 processor.cc:856] Processor: complete processing batch aabbdfb9-0f5f-4a28-9764-4bcb76c49657 into model nwt
I0119 19:38:27.834576 11196 cuckoo_watch.h:44] 143ms in ProcessBatch(D:\artmonline\data\datasets\kos\batches\aaaaab.batch) [including 7ms in LoadMessage; 1ms in InitializeSparseNdw; 132ms in InferThetaAndUpdateNwtSparse; ]
I0119 19:38:27.837584  3304 master_component.cc:991] NormalizeModelArgs: pwt_target_name=pwt, nwt_source_name=nwt, rwt_source_name=
I0119 19:38:27.837584  3304 master_component.cc:617] MasterComponent: start normalizing model nwt
I0119 19:38:27.842597  3304 master_component.cc:639] MasterComponent: complete normalizing model nwt
I0119 19:38:27.842597  3304 master_component.cc:1015] DisposeModel rwt
I0119 19:38:27.843600  3304 c_interface.cc:332] Pass FitOfflineMasterModelArgs, batch_filename_size=4, batch_weight_size=4, num_collection_passes=1 to void (__cdecl artm::core::MasterComponent::*)(class artm::FitOfflineMasterModelArgs const & __ptr64) __ptr64
I0119 19:38:27.843600  3304 master_component.cc:942] ProcessBatchesArgs: nwt_target_name=nwt, batch_filename_size=4, batch_size=0, batch_weight_size=4, pwt_source_name=pwt, num_document_passes=30, reuse_theta=no, opt_for_avx=no, predict_class_id=
I0119 19:38:27.849616  8556 processor.cc:683] Processing queue has data, processing started
I0119 19:38:27.849616 12224 processor.cc:683] Processing queue has data, processing started
I0119 19:38:27.849616  7792 processor.cc:683] Processing queue has data, processing started
I0119 19:38:27.853628  7792 processor.cc:760] Processor: start processing batch 47a2c821-24f8-4344-8d6d-b5ad46b90fd6 into model nwt
I0119 19:38:27.853628  1060 processor.cc:760] Processor: start processing batch f3807429-b7a3-41cd-9ee0-193675c1cefe into model nwt
I0119 19:38:27.855634  8556 processor.cc:760] Processor: start processing batch aabbdfb9-0f5f-4a28-9764-4bcb76c49657 into model nwt
I0119 19:38:27.856637 12224 processor.cc:760] Processor: start processing batch 00ba4a21-f0f6-484c-b371-ed634f9a1cb1 into model nwt
I0119 19:38:27.870671 12816 processor.cc:676] No data in processing queue, waiting...
I0119 19:38:27.874681 11196 processor.cc:676] No data in processing queue, waiting...
I0119 19:38:27.910784  7792 processor.cc:856] Processor: complete processing batch 47a2c821-24f8-4344-8d6d-b5ad46b90fd6 into model nwt
I0119 19:38:27.911785  7792 cuckoo_watch.h:44] 62ms in ProcessBatch(D:\artmonline\data\datasets\kos\batches\aaaaad.batch) [including 3ms in LoadMessage; 0ms in InitializeSparseNdw; 57ms in InferThetaAndUpdateNwtSparse; ]
I0119 19:38:27.959914  7792 processor.cc:676] No data in processing queue, waiting...
I0119 19:38:27.990499  8556 processor.cc:856] Processor: complete processing batch aabbdfb9-0f5f-4a28-9764-4bcb76c49657 into model nwt
I0119 19:38:27.991503  8556 cuckoo_watch.h:44] 142ms in ProcessBatch(D:\artmonline\data\datasets\kos\batches\aaaaab.batch) [including 6ms in LoadMessage; 1ms in InitializeSparseNdw; 133ms in InferThetaAndUpdateNwtSparse; ]
I0119 19:38:28.000026  1060 processor.cc:856] Processor: complete processing batch f3807429-b7a3-41cd-9ee0-193675c1cefe into model nwt
I0119 19:38:28.002032  1060 cuckoo_watch.h:44] 152ms in ProcessBatch(D:\artmonline\data\datasets\kos\batches\aaaaaa.batch) [including 4ms in LoadMessage; 1ms in InitializeSparseNdw; 144ms in InferThetaAndUpdateNwtSparse; ]
I0119 19:38:28.006068 12224 processor.cc:856] Processor: complete processing batch 00ba4a21-f0f6-484c-b371-ed634f9a1cb1 into model nwt
I0119 19:38:28.007074 12224 cuckoo_watch.h:44] 157ms in ProcessBatch(D:\artmonline\data\datasets\kos\batches\aaaaac.batch) [including 7ms in LoadMessage; 1ms in InitializeSparseNdw; 147ms in InferThetaAndUpdateNwtSparse; ]
I0119 19:38:28.008112  3304 master_component.cc:991] NormalizeModelArgs: pwt_target_name=pwt, nwt_source_name=nwt, rwt_source_name=
I0119 19:38:28.008112  3304 master_component.cc:617] MasterComponent: start normalizing model nwt
I0119 19:38:28.013062  3304 master_component.cc:639] MasterComponent: complete normalizing model nwt
I0119 19:38:28.013062  3304 master_component.cc:1015] DisposeModel rwt
I0119 19:38:28.013062  3304 c_interface.cc:332] Pass FitOfflineMasterModelArgs, batch_filename_size=4, batch_weight_size=4, num_collection_passes=1 to void (__cdecl artm::core::MasterComponent::*)(class artm::FitOfflineMasterModelArgs const & __ptr64) __ptr64
I0119 19:38:28.013062  3304 master_component.cc:942] ProcessBatchesArgs: nwt_target_name=nwt, batch_filename_size=4, batch_size=0, batch_weight_size=4, pwt_source_name=pwt, num_document_passes=30, reuse_theta=no, opt_for_avx=no, predict_class_id=
I0119 19:38:28.019078  8596 processor.cc:683] Processing queue has data, processing started
I0119 19:38:28.019078 12816 processor.cc:683] Processing queue has data, processing started
I0119 19:38:28.019078  8556 processor.cc:676] No data in processing queue, waiting...
I0119 19:38:28.020078  5692 processor.cc:683] Processing queue has data, processing started
I0119 19:38:28.020078  8556 processor.cc:683] Processing queue has data, processing started
I0119 19:38:28.024090  8556 processor.cc:760] Processor: start processing batch 47a2c821-24f8-4344-8d6d-b5ad46b90fd6 into model nwt
I0119 19:38:28.025092  8596 processor.cc:760] Processor: start processing batch f3807429-b7a3-41cd-9ee0-193675c1cefe into model nwt
I0119 19:38:28.025092 12816 processor.cc:760] Processor: start processing batch aabbdfb9-0f5f-4a28-9764-4bcb76c49657 into model nwt
I0119 19:38:28.027097  5692 processor.cc:760] Processor: start processing batch 00ba4a21-f0f6-484c-b371-ed634f9a1cb1 into model nwt
I0119 19:38:28.035118  1060 processor.cc:676] No data in processing queue, waiting...
I0119 19:38:28.038128 12224 processor.cc:676] No data in processing queue, waiting...
I0119 19:38:28.082747  8556 processor.cc:856] Processor: complete processing batch 47a2c821-24f8-4344-8d6d-b5ad46b90fd6 into model nwt
I0119 19:38:28.083250  8556 cuckoo_watch.h:44] 63ms in ProcessBatch(D:\artmonline\data\datasets\kos\batches\aaaaad.batch) [including 3ms in LoadMessage; 0ms in InitializeSparseNdw; 58ms in InferThetaAndUpdateNwtSparse; ]
I0119 19:38:28.114334  8556 processor.cc:676] No data in processing queue, waiting...
I0119 19:38:28.160455  8596 processor.cc:856] Processor: complete processing batch f3807429-b7a3-41cd-9ee0-193675c1cefe into model nwt
I0119 19:38:28.160455  5692 processor.cc:856] Processor: complete processing batch 00ba4a21-f0f6-484c-b371-ed634f9a1cb1 into model nwt
I0119 19:38:28.162474  8596 cuckoo_watch.h:44] 144ms in ProcessBatch(D:\artmonline\data\datasets\kos\batches\aaaaaa.batch) [including 6ms in LoadMessage; 2ms in InitializeSparseNdw; 131ms in InferThetaAndUpdateNwtSparse; ]
I0119 19:38:28.163480  5692 cuckoo_watch.h:44] 143ms in ProcessBatch(D:\artmonline\data\datasets\kos\batches\aaaaac.batch) [including 7ms in LoadMessage; 1ms in InitializeSparseNdw; 131ms in InferThetaAndUpdateNwtSparse; ]
I0119 19:38:28.169513 12816 processor.cc:856] Processor: complete processing batch aabbdfb9-0f5f-4a28-9764-4bcb76c49657 into model nwt
I0119 19:38:28.169513 12816 cuckoo_watch.h:44] 151ms in ProcessBatch(D:\artmonline\data\datasets\kos\batches\aaaaab.batch) [including 6ms in LoadMessage; 2ms in InitializeSparseNdw; 141ms in InferThetaAndUpdateNwtSparse; ]
I0119 19:38:28.171551  3304 master_component.cc:991] NormalizeModelArgs: pwt_target_name=pwt, nwt_source_name=nwt, rwt_source_name=
I0119 19:38:28.171551  3304 master_component.cc:617] MasterComponent: start normalizing model nwt
I0119 19:38:28.176523  3304 master_component.cc:639] MasterComponent: complete normalizing model nwt
I0119 19:38:28.176523  3304 master_component.cc:1015] DisposeModel rwt
I0119 19:38:28.176523  3304 c_interface.cc:332] Pass FitOfflineMasterModelArgs, batch_filename_size=4, batch_weight_size=4, num_collection_passes=1 to void (__cdecl artm::core::MasterComponent::*)(class artm::FitOfflineMasterModelArgs const & __ptr64) __ptr64
I0119 19:38:28.176523  3304 master_component.cc:942] ProcessBatchesArgs: nwt_target_name=nwt, batch_filename_size=4, batch_size=0, batch_weight_size=4, pwt_source_name=pwt, num_document_passes=30, reuse_theta=no, opt_for_avx=no, predict_class_id=
I0119 19:38:28.185555  7792 processor.cc:683] Processing queue has data, processing started
I0119 19:38:28.186056  8596 processor.cc:760] Processor: start processing batch f3807429-b7a3-41cd-9ee0-193675c1cefe into model nwt
I0119 19:38:28.189565  7792 processor.cc:760] Processor: start processing batch 47a2c821-24f8-4344-8d6d-b5ad46b90fd6 into model nwt
I0119 19:38:28.189565  5692 processor.cc:760] Processor: start processing batch aabbdfb9-0f5f-4a28-9764-4bcb76c49657 into model nwt
I0119 19:38:28.192574 12816 processor.cc:760] Processor: start processing batch 00ba4a21-f0f6-484c-b371-ed634f9a1cb1 into model nwt
I0119 19:38:28.251734  7792 processor.cc:856] Processor: complete processing batch 47a2c821-24f8-4344-8d6d-b5ad46b90fd6 into model nwt
I0119 19:38:28.252735  7792 cuckoo_watch.h:44] 67ms in ProcessBatch(D:\artmonline\data\datasets\kos\batches\aaaaad.batch) [including 3ms in LoadMessage; 0ms in InitializeSparseNdw; 61ms in InferThetaAndUpdateNwtSparse; ]
I0119 19:38:28.282816  7792 processor.cc:676] No data in processing queue, waiting...
I0119 19:38:28.312899  8596 processor.cc:856] Processor: complete processing batch f3807429-b7a3-41cd-9ee0-193675c1cefe into model nwt
I0119 19:38:28.313904  8596 cuckoo_watch.h:44] 131ms in ProcessBatch(D:\artmonline\data\datasets\kos\batches\aaaaaa.batch) [including 4ms in LoadMessage; 1ms in InitializeSparseNdw; 125ms in InferThetaAndUpdateNwtSparse; ]
I0119 19:38:28.317946  5692 processor.cc:856] Processor: complete processing batch aabbdfb9-0f5f-4a28-9764-4bcb76c49657 into model nwt
I0119 19:38:28.318948  5692 cuckoo_watch.h:44] 134ms in ProcessBatch(D:\artmonline\data\datasets\kos\batches\aaaaab.batch) [including 4ms in LoadMessage; 1ms in InitializeSparseNdw; 127ms in InferThetaAndUpdateNwtSparse; ]
I0119 19:38:28.323961 12816 processor.cc:856] Processor: complete processing batch 00ba4a21-f0f6-484c-b371-ed634f9a1cb1 into model nwt
I0119 19:38:28.324972 12816 cuckoo_watch.h:44] 140ms in ProcessBatch(D:\artmonline\data\datasets\kos\batches\aaaaac.batch) [including 6ms in LoadMessage; 1ms in InitializeSparseNdw; 130ms in InferThetaAndUpdateNwtSparse; ]
I0119 19:38:28.326936  3304 master_component.cc:991] NormalizeModelArgs: pwt_target_name=pwt, nwt_source_name=nwt, rwt_source_name=
I0119 19:38:28.326936  3304 master_component.cc:617] MasterComponent: start normalizing model nwt
I0119 19:38:28.331979  3304 master_component.cc:639] MasterComponent: complete normalizing model nwt
I0119 19:38:28.331979  3304 master_component.cc:1015] DisposeModel rwt
I0119 19:38:28.331979  3304 c_interface.cc:332] Pass FitOfflineMasterModelArgs, batch_filename_size=4, batch_weight_size=4, num_collection_passes=1 to void (__cdecl artm::core::MasterComponent::*)(class artm::FitOfflineMasterModelArgs const & __ptr64) __ptr64
I0119 19:38:28.331979  3304 master_component.cc:942] ProcessBatchesArgs: nwt_target_name=nwt, batch_filename_size=4, batch_size=0, batch_weight_size=4, pwt_source_name=pwt, num_document_passes=30, reuse_theta=no, opt_for_avx=no, predict_class_id=
I0119 19:38:28.338029  7792 processor.cc:683] Processing queue has data, processing started
I0119 19:38:28.338029  1060 processor.cc:683] Processing queue has data, processing started
I0119 19:38:28.340975  7792 processor.cc:760] Processor: start processing batch 47a2c821-24f8-4344-8d6d-b5ad46b90fd6 into model nwt
I0119 19:38:28.341977 12816 processor.cc:760] Processor: start processing batch f3807429-b7a3-41cd-9ee0-193675c1cefe into model nwt
I0119 19:38:28.341977  1060 processor.cc:760] Processor: start processing batch aabbdfb9-0f5f-4a28-9764-4bcb76c49657 into model nwt
I0119 19:38:28.344015  8596 processor.cc:760] Processor: start processing batch 00ba4a21-f0f6-484c-b371-ed634f9a1cb1 into model nwt
I0119 19:38:28.355010  5692 processor.cc:676] No data in processing queue, waiting...
I0119 19:38:28.397126  7792 processor.cc:856] Processor: complete processing batch 47a2c821-24f8-4344-8d6d-b5ad46b90fd6 into model nwt
I0119 19:38:28.398128  7792 cuckoo_watch.h:44] 60ms in ProcessBatch(D:\artmonline\data\datasets\kos\batches\aaaaad.batch) [including 3ms in LoadMessage; 0ms in InitializeSparseNdw; 55ms in InferThetaAndUpdateNwtSparse; ]
I0119 19:38:28.430214  7792 processor.cc:676] No data in processing queue, waiting...
I0119 19:38:28.474331 12816 processor.cc:856] Processor: complete processing batch f3807429-b7a3-41cd-9ee0-193675c1cefe into model nwt
I0119 19:38:28.475334 12816 cuckoo_watch.h:44] 137ms in ProcessBatch(D:\artmonline\data\datasets\kos\batches\aaaaaa.batch) [including 4ms in LoadMessage; 2ms in InitializeSparseNdw; 129ms in InferThetaAndUpdateNwtSparse; ]
I0119 19:38:28.504416  8596 processor.cc:856] Processor: complete processing batch 00ba4a21-f0f6-484c-b371-ed634f9a1cb1 into model nwt
I0119 19:38:28.505419  1060 processor.cc:856] Processor: complete processing batch aabbdfb9-0f5f-4a28-9764-4bcb76c49657 into model nwt
I0119 19:38:28.506422  8596 cuckoo_watch.h:44] 168ms in ProcessBatch(D:\artmonline\data\datasets\kos\batches\aaaaac.batch) [including 5ms in LoadMessage; 1ms in InitializeSparseNdw; 159ms in InferThetaAndUpdateNwtSparse; ]
I0119 19:38:28.506422 12816 processor.cc:676] No data in processing queue, waiting...
I0119 19:38:28.506422  1060 cuckoo_watch.h:44] 168ms in ProcessBatch(D:\artmonline\data\datasets\kos\batches\aaaaab.batch) [including 4ms in LoadMessage; 2ms in InitializeSparseNdw; 160ms in InferThetaAndUpdateNwtSparse; ]
I0119 19:38:28.507427  3304 master_component.cc:991] NormalizeModelArgs: pwt_target_name=pwt, nwt_source_name=nwt, rwt_source_name=
I0119 19:38:28.507427  3304 master_component.cc:617] MasterComponent: start normalizing model nwt
I0119 19:38:28.512437  3304 master_component.cc:639] MasterComponent: complete normalizing model nwt
I0119 19:38:28.512437  3304 master_component.cc:1015] DisposeModel rwt
I0119 19:38:28.512437  3304 c_interface.cc:332] Pass FitOfflineMasterModelArgs, batch_filename_size=4, batch_weight_size=4, num_collection_passes=1 to void (__cdecl artm::core::MasterComponent::*)(class artm::FitOfflineMasterModelArgs const & __ptr64) __ptr64
I0119 19:38:28.512437  3304 master_component.cc:942] ProcessBatchesArgs: nwt_target_name=nwt, batch_filename_size=4, batch_size=0, batch_weight_size=4, pwt_source_name=pwt, num_document_passes=30, reuse_theta=no, opt_for_avx=no, predict_class_id=
I0119 19:38:28.517452 11196 processor.cc:683] Processing queue has data, processing started
I0119 19:38:28.517452  5692 processor.cc:683] Processing queue has data, processing started
I0119 19:38:28.520459  7792 processor.cc:683] Processing queue has data, processing started
I0119 19:38:28.520459  8556 processor.cc:683] Processing queue has data, processing started
I0119 19:38:28.522464 11196 processor.cc:760] Processor: start processing batch f3807429-b7a3-41cd-9ee0-193675c1cefe into model nwt
I0119 19:38:28.523468  5692 processor.cc:760] Processor: start processing batch aabbdfb9-0f5f-4a28-9764-4bcb76c49657 into model nwt
I0119 19:38:28.524471  8556 processor.cc:760] Processor: start processing batch 47a2c821-24f8-4344-8d6d-b5ad46b90fd6 into model nwt
I0119 19:38:28.525475  7792 processor.cc:760] Processor: start processing batch 00ba4a21-f0f6-484c-b371-ed634f9a1cb1 into model nwt
I0119 19:38:28.538506  1060 processor.cc:676] No data in processing queue, waiting...
I0119 19:38:28.538506  8596 processor.cc:676] No data in processing queue, waiting...
I0119 19:38:28.596667  8556 processor.cc:856] Processor: complete processing batch 47a2c821-24f8-4344-8d6d-b5ad46b90fd6 into model nwt
I0119 19:38:28.597669  8556 cuckoo_watch.h:44] 77ms in ProcessBatch(D:\artmonline\data\datasets\kos\batches\aaaaad.batch) [including 4ms in LoadMessage; 0ms in InitializeSparseNdw; 71ms in InferThetaAndUpdateNwtSparse; ]
I0119 19:38:28.628751  8556 processor.cc:676] No data in processing queue, waiting...
I0119 19:38:28.641784 11196 processor.cc:856] Processor: complete processing batch f3807429-b7a3-41cd-9ee0-193675c1cefe into model nwt
I0119 19:38:28.642787 11196 cuckoo_watch.h:44] 125ms in ProcessBatch(D:\artmonline\data\datasets\kos\batches\aaaaaa.batch) [including 5ms in LoadMessage; 1ms in InitializeSparseNdw; 118ms in InferThetaAndUpdateNwtSparse; ]
I0119 19:38:28.673869 11196 processor.cc:676] No data in processing queue, waiting...
I0119 19:38:28.675875  5692 processor.cc:856] Processor: complete processing batch aabbdfb9-0f5f-4a28-9764-4bcb76c49657 into model nwt
I0119 19:38:28.676878  5692 cuckoo_watch.h:44] 159ms in ProcessBatch(D:\artmonline\data\datasets\kos\batches\aaaaab.batch) [including 6ms in LoadMessage; 1ms in InitializeSparseNdw; 150ms in InferThetaAndUpdateNwtSparse; ]
I0119 19:38:28.681391  7792 processor.cc:856] Processor: complete processing batch 00ba4a21-f0f6-484c-b371-ed634f9a1cb1 into model nwt
I0119 19:38:28.682394  7792 cuckoo_watch.h:44] 162ms in ProcessBatch(D:\artmonline\data\datasets\kos\batches\aaaaac.batch) [including 5ms in LoadMessage; 1ms in InitializeSparseNdw; 154ms in InferThetaAndUpdateNwtSparse; ]
I0119 19:38:28.683482  3304 master_component.cc:991] NormalizeModelArgs: pwt_target_name=pwt, nwt_source_name=nwt, rwt_source_name=
I0119 19:38:28.683482  3304 master_component.cc:617] MasterComponent: start normalizing model nwt
I0119 19:38:28.688911  3304 master_component.cc:639] MasterComponent: complete normalizing model nwt
I0119 19:38:28.688911  3304 master_component.cc:1015] DisposeModel rwt
I0119 19:38:28.689412  3304 c_interface.cc:332] Pass FitOfflineMasterModelArgs, batch_filename_size=4, batch_weight_size=4, num_collection_passes=1 to void (__cdecl artm::core::MasterComponent::*)(class artm::FitOfflineMasterModelArgs const & __ptr64) __ptr64
I0119 19:38:28.689412  3304 master_component.cc:942] ProcessBatchesArgs: nwt_target_name=nwt, batch_filename_size=4, batch_size=0, batch_weight_size=4, pwt_source_name=pwt, num_document_passes=30, reuse_theta=no, opt_for_avx=no, predict_class_id=
I0119 19:38:28.694427  1060 processor.cc:683] Processing queue has data, processing started
I0119 19:38:28.694427  8596 processor.cc:683] Processing queue has data, processing started
I0119 19:38:28.695965 12224 processor.cc:683] Processing queue has data, processing started
I0119 19:38:28.695965 11196 processor.cc:683] Processing queue has data, processing started
I0119 19:38:28.698940  1060 processor.cc:760] Processor: start processing batch f3807429-b7a3-41cd-9ee0-193675c1cefe into model nwt
I0119 19:38:28.699944 11196 processor.cc:760] Processor: start processing batch 47a2c821-24f8-4344-8d6d-b5ad46b90fd6 into model nwt
I0119 19:38:28.699944 12224 processor.cc:760] Processor: start processing batch 00ba4a21-f0f6-484c-b371-ed634f9a1cb1 into model nwt
I0119 19:38:28.700947  8596 processor.cc:760] Processor: start processing batch aabbdfb9-0f5f-4a28-9764-4bcb76c49657 into model nwt
I0119 19:38:28.707964  5692 processor.cc:676] No data in processing queue, waiting...
