I0118 18:36:28.354316 14044 processor.cc:856] Processor: complete processing batch 9e5ab146-6980-4705-a8b6-a18ebb5dc926 into model nwt
I0118 18:36:28.359331 14044 cuckoo_watch.h:44] 709ms in ProcessBatch(D:\artmonline\data\datasets\postnauka\batches\aaaaaa.batch) [including 28ms in LoadMessage; 6ms in InitializeSparseNdw; 660ms in InferThetaAndUpdateNwtSparse; ]
I0118 18:36:28.365346 13392 processor.cc:856] Processor: complete processing batch 67cf4f19-31ed-4ee1-b5a7-402f7c7416e3 into model nwt
I0118 18:36:28.374371 13392 cuckoo_watch.h:44] 724ms in ProcessBatch(D:\artmonline\data\datasets\postnauka\batches\aaaaab.batch) [including 21ms in LoadMessage; 9ms in InitializeSparseNdw; 679ms in InferThetaAndUpdateNwtSparse; ]
I0118 18:36:28.385399 13544 processor.cc:856] Processor: complete processing batch 9ebeb5ff-2218-45d7-aa3c-8d3aec4bf25d into model nwt
I0118 18:36:28.387404 14044 processor.cc:676] No data in processing queue, waiting...
I0118 18:36:28.390413 13544 cuckoo_watch.h:44] 740ms in ProcessBatch(D:\artmonline\data\datasets\postnauka\batches\aaaaac.batch) [including 22ms in LoadMessage; 10ms in InitializeSparseNdw; 698ms in InferThetaAndUpdateNwtSparse; ]
I0118 18:36:28.392419 11840 master_component.cc:991] NormalizeModelArgs: pwt_target_name=pwt, nwt_source_name=nwt, rwt_source_name=
I0118 18:36:28.392419 11840 master_component.cc:617] MasterComponent: start normalizing model nwt
I0118 18:36:28.402446 13392 processor.cc:676] No data in processing queue, waiting...
I0118 18:36:28.422498 13544 processor.cc:676] No data in processing queue, waiting...
I0118 18:36:28.519758 11840 master_component.cc:639] MasterComponent: complete normalizing model nwt
I0118 18:36:28.519758 11840 master_component.cc:1015] DisposeModel rwt
I0118 18:36:28.519758 11840 c_interface.cc:332] Pass FitOfflineMasterModelArgs, batch_filename_size=4, batch_weight_size=4, num_collection_passes=1 to void (__cdecl artm::core::MasterComponent::*)(class artm::FitOfflineMasterModelArgs const & __ptr64) __ptr64
I0118 18:36:28.519758 11840 master_component.cc:942] ProcessBatchesArgs: nwt_target_name=nwt, batch_filename_size=4, batch_size=0, batch_weight_size=4, pwt_source_name=pwt, num_document_passes=30, reuse_theta=no, opt_for_avx=no, predict_class_id=
I0118 18:36:28.641079 14024 processor.cc:683] Processing queue has data, processing started
I0118 18:36:28.641079 13544 processor.cc:683] Processing queue has data, processing started
I0118 18:36:28.641079  9272 processor.cc:683] Processing queue has data, processing started
I0118 18:36:28.642084 12328 processor.cc:683] Processing queue has data, processing started
I0118 18:36:28.667150 12328 processor.cc:760] Processor: start processing batch e4841d68-82e0-48fd-93eb-bd1c2ec53b47 into model nwt
I0118 18:36:28.683197  9272 processor.cc:760] Processor: start processing batch 9e5ab146-6980-4705-a8b6-a18ebb5dc926 into model nwt
I0118 18:36:28.683197 13544 processor.cc:760] Processor: start processing batch 67cf4f19-31ed-4ee1-b5a7-402f7c7416e3 into model nwt
I0118 18:36:28.685199 14024 processor.cc:760] Processor: start processing batch 9ebeb5ff-2218-45d7-aa3c-8d3aec4bf25d into model nwt
I0118 18:36:29.031116 12328 processor.cc:856] Processor: complete processing batch e4841d68-82e0-48fd-93eb-bd1c2ec53b47 into model nwt
I0118 18:36:29.034123 12328 cuckoo_watch.h:44] 392ms in ProcessBatch(D:\artmonline\data\datasets\postnauka\batches\aaaaad.batch) [including 17ms in LoadMessage; 3ms in InitializeSparseNdw; 360ms in InferThetaAndUpdateNwtSparse; ]
I0118 18:36:29.065207 12328 processor.cc:676] No data in processing queue, waiting...
I0118 18:36:29.365003 14024 processor.cc:856] Processor: complete processing batch 9ebeb5ff-2218-45d7-aa3c-8d3aec4bf25d into model nwt
I0118 18:36:29.371021 14024 cuckoo_watch.h:44] 730ms in ProcessBatch(D:\artmonline\data\datasets\postnauka\batches\aaaaac.batch) [including 35ms in LoadMessage; 14ms in InitializeSparseNdw; 664ms in InferThetaAndUpdateNwtSparse; ]
I0118 18:36:29.373025  9272 processor.cc:856] Processor: complete processing batch 9e5ab146-6980-4705-a8b6-a18ebb5dc926 into model nwt
I0118 18:36:29.380044 13544 processor.cc:856] Processor: complete processing batch 67cf4f19-31ed-4ee1-b5a7-402f7c7416e3 into model nwt
I0118 18:36:29.381047  9272 cuckoo_watch.h:44] 740ms in ProcessBatch(D:\artmonline\data\datasets\postnauka\batches\aaaaaa.batch) [including 33ms in LoadMessage; 16ms in InitializeSparseNdw; 673ms in InferThetaAndUpdateNwtSparse; ]
I0118 18:36:29.387063 13544 cuckoo_watch.h:44] 745ms in ProcessBatch(D:\artmonline\data\datasets\postnauka\batches\aaaaab.batch) [including 34ms in LoadMessage; 14ms in InitializeSparseNdw; 680ms in InferThetaAndUpdateNwtSparse; ]
I0118 18:36:29.388064 11840 master_component.cc:991] NormalizeModelArgs: pwt_target_name=pwt, nwt_source_name=nwt, rwt_source_name=
I0118 18:36:29.388064 11840 master_component.cc:617] MasterComponent: start normalizing model nwt
I0118 18:36:29.398092 14024 processor.cc:676] No data in processing queue, waiting...
I0118 18:36:29.405110  9272 processor.cc:676] No data in processing queue, waiting...
I0118 18:36:29.412128 13544 processor.cc:676] No data in processing queue, waiting...
I0118 18:36:29.500365 11840 master_component.cc:639] MasterComponent: complete normalizing model nwt
I0118 18:36:29.500365 11840 master_component.cc:1015] DisposeModel rwt
I0118 18:36:29.501368 11840 c_interface.cc:332] Pass FitOfflineMasterModelArgs, batch_filename_size=4, batch_weight_size=4, num_collection_passes=1 to void (__cdecl artm::core::MasterComponent::*)(class artm::FitOfflineMasterModelArgs const & __ptr64) __ptr64
I0118 18:36:29.501368 11840 master_component.cc:942] ProcessBatchesArgs: nwt_target_name=nwt, batch_filename_size=4, batch_size=0, batch_weight_size=4, pwt_source_name=pwt, num_document_passes=30, reuse_theta=no, opt_for_avx=no, predict_class_id=
I0118 18:36:29.602669 13392 processor.cc:683] Processing queue has data, processing started
I0118 18:36:29.602669 13564 processor.cc:683] Processing queue has data, processing started
I0118 18:36:29.602669 14024 processor.cc:683] Processing queue has data, processing started
I0118 18:36:29.603672  9272 processor.cc:683] Processing queue has data, processing started
I0118 18:36:29.618716  9272 processor.cc:760] Processor: start processing batch e4841d68-82e0-48fd-93eb-bd1c2ec53b47 into model nwt
I0118 18:36:29.628749 14024 processor.cc:760] Processor: start processing batch 67cf4f19-31ed-4ee1-b5a7-402f7c7416e3 into model nwt
I0118 18:36:29.634739 13564 processor.cc:760] Processor: start processing batch 9ebeb5ff-2218-45d7-aa3c-8d3aec4bf25d into model nwt
I0118 18:36:29.636732 13392 processor.cc:760] Processor: start processing batch 9e5ab146-6980-4705-a8b6-a18ebb5dc926 into model nwt
I0118 18:36:29.911456  9272 processor.cc:856] Processor: complete processing batch e4841d68-82e0-48fd-93eb-bd1c2ec53b47 into model nwt
I0118 18:36:29.914464  9272 cuckoo_watch.h:44] 310ms in ProcessBatch(D:\artmonline\data\datasets\postnauka\batches\aaaaad.batch) [including 9ms in LoadMessage; 2ms in InitializeSparseNdw; 290ms in InferThetaAndUpdateNwtSparse; ]
I0118 18:36:29.947553  9272 processor.cc:676] No data in processing queue, waiting...
I0118 18:36:30.222285 13392 processor.cc:856] Processor: complete processing batch 9e5ab146-6980-4705-a8b6-a18ebb5dc926 into model nwt
I0118 18:36:30.231307 13392 cuckoo_watch.h:44] 628ms in ProcessBatch(D:\artmonline\data\datasets\postnauka\batches\aaaaaa.batch) [including 27ms in LoadMessage; 7ms in InitializeSparseNdw; 576ms in InferThetaAndUpdateNwtSparse; ]
I0118 18:36:30.242336 14024 processor.cc:856] Processor: complete processing batch 67cf4f19-31ed-4ee1-b5a7-402f7c7416e3 into model nwt
I0118 18:36:30.248352 14024 cuckoo_watch.h:44] 645ms in ProcessBatch(D:\artmonline\data\datasets\postnauka\batches\aaaaab.batch) [including 20ms in LoadMessage; 8ms in InitializeSparseNdw; 605ms in InferThetaAndUpdateNwtSparse; ]
I0118 18:36:30.258379 13392 processor.cc:676] No data in processing queue, waiting...
I0118 18:36:30.258379 13564 processor.cc:856] Processor: complete processing batch 9ebeb5ff-2218-45d7-aa3c-8d3aec4bf25d into model nwt
I0118 18:36:30.264395 13564 cuckoo_watch.h:44] 661ms in ProcessBatch(D:\artmonline\data\datasets\postnauka\batches\aaaaac.batch) [including 26ms in LoadMessage; 7ms in InitializeSparseNdw; 616ms in InferThetaAndUpdateNwtSparse; ]
I0118 18:36:30.265401 11840 master_component.cc:991] NormalizeModelArgs: pwt_target_name=pwt, nwt_source_name=nwt, rwt_source_name=
I0118 18:36:30.265401 11840 master_component.cc:617] MasterComponent: start normalizing model nwt
I0118 18:36:30.275424 14024 processor.cc:676] No data in processing queue, waiting...
I0118 18:36:30.300518 13564 processor.cc:676] No data in processing queue, waiting...
I0118 18:36:30.376693 11840 master_component.cc:639] MasterComponent: complete normalizing model nwt
I0118 18:36:30.376693 11840 master_component.cc:1015] DisposeModel rwt
I0118 18:36:30.376693 11840 c_interface.cc:332] Pass FitOfflineMasterModelArgs, batch_filename_size=4, batch_weight_size=4, num_collection_passes=1 to void (__cdecl artm::core::MasterComponent::*)(class artm::FitOfflineMasterModelArgs const & __ptr64) __ptr64
I0118 18:36:30.376693 11840 master_component.cc:942] ProcessBatchesArgs: nwt_target_name=nwt, batch_filename_size=4, batch_size=0, batch_weight_size=4, pwt_source_name=pwt, num_document_passes=30, reuse_theta=no, opt_for_avx=no, predict_class_id=
I0118 18:36:30.467972  9272 processor.cc:683] Processing queue has data, processing started
I0118 18:36:30.467972 13392 processor.cc:683] Processing queue has data, processing started
I0118 18:36:30.468973 14024 processor.cc:683] Processing queue has data, processing started
I0118 18:36:30.468973 13244 processor.cc:683] Processing queue has data, processing started
I0118 18:36:30.484982 14024 processor.cc:760] Processor: start processing batch e4841d68-82e0-48fd-93eb-bd1c2ec53b47 into model nwt
I0118 18:36:30.496011 13244 processor.cc:760] Processor: start processing batch 9ebeb5ff-2218-45d7-aa3c-8d3aec4bf25d into model nwt
I0118 18:36:30.499020  9272 processor.cc:760] Processor: start processing batch 9e5ab146-6980-4705-a8b6-a18ebb5dc926 into model nwt
I0118 18:36:30.503031 13392 processor.cc:760] Processor: start processing batch 67cf4f19-31ed-4ee1-b5a7-402f7c7416e3 into model nwt
I0118 18:36:30.785782 14024 processor.cc:856] Processor: complete processing batch e4841d68-82e0-48fd-93eb-bd1c2ec53b47 into model nwt
I0118 18:36:30.787786 14024 cuckoo_watch.h:44] 319ms in ProcessBatch(D:\artmonline\data\datasets\postnauka\batches\aaaaad.batch) [including 9ms in LoadMessage; 2ms in InitializeSparseNdw; 298ms in InferThetaAndUpdateNwtSparse; ]
I0118 18:36:30.820873 14024 processor.cc:676] No data in processing queue, waiting...
I0118 18:36:31.133705  9272 processor.cc:856] Processor: complete processing batch 9e5ab146-6980-4705-a8b6-a18ebb5dc926 into model nwt
I0118 18:36:31.137717  9272 cuckoo_watch.h:44] 670ms in ProcessBatch(D:\artmonline\data\datasets\postnauka\batches\aaaaaa.batch) [including 24ms in LoadMessage; 9ms in InitializeSparseNdw; 625ms in InferThetaAndUpdateNwtSparse; ]
I0118 18:36:31.140724 13392 processor.cc:856] Processor: complete processing batch 67cf4f19-31ed-4ee1-b5a7-402f7c7416e3 into model nwt
I0118 18:36:31.148746 13392 cuckoo_watch.h:44] 680ms in ProcessBatch(D:\artmonline\data\datasets\postnauka\batches\aaaaab.batch) [including 26ms in LoadMessage; 7ms in InitializeSparseNdw; 629ms in InferThetaAndUpdateNwtSparse; ]
I0118 18:36:31.150750 13244 processor.cc:856] Processor: complete processing batch 9ebeb5ff-2218-45d7-aa3c-8d3aec4bf25d into model nwt
I0118 18:36:31.155764 13244 cuckoo_watch.h:44] 687ms in ProcessBatch(D:\artmonline\data\datasets\postnauka\batches\aaaaac.batch) [including 22ms in LoadMessage; 9ms in InitializeSparseNdw; 644ms in InferThetaAndUpdateNwtSparse; ]
I0118 18:36:31.156766 11840 master_component.cc:991] NormalizeModelArgs: pwt_target_name=pwt, nwt_source_name=nwt, rwt_source_name=
I0118 18:36:31.156766 11840 master_component.cc:617] MasterComponent: start normalizing model nwt
I0118 18:36:31.166795  9272 processor.cc:676] No data in processing queue, waiting...
I0118 18:36:31.181833 13392 processor.cc:676] No data in processing queue, waiting...
I0118 18:36:31.187849 13244 processor.cc:676] No data in processing queue, waiting...
I0118 18:36:31.278093 11840 master_component.cc:639] MasterComponent: complete normalizing model nwt
I0118 18:36:31.278093 11840 master_component.cc:1015] DisposeModel rwt
I0118 18:36:31.278093 11840 c_interface.cc:332] Pass FitOfflineMasterModelArgs, batch_filename_size=4, batch_weight_size=4, num_collection_passes=1 to void (__cdecl artm::core::MasterComponent::*)(class artm::FitOfflineMasterModelArgs const & __ptr64) __ptr64
I0118 18:36:31.278093 11840 master_component.cc:942] ProcessBatchesArgs: nwt_target_name=nwt, batch_filename_size=4, batch_size=0, batch_weight_size=4, pwt_source_name=pwt, num_document_passes=30, reuse_theta=no, opt_for_avx=no, predict_class_id=
I0118 18:36:31.374378 13392 processor.cc:683] Processing queue has data, processing started
I0118 18:36:31.374378 13564 processor.cc:683] Processing queue has data, processing started
I0118 18:36:31.377352 14024 processor.cc:683] Processing queue has data, processing started
I0118 18:36:31.377352 13544 processor.cc:683] Processing queue has data, processing started
I0118 18:36:31.390404 14024 processor.cc:760] Processor: start processing batch e4841d68-82e0-48fd-93eb-bd1c2ec53b47 into model nwt
I0118 18:36:31.400418 13564 processor.cc:760] Processor: start processing batch 67cf4f19-31ed-4ee1-b5a7-402f7c7416e3 into model nwt
I0118 18:36:31.400418 13392 processor.cc:760] Processor: start processing batch 9e5ab146-6980-4705-a8b6-a18ebb5dc926 into model nwt
I0118 18:36:31.412449 13544 processor.cc:760] Processor: start processing batch 9ebeb5ff-2218-45d7-aa3c-8d3aec4bf25d into model nwt
I0118 18:36:31.678186 14024 processor.cc:856] Processor: complete processing batch e4841d68-82e0-48fd-93eb-bd1c2ec53b47 into model nwt
I0118 18:36:31.680160 14024 cuckoo_watch.h:44] 303ms in ProcessBatch(D:\artmonline\data\datasets\postnauka\batches\aaaaad.batch) [including 9ms in LoadMessage; 2ms in InitializeSparseNdw; 284ms in InferThetaAndUpdateNwtSparse; ]
I0118 18:36:31.712244 14024 processor.cc:676] No data in processing queue, waiting...
I0118 18:36:32.018092 13544 processor.cc:856] Processor: complete processing batch 9ebeb5ff-2218-45d7-aa3c-8d3aec4bf25d into model nwt
I0118 18:36:32.023069 13392 processor.cc:856] Processor: complete processing batch 9e5ab146-6980-4705-a8b6-a18ebb5dc926 into model nwt
I0118 18:36:32.025074 13544 cuckoo_watch.h:44] 648ms in ProcessBatch(D:\artmonline\data\datasets\postnauka\batches\aaaaac.batch) [including 28ms in LoadMessage; 5ms in InitializeSparseNdw; 600ms in InferThetaAndUpdateNwtSparse; ]
I0118 18:36:32.030122 13392 cuckoo_watch.h:44] 656ms in ProcessBatch(D:\artmonline\data\datasets\postnauka\batches\aaaaaa.batch) [including 23ms in LoadMessage; 9ms in InitializeSparseNdw; 611ms in InferThetaAndUpdateNwtSparse; ]
I0118 18:36:32.047161 13564 processor.cc:856] Processor: complete processing batch 67cf4f19-31ed-4ee1-b5a7-402f7c7416e3 into model nwt
I0118 18:36:32.051190 13564 cuckoo_watch.h:44] 677ms in ProcessBatch(D:\artmonline\data\datasets\postnauka\batches\aaaaab.batch) [including 22ms in LoadMessage; 10ms in InitializeSparseNdw; 634ms in InferThetaAndUpdateNwtSparse; ]
I0118 18:36:32.053192 11840 master_component.cc:991] NormalizeModelArgs: pwt_target_name=pwt, nwt_source_name=nwt, rwt_source_name=
I0118 18:36:32.053192 11840 master_component.cc:617] MasterComponent: start normalizing model nwt
I0118 18:36:32.062209 13544 processor.cc:676] No data in processing queue, waiting...
I0118 18:36:32.068202 13392 processor.cc:676] No data in processing queue, waiting...
I0118 18:36:32.094260 13564 processor.cc:676] No data in processing queue, waiting...
I0118 18:36:32.159433 11840 master_component.cc:639] MasterComponent: complete normalizing model nwt
I0118 18:36:32.159433 11840 master_component.cc:1015] DisposeModel rwt
I0118 18:36:32.159433 11840 c_interface.cc:332] Pass FitOfflineMasterModelArgs, batch_filename_size=4, batch_weight_size=4, num_collection_passes=1 to void (__cdecl artm::core::MasterComponent::*)(class artm::FitOfflineMasterModelArgs const & __ptr64) __ptr64
I0118 18:36:32.159433 11840 master_component.cc:942] ProcessBatchesArgs: nwt_target_name=nwt, batch_filename_size=4, batch_size=0, batch_weight_size=4, pwt_source_name=pwt, num_document_passes=30, reuse_theta=no, opt_for_avx=no, predict_class_id=
I0118 18:36:32.253682 13564 processor.cc:683] Processing queue has data, processing started
I0118 18:36:32.253682 13392 processor.cc:683] Processing queue has data, processing started
I0118 18:36:32.256690 14044 processor.cc:683] Processing queue has data, processing started
I0118 18:36:32.256690 13544 processor.cc:683] Processing queue has data, processing started
I0118 18:36:32.274739 13544 processor.cc:760] Processor: start processing batch e4841d68-82e0-48fd-93eb-bd1c2ec53b47 into model nwt
I0118 18:36:32.285769 13392 processor.cc:760] Processor: start processing batch 67cf4f19-31ed-4ee1-b5a7-402f7c7416e3 into model nwt
I0118 18:36:32.285769 13564 processor.cc:760] Processor: start processing batch 9e5ab146-6980-4705-a8b6-a18ebb5dc926 into model nwt
I0118 18:36:32.289780 14044 processor.cc:760] Processor: start processing batch 9ebeb5ff-2218-45d7-aa3c-8d3aec4bf25d into model nwt
I0118 18:36:32.574535 13544 processor.cc:856] Processor: complete processing batch e4841d68-82e0-48fd-93eb-bd1c2ec53b47 into model nwt
I0118 18:36:32.576541 13544 cuckoo_watch.h:44] 320ms in ProcessBatch(D:\artmonline\data\datasets\postnauka\batches\aaaaad.batch) [including 14ms in LoadMessage; 2ms in InitializeSparseNdw; 296ms in InferThetaAndUpdateNwtSparse; ]
I0118 18:36:32.609630 13544 processor.cc:676] No data in processing queue, waiting...
I0118 18:36:32.906417 13564 processor.cc:856] Processor: complete processing batch 9e5ab146-6980-4705-a8b6-a18ebb5dc926 into model nwt
I0118 18:36:32.910462 13564 cuckoo_watch.h:44] 656ms in ProcessBatch(D:\artmonline\data\datasets\postnauka\batches\aaaaaa.batch) [including 27ms in LoadMessage; 10ms in InitializeSparseNdw; 608ms in InferThetaAndUpdateNwtSparse; ]
I0118 18:36:32.918483 13392 processor.cc:856] Processor: complete processing batch 67cf4f19-31ed-4ee1-b5a7-402f7c7416e3 into model nwt
I0118 18:36:32.926472 13392 cuckoo_watch.h:44] 672ms in ProcessBatch(D:\artmonline\data\datasets\postnauka\batches\aaaaab.batch) [including 27ms in LoadMessage; 10ms in InitializeSparseNdw; 621ms in InferThetaAndUpdateNwtSparse; ]
I0118 18:36:32.936499 14044 processor.cc:856] Processor: complete processing batch 9ebeb5ff-2218-45d7-aa3c-8d3aec4bf25d into model nwt
I0118 18:36:32.941543 14044 cuckoo_watch.h:44] 685ms in ProcessBatch(D:\artmonline\data\datasets\postnauka\batches\aaaaac.batch) [including 26ms in LoadMessage; 9ms in InitializeSparseNdw; 636ms in InferThetaAndUpdateNwtSparse; ]
I0118 18:36:32.942545 11840 master_component.cc:991] NormalizeModelArgs: pwt_target_name=pwt, nwt_source_name=nwt, rwt_source_name=
I0118 18:36:32.942545 11840 master_component.cc:617] MasterComponent: start normalizing model nwt
I0118 18:36:32.949566 13564 processor.cc:676] No data in processing queue, waiting...
I0118 18:36:32.964572 13392 processor.cc:676] No data in processing queue, waiting...
I0118 18:36:32.976639 14044 processor.cc:676] No data in processing queue, waiting...
I0118 18:36:33.071857 11840 master_component.cc:639] MasterComponent: complete normalizing model nwt
I0118 18:36:33.071857 11840 master_component.cc:1015] DisposeModel rwt
I0118 18:36:33.072860 11840 c_interface.cc:332] Pass FitOfflineMasterModelArgs, batch_filename_size=4, batch_weight_size=4, num_collection_passes=1 to void (__cdecl artm::core::MasterComponent::*)(class artm::FitOfflineMasterModelArgs const & __ptr64) __ptr64
I0118 18:36:33.072860 11840 master_component.cc:942] ProcessBatchesArgs: nwt_target_name=nwt, batch_filename_size=4, batch_size=0, batch_weight_size=4, pwt_source_name=pwt, num_document_passes=30, reuse_theta=no, opt_for_avx=no, predict_class_id=
I0118 18:36:33.177162 14024 processor.cc:683] Processing queue has data, processing started
I0118 18:36:33.177162 13544 processor.cc:683] Processing queue has data, processing started
I0118 18:36:33.177162 13564 processor.cc:683] Processing queue has data, processing started
I0118 18:36:33.177162 13244 processor.cc:683] Processing queue has data, processing started
I0118 18:36:33.197191 14024 processor.cc:760] Processor: start processing batch e4841d68-82e0-48fd-93eb-bd1c2ec53b47 into model nwt
I0118 18:36:33.206217 13544 processor.cc:760] Processor: start processing batch 9e5ab146-6980-4705-a8b6-a18ebb5dc926 into model nwt
I0118 18:36:33.208222 13244 processor.cc:760] Processor: start processing batch 9ebeb5ff-2218-45d7-aa3c-8d3aec4bf25d into model nwt
I0118 18:36:33.209226 13564 processor.cc:760] Processor: start processing batch 67cf4f19-31ed-4ee1-b5a7-402f7c7416e3 into model nwt
I0118 18:36:33.484961 14024 processor.cc:856] Processor: complete processing batch e4841d68-82e0-48fd-93eb-bd1c2ec53b47 into model nwt
I0118 18:36:33.487964 14024 cuckoo_watch.h:44] 311ms in ProcessBatch(D:\artmonline\data\datasets\postnauka\batches\aaaaad.batch) [including 14ms in LoadMessage; 3ms in InitializeSparseNdw; 283ms in InferThetaAndUpdateNwtSparse; ]
I0118 18:36:33.519047 14024 processor.cc:676] No data in processing queue, waiting...
I0118 18:36:33.823860 13544 processor.cc:856] Processor: complete processing batch 9e5ab146-6980-4705-a8b6-a18ebb5dc926 into model nwt
I0118 18:36:33.828871 13544 cuckoo_watch.h:44] 651ms in ProcessBatch(D:\artmonline\data\datasets\postnauka\batches\aaaaaa.batch) [including 22ms in LoadMessage; 11ms in InitializeSparseNdw; 605ms in InferThetaAndUpdateNwtSparse; ]
I0118 18:36:33.853972 13244 processor.cc:856] Processor: complete processing batch 9ebeb5ff-2218-45d7-aa3c-8d3aec4bf25d into model nwt
I0118 18:36:33.855978 13544 processor.cc:676] No data in processing queue, waiting...
I0118 18:36:33.859953 13244 cuckoo_watch.h:44] 683ms in ProcessBatch(D:\artmonline\data\datasets\postnauka\batches\aaaaac.batch) [including 24ms in LoadMessage; 12ms in InitializeSparseNdw; 631ms in InferThetaAndUpdateNwtSparse; ]
I0118 18:36:33.867005 13564 processor.cc:856] Processor: complete processing batch 67cf4f19-31ed-4ee1-b5a7-402f7c7416e3 into model nwt
I0118 18:36:33.873020 13564 cuckoo_watch.h:44] 695ms in ProcessBatch(D:\artmonline\data\datasets\postnauka\batches\aaaaab.batch) [including 25ms in LoadMessage; 11ms in InitializeSparseNdw; 645ms in InferThetaAndUpdateNwtSparse; ]
I0118 18:36:33.875025 11840 master_component.cc:991] NormalizeModelArgs: pwt_target_name=pwt, nwt_source_name=nwt, rwt_source_name=
I0118 18:36:33.875025 11840 master_component.cc:617] MasterComponent: start normalizing model nwt
I0118 18:36:33.894050 13244 processor.cc:676] No data in processing queue, waiting...
I0118 18:36:33.907106 13564 processor.cc:676] No data in processing queue, waiting...
I0118 18:36:33.991338 11840 master_component.cc:639] MasterComponent: complete normalizing model nwt
I0118 18:36:33.991338 11840 master_component.cc:1015] DisposeModel rwt
I0118 18:36:33.992341 11840 c_interface.cc:332] Pass FitOfflineMasterModelArgs, batch_filename_size=4, batch_weight_size=4, num_collection_passes=1 to void (__cdecl artm::core::MasterComponent::*)(class artm::FitOfflineMasterModelArgs const & __ptr64) __ptr64
I0118 18:36:33.992341 11840 master_component.cc:942] ProcessBatchesArgs: nwt_target_name=nwt, batch_filename_size=4, batch_size=0, batch_weight_size=4, pwt_source_name=pwt, num_document_passes=30, reuse_theta=no, opt_for_avx=no, predict_class_id=
I0118 18:36:34.090565 13544 processor.cc:683] Processing queue has data, processing started
I0118 18:36:34.090565 14024 processor.cc:683] Processing queue has data, processing started
I0118 18:36:34.090565 13564 processor.cc:683] Processing queue has data, processing started
I0118 18:36:34.090565 12328 processor.cc:683] Processing queue has data, processing started
I0118 18:36:34.106614 14024 processor.cc:760] Processor: start processing batch e4841d68-82e0-48fd-93eb-bd1c2ec53b47 into model nwt
I0118 18:36:34.114631 13564 processor.cc:760] Processor: start processing batch 9e5ab146-6980-4705-a8b6-a18ebb5dc926 into model nwt
I0118 18:36:34.121649 12328 processor.cc:760] Processor: start processing batch 9ebeb5ff-2218-45d7-aa3c-8d3aec4bf25d into model nwt
I0118 18:36:34.122653 13544 processor.cc:760] Processor: start processing batch 67cf4f19-31ed-4ee1-b5a7-402f7c7416e3 into model nwt
I0118 18:36:34.397382 14024 processor.cc:856] Processor: complete processing batch e4841d68-82e0-48fd-93eb-bd1c2ec53b47 into model nwt
I0118 18:36:34.400389 14024 cuckoo_watch.h:44] 310ms in ProcessBatch(D:\artmonline\data\datasets\postnauka\batches\aaaaad.batch) [including 11ms in LoadMessage; 2ms in InitializeSparseNdw; 287ms in InferThetaAndUpdateNwtSparse; ]
I0118 18:36:34.434483 14024 processor.cc:676] No data in processing queue, waiting...
I0118 18:36:34.715226 13564 processor.cc:856] Processor: complete processing batch 9e5ab146-6980-4705-a8b6-a18ebb5dc926 into model nwt
I0118 18:36:34.721242 13564 cuckoo_watch.h:44] 630ms in ProcessBatch(D:\artmonline\data\datasets\postnauka\batches\aaaaaa.batch) [including 19ms in LoadMessage; 8ms in InitializeSparseNdw; 592ms in InferThetaAndUpdateNwtSparse; ]
I0118 18:36:34.734277 12328 processor.cc:856] Processor: complete processing batch 9ebeb5ff-2218-45d7-aa3c-8d3aec4bf25d into model nwt
I0118 18:36:34.742298 12328 cuckoo_watch.h:44] 651ms in ProcessBatch(D:\artmonline\data\datasets\postnauka\batches\aaaaac.batch) [including 24ms in LoadMessage; 8ms in InitializeSparseNdw; 602ms in InferThetaAndUpdateNwtSparse; ]
I0118 18:36:34.751322 13544 processor.cc:856] Processor: complete processing batch 67cf4f19-31ed-4ee1-b5a7-402f7c7416e3 into model nwt
I0118 18:36:34.753327 13564 processor.cc:676] No data in processing queue, waiting...
I0118 18:36:34.756335 13544 cuckoo_watch.h:44] 666ms in ProcessBatch(D:\artmonline\data\datasets\postnauka\batches\aaaaab.batch) [including 25ms in LoadMessage; 9ms in InitializeSparseNdw; 619ms in InferThetaAndUpdateNwtSparse; ]
I0118 18:36:34.757345 11840 master_component.cc:991] NormalizeModelArgs: pwt_target_name=pwt, nwt_source_name=nwt, rwt_source_name=
I0118 18:36:34.757345 11840 master_component.cc:617] MasterComponent: start normalizing model nwt
I0118 18:36:34.787418 12328 processor.cc:676] No data in processing queue, waiting...
I0118 18:36:34.797446 13544 processor.cc:676] No data in processing queue, waiting...
I0118 18:36:34.880667 11840 master_component.cc:639] MasterComponent: complete normalizing model nwt
I0118 18:36:34.880667 11840 master_component.cc:1015] DisposeModel rwt
I0118 18:36:34.880667 11840 c_interface.cc:332] Pass FitOfflineMasterModelArgs, batch_filename_size=4, batch_weight_size=4, num_collection_passes=1 to void (__cdecl artm::core::MasterComponent::*)(class artm::FitOfflineMasterModelArgs const & __ptr64) __ptr64
I0118 18:36:34.881682 11840 master_component.cc:942] ProcessBatchesArgs: nwt_target_name=nwt, batch_filename_size=4, batch_size=0, batch_weight_size=4, pwt_source_name=pwt, num_document_passes=30, reuse_theta=no, opt_for_avx=no, predict_class_id=
I0118 18:36:34.981962 13544 processor.cc:683] Processing queue has data, processing started
I0118 18:36:34.981962  9272 processor.cc:683] Processing queue has data, processing started
I0118 18:36:34.981962 14024 processor.cc:683] Processing queue has data, processing started
I0118 18:36:34.981962 12328 processor.cc:683] Processing queue has data, processing started
I0118 18:36:34.999985 12328 processor.cc:760] Processor: start processing batch e4841d68-82e0-48fd-93eb-bd1c2ec53b47 into model nwt
I0118 18:36:35.013020 14024 processor.cc:760] Processor: start processing batch 67cf4f19-31ed-4ee1-b5a7-402f7c7416e3 into model nwt
I0118 18:36:35.017030  9272 processor.cc:760] Processor: start processing batch 9e5ab146-6980-4705-a8b6-a18ebb5dc926 into model nwt
I0118 18:36:35.017030 13544 processor.cc:760] Processor: start processing batch 9ebeb5ff-2218-45d7-aa3c-8d3aec4bf25d into model nwt
I0118 18:36:35.288753 12328 processor.cc:856] Processor: complete processing batch e4841d68-82e0-48fd-93eb-bd1c2ec53b47 into model nwt
I0118 18:36:35.290756 12328 cuckoo_watch.h:44] 309ms in ProcessBatch(D:\artmonline\data\datasets\postnauka\batches\aaaaad.batch) [including 14ms in LoadMessage; 4ms in InitializeSparseNdw; 284ms in InferThetaAndUpdateNwtSparse; ]
I0118 18:36:35.313818 12328 processor.cc:676] No data in processing queue, waiting...
I0118 18:36:35.658735  9272 processor.cc:856] Processor: complete processing batch 9e5ab146-6980-4705-a8b6-a18ebb5dc926 into model nwt
I0118 18:36:35.658735 14024 processor.cc:856] Processor: complete processing batch 67cf4f19-31ed-4ee1-b5a7-402f7c7416e3 into model nwt
I0118 18:36:35.662746 13544 processor.cc:856] Processor: complete processing batch 9ebeb5ff-2218-45d7-aa3c-8d3aec4bf25d into model nwt
I0118 18:36:35.664752  9272 cuckoo_watch.h:44] 683ms in ProcessBatch(D:\artmonline\data\datasets\postnauka\batches\aaaaaa.batch) [including 28ms in LoadMessage; 8ms in InitializeSparseNdw; 632ms in InferThetaAndUpdateNwtSparse; ]
I0118 18:36:35.667760 14024 cuckoo_watch.h:44] 686ms in ProcessBatch(D:\artmonline\data\datasets\postnauka\batches\aaaaab.batch) [including 26ms in LoadMessage; 9ms in InitializeSparseNdw; 636ms in InferThetaAndUpdateNwtSparse; ]
I0118 18:36:35.669765 13544 cuckoo_watch.h:44] 688ms in ProcessBatch(D:\artmonline\data\datasets\postnauka\batches\aaaaac.batch) [including 29ms in LoadMessage; 9ms in InitializeSparseNdw; 634ms in InferThetaAndUpdateNwtSparse; ]
I0118 18:36:35.670768 11840 master_component.cc:991] NormalizeModelArgs: pwt_target_name=pwt, nwt_source_name=nwt, rwt_source_name=
I0118 18:36:35.670768 11840 master_component.cc:617] MasterComponent: start normalizing model nwt
I0118 18:36:35.708904  9272 processor.cc:676] No data in processing queue, waiting...
I0118 18:36:35.713883 13544 processor.cc:676] No data in processing queue, waiting...
I0118 18:36:35.713883 14024 processor.cc:676] No data in processing queue, waiting...
I0118 18:36:35.782095 11840 master_component.cc:639] MasterComponent: complete normalizing model nwt
I0118 18:36:35.782095 11840 master_component.cc:1015] DisposeModel rwt
I0118 18:36:35.782095 11840 c_interface.cc:332] Pass FitOfflineMasterModelArgs, batch_filename_size=4, batch_weight_size=4, num_collection_passes=1 to void (__cdecl artm::core::MasterComponent::*)(class artm::FitOfflineMasterModelArgs const & __ptr64) __ptr64
I0118 18:36:35.782095 11840 master_component.cc:942] ProcessBatchesArgs: nwt_target_name=nwt, batch_filename_size=4, batch_size=0, batch_weight_size=4, pwt_source_name=pwt, num_document_passes=30, reuse_theta=no, opt_for_avx=no, predict_class_id=
I0118 18:36:35.876315 12328 processor.cc:683] Processing queue has data, processing started
I0118 18:36:35.876315 13544 processor.cc:683] Processing queue has data, processing started
I0118 18:36:35.876315  9272 processor.cc:683] Processing queue has data, processing started
I0118 18:36:35.876315 13392 processor.cc:683] Processing queue has data, processing started
I0118 18:36:35.896402 12328 processor.cc:760] Processor: start processing batch e4841d68-82e0-48fd-93eb-bd1c2ec53b47 into model nwt
I0118 18:36:35.905391  9272 processor.cc:760] Processor: start processing batch 9e5ab146-6980-4705-a8b6-a18ebb5dc926 into model nwt
I0118 18:36:35.905391 13544 processor.cc:760] Processor: start processing batch 9ebeb5ff-2218-45d7-aa3c-8d3aec4bf25d into model nwt
I0118 18:36:35.912410 13392 processor.cc:760] Processor: start processing batch 67cf4f19-31ed-4ee1-b5a7-402f7c7416e3 into model nwt
I0118 18:36:36.197167 12328 processor.cc:856] Processor: complete processing batch e4841d68-82e0-48fd-93eb-bd1c2ec53b47 into model nwt
I0118 18:36:36.200176 12328 cuckoo_watch.h:44] 323ms in ProcessBatch(D:\artmonline\data\datasets\postnauka\batches\aaaaad.batch) [including 14ms in LoadMessage; 2ms in InitializeSparseNdw; 298ms in InferThetaAndUpdateNwtSparse; ]
I0118 18:36:36.235277 12328 processor.cc:676] No data in processing queue, waiting...
I0118 18:36:36.512004 13544 processor.cc:856] Processor: complete processing batch 9ebeb5ff-2218-45d7-aa3c-8d3aec4bf25d into model nwt
I0118 18:36:36.518019 13544 cuckoo_watch.h:44] 641ms in ProcessBatch(D:\artmonline\data\datasets\postnauka\batches\aaaaac.batch) [including 25ms in LoadMessage; 11ms in InitializeSparseNdw; 594ms in InferThetaAndUpdateNwtSparse; ]
I0118 18:36:36.541084  9272 processor.cc:856] Processor: complete processing batch 9e5ab146-6980-4705-a8b6-a18ebb5dc926 into model nwt
I0118 18:36:36.543087 13544 processor.cc:676] No data in processing queue, waiting...
I0118 18:36:36.547096  9272 cuckoo_watch.h:44] 671ms in ProcessBatch(D:\artmonline\data\datasets\postnauka\batches\aaaaaa.batch) [including 25ms in LoadMessage; 11ms in InitializeSparseNdw; 623ms in InferThetaAndUpdateNwtSparse; ]
I0118 18:36:36.561133 13392 processor.cc:856] Processor: complete processing batch 67cf4f19-31ed-4ee1-b5a7-402f7c7416e3 into model nwt
I0118 18:36:36.566179 13392 cuckoo_watch.h:44] 690ms in ProcessBatch(D:\artmonline\data\datasets\postnauka\batches\aaaaab.batch) [including 28ms in LoadMessage; 8ms in InitializeSparseNdw; 640ms in InferThetaAndUpdateNwtSparse; ]
I0118 18:36:36.567181 11840 master_component.cc:991] NormalizeModelArgs: pwt_target_name=pwt, nwt_source_name=nwt, rwt_source_name=
I0118 18:36:36.567181 11840 master_component.cc:617] MasterComponent: start normalizing model nwt
I0118 18:36:36.582221  9272 processor.cc:676] No data in processing queue, waiting...
I0118 18:36:36.603250 13392 processor.cc:676] No data in processing queue, waiting...
I0118 18:36:36.686467 11840 master_component.cc:639] MasterComponent: complete normalizing model nwt
I0118 18:36:36.686467 11840 master_component.cc:1015] DisposeModel rwt
I0118 18:36:36.686467 11840 c_interface.cc:332] Pass FitOfflineMasterModelArgs, batch_filename_size=4, batch_weight_size=4, num_collection_passes=1 to void (__cdecl artm::core::MasterComponent::*)(class artm::FitOfflineMasterModelArgs const & __ptr64) __ptr64
I0118 18:36:36.686467 11840 master_component.cc:942] ProcessBatchesArgs: nwt_target_name=nwt, batch_filename_size=4, batch_size=0, batch_weight_size=4, pwt_source_name=pwt, num_document_passes=30, reuse_theta=no, opt_for_avx=no, predict_class_id=
I0118 18:36:36.785759  9272 processor.cc:683] Processing queue has data, processing started
I0118 18:36:36.785759 13244 processor.cc:683] Processing queue has data, processing started
I0118 18:36:36.785759 13564 processor.cc:683] Processing queue has data, processing started
I0118 18:36:36.785759 14044 processor.cc:683] Processing queue has data, processing started
I0118 18:36:36.801775 13244 processor.cc:760] Processor: start processing batch e4841d68-82e0-48fd-93eb-bd1c2ec53b47 into model nwt
I0118 18:36:36.814808 13564 processor.cc:760] Processor: start processing batch 9e5ab146-6980-4705-a8b6-a18ebb5dc926 into model nwt
I0118 18:36:36.814808  9272 processor.cc:760] Processor: start processing batch 9ebeb5ff-2218-45d7-aa3c-8d3aec4bf25d into model nwt
I0118 18:36:36.817817 14044 processor.cc:760] Processor: start processing batch 67cf4f19-31ed-4ee1-b5a7-402f7c7416e3 into model nwt
I0118 18:36:37.126637 13244 processor.cc:856] Processor: complete processing batch e4841d68-82e0-48fd-93eb-bd1c2ec53b47 into model nwt
I0118 18:36:37.130648 13244 cuckoo_watch.h:44] 345ms in ProcessBatch(D:\artmonline\data\datasets\postnauka\batches\aaaaad.batch) [including 11ms in LoadMessage; 2ms in InitializeSparseNdw; 322ms in InferThetaAndUpdateNwtSparse; ]
I0118 18:36:37.155714 13244 processor.cc:676] No data in processing queue, waiting...
I0118 18:36:37.458519 13564 processor.cc:856] Processor: complete processing batch 9e5ab146-6980-4705-a8b6-a18ebb5dc926 into model nwt
I0118 18:36:37.465538 13564 cuckoo_watch.h:44] 680ms in ProcessBatch(D:\artmonline\data\datasets\postnauka\batches\aaaaaa.batch) [including 24ms in LoadMessage; 10ms in InitializeSparseNdw; 633ms in InferThetaAndUpdateNwtSparse; ]
I0118 18:36:37.475564  9272 processor.cc:856] Processor: complete processing batch 9ebeb5ff-2218-45d7-aa3c-8d3aec4bf25d into model nwt
I0118 18:36:37.484591  9272 cuckoo_watch.h:44] 699ms in ProcessBatch(D:\artmonline\data\datasets\postnauka\batches\aaaaac.batch) [including 24ms in LoadMessage; 11ms in InitializeSparseNdw; 649ms in InferThetaAndUpdateNwtSparse; ]
I0118 18:36:37.492610 13564 processor.cc:676] No data in processing queue, waiting...
I0118 18:36:37.511660  9272 processor.cc:676] No data in processing queue, waiting...
I0118 18:36:37.519681 14044 processor.cc:856] Processor: complete processing batch 67cf4f19-31ed-4ee1-b5a7-402f7c7416e3 into model nwt
I0118 18:36:37.525697 14044 cuckoo_watch.h:44] 739ms in ProcessBatch(D:\artmonline\data\datasets\postnauka\batches\aaaaab.batch) [including 25ms in LoadMessage; 10ms in InitializeSparseNdw; 691ms in InferThetaAndUpdateNwtSparse; ]
I0118 18:36:37.526700 11840 master_component.cc:991] NormalizeModelArgs: pwt_target_name=pwt, nwt_source_name=nwt, rwt_source_name=
I0118 18:36:37.526700 11840 master_component.cc:617] MasterComponent: start normalizing model nwt
I0118 18:36:37.555778 14044 processor.cc:676] No data in processing queue, waiting...
I0118 18:36:37.630007 11840 master_component.cc:639] MasterComponent: complete normalizing model nwt
I0118 18:36:37.630007 11840 master_component.cc:1015] DisposeModel rwt
I0118 18:36:37.630007 11840 c_interface.cc:332] Pass FitOfflineMasterModelArgs, batch_filename_size=4, batch_weight_size=4, num_collection_passes=1 to void (__cdecl artm::core::MasterComponent::*)(class artm::FitOfflineMasterModelArgs const & __ptr64) __ptr64
I0118 18:36:37.630007 11840 master_component.cc:942] ProcessBatchesArgs: nwt_target_name=nwt, batch_filename_size=4, batch_size=0, batch_weight_size=4, pwt_source_name=pwt, num_document_passes=30, reuse_theta=no, opt_for_avx=no, predict_class_id=
I0118 18:36:37.716235 12328 processor.cc:683] Processing queue has data, processing started
I0118 18:36:37.716235 13392 processor.cc:683] Processing queue has data, processing started
I0118 18:36:37.716235 13544 processor.cc:683] Processing queue has data, processing started
I0118 18:36:37.717241 14044 processor.cc:683] Processing queue has data, processing started
I0118 18:36:37.731246 14044 processor.cc:760] Processor: start processing batch e4841d68-82e0-48fd-93eb-bd1c2ec53b47 into model nwt
I0118 18:36:37.739265 13544 processor.cc:760] Processor: start processing batch 9ebeb5ff-2218-45d7-aa3c-8d3aec4bf25d into model nwt
I0118 18:36:37.747288 13392 processor.cc:760] Processor: start processing batch 67cf4f19-31ed-4ee1-b5a7-402f7c7416e3 into model nwt
I0118 18:36:37.747288 12328 processor.cc:760] Processor: start processing batch 9e5ab146-6980-4705-a8b6-a18ebb5dc926 into model nwt
I0118 18:36:38.053099 14044 processor.cc:856] Processor: complete processing batch e4841d68-82e0-48fd-93eb-bd1c2ec53b47 into model nwt
I0118 18:36:38.056108 14044 cuckoo_watch.h:44] 339ms in ProcessBatch(D:\artmonline\data\datasets\postnauka\batches\aaaaad.batch) [including 10ms in LoadMessage; 1ms in InitializeSparseNdw; 320ms in InferThetaAndUpdateNwtSparse; ]
I0118 18:36:38.078173 14044 processor.cc:676] No data in processing queue, waiting...
I0118 18:36:38.447149 12328 processor.cc:856] Processor: complete processing batch 9e5ab146-6980-4705-a8b6-a18ebb5dc926 into model nwt
I0118 18:36:38.453163 12328 cuckoo_watch.h:44] 737ms in ProcessBatch(D:\artmonline\data\datasets\postnauka\batches\aaaaaa.batch) [including 25ms in LoadMessage; 9ms in InitializeSparseNdw; 688ms in InferThetaAndUpdateNwtSparse; ]
I0118 18:36:38.458176 13392 processor.cc:856] Processor: complete processing batch 67cf4f19-31ed-4ee1-b5a7-402f7c7416e3 into model nwt
I0118 18:36:38.468204 13544 processor.cc:856] Processor: complete processing batch 9ebeb5ff-2218-45d7-aa3c-8d3aec4bf25d into model nwt
I0118 18:36:38.468204 13392 cuckoo_watch.h:44] 752ms in ProcessBatch(D:\artmonline\data\datasets\postnauka\batches\aaaaab.batch) [including 24ms in LoadMessage; 9ms in InitializeSparseNdw; 700ms in InferThetaAndUpdateNwtSparse; ]
I0118 18:36:38.474218 13544 cuckoo_watch.h:44] 758ms in ProcessBatch(D:\artmonline\data\datasets\postnauka\batches\aaaaac.batch) [including 19ms in LoadMessage; 7ms in InitializeSparseNdw; 720ms in InferThetaAndUpdateNwtSparse; ]
I0118 18:36:38.476224 11840 master_component.cc:991] NormalizeModelArgs: pwt_target_name=pwt, nwt_source_name=nwt, rwt_source_name=
I0118 18:36:38.476224 11840 master_component.cc:617] MasterComponent: start normalizing model nwt
I0118 18:36:38.478232 12328 processor.cc:676] No data in processing queue, waiting...
I0118 18:36:38.495278 13392 processor.cc:676] No data in processing queue, waiting...
I0118 18:36:38.502295 13544 processor.cc:676] No data in processing queue, waiting...
I0118 18:36:38.626657 11840 master_component.cc:639] MasterComponent: complete normalizing model nwt
I0118 18:36:38.626657 11840 master_component.cc:1015] DisposeModel rwt
I0118 18:36:38.626657 11840 c_interface.cc:332] Pass FitOfflineMasterModelArgs, batch_filename_size=4, batch_weight_size=4, num_collection_passes=1 to void (__cdecl artm::core::MasterComponent::*)(class artm::FitOfflineMasterModelArgs const & __ptr64) __ptr64
I0118 18:36:38.626657 11840 master_component.cc:942] ProcessBatchesArgs: nwt_target_name=nwt, batch_filename_size=4, batch_size=0, batch_weight_size=4, pwt_source_name=pwt, num_document_passes=30, reuse_theta=no, opt_for_avx=no, predict_class_id=
I0118 18:36:38.758002 12328 processor.cc:683] Processing queue has data, processing started
I0118 18:36:38.759980 13564 processor.cc:683] Processing queue has data, processing started
I0118 18:36:38.759980 13544 processor.cc:683] Processing queue has data, processing started
I0118 18:36:38.759980 14024 processor.cc:683] Processing queue has data, processing started
I0118 18:36:38.777025 13544 processor.cc:760] Processor: start processing batch e4841d68-82e0-48fd-93eb-bd1c2ec53b47 into model nwt
I0118 18:36:38.794071 13564 processor.cc:760] Processor: start processing batch 9ebeb5ff-2218-45d7-aa3c-8d3aec4bf25d into model nwt
I0118 18:36:38.795074 12328 processor.cc:760] Processor: start processing batch 9e5ab146-6980-4705-a8b6-a18ebb5dc926 into model nwt
I0118 18:36:38.803097 14024 processor.cc:760] Processor: start processing batch 67cf4f19-31ed-4ee1-b5a7-402f7c7416e3 into model nwt
I0118 18:36:39.128962 13544 processor.cc:856] Processor: complete processing batch e4841d68-82e0-48fd-93eb-bd1c2ec53b47 into model nwt
I0118 18:36:39.130966 13544 cuckoo_watch.h:44] 371ms in ProcessBatch(D:\artmonline\data\datasets\postnauka\batches\aaaaad.batch) [including 12ms in LoadMessage; 4ms in InitializeSparseNdw; 347ms in InferThetaAndUpdateNwtSparse; ]
I0118 18:36:39.165056 13544 processor.cc:676] No data in processing queue, waiting...
I0118 18:36:39.530032 12328 processor.cc:856] Processor: complete processing batch 9e5ab146-6980-4705-a8b6-a18ebb5dc926 into model nwt
I0118 18:36:39.542060 12328 cuckoo_watch.h:44] 783ms in ProcessBatch(D:\artmonline\data\datasets\postnauka\batches\aaaaaa.batch) [including 31ms in LoadMessage; 12ms in InitializeSparseNdw; 720ms in InferThetaAndUpdateNwtSparse; ]
I0118 18:36:39.581171 12328 processor.cc:676] No data in processing queue, waiting...
I0118 18:36:39.614251 13564 processor.cc:856] Processor: complete processing batch 9ebeb5ff-2218-45d7-aa3c-8d3aec4bf25d into model nwt
I0118 18:36:39.621269 13564 cuckoo_watch.h:44] 861ms in ProcessBatch(D:\artmonline\data\datasets\postnauka\batches\aaaaac.batch) [including 28ms in LoadMessage; 12ms in InitializeSparseNdw; 806ms in InferThetaAndUpdateNwtSparse; ]
I0118 18:36:39.623275 14024 processor.cc:856] Processor: complete processing batch 67cf4f19-31ed-4ee1-b5a7-402f7c7416e3 into model nwt
I0118 18:36:39.630293 14024 cuckoo_watch.h:44] 870ms in ProcessBatch(D:\artmonline\data\datasets\postnauka\batches\aaaaab.batch) [including 33ms in LoadMessage; 8ms in InitializeSparseNdw; 811ms in InferThetaAndUpdateNwtSparse; ]
I0118 18:36:39.632298 11840 master_component.cc:991] NormalizeModelArgs: pwt_target_name=pwt, nwt_source_name=nwt, rwt_source_name=
I0118 18:36:39.632298 11840 master_component.cc:617] MasterComponent: start normalizing model nwt
I0118 18:36:39.651348 13564 processor.cc:676] No data in processing queue, waiting...
I0118 18:36:39.662379 14024 processor.cc:676] No data in processing queue, waiting...
I0118 18:36:39.769690 11840 master_component.cc:639] MasterComponent: complete normalizing model nwt
I0118 18:36:39.769690 11840 master_component.cc:1015] DisposeModel rwt
I0118 18:36:39.770665 11840 c_interface.cc:332] Pass FitOfflineMasterModelArgs, batch_filename_size=4, batch_weight_size=4, num_collection_passes=1 to void (__cdecl artm::core::MasterComponent::*)(class artm::FitOfflineMasterModelArgs const & __ptr64) __ptr64
I0118 18:36:39.770665 11840 master_component.cc:942] ProcessBatchesArgs: nwt_target_name=nwt, batch_filename_size=4, batch_size=0, batch_weight_size=4, pwt_source_name=pwt, num_document_passes=30, reuse_theta=no, opt_for_avx=no, predict_class_id=
I0118 18:36:39.873939 12328 processor.cc:683] Processing queue has data, processing started
I0118 18:36:39.873939 13392 processor.cc:683] Processing queue has data, processing started
I0118 18:36:39.875947 14044 processor.cc:683] Processing queue has data, processing started
I0118 18:36:39.875947 13564 processor.cc:683] Processing queue has data, processing started
I0118 18:36:39.891988 13564 processor.cc:760] Processor: start processing batch e4841d68-82e0-48fd-93eb-bd1c2ec53b47 into model nwt
I0118 18:36:39.902014 13392 processor.cc:760] Processor: start processing batch 9e5ab146-6980-4705-a8b6-a18ebb5dc926 into model nwt
I0118 18:36:39.908035 12328 processor.cc:760] Processor: start processing batch 67cf4f19-31ed-4ee1-b5a7-402f7c7416e3 into model nwt
I0118 18:36:39.915050 14044 processor.cc:760] Processor: start processing batch 9ebeb5ff-2218-45d7-aa3c-8d3aec4bf25d into model nwt
I0118 18:36:40.187774 13564 processor.cc:856] Processor: complete processing batch e4841d68-82e0-48fd-93eb-bd1c2ec53b47 into model nwt
I0118 18:36:40.190783 13564 cuckoo_watch.h:44] 314ms in ProcessBatch(D:\artmonline\data\datasets\postnauka\batches\aaaaad.batch) [including 11ms in LoadMessage; 4ms in InitializeSparseNdw; 290ms in InferThetaAndUpdateNwtSparse; ]
I0118 18:36:40.218858 13564 processor.cc:676] No data in processing queue, waiting...
I0118 18:36:40.513640 13392 processor.cc:856] Processor: complete processing batch 9e5ab146-6980-4705-a8b6-a18ebb5dc926 into model nwt
I0118 18:36:40.520661 13392 cuckoo_watch.h:44] 647ms in ProcessBatch(D:\artmonline\data\datasets\postnauka\batches\aaaaaa.batch) [including 22ms in LoadMessage; 9ms in InitializeSparseNdw; 602ms in InferThetaAndUpdateNwtSparse; ]
I0118 18:36:40.546730 14044 processor.cc:856] Processor: complete processing batch 9ebeb5ff-2218-45d7-aa3c-8d3aec4bf25d into model nwt
I0118 18:36:40.550740 13392 processor.cc:676] No data in processing queue, waiting...
I0118 18:36:40.551741 14044 cuckoo_watch.h:44] 676ms in ProcessBatch(D:\artmonline\data\datasets\postnauka\batches\aaaaac.batch) [including 30ms in LoadMessage; 6ms in InitializeSparseNdw; 624ms in InferThetaAndUpdateNwtSparse; ]
I0118 18:36:40.552744 12328 processor.cc:856] Processor: complete processing batch 67cf4f19-31ed-4ee1-b5a7-402f7c7416e3 into model nwt
I0118 18:36:40.557757 12328 cuckoo_watch.h:44] 684ms in ProcessBatch(D:\artmonline\data\datasets\postnauka\batches\aaaaab.batch) [including 28ms in LoadMessage; 9ms in InitializeSparseNdw; 635ms in InferThetaAndUpdateNwtSparse; ]
I0118 18:36:40.558763 11840 master_component.cc:991] NormalizeModelArgs: pwt_target_name=pwt, nwt_source_name=nwt, rwt_source_name=
I0118 18:36:40.558763 11840 master_component.cc:617] MasterComponent: start normalizing model nwt
I0118 18:36:40.573802 14044 processor.cc:676] No data in processing queue, waiting...
I0118 18:36:40.579818 12328 processor.cc:676] No data in processing queue, waiting...
I0118 18:36:40.675097 11840 master_component.cc:639] MasterComponent: complete normalizing model nwt
I0118 18:36:40.675097 11840 master_component.cc:1015] DisposeModel rwt
I0118 18:36:40.675097 11840 c_interface.cc:332] Pass FitOfflineMasterModelArgs, batch_filename_size=4, batch_weight_size=4, num_collection_passes=1 to void (__cdecl artm::core::MasterComponent::*)(class artm::FitOfflineMasterModelArgs const & __ptr64) __ptr64
I0118 18:36:40.675097 11840 master_component.cc:942] ProcessBatchesArgs: nwt_target_name=nwt, batch_filename_size=4, batch_size=0, batch_weight_size=4, pwt_source_name=pwt, num_document_passes=30, reuse_theta=no, opt_for_avx=no, predict_class_id=
I0118 18:36:40.780350 13564 processor.cc:683] Processing queue has data, processing started
I0118 18:36:40.780350  9272 processor.cc:683] Processing queue has data, processing started
I0118 18:36:40.780350 12328 processor.cc:683] Processing queue has data, processing started
I0118 18:36:40.780350 13392 processor.cc:683] Processing queue has data, processing started
I0118 18:36:40.797397 12328 processor.cc:760] Processor: start processing batch e4841d68-82e0-48fd-93eb-bd1c2ec53b47 into model nwt
I0118 18:36:40.811434 13564 processor.cc:760] Processor: start processing batch 9e5ab146-6980-4705-a8b6-a18ebb5dc926 into model nwt
I0118 18:36:40.811434  9272 processor.cc:760] Processor: start processing batch 67cf4f19-31ed-4ee1-b5a7-402f7c7416e3 into model nwt
