I0119 02:20:23.333128  3092 processor.cc:760] Processor: start processing batch fa93482d-725f-43f6-83b9-300480dc1fbb into model nwt
I0119 02:20:23.589818   456 processor.cc:856] Processor: complete processing batch 01feadb1-9dca-4ecc-8900-78b6b2c1726b into model nwt
I0119 02:20:23.592825   456 cuckoo_watch.h:44] 286ms in ProcessBatch(D:\artmonline\data\datasets\postnauka\batches\aaaaad.batch) [including 13ms in LoadMessage; 2ms in InitializeSparseNdw; 264ms in InferThetaAndUpdateNwtSparse; ]
I0119 02:20:23.627918   456 processor.cc:676] No data in processing queue, waiting...
I0119 02:20:23.879601 12984 processor.cc:856] Processor: complete processing batch 0bbb922d-24b6-4b39-b053-bf906bcb1e7f into model nwt
I0119 02:20:23.886620 12984 cuckoo_watch.h:44] 582ms in ProcessBatch(D:\artmonline\data\datasets\postnauka\batches\aaaaaa.batch) [including 21ms in LoadMessage; 8ms in InitializeSparseNdw; 540ms in InferThetaAndUpdateNwtSparse; ]
I0119 02:20:23.899653  6116 processor.cc:856] Processor: complete processing batch 4b27e2ef-3bd1-44f8-8663-1336de6541de into model nwt
I0119 02:20:23.905668  6116 cuckoo_watch.h:44] 602ms in ProcessBatch(D:\artmonline\data\datasets\postnauka\batches\aaaaab.batch) [including 24ms in LoadMessage; 8ms in InitializeSparseNdw; 558ms in InferThetaAndUpdateNwtSparse; ]
I0119 02:20:23.912688  3092 processor.cc:856] Processor: complete processing batch fa93482d-725f-43f6-83b9-300480dc1fbb into model nwt
I0119 02:20:23.917701  3092 cuckoo_watch.h:44] 612ms in ProcessBatch(D:\artmonline\data\datasets\postnauka\batches\aaaaac.batch) [including 23ms in LoadMessage; 8ms in InitializeSparseNdw; 570ms in InferThetaAndUpdateNwtSparse; ]
I0119 02:20:23.918704 12984 processor.cc:676] No data in processing queue, waiting...
I0119 02:20:23.918704  5288 master_component.cc:991] NormalizeModelArgs: pwt_target_name=pwt, nwt_source_name=nwt, rwt_source_name=
I0119 02:20:23.918704  5288 master_component.cc:617] MasterComponent: start normalizing model nwt
I0119 02:20:23.938756  6116 processor.cc:676] No data in processing queue, waiting...
I0119 02:20:23.956809  3092 processor.cc:676] No data in processing queue, waiting...
I0119 02:20:24.018975  5288 master_component.cc:639] MasterComponent: complete normalizing model nwt
I0119 02:20:24.018975  5288 master_component.cc:1015] DisposeModel rwt
I0119 02:20:24.018975  5288 c_interface.cc:332] Pass FitOfflineMasterModelArgs, batch_filename_size=4, batch_weight_size=4, num_collection_passes=1 to void (__cdecl artm::core::MasterComponent::*)(class artm::FitOfflineMasterModelArgs const & __ptr64) __ptr64
I0119 02:20:24.018975  5288 master_component.cc:942] ProcessBatchesArgs: nwt_target_name=nwt, batch_filename_size=4, batch_size=0, batch_weight_size=4, pwt_source_name=pwt, num_document_passes=30, reuse_theta=no, opt_for_avx=no, predict_class_id=
I0119 02:20:24.124259  6116 processor.cc:683] Processing queue has data, processing started
I0119 02:20:24.124259   584 processor.cc:683] Processing queue has data, processing started
I0119 02:20:24.125262  3092 processor.cc:683] Processing queue has data, processing started
I0119 02:20:24.125262 11816 processor.cc:683] Processing queue has data, processing started
I0119 02:20:24.140302 11816 processor.cc:760] Processor: start processing batch 01feadb1-9dca-4ecc-8900-78b6b2c1726b into model nwt
I0119 02:20:24.152338   584 processor.cc:760] Processor: start processing batch 0bbb922d-24b6-4b39-b053-bf906bcb1e7f into model nwt
I0119 02:20:24.152338  3092 processor.cc:760] Processor: start processing batch fa93482d-725f-43f6-83b9-300480dc1fbb into model nwt
I0119 02:20:24.153339  6116 processor.cc:760] Processor: start processing batch 4b27e2ef-3bd1-44f8-8663-1336de6541de into model nwt
I0119 02:20:24.407023 11816 processor.cc:856] Processor: complete processing batch 01feadb1-9dca-4ecc-8900-78b6b2c1726b into model nwt
I0119 02:20:24.409029 11816 cuckoo_watch.h:44] 283ms in ProcessBatch(D:\artmonline\data\datasets\postnauka\batches\aaaaad.batch) [including 11ms in LoadMessage; 2ms in InitializeSparseNdw; 263ms in InferThetaAndUpdateNwtSparse; ]
I0119 02:20:24.443120 11816 processor.cc:676] No data in processing queue, waiting...
I0119 02:20:24.801125   584 processor.cc:856] Processor: complete processing batch 0bbb922d-24b6-4b39-b053-bf906bcb1e7f into model nwt
I0119 02:20:24.805135   584 cuckoo_watch.h:44] 681ms in ProcessBatch(D:\artmonline\data\datasets\postnauka\batches\aaaaaa.batch) [including 22ms in LoadMessage; 10ms in InitializeSparseNdw; 638ms in InferThetaAndUpdateNwtSparse; ]
I0119 02:20:24.816164  3092 processor.cc:856] Processor: complete processing batch fa93482d-725f-43f6-83b9-300480dc1fbb into model nwt
I0119 02:20:24.824185  3092 cuckoo_watch.h:44] 699ms in ProcessBatch(D:\artmonline\data\datasets\postnauka\batches\aaaaac.batch) [including 22ms in LoadMessage; 9ms in InitializeSparseNdw; 653ms in InferThetaAndUpdateNwtSparse; ]
I0119 02:20:24.828196   584 processor.cc:676] No data in processing queue, waiting...
I0119 02:20:24.844239  3092 processor.cc:676] No data in processing queue, waiting...
I0119 02:20:24.847249  6116 processor.cc:856] Processor: complete processing batch 4b27e2ef-3bd1-44f8-8663-1336de6541de into model nwt
I0119 02:20:24.852262  6116 cuckoo_watch.h:44] 728ms in ProcessBatch(D:\artmonline\data\datasets\postnauka\batches\aaaaab.batch) [including 23ms in LoadMessage; 9ms in InitializeSparseNdw; 684ms in InferThetaAndUpdateNwtSparse; ]
I0119 02:20:24.853265  5288 master_component.cc:991] NormalizeModelArgs: pwt_target_name=pwt, nwt_source_name=nwt, rwt_source_name=
I0119 02:20:24.853265  5288 master_component.cc:617] MasterComponent: start normalizing model nwt
I0119 02:20:24.883345  6116 processor.cc:676] No data in processing queue, waiting...
I0119 02:20:24.949523  5288 master_component.cc:639] MasterComponent: complete normalizing model nwt
I0119 02:20:24.949523  5288 master_component.cc:1015] DisposeModel rwt
I0119 02:20:24.950024  5288 c_interface.cc:332] Pass FitOfflineMasterModelArgs, batch_filename_size=4, batch_weight_size=4, num_collection_passes=1 to void (__cdecl artm::core::MasterComponent::*)(class artm::FitOfflineMasterModelArgs const & __ptr64) __ptr64
I0119 02:20:24.950024  5288 master_component.cc:942] ProcessBatchesArgs: nwt_target_name=nwt, batch_filename_size=4, batch_size=0, batch_weight_size=4, pwt_source_name=pwt, num_document_passes=30, reuse_theta=no, opt_for_avx=no, predict_class_id=
I0119 02:20:25.029739  3092 processor.cc:683] Processing queue has data, processing started
I0119 02:20:25.029739 12984 processor.cc:683] Processing queue has data, processing started
I0119 02:20:25.029739  8056 processor.cc:683] Processing queue has data, processing started
I0119 02:20:25.029739 11816 processor.cc:683] Processing queue has data, processing started
I0119 02:20:25.049795 11816 processor.cc:760] Processor: start processing batch 01feadb1-9dca-4ecc-8900-78b6b2c1726b into model nwt
I0119 02:20:25.051801  8056 processor.cc:760] Processor: start processing batch fa93482d-725f-43f6-83b9-300480dc1fbb into model nwt
I0119 02:20:25.053305  3092 processor.cc:760] Processor: start processing batch 0bbb922d-24b6-4b39-b053-bf906bcb1e7f into model nwt
I0119 02:20:25.062831 12984 processor.cc:760] Processor: start processing batch 4b27e2ef-3bd1-44f8-8663-1336de6541de into model nwt
I0119 02:20:25.334561 11816 processor.cc:856] Processor: complete processing batch 01feadb1-9dca-4ecc-8900-78b6b2c1726b into model nwt
I0119 02:20:25.337570 11816 cuckoo_watch.h:44] 307ms in ProcessBatch(D:\artmonline\data\datasets\postnauka\batches\aaaaad.batch) [including 14ms in LoadMessage; 3ms in InitializeSparseNdw; 281ms in InferThetaAndUpdateNwtSparse; ]
I0119 02:20:25.370661 11816 processor.cc:676] No data in processing queue, waiting...
I0119 02:20:25.646400  3092 processor.cc:856] Processor: complete processing batch 0bbb922d-24b6-4b39-b053-bf906bcb1e7f into model nwt
I0119 02:20:25.650413  3092 cuckoo_watch.h:44] 620ms in ProcessBatch(D:\artmonline\data\datasets\postnauka\batches\aaaaaa.batch) [including 19ms in LoadMessage; 6ms in InitializeSparseNdw; 586ms in InferThetaAndUpdateNwtSparse; ]
I0119 02:20:25.657431 12984 processor.cc:856] Processor: complete processing batch 4b27e2ef-3bd1-44f8-8663-1336de6541de into model nwt
I0119 02:20:25.664453 12984 cuckoo_watch.h:44] 635ms in ProcessBatch(D:\artmonline\data\datasets\postnauka\batches\aaaaab.batch) [including 27ms in LoadMessage; 5ms in InitializeSparseNdw; 588ms in InferThetaAndUpdateNwtSparse; ]
I0119 02:20:25.664453  8056 processor.cc:856] Processor: complete processing batch fa93482d-725f-43f6-83b9-300480dc1fbb into model nwt
I0119 02:20:25.669466  8056 cuckoo_watch.h:44] 640ms in ProcessBatch(D:\artmonline\data\datasets\postnauka\batches\aaaaac.batch) [including 17ms in LoadMessage; 6ms in InitializeSparseNdw; 606ms in InferThetaAndUpdateNwtSparse; ]
I0119 02:20:25.670480  5288 master_component.cc:991] NormalizeModelArgs: pwt_target_name=pwt, nwt_source_name=nwt, rwt_source_name=
I0119 02:20:25.670480  5288 master_component.cc:617] MasterComponent: start normalizing model nwt
I0119 02:20:25.675482  3092 processor.cc:676] No data in processing queue, waiting...
I0119 02:20:25.692528 12984 processor.cc:676] No data in processing queue, waiting...
I0119 02:20:25.698544  8056 processor.cc:676] No data in processing queue, waiting...
I0119 02:20:25.765724  5288 master_component.cc:639] MasterComponent: complete normalizing model nwt
I0119 02:20:25.765724  5288 master_component.cc:1015] DisposeModel rwt
I0119 02:20:25.765724  5288 c_interface.cc:332] Pass FitOfflineMasterModelArgs, batch_filename_size=4, batch_weight_size=4, num_collection_passes=1 to void (__cdecl artm::core::MasterComponent::*)(class artm::FitOfflineMasterModelArgs const & __ptr64) __ptr64
I0119 02:20:25.765724  5288 master_component.cc:942] ProcessBatchesArgs: nwt_target_name=nwt, batch_filename_size=4, batch_size=0, batch_weight_size=4, pwt_source_name=pwt, num_document_passes=30, reuse_theta=no, opt_for_avx=no, predict_class_id=
I0119 02:20:25.846942  3092 processor.cc:683] Processing queue has data, processing started
I0119 02:20:25.846942 12984 processor.cc:683] Processing queue has data, processing started
I0119 02:20:25.846942   584 processor.cc:683] Processing queue has data, processing started
I0119 02:20:25.846942 10196 processor.cc:683] Processing queue has data, processing started
I0119 02:20:25.864992 10196 processor.cc:760] Processor: start processing batch 01feadb1-9dca-4ecc-8900-78b6b2c1726b into model nwt
I0119 02:20:25.868000 12984 processor.cc:760] Processor: start processing batch 4b27e2ef-3bd1-44f8-8663-1336de6541de into model nwt
I0119 02:20:25.872011   584 processor.cc:760] Processor: start processing batch fa93482d-725f-43f6-83b9-300480dc1fbb into model nwt
I0119 02:20:25.874018  3092 processor.cc:760] Processor: start processing batch 0bbb922d-24b6-4b39-b053-bf906bcb1e7f into model nwt
I0119 02:20:26.131708 10196 processor.cc:856] Processor: complete processing batch 01feadb1-9dca-4ecc-8900-78b6b2c1726b into model nwt
I0119 02:20:26.134716 10196 cuckoo_watch.h:44] 288ms in ProcessBatch(D:\artmonline\data\datasets\postnauka\batches\aaaaad.batch) [including 13ms in LoadMessage; 3ms in InitializeSparseNdw; 263ms in InferThetaAndUpdateNwtSparse; ]
I0119 02:20:26.157778 10196 processor.cc:676] No data in processing queue, waiting...
I0119 02:20:26.410460   584 processor.cc:856] Processor: complete processing batch fa93482d-725f-43f6-83b9-300480dc1fbb into model nwt
I0119 02:20:26.417479   584 cuckoo_watch.h:44] 570ms in ProcessBatch(D:\artmonline\data\datasets\postnauka\batches\aaaaac.batch) [including 20ms in LoadMessage; 7ms in InitializeSparseNdw; 530ms in InferThetaAndUpdateNwtSparse; ]
I0119 02:20:26.429512 12984 processor.cc:856] Processor: complete processing batch 4b27e2ef-3bd1-44f8-8663-1336de6541de into model nwt
I0119 02:20:26.436530 12984 cuckoo_watch.h:44] 590ms in ProcessBatch(D:\artmonline\data\datasets\postnauka\batches\aaaaab.batch) [including 17ms in LoadMessage; 7ms in InitializeSparseNdw; 553ms in InferThetaAndUpdateNwtSparse; ]
I0119 02:20:26.448563   584 processor.cc:676] No data in processing queue, waiting...
I0119 02:20:26.466614 12984 processor.cc:676] No data in processing queue, waiting...
I0119 02:20:26.470624  3092 processor.cc:856] Processor: complete processing batch 0bbb922d-24b6-4b39-b053-bf906bcb1e7f into model nwt
I0119 02:20:26.475637  3092 cuckoo_watch.h:44] 628ms in ProcessBatch(D:\artmonline\data\datasets\postnauka\batches\aaaaaa.batch) [including 21ms in LoadMessage; 6ms in InitializeSparseNdw; 590ms in InferThetaAndUpdateNwtSparse; ]
I0119 02:20:26.476640  5288 master_component.cc:991] NormalizeModelArgs: pwt_target_name=pwt, nwt_source_name=nwt, rwt_source_name=
I0119 02:20:26.476640  5288 master_component.cc:617] MasterComponent: start normalizing model nwt
I0119 02:20:26.506721  3092 processor.cc:676] No data in processing queue, waiting...
I0119 02:20:26.576910  5288 master_component.cc:639] MasterComponent: complete normalizing model nwt
I0119 02:20:26.576910  5288 master_component.cc:1015] DisposeModel rwt
I0119 02:20:26.579918  5288 instance.cc:365] MasterModelConfig.processors_count is automatically set to 8
I0119 02:20:26.580931  5288 c_interface.cc:221] Creating MasterModel (id=4)...
I0119 02:20:26.580931 10476 processor.cc:660] Processor thread started
I0119 02:20:26.580931  3228 processor.cc:660] Processor thread started
I0119 02:20:26.580931  5284 processor.cc:660] Processor thread started
I0119 02:20:26.580931  4868 processor.cc:660] Processor thread started
I0119 02:20:26.580931  5288 phi_matrix_operations.cc:82] RetrieveExternalTopicModel() with 10 topics, 73513 tokens
I0119 02:20:26.580931  4304 processor.cc:660] Processor thread started
I0119 02:20:26.581924 12612 processor.cc:660] Processor thread started
I0119 02:20:26.581924  2920 processor.cc:660] Processor thread started
I0119 02:20:26.581924 10508 processor.cc:660] Processor thread started
I0119 02:20:26.615012 12612 processor.cc:676] No data in processing queue, waiting...
I0119 02:20:26.615012  3228 processor.cc:676] No data in processing queue, waiting...
I0119 02:20:26.615012  2920 processor.cc:676] No data in processing queue, waiting...
I0119 02:20:26.615012  4868 processor.cc:676] No data in processing queue, waiting...
I0119 02:20:26.615012  4304 processor.cc:676] No data in processing queue, waiting...
I0119 02:20:26.615012 10508 processor.cc:676] No data in processing queue, waiting...
I0119 02:20:26.615012  5284 processor.cc:676] No data in processing queue, waiting...
I0119 02:20:26.615012 10476 processor.cc:676] No data in processing queue, waiting...
I0119 02:20:26.658157  5288 c_interface.cc:180] ArtmCopyRequestedMessage is copying 2858518 bytes...
I0119 02:20:29.216925  5288 phi_matrix_operations.cc:82] RetrieveExternalTopicModel() with 1 topics, 73513 tokens
I0119 02:20:29.347298  5288 c_interface.cc:180] ArtmCopyRequestedMessage is copying 1858686 bytes...
I0119 02:20:29.711395  5288 c_interface.cc:185] ArtmCopyRequestedObject is copying 294052 bytes...
I0119 02:20:29.857789  5288 phi_matrix_operations.cc:82] RetrieveExternalTopicModel() with 10 topics, 73513 tokens
I0119 02:20:29.930984  5288 c_interface.cc:180] ArtmCopyRequestedMessage is copying 2858518 bytes...
I0119 02:20:32.979928  5288 phi_matrix_operations.cc:82] RetrieveExternalTopicModel() with 10 topics, 73513 tokens
I0119 02:20:33.050119  5288 c_interface.cc:180] ArtmCopyRequestedMessage is copying 2858518 bytes...
I0119 02:20:35.674196  5288 phi_matrix_operations.cc:82] RetrieveExternalTopicModel() with 1 topics, 73513 tokens
I0119 02:20:35.723696  5288 c_interface.cc:180] ArtmCopyRequestedMessage is copying 1858686 bytes...
I0119 02:20:36.094096  5288 c_interface.cc:185] ArtmCopyRequestedObject is copying 294052 bytes...
I0119 02:20:36.299778  5288 phi_matrix_operations.cc:82] RetrieveExternalTopicModel() with 10 topics, 73513 tokens
I0119 02:20:36.381500  5288 c_interface.cc:180] ArtmCopyRequestedMessage is copying 2858518 bytes...
I0119 02:20:38.852856  5288 phi_matrix_operations.cc:82] RetrieveExternalTopicModel() with 1 topics, 73513 tokens
I0119 02:20:38.895572  5288 c_interface.cc:180] ArtmCopyRequestedMessage is copying 1858686 bytes...
I0119 02:20:39.249019  5288 c_interface.cc:185] ArtmCopyRequestedObject is copying 294052 bytes...
I0119 02:20:39.539131  5288 phi_matrix_operations.cc:82] RetrieveExternalTopicModel() with 10 topics, 73513 tokens
I0119 02:20:39.663274  5288 c_interface.cc:180] ArtmCopyRequestedMessage is copying 2858518 bytes...
I0119 02:20:42.323586  5288 phi_matrix_operations.cc:82] RetrieveExternalTopicModel() with 1 topics, 73513 tokens
I0119 02:20:42.389282  5288 c_interface.cc:180] ArtmCopyRequestedMessage is copying 1858686 bytes...
I0119 02:20:42.727349  5288 c_interface.cc:185] ArtmCopyRequestedObject is copying 294052 bytes...
I0119 02:20:42.971123  5288 phi_matrix_operations.cc:82] RetrieveExternalTopicModel() with 10 topics, 73513 tokens
I0119 02:20:43.047303  5288 c_interface.cc:180] ArtmCopyRequestedMessage is copying 2858518 bytes...
I0119 02:20:45.514629  5288 phi_matrix_operations.cc:82] RetrieveExternalTopicModel() with 1 topics, 73513 tokens
I0119 02:20:45.556772  5288 c_interface.cc:180] ArtmCopyRequestedMessage is copying 1858686 bytes...
I0119 02:20:45.880659  5288 c_interface.cc:185] ArtmCopyRequestedObject is copying 294052 bytes...
I0119 02:20:46.099791  5288 phi_matrix_operations.cc:82] RetrieveExternalTopicModel() with 10 topics, 73513 tokens
I0119 02:20:46.167500  5288 c_interface.cc:180] ArtmCopyRequestedMessage is copying 2858518 bytes...
I0119 02:20:48.872182  5288 phi_matrix_operations.cc:82] RetrieveExternalTopicModel() with 1 topics, 73513 tokens
I0119 02:20:48.920881  5288 c_interface.cc:180] ArtmCopyRequestedMessage is copying 1858686 bytes...
I0119 02:20:49.267971  5288 c_interface.cc:185] ArtmCopyRequestedObject is copying 294052 bytes...
I0119 02:20:49.628579  5288 phi_matrix_operations.cc:82] RetrieveExternalTopicModel() with 10 topics, 73513 tokens
I0119 02:20:49.862222  5288 c_interface.cc:180] ArtmCopyRequestedMessage is copying 2858518 bytes...
I0119 02:20:52.594434  5288 phi_matrix_operations.cc:82] RetrieveExternalTopicModel() with 1 topics, 73513 tokens
I0119 02:20:52.691720  5288 c_interface.cc:180] ArtmCopyRequestedMessage is copying 1858686 bytes...
I0119 02:20:53.051313  5288 c_interface.cc:185] ArtmCopyRequestedObject is copying 294052 bytes...
I0119 02:20:53.259912  5288 phi_matrix_operations.cc:82] RetrieveExternalTopicModel() with 10 topics, 73513 tokens
I0119 02:20:53.330101  5288 c_interface.cc:180] ArtmCopyRequestedMessage is copying 2858518 bytes...
I0119 02:20:55.938661  5288 phi_matrix_operations.cc:82] RetrieveExternalTopicModel() with 1 topics, 73513 tokens
I0119 02:20:55.989832  5288 c_interface.cc:180] ArtmCopyRequestedMessage is copying 1858686 bytes...
I0119 02:20:56.345199  5288 c_interface.cc:185] ArtmCopyRequestedObject is copying 294052 bytes...
I0119 02:20:56.562830  5288 phi_matrix_operations.cc:82] RetrieveExternalTopicModel() with 10 topics, 73513 tokens
I0119 02:20:56.637001  5288 c_interface.cc:180] ArtmCopyRequestedMessage is copying 2858518 bytes...
I0119 02:20:59.659504  5288 phi_matrix_operations.cc:82] RetrieveExternalTopicModel() with 1 topics, 73513 tokens
I0119 02:20:59.726686  5288 c_interface.cc:180] ArtmCopyRequestedMessage is copying 1858686 bytes...
I0119 02:21:00.156455  5288 c_interface.cc:185] ArtmCopyRequestedObject is copying 294052 bytes...
I0119 02:21:00.511288  5288 phi_matrix_operations.cc:82] RetrieveExternalTopicModel() with 10 topics, 73513 tokens
I0119 02:21:00.618109  5288 c_interface.cc:180] ArtmCopyRequestedMessage is copying 2858518 bytes...
I0119 02:21:03.619129  5288 phi_matrix_operations.cc:82] RetrieveExternalTopicModel() with 1 topics, 73513 tokens
I0119 02:21:03.667287  5288 c_interface.cc:180] ArtmCopyRequestedMessage is copying 1858686 bytes...
I0119 02:21:04.005878  5288 c_interface.cc:185] ArtmCopyRequestedObject is copying 294052 bytes...
I0119 02:21:04.939842  5288 c_interface.cc:221] Creating MasterModel (id=5)...
I0119 02:21:04.939842  5288 c_interface.cc:318] Pass 0318e18f-9520-4c62-b415-dacfcafb5598 to void (__cdecl artm::core::MasterComponent::*)(class std::basic_string<char,struct std::char_traits<char>,class std::allocator<char> > const & __ptr64) __ptr64
I0119 02:21:04.939842  5288 c_interface.cc:332] Pass GatherDictionaryArgs: dictionary_target_name=0318e18f-9520-4c62-b415-dacfcafb5598, data_path=, symmetric_cooc_values=0 to void (__cdecl artm::core::MasterComponent::*)(class artm::GatherDictionaryArgs const & __ptr64) __ptr64
I0119 02:21:04.939842  5288 dictionary.cc:187] Found 0 batches in '' folder
I0119 02:21:04.939842  5288 dictionary.cc:243] Find 0 unique tokens in 0 items
I0119 02:21:04.939842  5288 c_interface.cc:332] Pass MasterModelConfig: topic_name_size=40, score_config_size=0, num_processors=0, pwt_name=pwt, nwt_name=nwt, num_document_passes=30, reuse_theta=no, cache_theta=yes, opt_for_avx=no, disk_cache_path to void (__cdecl artm::core::MasterComponent::*)(class artm::MasterModelConfig const & __ptr64) __ptr64
I0119 02:21:04.939842  5288 instance.cc:365] MasterModelConfig.processors_count is automatically set to 8
I0119 02:21:04.939842  5288 c_interface.cc:318] Pass pwt to void (__cdecl artm::core::MasterComponent::*)(class std::basic_string<char,struct std::char_traits<char>,class std::allocator<char> > const & __ptr64) __ptr64
I0119 02:21:04.940846  5288 c_interface.cc:318] Pass nwt to void (__cdecl artm::core::MasterComponent::*)(class std::basic_string<char,struct std::char_traits<char>,class std::allocator<char> > const & __ptr64) __ptr64
I0119 02:21:04.940846  5288 c_interface.cc:332] Pass InitializeModelArgs: model_name=pwt, dictionary_name=dictionary, topic_name_size=40 to void (__cdecl artm::core::MasterComponent::*)(class artm::InitializeModelArgs const & __ptr64) __ptr64
I0119 02:21:04.940846  5288 master_component.cc:338] InitializeModel() with 40 topics and 73513 tokens
I0119 02:21:05.361698  5288 c_interface.cc:332] Pass InitializeModelArgs: model_name=nwt, dictionary_name=dictionary, topic_name_size=40 to void (__cdecl artm::core::MasterComponent::*)(class artm::InitializeModelArgs const & __ptr64) __ptr64
I0119 02:21:05.361698  5288 master_component.cc:338] InitializeModel() with 40 topics and 73513 tokens
I0119 02:21:05.757272  5288 phi_matrix_operations.cc:82] RetrieveExternalTopicModel() with 40 topics, 73513 tokens
I0119 02:21:05.832975  5288 c_interface.cc:180] ArtmCopyRequestedMessage is copying 2152885 bytes...
I0119 02:21:07.918556  5288 c_interface.cc:332] Pass FitOfflineMasterModelArgs, batch_filename_size=5, batch_weight_size=5, num_collection_passes=1 to void (__cdecl artm::core::MasterComponent::*)(class artm::FitOfflineMasterModelArgs const & __ptr64) __ptr64
I0119 02:21:07.919551  5288 master_component.cc:942] ProcessBatchesArgs: nwt_target_name=nwt, batch_filename_size=5, batch_size=0, batch_weight_size=5, pwt_source_name=pwt, num_document_passes=30, reuse_theta=no, opt_for_avx=no, predict_class_id=
I0119 02:21:08.044930  4868 processor.cc:683] Processing queue has data, processing started
I0119 02:21:08.044930 10476 processor.cc:683] Processing queue has data, processing started
I0119 02:21:08.044930 10508 processor.cc:683] Processing queue has data, processing started
I0119 02:21:08.044930  4304 processor.cc:683] Processing queue has data, processing started
I0119 02:21:08.045936  5284 processor.cc:683] Processing queue has data, processing started
I0119 02:21:08.065987  4304 processor.cc:760] Processor: start processing batch 01feadb1-9dca-4ecc-8900-78b6b2c1726b into model nwt
I0119 02:21:08.081029 10476 processor.cc:760] Processor: start processing batch fa93482d-725f-43f6-83b9-300480dc1fbb into model nwt
I0119 02:21:08.081029 10508 processor.cc:760] Processor: start processing batch 0bbb922d-24b6-4b39-b053-bf906bcb1e7f into model nwt
I0119 02:21:08.081029  4868 processor.cc:760] Processor: start processing batch 4b27e2ef-3bd1-44f8-8663-1336de6541de into model nwt
I0119 02:21:08.092057  5284 processor.cc:760] Processor: start processing batch 7044a15b-dc78-4f8b-8e21-f334322b308d into model nwt
I0119 02:21:08.766906  4304 processor.cc:856] Processor: complete processing batch 01feadb1-9dca-4ecc-8900-78b6b2c1726b into model nwt
I0119 02:21:08.769915  4304 cuckoo_watch.h:44] 725ms in ProcessBatch(D:\artmonline\data\datasets\postnauka\batches\aaaaad.batch) [including 16ms in LoadMessage; 3ms in InitializeSparseNdw; 698ms in InferThetaAndUpdateNwtSparse; ]
I0119 02:21:08.809018  4304 processor.cc:676] No data in processing queue, waiting...
I0119 02:21:09.037147  5284 processor.cc:856] Processor: complete processing batch 7044a15b-dc78-4f8b-8e21-f334322b308d into model nwt
I0119 02:21:09.065726  5284 cuckoo_watch.h:44] 1019ms in ProcessBatch(D:\artmonline\phi1.batch) [including 38ms in LoadMessage; 7ms in InitializeSparseNdw; 936ms in InferThetaAndUpdateNwtSparse; ]
I0119 02:21:09.102823  5284 processor.cc:676] No data in processing queue, waiting...
I0119 02:21:09.672004 10508 processor.cc:856] Processor: complete processing batch 0bbb922d-24b6-4b39-b053-bf906bcb1e7f into model nwt
I0119 02:21:09.676017 10508 cuckoo_watch.h:44] 1631ms in ProcessBatch(D:\artmonline\data\datasets\postnauka\batches\aaaaaa.batch) [including 32ms in LoadMessage; 17ms in InitializeSparseNdw; 1573ms in InferThetaAndUpdateNwtSparse; ]
I0119 02:21:09.708101 10476 processor.cc:856] Processor: complete processing batch fa93482d-725f-43f6-83b9-300480dc1fbb into model nwt
I0119 02:21:09.714153 10476 cuckoo_watch.h:44] 1669ms in ProcessBatch(D:\artmonline\data\datasets\postnauka\batches\aaaaac.batch) [including 32ms in LoadMessage; 17ms in InitializeSparseNdw; 1609ms in InferThetaAndUpdateNwtSparse; ]
I0119 02:21:09.715145  4868 processor.cc:856] Processor: complete processing batch 4b27e2ef-3bd1-44f8-8663-1336de6541de into model nwt
I0119 02:21:09.716123 10508 processor.cc:676] No data in processing queue, waiting...
I0119 02:21:09.719161  4868 cuckoo_watch.h:44] 1674ms in ProcessBatch(D:\artmonline\data\datasets\postnauka\batches\aaaaab.batch) [including 31ms in LoadMessage; 19ms in InitializeSparseNdw; 1615ms in InferThetaAndUpdateNwtSparse; ]
I0119 02:21:09.720134  5288 master_component.cc:991] NormalizeModelArgs: pwt_target_name=pwt, nwt_source_name=nwt, rwt_source_name=
I0119 02:21:09.720134  5288 master_component.cc:617] MasterComponent: start normalizing model nwt
I0119 02:21:09.754948 10476 processor.cc:676] No data in processing queue, waiting...
I0119 02:21:09.764981  4868 processor.cc:676] No data in processing queue, waiting...
I0119 02:21:09.847929  5288 master_component.cc:639] MasterComponent: complete normalizing model nwt
I0119 02:21:09.847929  5288 master_component.cc:1015] DisposeModel rwt
I0119 02:21:09.847929  5288 c_interface.cc:332] Pass FitOfflineMasterModelArgs, batch_filename_size=5, batch_weight_size=5, num_collection_passes=1 to void (__cdecl artm::core::MasterComponent::*)(class artm::FitOfflineMasterModelArgs const & __ptr64) __ptr64
I0119 02:21:09.847929  5288 master_component.cc:942] ProcessBatchesArgs: nwt_target_name=nwt, batch_filename_size=5, batch_size=0, batch_weight_size=5, pwt_source_name=pwt, num_document_passes=30, reuse_theta=no, opt_for_avx=no, predict_class_id=
I0119 02:21:09.938210 12612 processor.cc:683] Processing queue has data, processing started
I0119 02:21:09.938210 10476 processor.cc:683] Processing queue has data, processing started
I0119 02:21:09.938210  3228 processor.cc:683] Processing queue has data, processing started
I0119 02:21:09.939683  4304 processor.cc:683] Processing queue has data, processing started
I0119 02:21:09.939683  2920 processor.cc:683] Processing queue has data, processing started
I0119 02:21:09.953222  2920 processor.cc:760] Processor: start processing batch 01feadb1-9dca-4ecc-8900-78b6b2c1726b into model nwt
I0119 02:21:09.968263  3228 processor.cc:760] Processor: start processing batch fa93482d-725f-43f6-83b9-300480dc1fbb into model nwt
I0119 02:21:09.968263 12612 processor.cc:760] Processor: start processing batch 4b27e2ef-3bd1-44f8-8663-1336de6541de into model nwt
I0119 02:21:09.968263 10476 processor.cc:760] Processor: start processing batch 0bbb922d-24b6-4b39-b053-bf906bcb1e7f into model nwt
I0119 02:21:09.980295  4304 processor.cc:760] Processor: start processing batch 7044a15b-dc78-4f8b-8e21-f334322b308d into model nwt
I0119 02:21:10.630632  2920 processor.cc:856] Processor: complete processing batch 01feadb1-9dca-4ecc-8900-78b6b2c1726b into model nwt
I0119 02:21:10.634142  2920 cuckoo_watch.h:44] 694ms in ProcessBatch(D:\artmonline\data\datasets\postnauka\batches\aaaaad.batch) [including 9ms in LoadMessage; 1ms in InitializeSparseNdw; 675ms in InferThetaAndUpdateNwtSparse; ]
I0119 02:21:10.671241  2920 processor.cc:676] No data in processing queue, waiting...
I0119 02:21:10.878324  4304 processor.cc:856] Processor: complete processing batch 7044a15b-dc78-4f8b-8e21-f334322b308d into model nwt
I0119 02:21:10.886312  4304 cuckoo_watch.h:44] 946ms in ProcessBatch(D:\artmonline\phi1.batch) [including 33ms in LoadMessage; 2ms in InitializeSparseNdw; 895ms in InferThetaAndUpdateNwtSparse; ]
I0119 02:21:10.923913  4304 processor.cc:676] No data in processing queue, waiting...
I0119 02:21:11.556851 10476 processor.cc:856] Processor: complete processing batch 0bbb922d-24b6-4b39-b053-bf906bcb1e7f into model nwt
I0119 02:21:11.561864 10476 cuckoo_watch.h:44] 1623ms in ProcessBatch(D:\artmonline\data\datasets\postnauka\batches\aaaaaa.batch) [including 27ms in LoadMessage; 11ms in InitializeSparseNdw; 1576ms in InferThetaAndUpdateNwtSparse; ]
I0119 02:21:11.590445  3228 processor.cc:856] Processor: complete processing batch fa93482d-725f-43f6-83b9-300480dc1fbb into model nwt
I0119 02:21:11.591446 10476 processor.cc:676] No data in processing queue, waiting...
I0119 02:21:11.594956  3228 cuckoo_watch.h:44] 1656ms in ProcessBatch(D:\artmonline\data\datasets\postnauka\batches\aaaaac.batch) [including 26ms in LoadMessage; 10ms in InitializeSparseNdw; 1610ms in InferThetaAndUpdateNwtSparse; ]
I0119 02:21:11.633059  3228 processor.cc:676] No data in processing queue, waiting...
I0119 02:21:11.653144 12612 processor.cc:856] Processor: complete processing batch 4b27e2ef-3bd1-44f8-8663-1336de6541de into model nwt
I0119 02:21:11.657156 12612 cuckoo_watch.h:44] 1719ms in ProcessBatch(D:\artmonline\data\datasets\postnauka\batches\aaaaab.batch) [including 27ms in LoadMessage; 10ms in InitializeSparseNdw; 1673ms in InferThetaAndUpdateNwtSparse; ]
I0119 02:21:11.661134  5288 master_component.cc:991] NormalizeModelArgs: pwt_target_name=pwt, nwt_source_name=nwt, rwt_source_name=
I0119 02:21:11.661134  5288 master_component.cc:617] MasterComponent: start normalizing model nwt
I0119 02:21:11.697238 12612 processor.cc:676] No data in processing queue, waiting...
I0119 02:21:11.784031  5288 master_component.cc:639] MasterComponent: complete normalizing model nwt
I0119 02:21:11.784031  5288 master_component.cc:1015] DisposeModel rwt
I0119 02:21:11.784535  5288 c_interface.cc:332] Pass FitOfflineMasterModelArgs, batch_filename_size=5, batch_weight_size=5, num_collection_passes=1 to void (__cdecl artm::core::MasterComponent::*)(class artm::FitOfflineMasterModelArgs const & __ptr64) __ptr64
I0119 02:21:11.784535  5288 master_component.cc:942] ProcessBatchesArgs: nwt_target_name=nwt, batch_filename_size=5, batch_size=0, batch_weight_size=5, pwt_source_name=pwt, num_document_passes=30, reuse_theta=no, opt_for_avx=no, predict_class_id=
I0119 02:21:11.874053  5284 processor.cc:683] Processing queue has data, processing started
I0119 02:21:11.874053 10508 processor.cc:683] Processing queue has data, processing started
I0119 02:21:11.874053  4304 processor.cc:683] Processing queue has data, processing started
I0119 02:21:11.874053  3228 processor.cc:683] Processing queue has data, processing started
I0119 02:21:11.874053  4868 processor.cc:683] Processing queue has data, processing started
I0119 02:21:11.887092  4868 processor.cc:760] Processor: start processing batch 01feadb1-9dca-4ecc-8900-78b6b2c1726b into model nwt
I0119 02:21:11.897624  5284 processor.cc:760] Processor: start processing batch 4b27e2ef-3bd1-44f8-8663-1336de6541de into model nwt
I0119 02:21:11.898625  4304 processor.cc:760] Processor: start processing batch 0bbb922d-24b6-4b39-b053-bf906bcb1e7f into model nwt
I0119 02:21:11.905649  3228 processor.cc:760] Processor: start processing batch fa93482d-725f-43f6-83b9-300480dc1fbb into model nwt
I0119 02:21:11.915671 10508 processor.cc:760] Processor: start processing batch 7044a15b-dc78-4f8b-8e21-f334322b308d into model nwt
I0119 02:21:12.552443  4868 processor.cc:856] Processor: complete processing batch 01feadb1-9dca-4ecc-8900-78b6b2c1726b into model nwt
I0119 02:21:12.555918  4868 cuckoo_watch.h:44] 682ms in ProcessBatch(D:\artmonline\data\datasets\postnauka\batches\aaaaad.batch) [including 9ms in LoadMessage; 1ms in InitializeSparseNdw; 663ms in InferThetaAndUpdateNwtSparse; ]
I0119 02:21:12.599032  4868 processor.cc:676] No data in processing queue, waiting...
I0119 02:21:12.811597 10508 processor.cc:856] Processor: complete processing batch 7044a15b-dc78-4f8b-8e21-f334322b308d into model nwt
I0119 02:21:12.819154 10508 cuckoo_watch.h:44] 945ms in ProcessBatch(D:\artmonline\phi1.batch) [including 35ms in LoadMessage; 2ms in InitializeSparseNdw; 893ms in InferThetaAndUpdateNwtSparse; ]
I0119 02:21:12.852206 10508 processor.cc:676] No data in processing queue, waiting...
I0119 02:21:13.358059  4304 processor.cc:856] Processor: complete processing batch 0bbb922d-24b6-4b39-b053-bf906bcb1e7f into model nwt
I0119 02:21:13.364578  4304 cuckoo_watch.h:44] 1490ms in ProcessBatch(D:\artmonline\data\datasets\postnauka\batches\aaaaaa.batch) [including 19ms in LoadMessage; 8ms in InitializeSparseNdw; 1450ms in InferThetaAndUpdateNwtSparse; ]
I0119 02:21:13.368086  3228 processor.cc:856] Processor: complete processing batch fa93482d-725f-43f6-83b9-300480dc1fbb into model nwt
I0119 02:21:13.372630  3228 cuckoo_watch.h:44] 1498ms in ProcessBatch(D:\artmonline\data\datasets\postnauka\batches\aaaaac.batch) [including 23ms in LoadMessage; 8ms in InitializeSparseNdw; 1453ms in InferThetaAndUpdateNwtSparse; ]
I0119 02:21:13.397727  4304 processor.cc:676] No data in processing queue, waiting...
I0119 02:21:13.410758  5284 processor.cc:856] Processor: complete processing batch 4b27e2ef-3bd1-44f8-8663-1336de6541de into model nwt
I0119 02:21:13.411767  3228 processor.cc:676] No data in processing queue, waiting...
I0119 02:21:13.415776  5284 cuckoo_watch.h:44] 1541ms in ProcessBatch(D:\artmonline\data\datasets\postnauka\batches\aaaaab.batch) [including 19ms in LoadMessage; 7ms in InitializeSparseNdw; 1504ms in InferThetaAndUpdateNwtSparse; ]
I0119 02:21:13.416792  5288 master_component.cc:991] NormalizeModelArgs: pwt_target_name=pwt, nwt_source_name=nwt, rwt_source_name=
I0119 02:21:13.416792  5288 master_component.cc:617] MasterComponent: start normalizing model nwt
I0119 02:21:13.460875  5284 processor.cc:676] No data in processing queue, waiting...
I0119 02:21:13.646396  5288 master_component.cc:639] MasterComponent: complete normalizing model nwt
I0119 02:21:13.646396  5288 master_component.cc:1015] DisposeModel rwt
I0119 02:21:13.646396  5288 c_interface.cc:332] Pass FitOfflineMasterModelArgs, batch_filename_size=5, batch_weight_size=5, num_collection_passes=1 to void (__cdecl artm::core::MasterComponent::*)(class artm::FitOfflineMasterModelArgs const & __ptr64) __ptr64
I0119 02:21:13.646396  5288 master_component.cc:942] ProcessBatchesArgs: nwt_target_name=nwt, batch_filename_size=5, batch_size=0, batch_weight_size=5, pwt_source_name=pwt, num_document_passes=30, reuse_theta=no, opt_for_avx=no, predict_class_id=
I0119 02:21:13.775751 10508 processor.cc:683] Processing queue has data, processing started
I0119 02:21:13.775751 12612 processor.cc:683] Processing queue has data, processing started
I0119 02:21:13.775751  2920 processor.cc:683] Processing queue has data, processing started
I0119 02:21:13.777254  4304 processor.cc:683] Processing queue has data, processing started
I0119 02:21:13.777254 10476 processor.cc:683] Processing queue has data, processing started
I0119 02:21:13.796811  4304 processor.cc:760] Processor: start processing batch 01feadb1-9dca-4ecc-8900-78b6b2c1726b into model nwt
I0119 02:21:13.802834  2920 processor.cc:760] Processor: start processing batch 0bbb922d-24b6-4b39-b053-bf906bcb1e7f into model nwt
I0119 02:21:13.802834 12612 processor.cc:760] Processor: start processing batch 4b27e2ef-3bd1-44f8-8663-1336de6541de into model nwt
I0119 02:21:13.809847 10508 processor.cc:760] Processor: start processing batch fa93482d-725f-43f6-83b9-300480dc1fbb into model nwt
I0119 02:21:13.811854 10476 processor.cc:760] Processor: start processing batch 7044a15b-dc78-4f8b-8e21-f334322b308d into model nwt
I0119 02:21:14.544808  4304 processor.cc:856] Processor: complete processing batch 01feadb1-9dca-4ecc-8900-78b6b2c1726b into model nwt
I0119 02:21:14.548817  4304 cuckoo_watch.h:44] 771ms in ProcessBatch(D:\artmonline\data\datasets\postnauka\batches\aaaaad.batch) [including 13ms in LoadMessage; 2ms in InitializeSparseNdw; 744ms in InferThetaAndUpdateNwtSparse; ]
I0119 02:21:14.581915  4304 processor.cc:676] No data in processing queue, waiting...
I0119 02:21:14.803004 10476 processor.cc:856] Processor: complete processing batch 7044a15b-dc78-4f8b-8e21-f334322b308d into model nwt
I0119 02:21:14.816038 10476 cuckoo_watch.h:44] 1038ms in ProcessBatch(D:\artmonline\phi1.batch) [including 28ms in LoadMessage; 3ms in InitializeSparseNdw; 986ms in InferThetaAndUpdateNwtSparse; ]
I0119 02:21:14.849627 10476 processor.cc:676] No data in processing queue, waiting...
I0119 02:21:15.361582  2920 processor.cc:856] Processor: complete processing batch 0bbb922d-24b6-4b39-b053-bf906bcb1e7f into model nwt
I0119 02:21:15.366096  2920 cuckoo_watch.h:44] 1590ms in ProcessBatch(D:\artmonline\data\datasets\postnauka\batches\aaaaaa.batch) [including 22ms in LoadMessage; 8ms in InitializeSparseNdw; 1549ms in InferThetaAndUpdateNwtSparse; ]
I0119 02:21:15.383646 10508 processor.cc:856] Processor: complete processing batch fa93482d-725f-43f6-83b9-300480dc1fbb into model nwt
I0119 02:21:15.385650 12612 processor.cc:856] Processor: complete processing batch 4b27e2ef-3bd1-44f8-8663-1336de6541de into model nwt
I0119 02:21:15.388691 10508 cuckoo_watch.h:44] 1613ms in ProcessBatch(D:\artmonline\data\datasets\postnauka\batches\aaaaac.batch) [including 27ms in LoadMessage; 7ms in InitializeSparseNdw; 1565ms in InferThetaAndUpdateNwtSparse; ]
I0119 02:21:15.394706 12612 cuckoo_watch.h:44] 1619ms in ProcessBatch(D:\artmonline\data\datasets\postnauka\batches\aaaaab.batch) [including 22ms in LoadMessage; 10ms in InitializeSparseNdw; 1572ms in InferThetaAndUpdateNwtSparse; ]
I0119 02:21:15.396679  5288 master_component.cc:991] NormalizeModelArgs: pwt_target_name=pwt, nwt_source_name=nwt, rwt_source_name=
I0119 02:21:15.396679  5288 master_component.cc:617] MasterComponent: start normalizing model nwt
I0119 02:21:15.406740  2920 processor.cc:676] No data in processing queue, waiting...
I0119 02:21:15.431803 10508 processor.cc:676] No data in processing queue, waiting...
I0119 02:21:15.436820 12612 processor.cc:676] No data in processing queue, waiting...
I0119 02:21:15.521988  5288 master_component.cc:639] MasterComponent: complete normalizing model nwt
I0119 02:21:15.521988  5288 master_component.cc:1015] DisposeModel rwt
I0119 02:21:15.522991  5288 c_interface.cc:332] Pass FitOfflineMasterModelArgs, batch_filename_size=5, batch_weight_size=5, num_collection_passes=1 to void (__cdecl artm::core::MasterComponent::*)(class artm::FitOfflineMasterModelArgs const & __ptr64) __ptr64
I0119 02:21:15.522991  5288 master_component.cc:942] ProcessBatchesArgs: nwt_target_name=nwt, batch_filename_size=5, batch_size=0, batch_weight_size=5, pwt_source_name=pwt, num_document_passes=30, reuse_theta=no, opt_for_avx=no, predict_class_id=
I0119 02:21:15.612566  4868 processor.cc:683] Processing queue has data, processing started
I0119 02:21:15.612566 10476 processor.cc:683] Processing queue has data, processing started
I0119 02:21:15.612566  4304 processor.cc:683] Processing queue has data, processing started
I0119 02:21:15.612566  2920 processor.cc:683] Processing queue has data, processing started
I0119 02:21:15.612566 10508 processor.cc:683] Processing queue has data, processing started
I0119 02:21:15.632622 10508 processor.cc:760] Processor: start processing batch 01feadb1-9dca-4ecc-8900-78b6b2c1726b into model nwt
I0119 02:21:15.639641  4868 processor.cc:760] Processor: start processing batch 4b27e2ef-3bd1-44f8-8663-1336de6541de into model nwt
I0119 02:21:15.642648 10476 processor.cc:760] Processor: start processing batch 7044a15b-dc78-4f8b-8e21-f334322b308d into model nwt
I0119 02:21:15.643652  4304 processor.cc:760] Processor: start processing batch fa93482d-725f-43f6-83b9-300480dc1fbb into model nwt
I0119 02:21:15.646661  2920 processor.cc:760] Processor: start processing batch 0bbb922d-24b6-4b39-b053-bf906bcb1e7f into model nwt
I0119 02:21:16.567231 10508 processor.cc:856] Processor: complete processing batch 01feadb1-9dca-4ecc-8900-78b6b2c1726b into model nwt
I0119 02:21:16.570240 10508 cuckoo_watch.h:44] 957ms in ProcessBatch(D:\artmonline\data\datasets\postnauka\batches\aaaaad.batch) [including 15ms in LoadMessage; 2ms in InitializeSparseNdw; 931ms in InferThetaAndUpdateNwtSparse; ]
I0119 02:21:16.604830 10508 processor.cc:676] No data in processing queue, waiting...
I0119 02:21:16.858006 10476 processor.cc:856] Processor: complete processing batch 7044a15b-dc78-4f8b-8e21-f334322b308d into model nwt
I0119 02:21:16.870043 10476 cuckoo_watch.h:44] 1257ms in ProcessBatch(D:\artmonline\phi1.batch) [including 23ms in LoadMessage; 4ms in InitializeSparseNdw; 1210ms in InferThetaAndUpdateNwtSparse; ]
I0119 02:21:16.902164 10476 processor.cc:676] No data in processing queue, waiting...
I0119 02:21:17.421300  2920 processor.cc:856] Processor: complete processing batch 0bbb922d-24b6-4b39-b053-bf906bcb1e7f into model nwt
I0119 02:21:17.425310  2920 cuckoo_watch.h:44] 1813ms in ProcessBatch(D:\artmonline\data\datasets\postnauka\batches\aaaaaa.batch) [including 27ms in LoadMessage; 8ms in InitializeSparseNdw; 1766ms in InferThetaAndUpdateNwtSparse; ]
I0119 02:21:17.442389  4868 processor.cc:856] Processor: complete processing batch 4b27e2ef-3bd1-44f8-8663-1336de6541de into model nwt
I0119 02:21:17.447369  4868 cuckoo_watch.h:44] 1834ms in ProcessBatch(D:\artmonline\data\datasets\postnauka\batches\aaaaab.batch) [including 21ms in LoadMessage; 9ms in InitializeSparseNdw; 1792ms in InferThetaAndUpdateNwtSparse; ]
I0119 02:21:17.447369  4304 processor.cc:856] Processor: complete processing batch fa93482d-725f-43f6-83b9-300480dc1fbb into model nwt
I0119 02:21:17.451381  4304 cuckoo_watch.h:44] 1839ms in ProcessBatch(D:\artmonline\data\datasets\postnauka\batches\aaaaac.batch) [including 25ms in LoadMessage; 8ms in InitializeSparseNdw; 1794ms in InferThetaAndUpdateNwtSparse; ]
I0119 02:21:17.453430  5288 master_component.cc:991] NormalizeModelArgs: pwt_target_name=pwt, nwt_source_name=nwt, rwt_source_name=
I0119 02:21:17.453430  5288 master_component.cc:617] MasterComponent: start normalizing model nwt
I0119 02:21:17.474020  2920 processor.cc:676] No data in processing queue, waiting...
I0119 02:21:17.485559  4868 processor.cc:676] No data in processing queue, waiting...
I0119 02:21:17.495616  4304 processor.cc:676] No data in processing queue, waiting...
I0119 02:21:17.607873  5288 master_component.cc:639] MasterComponent: complete normalizing model nwt
I0119 02:21:17.607873  5288 master_component.cc:1015] DisposeModel rwt
I0119 02:21:17.607873  5288 c_interface.cc:332] Pass FitOfflineMasterModelArgs, batch_filename_size=5, batch_weight_size=5, num_collection_passes=1 to void (__cdecl artm::core::MasterComponent::*)(class artm::FitOfflineMasterModelArgs const & __ptr64) __ptr64
I0119 02:21:17.607873  5288 master_component.cc:942] ProcessBatchesArgs: nwt_target_name=nwt, batch_filename_size=5, batch_size=0, batch_weight_size=5, pwt_source_name=pwt, num_document_passes=30, reuse_theta=no, opt_for_avx=no, predict_class_id=
I0119 02:21:17.698148 10476 processor.cc:683] Processing queue has data, processing started
I0119 02:21:17.698148 12612 processor.cc:683] Processing queue has data, processing started
I0119 02:21:17.698148 10508 processor.cc:683] Processing queue has data, processing started
I0119 02:21:17.698148  2920 processor.cc:683] Processing queue has data, processing started
I0119 02:21:17.702131  3228 processor.cc:683] Processing queue has data, processing started
I0119 02:21:17.712157  2920 processor.cc:760] Processor: start processing batch 01feadb1-9dca-4ecc-8900-78b6b2c1726b into model nwt
I0119 02:21:17.721181 10508 processor.cc:760] Processor: start processing batch 4b27e2ef-3bd1-44f8-8663-1336de6541de into model nwt
I0119 02:21:17.728204 10476 processor.cc:760] Processor: start processing batch fa93482d-725f-43f6-83b9-300480dc1fbb into model nwt
I0119 02:21:17.730209 12612 processor.cc:760] Processor: start processing batch 0bbb922d-24b6-4b39-b053-bf906bcb1e7f into model nwt
I0119 02:21:17.740233  3228 processor.cc:760] Processor: start processing batch 7044a15b-dc78-4f8b-8e21-f334322b308d into model nwt
I0119 02:21:18.618191  2920 processor.cc:856] Processor: complete processing batch 01feadb1-9dca-4ecc-8900-78b6b2c1726b into model nwt
I0119 02:21:18.620195  2920 cuckoo_watch.h:44] 922ms in ProcessBatch(D:\artmonline\data\datasets\postnauka\batches\aaaaad.batch) [including 9ms in LoadMessage; 2ms in InitializeSparseNdw; 903ms in InferThetaAndUpdateNwtSparse; ]
I0119 02:21:18.666327  2920 processor.cc:676] No data in processing queue, waiting...
I0119 02:21:18.883920  3228 processor.cc:856] Processor: complete processing batch 7044a15b-dc78-4f8b-8e21-f334322b308d into model nwt
I0119 02:21:18.890938  3228 cuckoo_watch.h:44] 1189ms in ProcessBatch(D:\artmonline\phi1.batch) [including 32ms in LoadMessage; 3ms in InitializeSparseNdw; 1140ms in InferThetaAndUpdateNwtSparse; ]
I0119 02:21:18.930544  3228 processor.cc:676] No data in processing queue, waiting...
I0119 02:21:19.441573 12612 processor.cc:856] Processor: complete processing batch 0bbb922d-24b6-4b39-b053-bf906bcb1e7f into model nwt
I0119 02:21:19.445583 12612 cuckoo_watch.h:44] 1747ms in ProcessBatch(D:\artmonline\data\datasets\postnauka\batches\aaaaaa.batch) [including 25ms in LoadMessage; 9ms in InitializeSparseNdw; 1701ms in InferThetaAndUpdateNwtSparse; ]
I0119 02:21:19.469147 10508 processor.cc:856] Processor: complete processing batch 4b27e2ef-3bd1-44f8-8663-1336de6541de into model nwt
I0119 02:21:19.475163 10508 cuckoo_watch.h:44] 1777ms in ProcessBatch(D:\artmonline\data\datasets\postnauka\batches\aaaaab.batch) [including 18ms in LoadMessage; 7ms in InitializeSparseNdw; 1740ms in InferThetaAndUpdateNwtSparse; ]
I0119 02:21:19.476166 10476 processor.cc:856] Processor: complete processing batch fa93482d-725f-43f6-83b9-300480dc1fbb into model nwt
I0119 02:21:19.477169 12612 processor.cc:676] No data in processing queue, waiting...
I0119 02:21:19.480177 10476 cuckoo_watch.h:44] 1782ms in ProcessBatch(D:\artmonline\data\datasets\postnauka\batches\aaaaac.batch) [including 23ms in LoadMessage; 8ms in InitializeSparseNdw; 1739ms in InferThetaAndUpdateNwtSparse; ]
I0119 02:21:19.483177  5288 master_component.cc:991] NormalizeModelArgs: pwt_target_name=pwt, nwt_source_name=nwt, rwt_source_name=
I0119 02:21:19.483177  5288 master_component.cc:617] MasterComponent: start normalizing model nwt
I0119 02:21:19.512285 10508 processor.cc:676] No data in processing queue, waiting...
I0119 02:21:19.516295 10476 processor.cc:676] No data in processing queue, waiting...
I0119 02:21:19.628664  5288 master_component.cc:639] MasterComponent: complete normalizing model nwt
I0119 02:21:19.628664  5288 master_component.cc:1015] DisposeModel rwt
I0119 02:21:19.628664  5288 c_interface.cc:332] Pass FitOfflineMasterModelArgs, batch_filename_size=5, batch_weight_size=5, num_collection_passes=1 to void (__cdecl artm::core::MasterComponent::*)(class artm::FitOfflineMasterModelArgs const & __ptr64) __ptr64
I0119 02:21:19.628664  5288 master_component.cc:942] ProcessBatchesArgs: nwt_target_name=nwt, batch_filename_size=5, batch_size=0, batch_weight_size=5, pwt_source_name=pwt, num_document_passes=30, reuse_theta=no, opt_for_avx=no, predict_class_id=
I0119 02:21:19.714926  4304 processor.cc:683] Processing queue has data, processing started
I0119 02:21:19.714926  4868 processor.cc:683] Processing queue has data, processing started
I0119 02:21:19.714926 12612 processor.cc:683] Processing queue has data, processing started
I0119 02:21:19.717907 10476 processor.cc:683] Processing queue has data, processing started
I0119 02:21:19.717907  3228 processor.cc:683] Processing queue has data, processing started
I0119 02:21:19.737464 10476 processor.cc:760] Processor: start processing batch 01feadb1-9dca-4ecc-8900-78b6b2c1726b into model nwt
I0119 02:21:19.739972 12612 processor.cc:760] Processor: start processing batch fa93482d-725f-43f6-83b9-300480dc1fbb into model nwt
I0119 02:21:19.740474  4868 processor.cc:760] Processor: start processing batch 0bbb922d-24b6-4b39-b053-bf906bcb1e7f into model nwt
I0119 02:21:19.743983  4304 processor.cc:760] Processor: start processing batch 4b27e2ef-3bd1-44f8-8663-1336de6541de into model nwt
I0119 02:21:19.755028  3228 processor.cc:760] Processor: start processing batch 7044a15b-dc78-4f8b-8e21-f334322b308d into model nwt
I0119 02:21:20.585871 10476 processor.cc:856] Processor: complete processing batch 01feadb1-9dca-4ecc-8900-78b6b2c1726b into model nwt
