Log file created at: 2017/01/18 18:35:54
Running on machine: FEDIMSER
Log line format: [IWEF]mmdd hh:mm:ss.uuuuuu threadid file:line] msg
I0118 18:35:54.140025 11840 c_interface.cc:74] Logging enabled to .
I0118 18:35:54.141044 11840 c_interface.cc:221] Creating MasterModel (id=1)...
I0118 18:35:54.142027 11840 c_interface.cc:318] Pass c1ddc256-c262-4da8-8a04-20e336e1bdaf to void (__cdecl artm::core::MasterComponent::*)(class std::basic_string<char,struct std::char_traits<char>,class std::allocator<char> > const & __ptr64) __ptr64
I0118 18:35:54.142027 11840 c_interface.cc:332] Pass GatherDictionaryArgs: dictionary_target_name=c1ddc256-c262-4da8-8a04-20e336e1bdaf, data_path=D:\artmonline\data\datasets\postnauka\batches, symmetric_cooc_values=0 to void (__cdecl artm::core::MasterComponent::*)(class artm::GatherDictionaryArgs const & __ptr64) __ptr64
I0118 18:35:54.142027 11840 dictionary.cc:187] Found 4 batches in 'D:\artmonline\data\datasets\postnauka\batches' folder
I0118 18:36:12.149981 11840 dictionary.cc:243] Find 73513 unique tokens in 3446 items
I0118 18:36:12.312418 11840 c_interface.cc:221] Creating MasterModel (id=2)...
I0118 18:36:12.312418 11840 c_interface.cc:318] Pass dictionary to void (__cdecl artm::core::MasterComponent::*)(class std::basic_string<char,struct std::char_traits<char>,class std::allocator<char> > const & __ptr64) __ptr64
I0118 18:36:13.895850 11840 instance.cc:365] MasterModelConfig.processors_count is automatically set to 8
I0118 18:36:13.895850 11840 c_interface.cc:221] Creating MasterModel (id=3)...
I0118 18:36:13.895850  9272 processor.cc:660] Processor thread started
I0118 18:36:13.896870 11840 c_interface.cc:332] Pass MasterModelConfig: topic_name_size=10, score_config_size=0, num_processors=0, pwt_name=pwt, nwt_name=nwt, num_document_passes=30, reuse_theta=no, cache_theta=yes, opt_for_avx=no, disk_cache_path to void (__cdecl artm::core::MasterComponent::*)(class artm::MasterModelConfig const & __ptr64) __ptr64
I0118 18:36:13.896870 13392 processor.cc:660] Processor thread started
I0118 18:36:13.896870 11840 instance.cc:365] MasterModelConfig.processors_count is automatically set to 8
I0118 18:36:13.896870 14024 processor.cc:660] Processor thread started
I0118 18:36:13.896870 11840 c_interface.cc:318] Pass pwt to void (__cdecl artm::core::MasterComponent::*)(class std::basic_string<char,struct std::char_traits<char>,class std::allocator<char> > const & __ptr64) __ptr64
I0118 18:36:13.896870 11840 c_interface.cc:318] Pass nwt to void (__cdecl artm::core::MasterComponent::*)(class std::basic_string<char,struct std::char_traits<char>,class std::allocator<char> > const & __ptr64) __ptr64
I0118 18:36:13.896870 13244 processor.cc:660] Processor thread started
I0118 18:36:13.896870 14044 processor.cc:660] Processor thread started
I0118 18:36:13.896870 11840 c_interface.cc:332] Pass InitializeModelArgs: model_name=pwt, dictionary_name=dictionary, topic_name_size=10 to void (__cdecl artm::core::MasterComponent::*)(class artm::InitializeModelArgs const & __ptr64) __ptr64
I0118 18:36:13.896870 11840 master_component.cc:338] InitializeModel() with 10 topics and 73513 tokens
I0118 18:36:13.896870 12328 processor.cc:660] Processor thread started
I0118 18:36:13.896870 13564 processor.cc:660] Processor thread started
I0118 18:36:13.896870 13544 processor.cc:660] Processor thread started
I0118 18:36:13.922921 13244 processor.cc:676] No data in processing queue, waiting...
I0118 18:36:13.922921 14044 processor.cc:676] No data in processing queue, waiting...
I0118 18:36:13.922921 13392 processor.cc:676] No data in processing queue, waiting...
I0118 18:36:13.922921 14024 processor.cc:676] No data in processing queue, waiting...
I0118 18:36:13.922921 13544 processor.cc:676] No data in processing queue, waiting...
I0118 18:36:13.922921 13564 processor.cc:676] No data in processing queue, waiting...
I0118 18:36:13.922921  9272 processor.cc:676] No data in processing queue, waiting...
I0118 18:36:13.922921 12328 processor.cc:676] No data in processing queue, waiting...
I0118 18:36:14.242771 11840 c_interface.cc:332] Pass InitializeModelArgs: model_name=nwt, dictionary_name=dictionary, topic_name_size=10 to void (__cdecl artm::core::MasterComponent::*)(class artm::InitializeModelArgs const & __ptr64) __ptr64
I0118 18:36:14.242771 11840 master_component.cc:338] InitializeModel() with 10 topics and 73513 tokens
I0118 18:36:14.583678 11840 phi_matrix_operations.cc:82] RetrieveExternalTopicModel() with 10 topics, 73513 tokens
I0118 18:36:14.645843 11840 c_interface.cc:180] ArtmCopyRequestedMessage is copying 2152765 bytes...
I0118 18:36:16.579015 11840 c_interface.cc:332] Pass FitOfflineMasterModelArgs, batch_filename_size=4, batch_weight_size=4, num_collection_passes=1 to void (__cdecl artm::core::MasterComponent::*)(class artm::FitOfflineMasterModelArgs const & __ptr64) __ptr64
I0118 18:36:16.579015 11840 master_component.cc:942] ProcessBatchesArgs: nwt_target_name=nwt, batch_filename_size=4, batch_size=0, batch_weight_size=4, pwt_source_name=pwt, num_document_passes=30, reuse_theta=no, opt_for_avx=no, predict_class_id=
I0118 18:36:16.694319 11840 master_component.cc:478] Batches count (=4) is smaller than num processors (=8), which may cause suboptimal performance.
I0118 18:36:16.696338 13564 processor.cc:683] Processing queue has data, processing started
I0118 18:36:16.696338 14024 processor.cc:683] Processing queue has data, processing started
I0118 18:36:16.696338 12328 processor.cc:683] Processing queue has data, processing started
I0118 18:36:16.698333 13544 processor.cc:683] Processing queue has data, processing started
I0118 18:36:16.718384 13544 processor.cc:760] Processor: start processing batch e4841d68-82e0-48fd-93eb-bd1c2ec53b47 into model nwt
I0118 18:36:16.726409 14024 processor.cc:760] Processor: start processing batch 9e5ab146-6980-4705-a8b6-a18ebb5dc926 into model nwt
I0118 18:36:16.729415 13564 processor.cc:760] Processor: start processing batch 9ebeb5ff-2218-45d7-aa3c-8d3aec4bf25d into model nwt
I0118 18:36:16.729415 12328 processor.cc:760] Processor: start processing batch 67cf4f19-31ed-4ee1-b5a7-402f7c7416e3 into model nwt
I0118 18:36:16.998128 13544 processor.cc:856] Processor: complete processing batch e4841d68-82e0-48fd-93eb-bd1c2ec53b47 into model nwt
I0118 18:36:17.001135 13544 cuckoo_watch.h:44] 303ms in ProcessBatch(D:\artmonline\data\datasets\postnauka\batches\aaaaad.batch) [including 14ms in LoadMessage; 3ms in InitializeSparseNdw; 276ms in InferThetaAndUpdateNwtSparse; ]
I0118 18:36:17.032219 13544 processor.cc:676] No data in processing queue, waiting...
I0118 18:36:17.339033 14024 processor.cc:856] Processor: complete processing batch 9e5ab146-6980-4705-a8b6-a18ebb5dc926 into model nwt
I0118 18:36:17.343044 14024 cuckoo_watch.h:44] 647ms in ProcessBatch(D:\artmonline\data\datasets\postnauka\batches\aaaaaa.batch) [including 26ms in LoadMessage; 8ms in InitializeSparseNdw; 603ms in InferThetaAndUpdateNwtSparse; ]
I0118 18:36:17.354074 13564 processor.cc:856] Processor: complete processing batch 9ebeb5ff-2218-45d7-aa3c-8d3aec4bf25d into model nwt
I0118 18:36:17.355075 12328 processor.cc:856] Processor: complete processing batch 67cf4f19-31ed-4ee1-b5a7-402f7c7416e3 into model nwt
I0118 18:36:17.361122 13564 cuckoo_watch.h:44] 664ms in ProcessBatch(D:\artmonline\data\datasets\postnauka\batches\aaaaac.batch) [including 28ms in LoadMessage; 8ms in InitializeSparseNdw; 616ms in InferThetaAndUpdateNwtSparse; ]
I0118 18:36:17.362126 12328 cuckoo_watch.h:44] 665ms in ProcessBatch(D:\artmonline\data\datasets\postnauka\batches\aaaaab.batch) [including 29ms in LoadMessage; 9ms in InitializeSparseNdw; 616ms in InferThetaAndUpdateNwtSparse; ]
I0118 18:36:17.363127 11840 master_component.cc:991] NormalizeModelArgs: pwt_target_name=pwt, nwt_source_name=nwt, rwt_source_name=
I0118 18:36:17.363127 11840 master_component.cc:617] MasterComponent: start normalizing model nwt
I0118 18:36:17.377135 14024 processor.cc:676] No data in processing queue, waiting...
I0118 18:36:17.392206 13564 processor.cc:676] No data in processing queue, waiting...
I0118 18:36:17.395184 12328 processor.cc:676] No data in processing queue, waiting...
I0118 18:36:17.482441 11840 master_component.cc:639] MasterComponent: complete normalizing model nwt
I0118 18:36:17.482441 11840 master_component.cc:1015] DisposeModel rwt
I0118 18:36:17.483445 11840 c_interface.cc:332] Pass FitOfflineMasterModelArgs, batch_filename_size=4, batch_weight_size=4, num_collection_passes=1 to void (__cdecl artm::core::MasterComponent::*)(class artm::FitOfflineMasterModelArgs const & __ptr64) __ptr64
I0118 18:36:17.483445 11840 master_component.cc:942] ProcessBatchesArgs: nwt_target_name=nwt, batch_filename_size=4, batch_size=0, batch_weight_size=4, pwt_source_name=pwt, num_document_passes=30, reuse_theta=no, opt_for_avx=no, predict_class_id=
I0118 18:36:17.581679 13564 processor.cc:683] Processing queue has data, processing started
I0118 18:36:17.581679 12328 processor.cc:683] Processing queue has data, processing started
I0118 18:36:17.581679 13392 processor.cc:683] Processing queue has data, processing started
I0118 18:36:17.581679 13544 processor.cc:683] Processing queue has data, processing started
I0118 18:36:17.600733 13544 processor.cc:760] Processor: start processing batch e4841d68-82e0-48fd-93eb-bd1c2ec53b47 into model nwt
I0118 18:36:17.612764 13564 processor.cc:760] Processor: start processing batch 67cf4f19-31ed-4ee1-b5a7-402f7c7416e3 into model nwt
I0118 18:36:17.615774 13392 processor.cc:760] Processor: start processing batch 9e5ab146-6980-4705-a8b6-a18ebb5dc926 into model nwt
I0118 18:36:17.615774 12328 processor.cc:760] Processor: start processing batch 9ebeb5ff-2218-45d7-aa3c-8d3aec4bf25d into model nwt
I0118 18:36:17.906543 13544 processor.cc:856] Processor: complete processing batch e4841d68-82e0-48fd-93eb-bd1c2ec53b47 into model nwt
I0118 18:36:17.909550 13544 cuckoo_watch.h:44] 328ms in ProcessBatch(D:\artmonline\data\datasets\postnauka\batches\aaaaad.batch) [including 15ms in LoadMessage; 2ms in InitializeSparseNdw; 303ms in InferThetaAndUpdateNwtSparse; ]
I0118 18:36:17.942638 13544 processor.cc:676] No data in processing queue, waiting...
I0118 18:36:18.260483 13392 processor.cc:856] Processor: complete processing batch 9e5ab146-6980-4705-a8b6-a18ebb5dc926 into model nwt
I0118 18:36:18.269507 13392 cuckoo_watch.h:44] 688ms in ProcessBatch(D:\artmonline\data\datasets\postnauka\batches\aaaaaa.batch) [including 28ms in LoadMessage; 10ms in InitializeSparseNdw; 633ms in InferThetaAndUpdateNwtSparse; ]
I0118 18:36:18.275524 12328 processor.cc:856] Processor: complete processing batch 9ebeb5ff-2218-45d7-aa3c-8d3aec4bf25d into model nwt
I0118 18:36:18.281539 12328 cuckoo_watch.h:44] 700ms in ProcessBatch(D:\artmonline\data\datasets\postnauka\batches\aaaaac.batch) [including 28ms in LoadMessage; 10ms in InitializeSparseNdw; 648ms in InferThetaAndUpdateNwtSparse; ]
I0118 18:36:18.293572 13392 processor.cc:676] No data in processing queue, waiting...
I0118 18:36:18.298619 13564 processor.cc:856] Processor: complete processing batch 67cf4f19-31ed-4ee1-b5a7-402f7c7416e3 into model nwt
I0118 18:36:18.303632 13564 cuckoo_watch.h:44] 722ms in ProcessBatch(D:\artmonline\data\datasets\postnauka\batches\aaaaab.batch) [including 25ms in LoadMessage; 10ms in InitializeSparseNdw; 674ms in InferThetaAndUpdateNwtSparse; ]
I0118 18:36:18.304631 11840 master_component.cc:991] NormalizeModelArgs: pwt_target_name=pwt, nwt_source_name=nwt, rwt_source_name=
I0118 18:36:18.304631 11840 master_component.cc:617] MasterComponent: start normalizing model nwt
I0118 18:36:18.314628 12328 processor.cc:676] No data in processing queue, waiting...
I0118 18:36:18.340724 13564 processor.cc:676] No data in processing queue, waiting...
I0118 18:36:18.399853 11840 master_component.cc:639] MasterComponent: complete normalizing model nwt
I0118 18:36:18.399853 11840 master_component.cc:1015] DisposeModel rwt
I0118 18:36:18.399853 11840 c_interface.cc:332] Pass FitOfflineMasterModelArgs, batch_filename_size=4, batch_weight_size=4, num_collection_passes=1 to void (__cdecl artm::core::MasterComponent::*)(class artm::FitOfflineMasterModelArgs const & __ptr64) __ptr64
I0118 18:36:18.399853 11840 master_component.cc:942] ProcessBatchesArgs: nwt_target_name=nwt, batch_filename_size=4, batch_size=0, batch_weight_size=4, pwt_source_name=pwt, num_document_passes=30, reuse_theta=no, opt_for_avx=no, predict_class_id=
I0118 18:36:18.487198 14024 processor.cc:683] Processing queue has data, processing started
I0118 18:36:18.487198 14044 processor.cc:683] Processing queue has data, processing started
I0118 18:36:18.487198 13244 processor.cc:683] Processing queue has data, processing started
I0118 18:36:18.487198  9272 processor.cc:683] Processing queue has data, processing started
I0118 18:36:18.504132  9272 processor.cc:760] Processor: start processing batch e4841d68-82e0-48fd-93eb-bd1c2ec53b47 into model nwt
I0118 18:36:18.511183 14044 processor.cc:760] Processor: start processing batch 9e5ab146-6980-4705-a8b6-a18ebb5dc926 into model nwt
I0118 18:36:18.514160 14024 processor.cc:760] Processor: start processing batch 67cf4f19-31ed-4ee1-b5a7-402f7c7416e3 into model nwt
I0118 18:36:18.516163 13244 processor.cc:760] Processor: start processing batch 9ebeb5ff-2218-45d7-aa3c-8d3aec4bf25d into model nwt
I0118 18:36:18.799917  9272 processor.cc:856] Processor: complete processing batch e4841d68-82e0-48fd-93eb-bd1c2ec53b47 into model nwt
I0118 18:36:18.802925  9272 cuckoo_watch.h:44] 315ms in ProcessBatch(D:\artmonline\data\datasets\postnauka\batches\aaaaad.batch) [including 11ms in LoadMessage; 2ms in InitializeSparseNdw; 293ms in InferThetaAndUpdateNwtSparse; ]
I0118 18:36:18.830031  9272 processor.cc:676] No data in processing queue, waiting...
I0118 18:36:19.121773 13244 processor.cc:856] Processor: complete processing batch 9ebeb5ff-2218-45d7-aa3c-8d3aec4bf25d into model nwt
I0118 18:36:19.123785 14044 processor.cc:856] Processor: complete processing batch 9e5ab146-6980-4705-a8b6-a18ebb5dc926 into model nwt
I0118 18:36:19.129796 13244 cuckoo_watch.h:44] 643ms in ProcessBatch(D:\artmonline\data\datasets\postnauka\batches\aaaaac.batch) [including 23ms in LoadMessage; 7ms in InitializeSparseNdw; 597ms in InferThetaAndUpdateNwtSparse; ]
I0118 18:36:19.131800 14044 cuckoo_watch.h:44] 645ms in ProcessBatch(D:\artmonline\data\datasets\postnauka\batches\aaaaaa.batch) [including 18ms in LoadMessage; 7ms in InitializeSparseNdw; 604ms in InferThetaAndUpdateNwtSparse; ]
I0118 18:36:19.154860 13244 processor.cc:676] No data in processing queue, waiting...
I0118 18:36:19.156867 14044 processor.cc:676] No data in processing queue, waiting...
I0118 18:36:19.156867 14024 processor.cc:856] Processor: complete processing batch 67cf4f19-31ed-4ee1-b5a7-402f7c7416e3 into model nwt
I0118 18:36:19.162883 14024 cuckoo_watch.h:44] 675ms in ProcessBatch(D:\artmonline\data\datasets\postnauka\batches\aaaaab.batch) [including 21ms in LoadMessage; 9ms in InitializeSparseNdw; 632ms in InferThetaAndUpdateNwtSparse; ]
I0118 18:36:19.163897 11840 master_component.cc:991] NormalizeModelArgs: pwt_target_name=pwt, nwt_source_name=nwt, rwt_source_name=
I0118 18:36:19.163897 11840 master_component.cc:617] MasterComponent: start normalizing model nwt
I0118 18:36:19.188951 14024 processor.cc:676] No data in processing queue, waiting...
I0118 18:36:19.277185 11840 master_component.cc:639] MasterComponent: complete normalizing model nwt
I0118 18:36:19.277185 11840 master_component.cc:1015] DisposeModel rwt
I0118 18:36:19.277185 11840 c_interface.cc:332] Pass FitOfflineMasterModelArgs, batch_filename_size=4, batch_weight_size=4, num_collection_passes=1 to void (__cdecl artm::core::MasterComponent::*)(class artm::FitOfflineMasterModelArgs const & __ptr64) __ptr64
I0118 18:36:19.277185 11840 master_component.cc:942] ProcessBatchesArgs: nwt_target_name=nwt, batch_filename_size=4, batch_size=0, batch_weight_size=4, pwt_source_name=pwt, num_document_passes=30, reuse_theta=no, opt_for_avx=no, predict_class_id=
I0118 18:36:19.369556 13244 processor.cc:683] Processing queue has data, processing started
I0118 18:36:19.369556 13564 processor.cc:683] Processing queue has data, processing started
I0118 18:36:19.369556  9272 processor.cc:683] Processing queue has data, processing started
I0118 18:36:19.369556 13392 processor.cc:683] Processing queue has data, processing started
I0118 18:36:19.385476 13244 processor.cc:760] Processor: start processing batch e4841d68-82e0-48fd-93eb-bd1c2ec53b47 into model nwt
I0118 18:36:19.393498 13564 processor.cc:760] Processor: start processing batch 9ebeb5ff-2218-45d7-aa3c-8d3aec4bf25d into model nwt
I0118 18:36:19.396507  9272 processor.cc:760] Processor: start processing batch 9e5ab146-6980-4705-a8b6-a18ebb5dc926 into model nwt
I0118 18:36:19.403522 13392 processor.cc:760] Processor: start processing batch 67cf4f19-31ed-4ee1-b5a7-402f7c7416e3 into model nwt
I0118 18:36:19.658200 13244 processor.cc:856] Processor: complete processing batch e4841d68-82e0-48fd-93eb-bd1c2ec53b47 into model nwt
I0118 18:36:19.662210 13244 cuckoo_watch.h:44] 292ms in ProcessBatch(D:\artmonline\data\datasets\postnauka\batches\aaaaad.batch) [including 11ms in LoadMessage; 2ms in InitializeSparseNdw; 269ms in InferThetaAndUpdateNwtSparse; ]
I0118 18:36:19.696300 13244 processor.cc:676] No data in processing queue, waiting...
I0118 18:36:20.005156 13392 processor.cc:856] Processor: complete processing batch 67cf4f19-31ed-4ee1-b5a7-402f7c7416e3 into model nwt
I0118 18:36:20.008131  9272 processor.cc:856] Processor: complete processing batch 9e5ab146-6980-4705-a8b6-a18ebb5dc926 into model nwt
I0118 18:36:20.011169 13392 cuckoo_watch.h:44] 641ms in ProcessBatch(D:\artmonline\data\datasets\postnauka\batches\aaaaab.batch) [including 27ms in LoadMessage; 5ms in InitializeSparseNdw; 595ms in InferThetaAndUpdateNwtSparse; ]
I0118 18:36:20.014147  9272 cuckoo_watch.h:44] 644ms in ProcessBatch(D:\artmonline\data\datasets\postnauka\batches\aaaaaa.batch) [including 22ms in LoadMessage; 6ms in InitializeSparseNdw; 603ms in InferThetaAndUpdateNwtSparse; ]
I0118 18:36:20.018156 13564 processor.cc:856] Processor: complete processing batch 9ebeb5ff-2218-45d7-aa3c-8d3aec4bf25d into model nwt
I0118 18:36:20.024179 13564 cuckoo_watch.h:44] 655ms in ProcessBatch(D:\artmonline\data\datasets\postnauka\batches\aaaaac.batch) [including 19ms in LoadMessage; 6ms in InitializeSparseNdw; 617ms in InferThetaAndUpdateNwtSparse; ]
I0118 18:36:20.025209 11840 master_component.cc:991] NormalizeModelArgs: pwt_target_name=pwt, nwt_source_name=nwt, rwt_source_name=
I0118 18:36:20.025209 11840 master_component.cc:617] MasterComponent: start normalizing model nwt
I0118 18:36:20.051244 13392 processor.cc:676] No data in processing queue, waiting...
I0118 18:36:20.054283  9272 processor.cc:676] No data in processing queue, waiting...
I0118 18:36:20.066285 13564 processor.cc:676] No data in processing queue, waiting...
I0118 18:36:20.137475 11840 master_component.cc:639] MasterComponent: complete normalizing model nwt
I0118 18:36:20.138478 11840 master_component.cc:1015] DisposeModel rwt
I0118 18:36:20.138478 11840 c_interface.cc:332] Pass FitOfflineMasterModelArgs, batch_filename_size=4, batch_weight_size=4, num_collection_passes=1 to void (__cdecl artm::core::MasterComponent::*)(class artm::FitOfflineMasterModelArgs const & __ptr64) __ptr64
I0118 18:36:20.138478 11840 master_component.cc:942] ProcessBatchesArgs: nwt_target_name=nwt, batch_filename_size=4, batch_size=0, batch_weight_size=4, pwt_source_name=pwt, num_document_passes=30, reuse_theta=no, opt_for_avx=no, predict_class_id=
I0118 18:36:20.246763 13564 processor.cc:683] Processing queue has data, processing started
I0118 18:36:20.246763 13244 processor.cc:683] Processing queue has data, processing started
I0118 18:36:20.246763 13392 processor.cc:683] Processing queue has data, processing started
I0118 18:36:20.246763 14024 processor.cc:683] Processing queue has data, processing started
I0118 18:36:20.263810 14024 processor.cc:760] Processor: start processing batch e4841d68-82e0-48fd-93eb-bd1c2ec53b47 into model nwt
I0118 18:36:20.273835 13392 processor.cc:760] Processor: start processing batch 9ebeb5ff-2218-45d7-aa3c-8d3aec4bf25d into model nwt
I0118 18:36:20.273835 13244 processor.cc:760] Processor: start processing batch 9e5ab146-6980-4705-a8b6-a18ebb5dc926 into model nwt
I0118 18:36:20.283865 13564 processor.cc:760] Processor: start processing batch 67cf4f19-31ed-4ee1-b5a7-402f7c7416e3 into model nwt
I0118 18:36:20.571627 14024 processor.cc:856] Processor: complete processing batch e4841d68-82e0-48fd-93eb-bd1c2ec53b47 into model nwt
I0118 18:36:20.575637 14024 cuckoo_watch.h:44] 328ms in ProcessBatch(D:\artmonline\data\datasets\postnauka\batches\aaaaad.batch) [including 12ms in LoadMessage; 2ms in InitializeSparseNdw; 304ms in InferThetaAndUpdateNwtSparse; ]
I0118 18:36:20.606720 14024 processor.cc:676] No data in processing queue, waiting...
I0118 18:36:20.903512 13244 processor.cc:856] Processor: complete processing batch 9e5ab146-6980-4705-a8b6-a18ebb5dc926 into model nwt
I0118 18:36:20.909556 13244 cuckoo_watch.h:44] 662ms in ProcessBatch(D:\artmonline\data\datasets\postnauka\batches\aaaaaa.batch) [including 23ms in LoadMessage; 10ms in InitializeSparseNdw; 618ms in InferThetaAndUpdateNwtSparse; ]
I0118 18:36:20.912565 13564 processor.cc:856] Processor: complete processing batch 67cf4f19-31ed-4ee1-b5a7-402f7c7416e3 into model nwt
I0118 18:36:20.918576 13564 cuckoo_watch.h:44] 672ms in ProcessBatch(D:\artmonline\data\datasets\postnauka\batches\aaaaab.batch) [including 28ms in LoadMessage; 8ms in InitializeSparseNdw; 620ms in InferThetaAndUpdateNwtSparse; ]
I0118 18:36:20.929613 13392 processor.cc:856] Processor: complete processing batch 9ebeb5ff-2218-45d7-aa3c-8d3aec4bf25d into model nwt
I0118 18:36:20.934623 13392 cuckoo_watch.h:44] 687ms in ProcessBatch(D:\artmonline\data\datasets\postnauka\batches\aaaaac.batch) [including 23ms in LoadMessage; 10ms in InitializeSparseNdw; 644ms in InferThetaAndUpdateNwtSparse; ]
I0118 18:36:20.935637 11840 master_component.cc:991] NormalizeModelArgs: pwt_target_name=pwt, nwt_source_name=nwt, rwt_source_name=
I0118 18:36:20.935637 11840 master_component.cc:617] MasterComponent: start normalizing model nwt
I0118 18:36:20.942641 13244 processor.cc:676] No data in processing queue, waiting...
I0118 18:36:20.950664 13564 processor.cc:676] No data in processing queue, waiting...
I0118 18:36:20.966707 13392 processor.cc:676] No data in processing queue, waiting...
I0118 18:36:21.039873 11840 master_component.cc:639] MasterComponent: complete normalizing model nwt
I0118 18:36:21.039873 11840 master_component.cc:1015] DisposeModel rwt
I0118 18:36:21.039873 11840 c_interface.cc:332] Pass FitOfflineMasterModelArgs, batch_filename_size=4, batch_weight_size=4, num_collection_passes=1 to void (__cdecl artm::core::MasterComponent::*)(class artm::FitOfflineMasterModelArgs const & __ptr64) __ptr64
I0118 18:36:21.039873 11840 master_component.cc:942] ProcessBatchesArgs: nwt_target_name=nwt, batch_filename_size=4, batch_size=0, batch_weight_size=4, pwt_source_name=pwt, num_document_passes=30, reuse_theta=no, opt_for_avx=no, predict_class_id=
I0118 18:36:21.162199 14024 processor.cc:683] Processing queue has data, processing started
I0118 18:36:21.162199 13244 processor.cc:683] Processing queue has data, processing started
I0118 18:36:21.163200 14044 processor.cc:683] Processing queue has data, processing started
I0118 18:36:21.163200  9272 processor.cc:683] Processing queue has data, processing started
I0118 18:36:21.181248  9272 processor.cc:760] Processor: start processing batch e4841d68-82e0-48fd-93eb-bd1c2ec53b47 into model nwt
I0118 18:36:21.194285 14044 processor.cc:760] Processor: start processing batch 9ebeb5ff-2218-45d7-aa3c-8d3aec4bf25d into model nwt
I0118 18:36:21.203310 13244 processor.cc:760] Processor: start processing batch 9e5ab146-6980-4705-a8b6-a18ebb5dc926 into model nwt
I0118 18:36:21.203310 14024 processor.cc:760] Processor: start processing batch 67cf4f19-31ed-4ee1-b5a7-402f7c7416e3 into model nwt
I0118 18:36:21.501098  9272 processor.cc:856] Processor: complete processing batch e4841d68-82e0-48fd-93eb-bd1c2ec53b47 into model nwt
I0118 18:36:21.504106  9272 cuckoo_watch.h:44] 341ms in ProcessBatch(D:\artmonline\data\datasets\postnauka\batches\aaaaad.batch) [including 13ms in LoadMessage; 6ms in InitializeSparseNdw; 311ms in InferThetaAndUpdateNwtSparse; ]
I0118 18:36:21.535190  9272 processor.cc:676] No data in processing queue, waiting...
I0118 18:36:21.852031 13244 processor.cc:856] Processor: complete processing batch 9e5ab146-6980-4705-a8b6-a18ebb5dc926 into model nwt
I0118 18:36:21.859050 13244 cuckoo_watch.h:44] 696ms in ProcessBatch(D:\artmonline\data\datasets\postnauka\batches\aaaaaa.batch) [including 30ms in LoadMessage; 9ms in InitializeSparseNdw; 639ms in InferThetaAndUpdateNwtSparse; ]
I0118 18:36:21.868074 14024 processor.cc:856] Processor: complete processing batch 67cf4f19-31ed-4ee1-b5a7-402f7c7416e3 into model nwt
I0118 18:36:21.873087 14024 cuckoo_watch.h:44] 711ms in ProcessBatch(D:\artmonline\data\datasets\postnauka\batches\aaaaab.batch) [including 31ms in LoadMessage; 7ms in InitializeSparseNdw; 657ms in InferThetaAndUpdateNwtSparse; ]
I0118 18:36:21.882112 14044 processor.cc:856] Processor: complete processing batch 9ebeb5ff-2218-45d7-aa3c-8d3aec4bf25d into model nwt
I0118 18:36:21.888128 14044 cuckoo_watch.h:44] 725ms in ProcessBatch(D:\artmonline\data\datasets\postnauka\batches\aaaaac.batch) [including 26ms in LoadMessage; 11ms in InitializeSparseNdw; 676ms in InferThetaAndUpdateNwtSparse; ]
I0118 18:36:21.889134 11840 master_component.cc:991] NormalizeModelArgs: pwt_target_name=pwt, nwt_source_name=nwt, rwt_source_name=
I0118 18:36:21.889134 11840 master_component.cc:617] MasterComponent: start normalizing model nwt
I0118 18:36:21.893141 13244 processor.cc:676] No data in processing queue, waiting...
I0118 18:36:21.904170 14024 processor.cc:676] No data in processing queue, waiting...
I0118 18:36:21.925225 14044 processor.cc:676] No data in processing queue, waiting...
I0118 18:36:21.997417 11840 master_component.cc:639] MasterComponent: complete normalizing model nwt
I0118 18:36:21.997417 11840 master_component.cc:1015] DisposeModel rwt
I0118 18:36:21.998455 11840 c_interface.cc:332] Pass FitOfflineMasterModelArgs, batch_filename_size=4, batch_weight_size=4, num_collection_passes=1 to void (__cdecl artm::core::MasterComponent::*)(class artm::FitOfflineMasterModelArgs const & __ptr64) __ptr64
I0118 18:36:21.998455 11840 master_component.cc:942] ProcessBatchesArgs: nwt_target_name=nwt, batch_filename_size=4, batch_size=0, batch_weight_size=4, pwt_source_name=pwt, num_document_passes=30, reuse_theta=no, opt_for_avx=no, predict_class_id=
I0118 18:36:22.099717 13564 processor.cc:683] Processing queue has data, processing started
I0118 18:36:22.099717 13392 processor.cc:683] Processing queue has data, processing started
I0118 18:36:22.099717 12328 processor.cc:683] Processing queue has data, processing started
I0118 18:36:22.099717  9272 processor.cc:683] Processing queue has data, processing started
I0118 18:36:22.116734  9272 processor.cc:760] Processor: start processing batch e4841d68-82e0-48fd-93eb-bd1c2ec53b47 into model nwt
I0118 18:36:22.127768 12328 processor.cc:760] Processor: start processing batch 9e5ab146-6980-4705-a8b6-a18ebb5dc926 into model nwt
I0118 18:36:22.128768 13392 processor.cc:760] Processor: start processing batch 9ebeb5ff-2218-45d7-aa3c-8d3aec4bf25d into model nwt
I0118 18:36:22.133783 13564 processor.cc:760] Processor: start processing batch 67cf4f19-31ed-4ee1-b5a7-402f7c7416e3 into model nwt
I0118 18:36:22.407507  9272 processor.cc:856] Processor: complete processing batch e4841d68-82e0-48fd-93eb-bd1c2ec53b47 into model nwt
I0118 18:36:22.411520  9272 cuckoo_watch.h:44] 311ms in ProcessBatch(D:\artmonline\data\datasets\postnauka\batches\aaaaad.batch) [including 12ms in LoadMessage; 2ms in InitializeSparseNdw; 288ms in InferThetaAndUpdateNwtSparse; ]
I0118 18:36:22.450621  9272 processor.cc:676] No data in processing queue, waiting...
I0118 18:36:22.789523 12328 processor.cc:856] Processor: complete processing batch 9e5ab146-6980-4705-a8b6-a18ebb5dc926 into model nwt
I0118 18:36:22.793536 13392 processor.cc:856] Processor: complete processing batch 9ebeb5ff-2218-45d7-aa3c-8d3aec4bf25d into model nwt
I0118 18:36:22.796541 12328 cuckoo_watch.h:44] 697ms in ProcessBatch(D:\artmonline\data\datasets\postnauka\batches\aaaaaa.batch) [including 23ms in LoadMessage; 10ms in InitializeSparseNdw; 651ms in InferThetaAndUpdateNwtSparse; ]
I0118 18:36:22.797544 13564 processor.cc:856] Processor: complete processing batch 67cf4f19-31ed-4ee1-b5a7-402f7c7416e3 into model nwt
I0118 18:36:22.800554 13392 cuckoo_watch.h:44] 700ms in ProcessBatch(D:\artmonline\data\datasets\postnauka\batches\aaaaac.batch) [including 24ms in LoadMessage; 11ms in InitializeSparseNdw; 652ms in InferThetaAndUpdateNwtSparse; ]
I0118 18:36:22.803560 13564 cuckoo_watch.h:44] 704ms in ProcessBatch(D:\artmonline\data\datasets\postnauka\batches\aaaaab.batch) [including 26ms in LoadMessage; 9ms in InitializeSparseNdw; 654ms in InferThetaAndUpdateNwtSparse; ]
I0118 18:36:22.804563 11840 master_component.cc:991] NormalizeModelArgs: pwt_target_name=pwt, nwt_source_name=nwt, rwt_source_name=
I0118 18:36:22.804563 11840 master_component.cc:617] MasterComponent: start normalizing model nwt
I0118 18:36:22.819604 12328 processor.cc:676] No data in processing queue, waiting...
I0118 18:36:22.825619 13392 processor.cc:676] No data in processing queue, waiting...
I0118 18:36:22.829629 13564 processor.cc:676] No data in processing queue, waiting...
I0118 18:36:22.932937 11840 master_component.cc:639] MasterComponent: complete normalizing model nwt
I0118 18:36:22.932937 11840 master_component.cc:1015] DisposeModel rwt
I0118 18:36:22.932937 11840 c_interface.cc:332] Pass FitOfflineMasterModelArgs, batch_filename_size=4, batch_weight_size=4, num_collection_passes=1 to void (__cdecl artm::core::MasterComponent::*)(class artm::FitOfflineMasterModelArgs const & __ptr64) __ptr64
I0118 18:36:22.932937 11840 master_component.cc:942] ProcessBatchesArgs: nwt_target_name=nwt, batch_filename_size=4, batch_size=0, batch_weight_size=4, pwt_source_name=pwt, num_document_passes=30, reuse_theta=no, opt_for_avx=no, predict_class_id=
I0118 18:36:23.029193 13544 processor.cc:683] Processing queue has data, processing started
I0118 18:36:23.029193 13392 processor.cc:683] Processing queue has data, processing started
I0118 18:36:23.029193 14024 processor.cc:683] Processing queue has data, processing started
I0118 18:36:23.029193 13564 processor.cc:683] Processing queue has data, processing started
I0118 18:36:23.049214 13564 processor.cc:760] Processor: start processing batch e4841d68-82e0-48fd-93eb-bd1c2ec53b47 into model nwt
I0118 18:36:23.058239 13544 processor.cc:760] Processor: start processing batch 9e5ab146-6980-4705-a8b6-a18ebb5dc926 into model nwt
I0118 18:36:23.058239 14024 processor.cc:760] Processor: start processing batch 9ebeb5ff-2218-45d7-aa3c-8d3aec4bf25d into model nwt
I0118 18:36:23.058239 13392 processor.cc:760] Processor: start processing batch 67cf4f19-31ed-4ee1-b5a7-402f7c7416e3 into model nwt
I0118 18:36:23.340989 13564 processor.cc:856] Processor: complete processing batch e4841d68-82e0-48fd-93eb-bd1c2ec53b47 into model nwt
I0118 18:36:23.344033 13564 cuckoo_watch.h:44] 315ms in ProcessBatch(D:\artmonline\data\datasets\postnauka\batches\aaaaad.batch) [including 14ms in LoadMessage; 3ms in InitializeSparseNdw; 287ms in InferThetaAndUpdateNwtSparse; ]
I0118 18:36:23.370066 13564 processor.cc:676] No data in processing queue, waiting...
I0118 18:36:23.669894 13544 processor.cc:856] Processor: complete processing batch 9e5ab146-6980-4705-a8b6-a18ebb5dc926 into model nwt
I0118 18:36:23.674909 13544 cuckoo_watch.h:44] 646ms in ProcessBatch(D:\artmonline\data\datasets\postnauka\batches\aaaaaa.batch) [including 24ms in LoadMessage; 12ms in InitializeSparseNdw; 599ms in InferThetaAndUpdateNwtSparse; ]
I0118 18:36:23.678917 13392 processor.cc:856] Processor: complete processing batch 67cf4f19-31ed-4ee1-b5a7-402f7c7416e3 into model nwt
I0118 18:36:23.684906 13392 cuckoo_watch.h:44] 656ms in ProcessBatch(D:\artmonline\data\datasets\postnauka\batches\aaaaab.batch) [including 22ms in LoadMessage; 12ms in InitializeSparseNdw; 608ms in InferThetaAndUpdateNwtSparse; ]
I0118 18:36:23.700945 14024 processor.cc:856] Processor: complete processing batch 9ebeb5ff-2218-45d7-aa3c-8d3aec4bf25d into model nwt
I0118 18:36:23.705960 14024 cuckoo_watch.h:44] 676ms in ProcessBatch(D:\artmonline\data\datasets\postnauka\batches\aaaaac.batch) [including 24ms in LoadMessage; 12ms in InitializeSparseNdw; 629ms in InferThetaAndUpdateNwtSparse; ]
I0118 18:36:23.706964 11840 master_component.cc:991] NormalizeModelArgs: pwt_target_name=pwt, nwt_source_name=nwt, rwt_source_name=
I0118 18:36:23.706964 11840 master_component.cc:617] MasterComponent: start normalizing model nwt
I0118 18:36:23.713011 13544 processor.cc:676] No data in processing queue, waiting...
I0118 18:36:23.721025 13392 processor.cc:676] No data in processing queue, waiting...
I0118 18:36:23.739048 14024 processor.cc:676] No data in processing queue, waiting...
I0118 18:36:23.835302 11840 master_component.cc:639] MasterComponent: complete normalizing model nwt
I0118 18:36:23.835302 11840 master_component.cc:1015] DisposeModel rwt
I0118 18:36:23.835302 11840 c_interface.cc:332] Pass FitOfflineMasterModelArgs, batch_filename_size=4, batch_weight_size=4, num_collection_passes=1 to void (__cdecl artm::core::MasterComponent::*)(class artm::FitOfflineMasterModelArgs const & __ptr64) __ptr64
I0118 18:36:23.835302 11840 master_component.cc:942] ProcessBatchesArgs: nwt_target_name=nwt, batch_filename_size=4, batch_size=0, batch_weight_size=4, pwt_source_name=pwt, num_document_passes=30, reuse_theta=no, opt_for_avx=no, predict_class_id=
I0118 18:36:23.941619 13244 processor.cc:683] Processing queue has data, processing started
I0118 18:36:23.941619 14044 processor.cc:683] Processing queue has data, processing started
I0118 18:36:23.941619 13564 processor.cc:683] Processing queue has data, processing started
I0118 18:36:23.941619 13392 processor.cc:683] Processing queue has data, processing started
I0118 18:36:23.956626 13392 processor.cc:760] Processor: start processing batch e4841d68-82e0-48fd-93eb-bd1c2ec53b47 into model nwt
I0118 18:36:23.969660 14044 processor.cc:760] Processor: start processing batch 67cf4f19-31ed-4ee1-b5a7-402f7c7416e3 into model nwt
I0118 18:36:23.972671 13564 processor.cc:760] Processor: start processing batch 9ebeb5ff-2218-45d7-aa3c-8d3aec4bf25d into model nwt
I0118 18:36:23.977715 13244 processor.cc:760] Processor: start processing batch 9e5ab146-6980-4705-a8b6-a18ebb5dc926 into model nwt
I0118 18:36:24.232360 13392 processor.cc:856] Processor: complete processing batch e4841d68-82e0-48fd-93eb-bd1c2ec53b47 into model nwt
I0118 18:36:24.234365 13392 cuckoo_watch.h:44] 293ms in ProcessBatch(D:\artmonline\data\datasets\postnauka\batches\aaaaad.batch) [including 9ms in LoadMessage; 3ms in InitializeSparseNdw; 271ms in InferThetaAndUpdateNwtSparse; ]
I0118 18:36:24.279516 13392 processor.cc:676] No data in processing queue, waiting...
I0118 18:36:24.607357 13564 processor.cc:856] Processor: complete processing batch 9ebeb5ff-2218-45d7-aa3c-8d3aec4bf25d into model nwt
I0118 18:36:24.611366 13564 cuckoo_watch.h:44] 670ms in ProcessBatch(D:\artmonline\data\datasets\postnauka\batches\aaaaac.batch) [including 26ms in LoadMessage; 9ms in InitializeSparseNdw; 623ms in InferThetaAndUpdateNwtSparse; ]
I0118 18:36:24.619421 14044 processor.cc:856] Processor: complete processing batch 67cf4f19-31ed-4ee1-b5a7-402f7c7416e3 into model nwt
I0118 18:36:24.622429 13244 processor.cc:856] Processor: complete processing batch 9e5ab146-6980-4705-a8b6-a18ebb5dc926 into model nwt
I0118 18:36:24.628445 14044 cuckoo_watch.h:44] 687ms in ProcessBatch(D:\artmonline\data\datasets\postnauka\batches\aaaaab.batch) [including 23ms in LoadMessage; 8ms in InitializeSparseNdw; 640ms in InferThetaAndUpdateNwtSparse; ]
I0118 18:36:24.630417 13244 cuckoo_watch.h:44] 688ms in ProcessBatch(D:\artmonline\data\datasets\postnauka\batches\aaaaaa.batch) [including 28ms in LoadMessage; 8ms in InitializeSparseNdw; 636ms in InferThetaAndUpdateNwtSparse; ]
I0118 18:36:24.631453 11840 master_component.cc:991] NormalizeModelArgs: pwt_target_name=pwt, nwt_source_name=nwt, rwt_source_name=
I0118 18:36:24.631453 11840 master_component.cc:617] MasterComponent: start normalizing model nwt
I0118 18:36:24.648499 13564 processor.cc:676] No data in processing queue, waiting...
I0118 18:36:24.665544 14044 processor.cc:676] No data in processing queue, waiting...
I0118 18:36:24.667546 13244 processor.cc:676] No data in processing queue, waiting...
I0118 18:36:24.753775 11840 master_component.cc:639] MasterComponent: complete normalizing model nwt
I0118 18:36:24.753775 11840 master_component.cc:1015] DisposeModel rwt
I0118 18:36:24.753775 11840 c_interface.cc:332] Pass FitOfflineMasterModelArgs, batch_filename_size=4, batch_weight_size=4, num_collection_passes=1 to void (__cdecl artm::core::MasterComponent::*)(class artm::FitOfflineMasterModelArgs const & __ptr64) __ptr64
I0118 18:36:24.753775 11840 master_component.cc:942] ProcessBatchesArgs: nwt_target_name=nwt, batch_filename_size=4, batch_size=0, batch_weight_size=4, pwt_source_name=pwt, num_document_passes=30, reuse_theta=no, opt_for_avx=no, predict_class_id=
I0118 18:36:24.854038  9272 processor.cc:683] Processing queue has data, processing started
I0118 18:36:24.854038 14044 processor.cc:683] Processing queue has data, processing started
I0118 18:36:24.854038 12328 processor.cc:683] Processing queue has data, processing started
I0118 18:36:24.857019 14024 processor.cc:683] Processing queue has data, processing started
I0118 18:36:24.874070 14024 processor.cc:760] Processor: start processing batch e4841d68-82e0-48fd-93eb-bd1c2ec53b47 into model nwt
I0118 18:36:24.879078 14044 processor.cc:760] Processor: start processing batch 9ebeb5ff-2218-45d7-aa3c-8d3aec4bf25d into model nwt
I0118 18:36:24.882088 12328 processor.cc:760] Processor: start processing batch 67cf4f19-31ed-4ee1-b5a7-402f7c7416e3 into model nwt
I0118 18:36:24.883092  9272 processor.cc:760] Processor: start processing batch 9e5ab146-6980-4705-a8b6-a18ebb5dc926 into model nwt
I0118 18:36:25.220988 14024 processor.cc:856] Processor: complete processing batch e4841d68-82e0-48fd-93eb-bd1c2ec53b47 into model nwt
I0118 18:36:25.223995 14024 cuckoo_watch.h:44] 367ms in ProcessBatch(D:\artmonline\data\datasets\postnauka\batches\aaaaad.batch) [including 11ms in LoadMessage; 3ms in InitializeSparseNdw; 343ms in InferThetaAndUpdateNwtSparse; ]
I0118 18:36:25.252077 14024 processor.cc:676] No data in processing queue, waiting...
I0118 18:36:25.603005  9272 processor.cc:856] Processor: complete processing batch 9e5ab146-6980-4705-a8b6-a18ebb5dc926 into model nwt
I0118 18:36:25.609019  9272 cuckoo_watch.h:44] 755ms in ProcessBatch(D:\artmonline\data\datasets\postnauka\batches\aaaaaa.batch) [including 21ms in LoadMessage; 9ms in InitializeSparseNdw; 709ms in InferThetaAndUpdateNwtSparse; ]
I0118 18:36:25.610023 12328 processor.cc:856] Processor: complete processing batch 67cf4f19-31ed-4ee1-b5a7-402f7c7416e3 into model nwt
I0118 18:36:25.615036 14044 processor.cc:856] Processor: complete processing batch 9ebeb5ff-2218-45d7-aa3c-8d3aec4bf25d into model nwt
I0118 18:36:25.619045 12328 cuckoo_watch.h:44] 765ms in ProcessBatch(D:\artmonline\data\datasets\postnauka\batches\aaaaab.batch) [including 20ms in LoadMessage; 10ms in InitializeSparseNdw; 716ms in InferThetaAndUpdateNwtSparse; ]
I0118 18:36:25.622054 14044 cuckoo_watch.h:44] 768ms in ProcessBatch(D:\artmonline\data\datasets\postnauka\batches\aaaaac.batch) [including 19ms in LoadMessage; 10ms in InitializeSparseNdw; 725ms in InferThetaAndUpdateNwtSparse; ]
I0118 18:36:25.625066 11840 master_component.cc:991] NormalizeModelArgs: pwt_target_name=pwt, nwt_source_name=nwt, rwt_source_name=
I0118 18:36:25.625066 11840 master_component.cc:617] MasterComponent: start normalizing model nwt
I0118 18:36:25.636091  9272 processor.cc:676] No data in processing queue, waiting...
I0118 18:36:25.645115 12328 processor.cc:676] No data in processing queue, waiting...
I0118 18:36:25.647120 14044 processor.cc:676] No data in processing queue, waiting...
I0118 18:36:25.734386 11840 master_component.cc:639] MasterComponent: complete normalizing model nwt
I0118 18:36:25.734386 11840 master_component.cc:1015] DisposeModel rwt
I0118 18:36:25.734386 11840 c_interface.cc:332] Pass FitOfflineMasterModelArgs, batch_filename_size=4, batch_weight_size=4, num_collection_passes=1 to void (__cdecl artm::core::MasterComponent::*)(class artm::FitOfflineMasterModelArgs const & __ptr64) __ptr64
I0118 18:36:25.734386 11840 master_component.cc:942] ProcessBatchesArgs: nwt_target_name=nwt, batch_filename_size=4, batch_size=0, batch_weight_size=4, pwt_source_name=pwt, num_document_passes=30, reuse_theta=no, opt_for_avx=no, predict_class_id=
I0118 18:36:25.822587 13244 processor.cc:683] Processing queue has data, processing started
I0118 18:36:25.824591 13544 processor.cc:683] Processing queue has data, processing started
I0118 18:36:25.824591 14044 processor.cc:683] Processing queue has data, processing started
I0118 18:36:25.824591 14024 processor.cc:683] Processing queue has data, processing started
I0118 18:36:25.843643 14024 processor.cc:760] Processor: start processing batch e4841d68-82e0-48fd-93eb-bd1c2ec53b47 into model nwt
I0118 18:36:25.847654 13244 processor.cc:760] Processor: start processing batch 9e5ab146-6980-4705-a8b6-a18ebb5dc926 into model nwt
I0118 18:36:25.850667 13544 processor.cc:760] Processor: start processing batch 67cf4f19-31ed-4ee1-b5a7-402f7c7416e3 into model nwt
I0118 18:36:25.855677 14044 processor.cc:760] Processor: start processing batch 9ebeb5ff-2218-45d7-aa3c-8d3aec4bf25d into model nwt
I0118 18:36:26.150460 14024 processor.cc:856] Processor: complete processing batch e4841d68-82e0-48fd-93eb-bd1c2ec53b47 into model nwt
I0118 18:36:26.153501 14024 cuckoo_watch.h:44] 328ms in ProcessBatch(D:\artmonline\data\datasets\postnauka\batches\aaaaad.batch) [including 14ms in LoadMessage; 3ms in InitializeSparseNdw; 304ms in InferThetaAndUpdateNwtSparse; ]
I0118 18:36:26.194607 14024 processor.cc:676] No data in processing queue, waiting...
I0118 18:36:26.438256 13244 processor.cc:856] Processor: complete processing batch 9e5ab146-6980-4705-a8b6-a18ebb5dc926 into model nwt
I0118 18:36:26.444242 13244 cuckoo_watch.h:44] 622ms in ProcessBatch(D:\artmonline\data\datasets\postnauka\batches\aaaaaa.batch) [including 19ms in LoadMessage; 7ms in InitializeSparseNdw; 582ms in InferThetaAndUpdateNwtSparse; ]
I0118 18:36:26.482342 13244 processor.cc:676] No data in processing queue, waiting...
I0118 18:36:26.498383 13544 processor.cc:856] Processor: complete processing batch 67cf4f19-31ed-4ee1-b5a7-402f7c7416e3 into model nwt
I0118 18:36:26.505401 13544 cuckoo_watch.h:44] 681ms in ProcessBatch(D:\artmonline\data\datasets\postnauka\batches\aaaaab.batch) [including 19ms in LoadMessage; 7ms in InitializeSparseNdw; 640ms in InferThetaAndUpdateNwtSparse; ]
I0118 18:36:26.509412 14044 processor.cc:856] Processor: complete processing batch 9ebeb5ff-2218-45d7-aa3c-8d3aec4bf25d into model nwt
I0118 18:36:26.515429 14044 cuckoo_watch.h:44] 691ms in ProcessBatch(D:\artmonline\data\datasets\postnauka\batches\aaaaac.batch) [including 26ms in LoadMessage; 5ms in InitializeSparseNdw; 647ms in InferThetaAndUpdateNwtSparse; ]
I0118 18:36:26.517463 11840 master_component.cc:991] NormalizeModelArgs: pwt_target_name=pwt, nwt_source_name=nwt, rwt_source_name=
I0118 18:36:26.517463 11840 master_component.cc:617] MasterComponent: start normalizing model nwt
I0118 18:36:26.542532 13544 processor.cc:676] No data in processing queue, waiting...
I0118 18:36:26.551524 14044 processor.cc:676] No data in processing queue, waiting...
I0118 18:36:26.635747 11840 master_component.cc:639] MasterComponent: complete normalizing model nwt
I0118 18:36:26.635747 11840 master_component.cc:1015] DisposeModel rwt
I0118 18:36:26.635747 11840 c_interface.cc:332] Pass FitOfflineMasterModelArgs, batch_filename_size=4, batch_weight_size=4, num_collection_passes=1 to void (__cdecl artm::core::MasterComponent::*)(class artm::FitOfflineMasterModelArgs const & __ptr64) __ptr64
I0118 18:36:26.636782 11840 master_component.cc:942] ProcessBatchesArgs: nwt_target_name=nwt, batch_filename_size=4, batch_size=0, batch_weight_size=4, pwt_source_name=pwt, num_document_passes=30, reuse_theta=no, opt_for_avx=no, predict_class_id=
I0118 18:36:26.738049 13544 processor.cc:683] Processing queue has data, processing started
I0118 18:36:26.738049  9272 processor.cc:683] Processing queue has data, processing started
I0118 18:36:26.738049 13392 processor.cc:683] Processing queue has data, processing started
I0118 18:36:26.738049 13564 processor.cc:683] Processing queue has data, processing started
I0118 18:36:26.757071 13544 processor.cc:760] Processor: start processing batch e4841d68-82e0-48fd-93eb-bd1c2ec53b47 into model nwt
I0118 18:36:26.764091  9272 processor.cc:760] Processor: start processing batch 9e5ab146-6980-4705-a8b6-a18ebb5dc926 into model nwt
I0118 18:36:26.764091 13392 processor.cc:760] Processor: start processing batch 67cf4f19-31ed-4ee1-b5a7-402f7c7416e3 into model nwt
I0118 18:36:26.775120 13564 processor.cc:760] Processor: start processing batch 9ebeb5ff-2218-45d7-aa3c-8d3aec4bf25d into model nwt
I0118 18:36:27.068900 13544 processor.cc:856] Processor: complete processing batch e4841d68-82e0-48fd-93eb-bd1c2ec53b47 into model nwt
I0118 18:36:27.070905 13544 cuckoo_watch.h:44] 333ms in ProcessBatch(D:\artmonline\data\datasets\postnauka\batches\aaaaad.batch) [including 14ms in LoadMessage; 3ms in InitializeSparseNdw; 307ms in InferThetaAndUpdateNwtSparse; ]
I0118 18:36:27.101987 13544 processor.cc:676] No data in processing queue, waiting...
I0118 18:36:27.386746 13564 processor.cc:856] Processor: complete processing batch 9ebeb5ff-2218-45d7-aa3c-8d3aec4bf25d into model nwt
I0118 18:36:27.391758 13564 cuckoo_watch.h:44] 654ms in ProcessBatch(D:\artmonline\data\datasets\postnauka\batches\aaaaac.batch) [including 29ms in LoadMessage; 7ms in InitializeSparseNdw; 604ms in InferThetaAndUpdateNwtSparse; ]
I0118 18:36:27.398778 13392 processor.cc:856] Processor: complete processing batch 67cf4f19-31ed-4ee1-b5a7-402f7c7416e3 into model nwt
I0118 18:36:27.406798 13392 cuckoo_watch.h:44] 668ms in ProcessBatch(D:\artmonline\data\datasets\postnauka\batches\aaaaab.batch) [including 20ms in LoadMessage; 10ms in InitializeSparseNdw; 624ms in InferThetaAndUpdateNwtSparse; ]
I0118 18:36:27.416826  9272 processor.cc:856] Processor: complete processing batch 9e5ab146-6980-4705-a8b6-a18ebb5dc926 into model nwt
I0118 18:36:27.419832 13564 processor.cc:676] No data in processing queue, waiting...
I0118 18:36:27.421838  9272 cuckoo_watch.h:44] 684ms in ProcessBatch(D:\artmonline\data\datasets\postnauka\batches\aaaaaa.batch) [including 20ms in LoadMessage; 9ms in InitializeSparseNdw; 642ms in InferThetaAndUpdateNwtSparse; ]
I0118 18:36:27.422840 11840 master_component.cc:991] NormalizeModelArgs: pwt_target_name=pwt, nwt_source_name=nwt, rwt_source_name=
I0118 18:36:27.422840 11840 master_component.cc:617] MasterComponent: start normalizing model nwt
I0118 18:36:27.437880 13392 processor.cc:676] No data in processing queue, waiting...
I0118 18:36:27.451918  9272 processor.cc:676] No data in processing queue, waiting...
I0118 18:36:27.552184 11840 master_component.cc:639] MasterComponent: complete normalizing model nwt
I0118 18:36:27.552184 11840 master_component.cc:1015] DisposeModel rwt
I0118 18:36:27.552184 11840 c_interface.cc:332] Pass FitOfflineMasterModelArgs, batch_filename_size=4, batch_weight_size=4, num_collection_passes=1 to void (__cdecl artm::core::MasterComponent::*)(class artm::FitOfflineMasterModelArgs const & __ptr64) __ptr64
I0118 18:36:27.552184 11840 master_component.cc:942] ProcessBatchesArgs: nwt_target_name=nwt, batch_filename_size=4, batch_size=0, batch_weight_size=4, pwt_source_name=pwt, num_document_passes=30, reuse_theta=no, opt_for_avx=no, predict_class_id=
I0118 18:36:27.650447 13392 processor.cc:683] Processing queue has data, processing started
I0118 18:36:27.650447 14044 processor.cc:683] Processing queue has data, processing started
I0118 18:36:27.650447 13544 processor.cc:683] Processing queue has data, processing started
I0118 18:36:27.650447 13244 processor.cc:683] Processing queue has data, processing started
I0118 18:36:27.670498 13244 processor.cc:760] Processor: start processing batch e4841d68-82e0-48fd-93eb-bd1c2ec53b47 into model nwt
I0118 18:36:27.675513 13544 processor.cc:760] Processor: start processing batch 9ebeb5ff-2218-45d7-aa3c-8d3aec4bf25d into model nwt
I0118 18:36:27.675513 13392 processor.cc:760] Processor: start processing batch 67cf4f19-31ed-4ee1-b5a7-402f7c7416e3 into model nwt
I0118 18:36:27.687546 14044 processor.cc:760] Processor: start processing batch 9e5ab146-6980-4705-a8b6-a18ebb5dc926 into model nwt
I0118 18:36:28.017421 13244 processor.cc:856] Processor: complete processing batch e4841d68-82e0-48fd-93eb-bd1c2ec53b47 into model nwt
I0118 18:36:28.021431 13244 cuckoo_watch.h:44] 371ms in ProcessBatch(D:\artmonline\data\datasets\postnauka\batches\aaaaad.batch) [including 14ms in LoadMessage; 3ms in InitializeSparseNdw; 343ms in InferThetaAndUpdateNwtSparse; ]
I0118 18:36:28.049509 13244 processor.cc:676] No data in processing queue, waiting...
