Log file created at: 2017/01/17 18:11:59
Running on machine: FEDIMSER
Log line format: [IWEF]mmdd hh:mm:ss.uuuuuu threadid file:line] msg
I0117 18:11:59.407248  3868 c_interface.cc:74] Logging enabled to .
I0117 18:11:59.407721  3868 c_interface.cc:221] Creating MasterModel (id=1)...
W0117 18:12:00.562791  3868 helpers.cc:208] File already exists: D:\artmonline\data\datasets\postnauka\batches\aaaaaa.batch
W0117 18:12:01.515527  3868 helpers.cc:208] File already exists: D:\artmonline\data\datasets\postnauka\batches\aaaaab.batch
W0117 18:12:02.387320  3868 helpers.cc:208] File already exists: D:\artmonline\data\datasets\postnauka\batches\aaaaac.batch
W0117 18:12:02.780865  3868 helpers.cc:208] File already exists: D:\artmonline\data\datasets\postnauka\batches\aaaaad.batch
I0117 18:12:02.822475  3868 c_interface.cc:318] Pass eff055ba-246b-439a-bebe-a370159d6e6a to void (__cdecl artm::core::MasterComponent::*)(class std::basic_string<char,struct std::char_traits<char>,class std::allocator<char> > const & __ptr64) __ptr64
I0117 18:12:02.822976  3868 c_interface.cc:332] Pass GatherDictionaryArgs: dictionary_target_name=eff055ba-246b-439a-bebe-a370159d6e6a, data_path=D:\artmonline\data\datasets\postnauka\batches, symmetric_cooc_values=0 to void (__cdecl artm::core::MasterComponent::*)(class artm::GatherDictionaryArgs const & __ptr64) __ptr64
I0117 18:12:02.822976  3868 dictionary.cc:187] Found 4 batches in 'D:\artmonline\data\datasets\postnauka\batches' folder
I0117 18:12:03.311811  3868 dictionary.cc:243] Find 73513 unique tokens in 3446 items
I0117 18:12:03.496798  3868 c_interface.cc:221] Creating MasterModel (id=2)...
I0117 18:12:03.496798  3868 c_interface.cc:318] Pass dictionary to void (__cdecl artm::core::MasterComponent::*)(class std::basic_string<char,struct std::char_traits<char>,class std::allocator<char> > const & __ptr64) __ptr64
I0117 18:12:03.496798  3868 c_interface.cc:332] Pass GatherDictionaryArgs: dictionary_target_name=dictionary, data_path=D:\artmonline\data\datasets\postnauka\batches, symmetric_cooc_values=0 to void (__cdecl artm::core::MasterComponent::*)(class artm::GatherDictionaryArgs const & __ptr64) __ptr64
I0117 18:12:03.497298  3868 dictionary.cc:187] Found 4 batches in 'D:\artmonline\data\datasets\postnauka\batches' folder
I0117 18:12:03.928014  3868 dictionary.cc:243] Find 73513 unique tokens in 3446 items
I0117 18:12:04.137100  3868 c_interface.cc:180] ArtmCopyRequestedMessage is copying 2961386 bytes...
I0117 18:13:42.138906  3868 c_interface.cc:318] Pass eff055ba-246b-439a-bebe-a370159d6e6a to void (__cdecl artm::core::MasterComponent::*)(class std::basic_string<char,struct std::char_traits<char>,class std::allocator<char> > const & __ptr64) __ptr64
I0117 18:13:42.152942  3868 c_interface.cc:283] Disposing MasterComponent (id=1)...
I0117 18:13:42.152942  3868 c_interface.cc:318] Pass dictionary to void (__cdecl artm::core::MasterComponent::*)(class std::basic_string<char,struct std::char_traits<char>,class std::allocator<char> > const & __ptr64) __ptr64
I0117 18:13:42.165978  3868 c_interface.cc:283] Disposing MasterComponent (id=2)...
I0117 18:16:05.284565  8616 c_interface.cc:221] Creating MasterModel (id=3)...
W0117 18:16:06.459190  8616 helpers.cc:208] File already exists: D:\artmonline\data\datasets\postnauka\batches\aaaaaa.batch
W0117 18:16:07.419244  8616 helpers.cc:208] File already exists: D:\artmonline\data\datasets\postnauka\batches\aaaaab.batch
W0117 18:16:08.384336  8616 helpers.cc:208] File already exists: D:\artmonline\data\datasets\postnauka\batches\aaaaac.batch
W0117 18:16:08.883162  8616 helpers.cc:208] File already exists: D:\artmonline\data\datasets\postnauka\batches\aaaaad.batch
I0117 18:16:08.928282  8616 c_interface.cc:318] Pass 25b296a7-76b0-4b8c-bf09-67a18b48804f to void (__cdecl artm::core::MasterComponent::*)(class std::basic_string<char,struct std::char_traits<char>,class std::allocator<char> > const & __ptr64) __ptr64
I0117 18:16:08.928783  8616 c_interface.cc:332] Pass GatherDictionaryArgs: dictionary_target_name=25b296a7-76b0-4b8c-bf09-67a18b48804f, data_path=D:\artmonline\data\datasets\postnauka\batches, symmetric_cooc_values=0 to void (__cdecl artm::core::MasterComponent::*)(class artm::GatherDictionaryArgs const & __ptr64) __ptr64
I0117 18:16:08.928783  8616 dictionary.cc:187] Found 4 batches in 'D:\artmonline\data\datasets\postnauka\batches' folder
I0117 18:16:09.492346  8616 dictionary.cc:243] Find 73513 unique tokens in 3446 items
I0117 18:16:09.690346  8616 c_interface.cc:221] Creating MasterModel (id=4)...
I0117 18:16:09.690846  8616 c_interface.cc:318] Pass dictionary to void (__cdecl artm::core::MasterComponent::*)(class std::basic_string<char,struct std::char_traits<char>,class std::allocator<char> > const & __ptr64) __ptr64
I0117 18:16:09.690846  8616 c_interface.cc:332] Pass GatherDictionaryArgs: dictionary_target_name=dictionary, data_path=D:\artmonline\data\datasets\postnauka\batches, symmetric_cooc_values=0 to void (__cdecl artm::core::MasterComponent::*)(class artm::GatherDictionaryArgs const & __ptr64) __ptr64
I0117 18:16:09.690846  8616 dictionary.cc:187] Found 4 batches in 'D:\artmonline\data\datasets\postnauka\batches' folder
I0117 18:16:10.219753  8616 dictionary.cc:243] Find 73513 unique tokens in 3446 items
I0117 18:16:10.423795  8616 instance.cc:365] MasterModelConfig.processors_count is automatically set to 8
I0117 18:16:10.424296  8616 c_interface.cc:221] Creating MasterModel (id=5)...
I0117 18:16:10.424810  8616 c_interface.cc:318] Pass pwt to void (__cdecl artm::core::MasterComponent::*)(class std::basic_string<char,struct std::char_traits<char>,class std::allocator<char> > const & __ptr64) __ptr64
I0117 18:16:10.424810  8616 c_interface.cc:318] Pass nwt to void (__cdecl artm::core::MasterComponent::*)(class std::basic_string<char,struct std::char_traits<char>,class std::allocator<char> > const & __ptr64) __ptr64
I0117 18:16:10.424810  8616 c_interface.cc:332] Pass InitializeModelArgs: model_name=pwt, dictionary_name=dictionary, topic_name_size=10 to void (__cdecl artm::core::MasterComponent::*)(class artm::InitializeModelArgs const & __ptr64) __ptr64
I0117 18:16:10.424810  8616 master_component.cc:338] InitializeModel() with 10 topics and 73513 tokens
I0117 18:16:10.425801 12628 processor.cc:660] Processor thread started
I0117 18:16:10.425801 12744 processor.cc:660] Processor thread started
I0117 18:16:10.425801  1524 processor.cc:660] Processor thread started
I0117 18:16:10.426309  8848 processor.cc:660] Processor thread started
I0117 18:16:10.426808  4324 processor.cc:660] Processor thread started
I0117 18:16:10.426808 14388 processor.cc:660] Processor thread started
I0117 18:16:10.426808 14596 processor.cc:660] Processor thread started
I0117 18:16:10.426808  8900 processor.cc:660] Processor thread started
I0117 18:16:10.455879  1524 processor.cc:676] No data in processing queue, waiting...
I0117 18:16:10.455879 12744 processor.cc:676] No data in processing queue, waiting...
I0117 18:16:10.455879  8848 processor.cc:676] No data in processing queue, waiting...
I0117 18:16:10.455879 12628 processor.cc:676] No data in processing queue, waiting...
I0117 18:16:10.457388 14596 processor.cc:676] No data in processing queue, waiting...
I0117 18:16:10.457388  4324 processor.cc:676] No data in processing queue, waiting...
I0117 18:16:10.457388 14388 processor.cc:676] No data in processing queue, waiting...
I0117 18:16:10.457388  8900 processor.cc:676] No data in processing queue, waiting...
I0117 18:16:10.812922  8616 c_interface.cc:332] Pass InitializeModelArgs: model_name=nwt, dictionary_name=dictionary, topic_name_size=10 to void (__cdecl artm::core::MasterComponent::*)(class artm::InitializeModelArgs const & __ptr64) __ptr64
I0117 18:16:10.812922  8616 master_component.cc:338] InitializeModel() with 10 topics and 73513 tokens
I0117 18:16:11.162853  8616 phi_matrix_operations.cc:82] RetrieveExternalTopicModel() with 10 topics, 73513 tokens
I0117 18:16:11.242566  8616 c_interface.cc:180] ArtmCopyRequestedMessage is copying 2152825 bytes...
I0117 18:16:13.394673  8616 c_interface.cc:332] Pass FitOfflineMasterModelArgs, batch_filename_size=4, batch_weight_size=4, num_collection_passes=1 to void (__cdecl artm::core::MasterComponent::*)(class artm::FitOfflineMasterModelArgs const & __ptr64) __ptr64
I0117 18:16:13.394673  8616 master_component.cc:942] ProcessBatchesArgs: nwt_target_name=nwt, batch_filename_size=4, batch_size=0, batch_weight_size=4, pwt_source_name=pwt, num_document_passes=10, reuse_theta=no, opt_for_avx=yes, predict_class_id=
I0117 18:16:13.499939  8616 master_component.cc:478] Batches count (=4) is smaller than num processors (=8), which may cause suboptimal performance.
I0117 18:16:13.501442 14596 processor.cc:683] Processing queue has data, processing started
I0117 18:16:13.501442 14388 processor.cc:683] Processing queue has data, processing started
I0117 18:16:13.501442 12744 processor.cc:683] Processing queue has data, processing started
I0117 18:16:13.501442  4324 processor.cc:683] Processing queue has data, processing started
I0117 18:16:13.518486  4324 processor.cc:760] Processor: start processing batch 6dbed7df-3bfd-4efa-afda-ba93f3737b75 into model nwt
I0117 18:16:13.529016 12744 processor.cc:760] Processor: start processing batch 3f919856-113a-4a63-9570-11b60fa18c3d into model nwt
I0117 18:16:13.529016 14388 processor.cc:760] Processor: start processing batch c086cb69-7ffd-4adc-a9ee-6e47377de5e6 into model nwt
I0117 18:16:13.538542 14596 processor.cc:760] Processor: start processing batch 1199f8f5-c61e-4154-bd8d-1c99abda1477 into model nwt
I0117 18:16:13.632289  4324 processor.cc:856] Processor: complete processing batch 6dbed7df-3bfd-4efa-afda-ba93f3737b75 into model nwt
I0117 18:16:13.635296  4324 cuckoo_watch.h:44] 133ms in ProcessBatch(D:\artmonline\data\datasets\postnauka\batches\aaaaad.batch) [including 12ms in LoadMessage; 3ms in InitializeSparseNdw; 109ms in InferThetaAndUpdateNwtSparse; ]
I0117 18:16:13.666380  4324 processor.cc:676] No data in processing queue, waiting...
I0117 18:16:13.753109 12744 processor.cc:856] Processor: complete processing batch 3f919856-113a-4a63-9570-11b60fa18c3d into model nwt
I0117 18:16:13.759163 12744 cuckoo_watch.h:44] 257ms in ProcessBatch(D:\artmonline\data\datasets\postnauka\batches\aaaaac.batch) [including 20ms in LoadMessage; 11ms in InitializeSparseNdw; 213ms in InferThetaAndUpdateNwtSparse; ]
I0117 18:16:13.762641 14596 processor.cc:856] Processor: complete processing batch 1199f8f5-c61e-4154-bd8d-1c99abda1477 into model nwt
I0117 18:16:13.769152 14596 cuckoo_watch.h:44] 267ms in ProcessBatch(D:\artmonline\data\datasets\postnauka\batches\aaaaaa.batch) [including 29ms in LoadMessage; 8ms in InitializeSparseNdw; 215ms in InferThetaAndUpdateNwtSparse; ]
I0117 18:16:13.773699 14388 processor.cc:856] Processor: complete processing batch c086cb69-7ffd-4adc-a9ee-6e47377de5e6 into model nwt
I0117 18:16:13.779181 14388 cuckoo_watch.h:44] 278ms in ProcessBatch(D:\artmonline\data\datasets\postnauka\batches\aaaaab.batch) [including 21ms in LoadMessage; 10ms in InitializeSparseNdw; 233ms in InferThetaAndUpdateNwtSparse; ]
I0117 18:16:13.780966  8616 master_component.cc:991] NormalizeModelArgs: pwt_target_name=pwt, nwt_source_name=nwt, rwt_source_name=
I0117 18:16:13.780966  8616 master_component.cc:617] MasterComponent: start normalizing model nwt
I0117 18:16:13.785010 12744 processor.cc:676] No data in processing queue, waiting...
I0117 18:16:13.798547 14596 processor.cc:676] No data in processing queue, waiting...
I0117 18:16:13.811076 14388 processor.cc:676] No data in processing queue, waiting...
I0117 18:16:13.896311  8616 master_component.cc:639] MasterComponent: complete normalizing model nwt
I0117 18:16:13.896311  8616 master_component.cc:1015] DisposeModel rwt
I0117 18:16:13.896809  8616 c_interface.cc:332] Pass FitOfflineMasterModelArgs, batch_filename_size=4, batch_weight_size=4, num_collection_passes=1 to void (__cdecl artm::core::MasterComponent::*)(class artm::FitOfflineMasterModelArgs const & __ptr64) __ptr64
I0117 18:16:13.896809  8616 master_component.cc:942] ProcessBatchesArgs: nwt_target_name=nwt, batch_filename_size=4, batch_size=0, batch_weight_size=4, pwt_source_name=pwt, num_document_passes=10, reuse_theta=no, opt_for_avx=yes, predict_class_id=
I0117 18:16:13.990025 12744 processor.cc:683] Processing queue has data, processing started
I0117 18:16:13.990025  8900 processor.cc:683] Processing queue has data, processing started
I0117 18:16:13.992064  4324 processor.cc:683] Processing queue has data, processing started
I0117 18:16:13.992064  8848 processor.cc:683] Processing queue has data, processing started
I0117 18:16:14.006069  8848 processor.cc:760] Processor: start processing batch 6dbed7df-3bfd-4efa-afda-ba93f3737b75 into model nwt
I0117 18:16:14.016095  8900 processor.cc:760] Processor: start processing batch c086cb69-7ffd-4adc-a9ee-6e47377de5e6 into model nwt
I0117 18:16:14.019605 12744 processor.cc:760] Processor: start processing batch 1199f8f5-c61e-4154-bd8d-1c99abda1477 into model nwt
I0117 18:16:14.019605  4324 processor.cc:760] Processor: start processing batch 3f919856-113a-4a63-9570-11b60fa18c3d into model nwt
I0117 18:16:14.099315  8848 processor.cc:856] Processor: complete processing batch 6dbed7df-3bfd-4efa-afda-ba93f3737b75 into model nwt
I0117 18:16:14.102322  8848 cuckoo_watch.h:44] 110ms in ProcessBatch(D:\artmonline\data\datasets\postnauka\batches\aaaaad.batch) [including 10ms in LoadMessage; 1ms in InitializeSparseNdw; 91ms in InferThetaAndUpdateNwtSparse; ]
I0117 18:16:14.130398  8848 processor.cc:676] No data in processing queue, waiting...
I0117 18:16:14.228159  8900 processor.cc:856] Processor: complete processing batch c086cb69-7ffd-4adc-a9ee-6e47377de5e6 into model nwt
I0117 18:16:14.233172  8900 cuckoo_watch.h:44] 243ms in ProcessBatch(D:\artmonline\data\datasets\postnauka\batches\aaaaab.batch) [including 21ms in LoadMessage; 9ms in InitializeSparseNdw; 202ms in InferThetaAndUpdateNwtSparse; ]
I0117 18:16:14.243197 12744 processor.cc:856] Processor: complete processing batch 1199f8f5-c61e-4154-bd8d-1c99abda1477 into model nwt
I0117 18:16:14.249213 12744 cuckoo_watch.h:44] 259ms in ProcessBatch(D:\artmonline\data\datasets\postnauka\batches\aaaaaa.batch) [including 24ms in LoadMessage; 10ms in InitializeSparseNdw; 212ms in InferThetaAndUpdateNwtSparse; ]
I0117 18:16:14.250247  4324 processor.cc:856] Processor: complete processing batch 3f919856-113a-4a63-9570-11b60fa18c3d into model nwt
I0117 18:16:14.254756  4324 cuckoo_watch.h:44] 263ms in ProcessBatch(D:\artmonline\data\datasets\postnauka\batches\aaaaac.batch) [including 22ms in LoadMessage; 11ms in InitializeSparseNdw; 218ms in InferThetaAndUpdateNwtSparse; ]
I0117 18:16:14.255257  8616 master_component.cc:991] NormalizeModelArgs: pwt_target_name=pwt, nwt_source_name=nwt, rwt_source_name=
I0117 18:16:14.255257  8616 master_component.cc:617] MasterComponent: start normalizing model nwt
I0117 18:16:14.259742  8900 processor.cc:676] No data in processing queue, waiting...
I0117 18:16:14.278292 12744 processor.cc:676] No data in processing queue, waiting...
I0117 18:16:14.281317  4324 processor.cc:676] No data in processing queue, waiting...
I0117 18:16:14.375049  8616 master_component.cc:639] MasterComponent: complete normalizing model nwt
I0117 18:16:14.375049  8616 master_component.cc:1015] DisposeModel rwt
I0117 18:16:14.375049  8616 c_interface.cc:332] Pass FitOfflineMasterModelArgs, batch_filename_size=4, batch_weight_size=4, num_collection_passes=1 to void (__cdecl artm::core::MasterComponent::*)(class artm::FitOfflineMasterModelArgs const & __ptr64) __ptr64
I0117 18:16:14.375551  8616 master_component.cc:942] ProcessBatchesArgs: nwt_target_name=nwt, batch_filename_size=4, batch_size=0, batch_weight_size=4, pwt_source_name=pwt, num_document_passes=10, reuse_theta=no, opt_for_avx=yes, predict_class_id=
I0117 18:16:14.472308 12744 processor.cc:683] Processing queue has data, processing started
I0117 18:16:14.472308  8900 processor.cc:683] Processing queue has data, processing started
I0117 18:16:14.472308 12628 processor.cc:683] Processing queue has data, processing started
I0117 18:16:14.475817 14596 processor.cc:683] Processing queue has data, processing started
I0117 18:16:14.496909 12628 processor.cc:760] Processor: start processing batch 1199f8f5-c61e-4154-bd8d-1c99abda1477 into model nwt
I0117 18:16:14.496909 14596 processor.cc:760] Processor: start processing batch 6dbed7df-3bfd-4efa-afda-ba93f3737b75 into model nwt
I0117 18:16:14.498879  8900 processor.cc:760] Processor: start processing batch 3f919856-113a-4a63-9570-11b60fa18c3d into model nwt
I0117 18:16:14.508404 12744 processor.cc:760] Processor: start processing batch c086cb69-7ffd-4adc-a9ee-6e47377de5e6 into model nwt
I0117 18:16:14.592661 14596 processor.cc:856] Processor: complete processing batch 6dbed7df-3bfd-4efa-afda-ba93f3737b75 into model nwt
I0117 18:16:14.595634 14596 cuckoo_watch.h:44] 119ms in ProcessBatch(D:\artmonline\data\datasets\postnauka\batches\aaaaad.batch) [including 15ms in LoadMessage; 3ms in InitializeSparseNdw; 91ms in InferThetaAndUpdateNwtSparse; ]
I0117 18:16:14.617727 14596 processor.cc:676] No data in processing queue, waiting...
I0117 18:16:14.726485 12628 processor.cc:856] Processor: complete processing batch 1199f8f5-c61e-4154-bd8d-1c99abda1477 into model nwt
I0117 18:16:14.732537 12628 cuckoo_watch.h:44] 260ms in ProcessBatch(D:\artmonline\data\datasets\postnauka\batches\aaaaaa.batch) [including 19ms in LoadMessage; 10ms in InitializeSparseNdw; 218ms in InferThetaAndUpdateNwtSparse; ]
I0117 18:16:14.737512  8900 processor.cc:856] Processor: complete processing batch 3f919856-113a-4a63-9570-11b60fa18c3d into model nwt
I0117 18:16:14.745033  8900 cuckoo_watch.h:44] 272ms in ProcessBatch(D:\artmonline\data\datasets\postnauka\batches\aaaaac.batch) [including 21ms in LoadMessage; 9ms in InitializeSparseNdw; 228ms in InferThetaAndUpdateNwtSparse; ]
I0117 18:16:14.755060 12744 processor.cc:856] Processor: complete processing batch c086cb69-7ffd-4adc-a9ee-6e47377de5e6 into model nwt
I0117 18:16:14.759070 12628 processor.cc:676] No data in processing queue, waiting...
I0117 18:16:14.761075 12744 cuckoo_watch.h:44] 288ms in ProcessBatch(D:\artmonline\data\datasets\postnauka\batches\aaaaab.batch) [including 28ms in LoadMessage; 5ms in InitializeSparseNdw; 240ms in InferThetaAndUpdateNwtSparse; ]
I0117 18:16:14.763582  8616 master_component.cc:991] NormalizeModelArgs: pwt_target_name=pwt, nwt_source_name=nwt, rwt_source_name=
I0117 18:16:14.763582  8616 master_component.cc:617] MasterComponent: start normalizing model nwt
I0117 18:16:14.770099  8900 processor.cc:676] No data in processing queue, waiting...
I0117 18:16:14.786644 12744 processor.cc:676] No data in processing queue, waiting...
I0117 18:16:14.880895  8616 master_component.cc:639] MasterComponent: complete normalizing model nwt
I0117 18:16:14.880895  8616 master_component.cc:1015] DisposeModel rwt
I0117 18:16:14.881397  8616 c_interface.cc:332] Pass FitOfflineMasterModelArgs, batch_filename_size=4, batch_weight_size=4, num_collection_passes=1 to void (__cdecl artm::core::MasterComponent::*)(class artm::FitOfflineMasterModelArgs const & __ptr64) __ptr64
I0117 18:16:14.881397  8616 master_component.cc:942] ProcessBatchesArgs: nwt_target_name=nwt, batch_filename_size=4, batch_size=0, batch_weight_size=4, pwt_source_name=pwt, num_document_passes=10, reuse_theta=no, opt_for_avx=yes, predict_class_id=
I0117 18:16:14.996202  1524 processor.cc:683] Processing queue has data, processing started
I0117 18:16:14.997704 12628 processor.cc:683] Processing queue has data, processing started
I0117 18:16:14.997704  4324 processor.cc:683] Processing queue has data, processing started
I0117 18:16:14.997704  8848 processor.cc:683] Processing queue has data, processing started
I0117 18:16:15.017758 12628 processor.cc:760] Processor: start processing batch 6dbed7df-3bfd-4efa-afda-ba93f3737b75 into model nwt
I0117 18:16:15.024276  1524 processor.cc:760] Processor: start processing batch 1199f8f5-c61e-4154-bd8d-1c99abda1477 into model nwt
I0117 18:16:15.027285  8848 processor.cc:760] Processor: start processing batch 3f919856-113a-4a63-9570-11b60fa18c3d into model nwt
I0117 18:16:15.035305  4324 processor.cc:760] Processor: start processing batch c086cb69-7ffd-4adc-a9ee-6e47377de5e6 into model nwt
I0117 18:16:15.126549 12628 processor.cc:856] Processor: complete processing batch 6dbed7df-3bfd-4efa-afda-ba93f3737b75 into model nwt
I0117 18:16:15.129055 12628 cuckoo_watch.h:44] 131ms in ProcessBatch(D:\artmonline\data\datasets\postnauka\batches\aaaaad.batch) [including 15ms in LoadMessage; 3ms in InitializeSparseNdw; 105ms in InferThetaAndUpdateNwtSparse; ]
I0117 18:16:15.158169 12628 processor.cc:676] No data in processing queue, waiting...
I0117 18:16:15.250912  1524 processor.cc:856] Processor: complete processing batch 1199f8f5-c61e-4154-bd8d-1c99abda1477 into model nwt
I0117 18:16:15.255890  1524 cuckoo_watch.h:44] 259ms in ProcessBatch(D:\artmonline\data\datasets\postnauka\batches\aaaaaa.batch) [including 21ms in LoadMessage; 10ms in InitializeSparseNdw; 216ms in InferThetaAndUpdateNwtSparse; ]
I0117 18:16:15.258934  4324 processor.cc:856] Processor: complete processing batch c086cb69-7ffd-4adc-a9ee-6e47377de5e6 into model nwt
I0117 18:16:15.265453  4324 cuckoo_watch.h:44] 267ms in ProcessBatch(D:\artmonline\data\datasets\postnauka\batches\aaaaab.batch) [including 28ms in LoadMessage; 8ms in InitializeSparseNdw; 214ms in InferThetaAndUpdateNwtSparse; ]
I0117 18:16:15.268960  8848 processor.cc:856] Processor: complete processing batch 3f919856-113a-4a63-9570-11b60fa18c3d into model nwt
I0117 18:16:15.273974  8848 cuckoo_watch.h:44] 276ms in ProcessBatch(D:\artmonline\data\datasets\postnauka\batches\aaaaac.batch) [including 23ms in LoadMessage; 10ms in InitializeSparseNdw; 230ms in InferThetaAndUpdateNwtSparse; ]
I0117 18:16:15.274977  8616 master_component.cc:991] NormalizeModelArgs: pwt_target_name=pwt, nwt_source_name=nwt, rwt_source_name=
I0117 18:16:15.274977  8616 master_component.cc:617] MasterComponent: start normalizing model nwt
I0117 18:16:15.287976  1524 processor.cc:676] No data in processing queue, waiting...
I0117 18:16:15.297502  4324 processor.cc:676] No data in processing queue, waiting...
I0117 18:16:15.302049  8848 processor.cc:676] No data in processing queue, waiting...
I0117 18:16:15.401279  8616 master_component.cc:639] MasterComponent: complete normalizing model nwt
I0117 18:16:15.401279  8616 master_component.cc:1015] DisposeModel rwt
I0117 18:16:15.401782  8616 c_interface.cc:332] Pass FitOfflineMasterModelArgs, batch_filename_size=4, batch_weight_size=4, num_collection_passes=1 to void (__cdecl artm::core::MasterComponent::*)(class artm::FitOfflineMasterModelArgs const & __ptr64) __ptr64
I0117 18:16:15.401782  8616 master_component.cc:942] ProcessBatchesArgs: nwt_target_name=nwt, batch_filename_size=4, batch_size=0, batch_weight_size=4, pwt_source_name=pwt, num_document_passes=10, reuse_theta=no, opt_for_avx=yes, predict_class_id=
I0117 18:16:15.500571 12744 processor.cc:683] Processing queue has data, processing started
I0117 18:16:15.500571  1524 processor.cc:683] Processing queue has data, processing started
I0117 18:16:15.500571  8900 processor.cc:683] Processing queue has data, processing started
I0117 18:16:15.500571 14388 processor.cc:683] Processing queue has data, processing started
I0117 18:16:15.513577  8900 processor.cc:760] Processor: start processing batch 6dbed7df-3bfd-4efa-afda-ba93f3737b75 into model nwt
I0117 18:16:15.524106  1524 processor.cc:760] Processor: start processing batch c086cb69-7ffd-4adc-a9ee-6e47377de5e6 into model nwt
I0117 18:16:15.526612 12744 processor.cc:760] Processor: start processing batch 1199f8f5-c61e-4154-bd8d-1c99abda1477 into model nwt
I0117 18:16:15.529117 14388 processor.cc:760] Processor: start processing batch 3f919856-113a-4a63-9570-11b60fa18c3d into model nwt
I0117 18:16:15.618355  8900 processor.cc:856] Processor: complete processing batch 6dbed7df-3bfd-4efa-afda-ba93f3737b75 into model nwt
I0117 18:16:15.621363  8900 cuckoo_watch.h:44] 121ms in ProcessBatch(D:\artmonline\data\datasets\postnauka\batches\aaaaad.batch) [including 9ms in LoadMessage; 1ms in InitializeSparseNdw; 103ms in InferThetaAndUpdateNwtSparse; ]
I0117 18:16:15.648434  8900 processor.cc:676] No data in processing queue, waiting...
I0117 18:16:15.746711 12744 processor.cc:856] Processor: complete processing batch 1199f8f5-c61e-4154-bd8d-1c99abda1477 into model nwt
I0117 18:16:15.751710 12744 cuckoo_watch.h:44] 251ms in ProcessBatch(D:\artmonline\data\datasets\postnauka\batches\aaaaaa.batch) [including 19ms in LoadMessage; 10ms in InitializeSparseNdw; 209ms in InferThetaAndUpdateNwtSparse; ]
I0117 18:16:15.758728  1524 processor.cc:856] Processor: complete processing batch c086cb69-7ffd-4adc-a9ee-6e47377de5e6 into model nwt
I0117 18:16:15.765280  1524 cuckoo_watch.h:44] 264ms in ProcessBatch(D:\artmonline\data\datasets\postnauka\batches\aaaaab.batch) [including 18ms in LoadMessage; 9ms in InitializeSparseNdw; 224ms in InferThetaAndUpdateNwtSparse; ]
I0117 18:16:15.765280 14388 processor.cc:856] Processor: complete processing batch 3f919856-113a-4a63-9570-11b60fa18c3d into model nwt
I0117 18:16:15.770258 14388 cuckoo_watch.h:44] 269ms in ProcessBatch(D:\artmonline\data\datasets\postnauka\batches\aaaaac.batch) [including 21ms in LoadMessage; 8ms in InitializeSparseNdw; 227ms in InferThetaAndUpdateNwtSparse; ]
I0117 18:16:15.771319  8616 master_component.cc:991] NormalizeModelArgs: pwt_target_name=pwt, nwt_source_name=nwt, rwt_source_name=
I0117 18:16:15.771319  8616 master_component.cc:617] MasterComponent: start normalizing model nwt
I0117 18:16:15.777873 12744 processor.cc:676] No data in processing queue, waiting...
I0117 18:16:15.794384  1524 processor.cc:676] No data in processing queue, waiting...
I0117 18:16:15.799398 14388 processor.cc:676] No data in processing queue, waiting...
I0117 18:16:15.880648  8616 master_component.cc:639] MasterComponent: complete normalizing model nwt
I0117 18:16:15.880648  8616 master_component.cc:1015] DisposeModel rwt
I0117 18:16:15.881147  8616 c_interface.cc:332] Pass FitOfflineMasterModelArgs, batch_filename_size=4, batch_weight_size=4, num_collection_passes=1 to void (__cdecl artm::core::MasterComponent::*)(class artm::FitOfflineMasterModelArgs const & __ptr64) __ptr64
I0117 18:16:15.881147  8616 master_component.cc:942] ProcessBatchesArgs: nwt_target_name=nwt, batch_filename_size=4, batch_size=0, batch_weight_size=4, pwt_source_name=pwt, num_document_passes=10, reuse_theta=no, opt_for_avx=yes, predict_class_id=
I0117 18:16:15.991433  8900 processor.cc:683] Processing queue has data, processing started
I0117 18:16:15.991433  4324 processor.cc:683] Processing queue has data, processing started
I0117 18:16:15.991433  8848 processor.cc:683] Processing queue has data, processing started
I0117 18:16:15.991433 14596 processor.cc:683] Processing queue has data, processing started
I0117 18:16:16.006950 14596 processor.cc:760] Processor: start processing batch 6dbed7df-3bfd-4efa-afda-ba93f3737b75 into model nwt
I0117 18:16:16.014971  8848 processor.cc:760] Processor: start processing batch c086cb69-7ffd-4adc-a9ee-6e47377de5e6 into model nwt
I0117 18:16:16.022991  8900 processor.cc:760] Processor: start processing batch 1199f8f5-c61e-4154-bd8d-1c99abda1477 into model nwt
I0117 18:16:16.028508  4324 processor.cc:760] Processor: start processing batch 3f919856-113a-4a63-9570-11b60fa18c3d into model nwt
I0117 18:16:16.113232 14596 processor.cc:856] Processor: complete processing batch 6dbed7df-3bfd-4efa-afda-ba93f3737b75 into model nwt
I0117 18:16:16.115772 14596 cuckoo_watch.h:44] 124ms in ProcessBatch(D:\artmonline\data\datasets\postnauka\batches\aaaaad.batch) [including 10ms in LoadMessage; 2ms in InitializeSparseNdw; 103ms in InferThetaAndUpdateNwtSparse; ]
I0117 18:16:16.142344 14596 processor.cc:676] No data in processing queue, waiting...
I0117 18:16:16.230043  8900 processor.cc:856] Processor: complete processing batch 1199f8f5-c61e-4154-bd8d-1c99abda1477 into model nwt
I0117 18:16:16.234053  8900 cuckoo_watch.h:44] 242ms in ProcessBatch(D:\artmonline\data\datasets\postnauka\batches\aaaaaa.batch) [including 24ms in LoadMessage; 9ms in InitializeSparseNdw; 196ms in InferThetaAndUpdateNwtSparse; ]
I0117 18:16:16.250597  8848 processor.cc:856] Processor: complete processing batch c086cb69-7ffd-4adc-a9ee-6e47377de5e6 into model nwt
I0117 18:16:16.257621  4324 processor.cc:856] Processor: complete processing batch 3f919856-113a-4a63-9570-11b60fa18c3d into model nwt
I0117 18:16:16.258621  8848 cuckoo_watch.h:44] 267ms in ProcessBatch(D:\artmonline\data\datasets\postnauka\batches\aaaaab.batch) [including 19ms in LoadMessage; 8ms in InitializeSparseNdw; 226ms in InferThetaAndUpdateNwtSparse; ]
I0117 18:16:16.262629  4324 cuckoo_watch.h:44] 271ms in ProcessBatch(D:\artmonline\data\datasets\postnauka\batches\aaaaac.batch) [including 28ms in LoadMessage; 8ms in InitializeSparseNdw; 220ms in InferThetaAndUpdateNwtSparse; ]
I0117 18:16:16.263130  8900 processor.cc:676] No data in processing queue, waiting...
I0117 18:16:16.263130  8616 master_component.cc:991] NormalizeModelArgs: pwt_target_name=pwt, nwt_source_name=nwt, rwt_source_name=
I0117 18:16:16.263130  8616 master_component.cc:617] MasterComponent: start normalizing model nwt
I0117 18:16:16.286223  8848 processor.cc:676] No data in processing queue, waiting...
I0117 18:16:16.288699  4324 processor.cc:676] No data in processing queue, waiting...
I0117 18:16:16.382948  8616 master_component.cc:639] MasterComponent: complete normalizing model nwt
I0117 18:16:16.382948  8616 master_component.cc:1015] DisposeModel rwt
I0117 18:16:16.382948  8616 c_interface.cc:332] Pass FitOfflineMasterModelArgs, batch_filename_size=4, batch_weight_size=4, num_collection_passes=1 to void (__cdecl artm::core::MasterComponent::*)(class artm::FitOfflineMasterModelArgs const & __ptr64) __ptr64
I0117 18:16:16.382948  8616 master_component.cc:942] ProcessBatchesArgs: nwt_target_name=nwt, batch_filename_size=4, batch_size=0, batch_weight_size=4, pwt_source_name=pwt, num_document_passes=10, reuse_theta=no, opt_for_avx=yes, predict_class_id=
I0117 18:16:16.476229  8848 processor.cc:683] Processing queue has data, processing started
I0117 18:16:16.476229 14596 processor.cc:683] Processing queue has data, processing started
I0117 18:16:16.476229  4324 processor.cc:683] Processing queue has data, processing started
I0117 18:16:16.480209  8900 processor.cc:683] Processing queue has data, processing started
I0117 18:16:16.500763 14596 processor.cc:760] Processor: start processing batch c086cb69-7ffd-4adc-a9ee-6e47377de5e6 into model nwt
I0117 18:16:16.500763  8900 processor.cc:760] Processor: start processing batch 6dbed7df-3bfd-4efa-afda-ba93f3737b75 into model nwt
I0117 18:16:16.500763  4324 processor.cc:760] Processor: start processing batch 1199f8f5-c61e-4154-bd8d-1c99abda1477 into model nwt
I0117 18:16:16.512295  8848 processor.cc:760] Processor: start processing batch 3f919856-113a-4a63-9570-11b60fa18c3d into model nwt
I0117 18:16:16.599525  8900 processor.cc:856] Processor: complete processing batch 6dbed7df-3bfd-4efa-afda-ba93f3737b75 into model nwt
I0117 18:16:16.603535  8900 cuckoo_watch.h:44] 123ms in ProcessBatch(D:\artmonline\data\datasets\postnauka\batches\aaaaad.batch) [including 16ms in LoadMessage; 3ms in InitializeSparseNdw; 95ms in InferThetaAndUpdateNwtSparse; ]
I0117 18:16:16.626597  8900 processor.cc:676] No data in processing queue, waiting...
I0117 18:16:16.719343  4324 processor.cc:856] Processor: complete processing batch 1199f8f5-c61e-4154-bd8d-1c99abda1477 into model nwt
I0117 18:16:16.722354 14596 processor.cc:856] Processor: complete processing batch c086cb69-7ffd-4adc-a9ee-6e47377de5e6 into model nwt
I0117 18:16:16.727865  4324 cuckoo_watch.h:44] 251ms in ProcessBatch(D:\artmonline\data\datasets\postnauka\batches\aaaaaa.batch) [including 19ms in LoadMessage; 10ms in InitializeSparseNdw; 207ms in InferThetaAndUpdateNwtSparse; ]
I0117 18:16:16.729406 14596 cuckoo_watch.h:44] 253ms in ProcessBatch(D:\artmonline\data\datasets\postnauka\batches\aaaaab.batch) [including 20ms in LoadMessage; 9ms in InitializeSparseNdw; 211ms in InferThetaAndUpdateNwtSparse; ]
I0117 18:16:16.739897  8848 processor.cc:856] Processor: complete processing batch 3f919856-113a-4a63-9570-11b60fa18c3d into model nwt
I0117 18:16:16.745414  8848 cuckoo_watch.h:44] 269ms in ProcessBatch(D:\artmonline\data\datasets\postnauka\batches\aaaaac.batch) [including 27ms in LoadMessage; 5ms in InitializeSparseNdw; 221ms in InferThetaAndUpdateNwtSparse; ]
I0117 18:16:16.745954  8616 master_component.cc:991] NormalizeModelArgs: pwt_target_name=pwt, nwt_source_name=nwt, rwt_source_name=
I0117 18:16:16.745954  8616 master_component.cc:617] MasterComponent: start normalizing model nwt
I0117 18:16:16.766469 14596 processor.cc:676] No data in processing queue, waiting...
I0117 18:16:16.766469  4324 processor.cc:676] No data in processing queue, waiting...
I0117 18:16:16.780508  8848 processor.cc:676] No data in processing queue, waiting...
I0117 18:16:16.854234  8616 master_component.cc:639] MasterComponent: complete normalizing model nwt
I0117 18:16:16.854234  8616 master_component.cc:1015] DisposeModel rwt
I0117 18:16:16.854739  8616 c_interface.cc:332] Pass FitOfflineMasterModelArgs, batch_filename_size=4, batch_weight_size=4, num_collection_passes=1 to void (__cdecl artm::core::MasterComponent::*)(class artm::FitOfflineMasterModelArgs const & __ptr64) __ptr64
I0117 18:16:16.854739  8616 master_component.cc:942] ProcessBatchesArgs: nwt_target_name=nwt, batch_filename_size=4, batch_size=0, batch_weight_size=4, pwt_source_name=pwt, num_document_passes=10, reuse_theta=no, opt_for_avx=yes, predict_class_id=
I0117 18:16:16.951169  8848 processor.cc:683] Processing queue has data, processing started
I0117 18:16:16.951169  4324 processor.cc:683] Processing queue has data, processing started
I0117 18:16:16.951169  1524 processor.cc:683] Processing queue has data, processing started
I0117 18:16:16.951169 12628 processor.cc:683] Processing queue has data, processing started
I0117 18:16:16.965709  4324 processor.cc:760] Processor: start processing batch 6dbed7df-3bfd-4efa-afda-ba93f3737b75 into model nwt
I0117 18:16:16.978277  1524 processor.cc:760] Processor: start processing batch c086cb69-7ffd-4adc-a9ee-6e47377de5e6 into model nwt
I0117 18:16:16.981789  8848 processor.cc:760] Processor: start processing batch 1199f8f5-c61e-4154-bd8d-1c99abda1477 into model nwt
I0117 18:16:16.981789 12628 processor.cc:760] Processor: start processing batch 3f919856-113a-4a63-9570-11b60fa18c3d into model nwt
I0117 18:16:17.077507  4324 processor.cc:856] Processor: complete processing batch 6dbed7df-3bfd-4efa-afda-ba93f3737b75 into model nwt
I0117 18:16:17.081519  4324 cuckoo_watch.h:44] 130ms in ProcessBatch(D:\artmonline\data\datasets\postnauka\batches\aaaaad.batch) [including 10ms in LoadMessage; 2ms in InitializeSparseNdw; 108ms in InferThetaAndUpdateNwtSparse; ]
I0117 18:16:17.111635  4324 processor.cc:676] No data in processing queue, waiting...
I0117 18:16:17.193816 12628 processor.cc:856] Processor: complete processing batch 3f919856-113a-4a63-9570-11b60fa18c3d into model nwt
I0117 18:16:17.198829 12628 cuckoo_watch.h:44] 247ms in ProcessBatch(D:\artmonline\data\datasets\postnauka\batches\aaaaac.batch) [including 24ms in LoadMessage; 10ms in InitializeSparseNdw; 201ms in InferThetaAndUpdateNwtSparse; ]
I0117 18:16:17.200834  8848 processor.cc:856] Processor: complete processing batch 1199f8f5-c61e-4154-bd8d-1c99abda1477 into model nwt
I0117 18:16:17.208856  8848 cuckoo_watch.h:44] 257ms in ProcessBatch(D:\artmonline\data\datasets\postnauka\batches\aaaaaa.batch) [including 23ms in LoadMessage; 10ms in InitializeSparseNdw; 208ms in InferThetaAndUpdateNwtSparse; ]
I0117 18:16:17.211369  1524 processor.cc:856] Processor: complete processing batch c086cb69-7ffd-4adc-a9ee-6e47377de5e6 into model nwt
I0117 18:16:17.216377  1524 cuckoo_watch.h:44] 265ms in ProcessBatch(D:\artmonline\data\datasets\postnauka\batches\aaaaab.batch) [including 20ms in LoadMessage; 7ms in InitializeSparseNdw; 226ms in InferThetaAndUpdateNwtSparse; ]
I0117 18:16:17.217378  8616 master_component.cc:991] NormalizeModelArgs: pwt_target_name=pwt, nwt_source_name=nwt, rwt_source_name=
I0117 18:16:17.217378  8616 master_component.cc:617] MasterComponent: start normalizing model nwt
I0117 18:16:17.224400 12628 processor.cc:676] No data in processing queue, waiting...
I0117 18:16:17.240942  8848 processor.cc:676] No data in processing queue, waiting...
I0117 18:16:17.246958  1524 processor.cc:676] No data in processing queue, waiting...
I0117 18:16:17.351764  8616 master_component.cc:639] MasterComponent: complete normalizing model nwt
I0117 18:16:17.351764  8616 master_component.cc:1015] DisposeModel rwt
I0117 18:16:17.352265  8616 c_interface.cc:332] Pass FitOfflineMasterModelArgs, batch_filename_size=4, batch_weight_size=4, num_collection_passes=1 to void (__cdecl artm::core::MasterComponent::*)(class artm::FitOfflineMasterModelArgs const & __ptr64) __ptr64
I0117 18:16:17.352265  8616 master_component.cc:942] ProcessBatchesArgs: nwt_target_name=nwt, batch_filename_size=4, batch_size=0, batch_weight_size=4, pwt_source_name=pwt, num_document_passes=10, reuse_theta=no, opt_for_avx=yes, predict_class_id=
I0117 18:16:17.445986  1524 processor.cc:683] Processing queue has data, processing started
I0117 18:16:17.445986 14388 processor.cc:683] Processing queue has data, processing started
I0117 18:16:17.447492  4324 processor.cc:683] Processing queue has data, processing started
I0117 18:16:17.447492 12744 processor.cc:683] Processing queue has data, processing started
I0117 18:16:17.461027 12744 processor.cc:760] Processor: start processing batch 6dbed7df-3bfd-4efa-afda-ba93f3737b75 into model nwt
I0117 18:16:17.470553  1524 processor.cc:760] Processor: start processing batch c086cb69-7ffd-4adc-a9ee-6e47377de5e6 into model nwt
I0117 18:16:17.482084 14388 processor.cc:760] Processor: start processing batch 1199f8f5-c61e-4154-bd8d-1c99abda1477 into model nwt
I0117 18:16:17.483085  4324 processor.cc:760] Processor: start processing batch 3f919856-113a-4a63-9570-11b60fa18c3d into model nwt
I0117 18:16:17.563802 12744 processor.cc:856] Processor: complete processing batch 6dbed7df-3bfd-4efa-afda-ba93f3737b75 into model nwt
I0117 18:16:17.566306 12744 cuckoo_watch.h:44] 118ms in ProcessBatch(D:\artmonline\data\datasets\postnauka\batches\aaaaad.batch) [including 9ms in LoadMessage; 2ms in InitializeSparseNdw; 100ms in InferThetaAndUpdateNwtSparse; ]
I0117 18:16:17.590371 12744 processor.cc:676] No data in processing queue, waiting...
I0117 18:16:17.690135  1524 processor.cc:856] Processor: complete processing batch c086cb69-7ffd-4adc-a9ee-6e47377de5e6 into model nwt
I0117 18:16:17.694681  1524 cuckoo_watch.h:44] 248ms in ProcessBatch(D:\artmonline\data\datasets\postnauka\batches\aaaaab.batch) [including 20ms in LoadMessage; 8ms in InitializeSparseNdw; 210ms in InferThetaAndUpdateNwtSparse; ]
I0117 18:16:17.696153 14388 processor.cc:856] Processor: complete processing batch 1199f8f5-c61e-4154-bd8d-1c99abda1477 into model nwt
I0117 18:16:17.703708 14388 cuckoo_watch.h:44] 257ms in ProcessBatch(D:\artmonline\data\datasets\postnauka\batches\aaaaaa.batch) [including 28ms in LoadMessage; 7ms in InitializeSparseNdw; 206ms in InferThetaAndUpdateNwtSparse; ]
I0117 18:16:17.711191  4324 processor.cc:856] Processor: complete processing batch 3f919856-113a-4a63-9570-11b60fa18c3d into model nwt
I0117 18:16:17.715231  4324 cuckoo_watch.h:44] 268ms in ProcessBatch(D:\artmonline\data\datasets\postnauka\batches\aaaaac.batch) [including 29ms in LoadMessage; 8ms in InitializeSparseNdw; 219ms in InferThetaAndUpdateNwtSparse; ]
I0117 18:16:17.716249  8616 master_component.cc:991] NormalizeModelArgs: pwt_target_name=pwt, nwt_source_name=nwt, rwt_source_name=
I0117 18:16:17.716249  8616 master_component.cc:617] MasterComponent: start normalizing model nwt
I0117 18:16:17.722733  1524 processor.cc:676] No data in processing queue, waiting...
I0117 18:16:17.733752 14388 processor.cc:676] No data in processing queue, waiting...
I0117 18:16:17.744781  4324 processor.cc:676] No data in processing queue, waiting...
I0117 18:16:17.831540  8616 master_component.cc:639] MasterComponent: complete normalizing model nwt
I0117 18:16:17.831540  8616 master_component.cc:1015] DisposeModel rwt
I0117 18:16:17.832041  8616 c_interface.cc:332] Pass FitOfflineMasterModelArgs, batch_filename_size=4, batch_weight_size=4, num_collection_passes=1 to void (__cdecl artm::core::MasterComponent::*)(class artm::FitOfflineMasterModelArgs const & __ptr64) __ptr64
I0117 18:16:17.832041  8616 master_component.cc:942] ProcessBatchesArgs: nwt_target_name=nwt, batch_filename_size=4, batch_size=0, batch_weight_size=4, pwt_source_name=pwt, num_document_passes=10, reuse_theta=no, opt_for_avx=yes, predict_class_id=
I0117 18:16:17.927340 12744 processor.cc:683] Processing queue has data, processing started
I0117 18:16:17.927340  8848 processor.cc:683] Processing queue has data, processing started
I0117 18:16:17.929339 12628 processor.cc:683] Processing queue has data, processing started
I0117 18:16:17.929339 14388 processor.cc:683] Processing queue has data, processing started
I0117 18:16:17.943351 14388 processor.cc:760] Processor: start processing batch 6dbed7df-3bfd-4efa-afda-ba93f3737b75 into model nwt
I0117 18:16:17.954380 12628 processor.cc:760] Processor: start processing batch 3f919856-113a-4a63-9570-11b60fa18c3d into model nwt
I0117 18:16:17.957888 12744 processor.cc:760] Processor: start processing batch 1199f8f5-c61e-4154-bd8d-1c99abda1477 into model nwt
I0117 18:16:17.961397  8848 processor.cc:760] Processor: start processing batch c086cb69-7ffd-4adc-a9ee-6e47377de5e6 into model nwt
I0117 18:16:18.034592 14388 processor.cc:856] Processor: complete processing batch 6dbed7df-3bfd-4efa-afda-ba93f3737b75 into model nwt
I0117 18:16:18.037600 14388 cuckoo_watch.h:44] 108ms in ProcessBatch(D:\artmonline\data\datasets\postnauka\batches\aaaaad.batch) [including 10ms in LoadMessage; 1ms in InitializeSparseNdw; 89ms in InferThetaAndUpdateNwtSparse; ]
I0117 18:16:18.066176 14388 processor.cc:676] No data in processing queue, waiting...
I0117 18:16:18.166445 12744 processor.cc:856] Processor: complete processing batch 1199f8f5-c61e-4154-bd8d-1c99abda1477 into model nwt
I0117 18:16:18.169451 12628 processor.cc:856] Processor: complete processing batch 3f919856-113a-4a63-9570-11b60fa18c3d into model nwt
I0117 18:16:18.174968 12744 cuckoo_watch.h:44] 247ms in ProcessBatch(D:\artmonline\data\datasets\postnauka\batches\aaaaaa.batch) [including 24ms in LoadMessage; 9ms in InitializeSparseNdw; 198ms in InferThetaAndUpdateNwtSparse; ]
I0117 18:16:18.174968 12628 cuckoo_watch.h:44] 245ms in ProcessBatch(D:\artmonline\data\datasets\postnauka\batches\aaaaac.batch) [including 20ms in LoadMessage; 9ms in InitializeSparseNdw; 205ms in InferThetaAndUpdateNwtSparse; ]
I0117 18:16:18.178475  8848 processor.cc:856] Processor: complete processing batch c086cb69-7ffd-4adc-a9ee-6e47377de5e6 into model nwt
I0117 18:16:18.182987  8848 cuckoo_watch.h:44] 255ms in ProcessBatch(D:\artmonline\data\datasets\postnauka\batches\aaaaab.batch) [including 27ms in LoadMessage; 7ms in InitializeSparseNdw; 209ms in InferThetaAndUpdateNwtSparse; ]
I0117 18:16:18.184999  8616 master_component.cc:991] NormalizeModelArgs: pwt_target_name=pwt, nwt_source_name=nwt, rwt_source_name=
I0117 18:16:18.184999  8616 master_component.cc:617] MasterComponent: start normalizing model nwt
I0117 18:16:18.203550 12744 processor.cc:676] No data in processing queue, waiting...
I0117 18:16:18.203550 12628 processor.cc:676] No data in processing queue, waiting...
I0117 18:16:18.209092  8848 processor.cc:676] No data in processing queue, waiting...
I0117 18:16:18.314345  8616 master_component.cc:639] MasterComponent: complete normalizing model nwt
I0117 18:16:18.314345  8616 master_component.cc:1015] DisposeModel rwt
I0117 18:16:18.323380  8616 c_interface.cc:180] ArtmCopyRequestedMessage is copying 30979 bytes...
W0117 18:16:18.386072  8616 check_messages.h:833] Inconsistent fields size in ThetaMatrix: 3446 vs 0 vs 3446 vs 0;
I0117 18:16:18.386572  8616 c_interface.cc:180] ArtmCopyRequestedMessage is copying 17195 bytes...
I0117 18:16:18.403584  8616 c_interface.cc:185] ArtmCopyRequestedObject is copying 137840 bytes...
I0117 18:16:18.479506  8616 phi_matrix_operations.cc:82] RetrieveExternalTopicModel() with 10 topics, 73513 tokens
I0117 18:16:18.566771  8616 c_interface.cc:180] ArtmCopyRequestedMessage is copying 2152825 bytes...
I0117 18:16:20.183109  8616 phi_matrix_operations.cc:82] RetrieveExternalTopicModel() with 10 topics, 73513 tokens
I0117 18:16:20.252293  8616 c_interface.cc:180] ArtmCopyRequestedMessage is copying 1858773 bytes...
I0117 18:16:20.639423  8616 c_interface.cc:185] ArtmCopyRequestedObject is copying 2940520 bytes...
I0117 18:18:12.758831  1008 c_interface.cc:318] Pass 25b296a7-76b0-4b8c-bf09-67a18b48804f to void (__cdecl artm::core::MasterComponent::*)(class std::basic_string<char,struct std::char_traits<char>,class std::allocator<char> > const & __ptr64) __ptr64
I0117 18:18:12.771838  1008 c_interface.cc:283] Disposing MasterComponent (id=3)...
I0117 18:18:12.771838  1008 c_interface.cc:318] Pass dictionary to void (__cdecl artm::core::MasterComponent::*)(class std::basic_string<char,struct std::char_traits<char>,class std::allocator<char> > const & __ptr64) __ptr64
I0117 18:18:12.784873  1008 c_interface.cc:283] Disposing MasterComponent (id=4)...
I0117 18:18:12.785928 12628 processor.cc:668] Processor thread stopped
I0117 18:18:12.785928 12628 processor.cc:669] Total number of processed batches: 4
I0117 18:18:12.786933 12744 processor.cc:668] Processor thread stopped
I0117 18:18:12.786933 12744 processor.cc:669] Total number of processed batches: 6
I0117 18:18:12.787935  1524 processor.cc:668] Processor thread stopped
I0117 18:18:12.787935  1524 processor.cc:669] Total number of processed batches: 4
I0117 18:18:12.789042  8848 processor.cc:668] Processor thread stopped
I0117 18:18:12.789042  8848 processor.cc:669] Total number of processed batches: 6
I0117 18:18:12.790349  4324 processor.cc:668] Processor thread stopped
I0117 18:18:12.790349  4324 processor.cc:669] Total number of processed batches: 7
I0117 18:18:12.791393 14388 processor.cc:668] Processor thread stopped
I0117 18:18:12.791393 14388 processor.cc:669] Total number of processed batches: 4
I0117 18:18:12.792453 14596 processor.cc:668] Processor thread stopped
I0117 18:18:12.792453 14596 processor.cc:669] Total number of processed batches: 4
I0117 18:18:12.793454  8900 processor.cc:668] Processor thread stopped
I0117 18:18:12.793454  8900 processor.cc:669] Total number of processed batches: 5
I0117 18:18:12.839022  1008 c_interface.cc:283] Disposing MasterComponent (id=5)...
