I0116 12:42:51.031893  7048 cuckoo_watch.h:44] 268ms in ProcessBatch(D:\artmonline\data\datasets\lenta\batches\aaaaab.batch) [including 21ms in LoadMessage; 1ms in InitializeSparseNdw; 225ms in InferThetaAndUpdateNwtSparse; ]
I0116 12:42:51.033898  3908 processor.cc:760] Processor: start processing batch 2b88d973-a090-4e65-9898-4fe7cc01703c into model nwt
I0116 12:42:51.040916 12796 processor.cc:760] Processor: start processing batch 4f78d3f8-7022-463c-9770-a66d84013b84 into model nwt
I0116 12:42:51.046932  7048 processor.cc:760] Processor: start processing batch f356a4bb-a9b9-405e-a407-3123ac10abf7 into model nwt
I0116 12:42:51.053953 10540 processor.cc:856] Processor: complete processing batch 525b108c-48e7-42f3-a4d3-b89f410bfa54 into model nwt
I0116 12:42:51.054954  5896 processor.cc:856] Processor: complete processing batch c1adb2ae-3d35-484b-a31a-79869caf1452 into model nwt
I0116 12:42:51.059967  5896 cuckoo_watch.h:44] 296ms in ProcessBatch(D:\artmonline\data\datasets\lenta\batches\aaaaae.batch) [including 17ms in LoadMessage; 2ms in InitializeSparseNdw; 263ms in InferThetaAndUpdateNwtSparse; ]
I0116 12:42:51.059967 10540 cuckoo_watch.h:44] 295ms in ProcessBatch(D:\artmonline\data\datasets\lenta\batches\aaaaaf.batch) [including 22ms in LoadMessage; 1ms in InitializeSparseNdw; 252ms in InferThetaAndUpdateNwtSparse; ]
I0116 12:42:51.068992  4756 processor.cc:856] Processor: complete processing batch e4a1b9e5-f4bf-465b-8dbe-b36aa5fd54ce into model nwt
I0116 12:42:51.070997  4756 cuckoo_watch.h:44] 56ms in ProcessBatch(D:\artmonline\data\datasets\lenta\batches\aaaaak.batch) [including 4ms in LoadMessage; 0ms in InitializeSparseNdw; 38ms in InferThetaAndUpdateNwtSparse; ]
I0116 12:42:51.070997 12796 processor.cc:856] Processor: complete processing batch 4f78d3f8-7022-463c-9770-a66d84013b84 into model nwt
I0116 12:42:51.072000 11588 processor.cc:856] Processor: complete processing batch b6a181f4-65d4-4478-a33f-56e3df1d3d5b into model nwt
I0116 12:42:51.072000 10540 processor.cc:760] Processor: start processing batch 72c7c503-2c13-4284-864f-2b3562833a41 into model nwt
I0116 12:42:51.073002 12796 cuckoo_watch.h:44] 59ms in ProcessBatch(D:\artmonline\data\datasets\lenta\batches\aaaaaj.batch) [including 5ms in LoadMessage; 0ms in InitializeSparseNdw; 30ms in InferThetaAndUpdateNwtSparse; ]
I0116 12:42:51.080026 11588 cuckoo_watch.h:44] 314ms in ProcessBatch(D:\artmonline\data\datasets\lenta\batches\aaaaah.batch) [including 28ms in LoadMessage; 1ms in InitializeSparseNdw; 263ms in InferThetaAndUpdateNwtSparse; ]
I0116 12:42:51.083029  5896 processor.cc:760] Processor: start processing batch 5198d9b7-d04c-4afc-af5e-a01d9eedf94a into model nwt
I0116 12:42:51.085034  7048 processor.cc:856] Processor: complete processing batch f356a4bb-a9b9-405e-a407-3123ac10abf7 into model nwt
I0116 12:42:51.089043  4756 processor.cc:760] Processor: start processing batch fcd60de1-1df5-47bf-8b98-78fa23552316 into model nwt
I0116 12:42:51.089043 12796 processor.cc:760] Processor: start processing batch 6518cc63-dd88-4413-89df-ee38b607dcaf into model nwt
I0116 12:42:51.096063 11588 processor.cc:760] Processor: start processing batch 0eacb8d9-eea2-4801-a26e-91e4061f419a into model nwt
I0116 12:42:51.097065  7048 cuckoo_watch.h:44] 65ms in ProcessBatch(D:\artmonline\data\datasets\lenta\batches\aaaaal.batch) [including 2ms in LoadMessage; 0ms in InitializeSparseNdw; 37ms in InferThetaAndUpdateNwtSparse; ]
I0116 12:42:51.105087 10244 processor.cc:856] Processor: complete processing batch 6a4af1d3-9a98-40b7-a817-21047d2c0370 into model nwt
I0116 12:42:51.109097 10540 processor.cc:856] Processor: complete processing batch 72c7c503-2c13-4284-864f-2b3562833a41 into model nwt
I0116 12:42:51.110100 10540 cuckoo_watch.h:44] 50ms in ProcessBatch(D:\artmonline\data\datasets\lenta\batches\aaaaan.batch) [including 2ms in LoadMessage; 0ms in InitializeSparseNdw; 36ms in InferThetaAndUpdateNwtSparse; ]
I0116 12:42:51.111104  7048 processor.cc:760] Processor: start processing batch aa878812-f3c7-4eae-be12-a5f004c2c812 into model nwt
I0116 12:42:51.116117  5896 processor.cc:856] Processor: complete processing batch 5198d9b7-d04c-4afc-af5e-a01d9eedf94a into model nwt
I0116 12:42:51.118122  5896 cuckoo_watch.h:44] 57ms in ProcessBatch(D:\artmonline\data\datasets\lenta\batches\aaaaam.batch) [including 2ms in LoadMessage; 0ms in InitializeSparseNdw; 33ms in InferThetaAndUpdateNwtSparse; ]
I0116 12:42:51.121130 10540 processor.cc:760] Processor: start processing batch b61bf30b-6c2e-41f7-bb24-37a66bdde20a into model nwt
I0116 12:42:51.123134 10244 cuckoo_watch.h:44] 358ms in ProcessBatch(D:\artmonline\data\datasets\lenta\batches\aaaaag.batch) [including 18ms in LoadMessage; 1ms in InitializeSparseNdw; 294ms in InferThetaAndUpdateNwtSparse; ]
I0116 12:42:51.126142 12796 processor.cc:856] Processor: complete processing batch 6518cc63-dd88-4413-89df-ee38b607dcaf into model nwt
I0116 12:42:51.127146 11588 processor.cc:856] Processor: complete processing batch 0eacb8d9-eea2-4801-a26e-91e4061f419a into model nwt
I0116 12:42:51.128149 12796 cuckoo_watch.h:44] 54ms in ProcessBatch(D:\artmonline\data\datasets\lenta\batches\aaaaap.batch) [including 3ms in LoadMessage; 0ms in InitializeSparseNdw; 30ms in InferThetaAndUpdateNwtSparse; ]
I0116 12:42:51.129150 11588 cuckoo_watch.h:44] 48ms in ProcessBatch(D:\artmonline\data\datasets\lenta\batches\aaaaaq.batch) [including 3ms in LoadMessage; 0ms in InitializeSparseNdw; 30ms in InferThetaAndUpdateNwtSparse; ]
I0116 12:42:51.130154  5896 processor.cc:760] Processor: start processing batch 181c75f0-3941-4bfa-9f90-f19d7a397432 into model nwt
I0116 12:42:51.140182 10244 processor.cc:760] Processor: start processing batch e0c6239b-a8b8-4a72-88cc-ad45d21522cc into model nwt
I0116 12:42:51.143188  4756 processor.cc:856] Processor: complete processing batch fcd60de1-1df5-47bf-8b98-78fa23552316 into model nwt
I0116 12:42:51.143188 12796 processor.cc:760] Processor: start processing batch d852a03c-1d24-43cc-86ce-deda10969237 into model nwt
I0116 12:42:51.145193  4756 cuckoo_watch.h:44] 73ms in ProcessBatch(D:\artmonline\data\datasets\lenta\batches\aaaaao.batch) [including 3ms in LoadMessage; 0ms in InitializeSparseNdw; 47ms in InferThetaAndUpdateNwtSparse; ]
I0116 12:42:51.145193 11588 processor.cc:760] Processor: start processing batch 21227cb2-46ce-40e5-bb51-e0ecfe37be66 into model nwt
I0116 12:42:51.146195  7048 processor.cc:856] Processor: complete processing batch aa878812-f3c7-4eae-be12-a5f004c2c812 into model nwt
I0116 12:42:51.148201  7048 cuckoo_watch.h:44] 51ms in ProcessBatch(D:\artmonline\data\datasets\lenta\batches\aaaaar.batch) [including 3ms in LoadMessage; 0ms in InitializeSparseNdw; 34ms in InferThetaAndUpdateNwtSparse; ]
I0116 12:42:51.154217 10540 processor.cc:856] Processor: complete processing batch b61bf30b-6c2e-41f7-bb24-37a66bdde20a into model nwt
I0116 12:42:51.156222 10540 cuckoo_watch.h:44] 45ms in ProcessBatch(D:\artmonline\data\datasets\lenta\batches\aaaaas.batch) [including 2ms in LoadMessage; 0ms in InitializeSparseNdw; 33ms in InferThetaAndUpdateNwtSparse; ]
I0116 12:42:51.158229  4756 processor.cc:760] Processor: start processing batch b818f8e8-9e0b-4567-a086-e4fa5fb24c94 into model nwt
I0116 12:42:51.161237  7048 processor.cc:760] Processor: start processing batch fe77c731-6f7c-4850-b667-bc6d4c192d74 into model nwt
I0116 12:42:51.162238  5896 processor.cc:856] Processor: complete processing batch 181c75f0-3941-4bfa-9f90-f19d7a397432 into model nwt
I0116 12:42:51.164245  5896 cuckoo_watch.h:44] 46ms in ProcessBatch(D:\artmonline\data\datasets\lenta\batches\aaaaat.batch) [including 2ms in LoadMessage; 0ms in InitializeSparseNdw; 31ms in InferThetaAndUpdateNwtSparse; ]
I0116 12:42:51.169257 10540 processor.cc:760] Processor: start processing batch 608db9e3-9894-48b8-9708-4341a81a39b1 into model nwt
I0116 12:42:51.170261 10244 processor.cc:856] Processor: complete processing batch e0c6239b-a8b8-4a72-88cc-ad45d21522cc into model nwt
I0116 12:42:51.171264 10244 cuckoo_watch.h:44] 47ms in ProcessBatch(D:\artmonline\data\datasets\lenta\batches\aaaaau.batch) [including 3ms in LoadMessage; 0ms in InitializeSparseNdw; 29ms in InferThetaAndUpdateNwtSparse; ]
I0116 12:42:51.173269 11588 processor.cc:856] Processor: complete processing batch 21227cb2-46ce-40e5-bb51-e0ecfe37be66 into model nwt
I0116 12:42:51.174271 11588 cuckoo_watch.h:44] 44ms in ProcessBatch(D:\artmonline\data\datasets\lenta\batches\aaaaaw.batch) [including 3ms in LoadMessage; 0ms in InitializeSparseNdw; 27ms in InferThetaAndUpdateNwtSparse; ]
I0116 12:42:51.178282  5896 processor.cc:760] Processor: start processing batch 9548b3c0-c002-481a-8d22-f489f974c1d6 into model nwt
I0116 12:42:51.179286 12796 processor.cc:856] Processor: complete processing batch d852a03c-1d24-43cc-86ce-deda10969237 into model nwt
I0116 12:42:51.180287 12796 cuckoo_watch.h:44] 52ms in ProcessBatch(D:\artmonline\data\datasets\lenta\batches\aaaaav.batch) [including 3ms in LoadMessage; 0ms in InitializeSparseNdw; 35ms in InferThetaAndUpdateNwtSparse; ]
I0116 12:42:51.185300 10244 processor.cc:760] Processor: start processing batch 0ede75e6-73ad-46d9-adad-032443ec2870 into model nwt
I0116 12:42:51.185300  4756 processor.cc:856] Processor: complete processing batch b818f8e8-9e0b-4567-a086-e4fa5fb24c94 into model nwt
I0116 12:42:51.187305 11588 processor.cc:760] Processor: start processing batch 35b49a08-2c56-4c48-b866-b431c31ecd78 into model nwt
I0116 12:42:51.187305  4756 cuckoo_watch.h:44] 41ms in ProcessBatch(D:\artmonline\data\datasets\lenta\batches\aaaaax.batch) [including 2ms in LoadMessage; 0ms in InitializeSparseNdw; 27ms in InferThetaAndUpdateNwtSparse; ]
I0116 12:42:51.192320  7048 processor.cc:856] Processor: complete processing batch fe77c731-6f7c-4850-b667-bc6d4c192d74 into model nwt
I0116 12:42:51.194324  7048 cuckoo_watch.h:44] 45ms in ProcessBatch(D:\artmonline\data\datasets\lenta\batches\aaaaay.batch) [including 3ms in LoadMessage; 0ms in InitializeSparseNdw; 30ms in InferThetaAndUpdateNwtSparse; ]
I0116 12:42:51.194324 12796 processor.cc:760] Processor: start processing batch 010dde91-4916-48b2-8792-afe9efd779a8 into model nwt
I0116 12:42:51.200345 10540 processor.cc:856] Processor: complete processing batch 608db9e3-9894-48b8-9708-4341a81a39b1 into model nwt
I0116 12:42:51.201344 10540 cuckoo_watch.h:44] 45ms in ProcessBatch(D:\artmonline\data\datasets\lenta\batches\aaaaaz.batch) [including 3ms in LoadMessage; 0ms in InitializeSparseNdw; 30ms in InferThetaAndUpdateNwtSparse; ]
I0116 12:42:51.202345  4756 processor.cc:760] Processor: start processing batch 8f750b19-ad59-42c9-9ba9-da45e8e702ba into model nwt
I0116 12:42:51.206357  5896 processor.cc:856] Processor: complete processing batch 9548b3c0-c002-481a-8d22-f489f974c1d6 into model nwt
I0116 12:42:51.208361  7048 processor.cc:760] Processor: start processing batch 988aa15e-6d33-4879-902c-adfdd002ed40 into model nwt
I0116 12:42:51.208361  5896 cuckoo_watch.h:44] 44ms in ProcessBatch(D:\artmonline\data\datasets\lenta\batches\aaaaba.batch) [including 3ms in LoadMessage; 0ms in InitializeSparseNdw; 27ms in InferThetaAndUpdateNwtSparse; ]
I0116 12:42:51.215381 11588 processor.cc:856] Processor: complete processing batch 35b49a08-2c56-4c48-b866-b431c31ecd78 into model nwt
I0116 12:42:51.216383 10540 processor.cc:760] Processor: start processing batch 33d8b615-396b-4604-b5c3-f34dca1016dc into model nwt
I0116 12:42:51.216383 11588 cuckoo_watch.h:44] 42ms in ProcessBatch(D:\artmonline\data\datasets\lenta\batches\aaaabc.batch) [including 2ms in LoadMessage; 0ms in InitializeSparseNdw; 28ms in InferThetaAndUpdateNwtSparse; ]
I0116 12:42:51.217386 10244 processor.cc:856] Processor: complete processing batch 0ede75e6-73ad-46d9-adad-032443ec2870 into model nwt
I0116 12:42:51.217386  3908 processor.cc:856] Processor: complete processing batch 2b88d973-a090-4e65-9898-4fe7cc01703c into model nwt
I0116 12:42:51.219391 10244 cuckoo_watch.h:44] 47ms in ProcessBatch(D:\artmonline\data\datasets\lenta\batches\aaaabb.batch) [including 3ms in LoadMessage; 0ms in InitializeSparseNdw; 31ms in InferThetaAndUpdateNwtSparse; ]
I0116 12:42:51.221397  5896 processor.cc:760] Processor: start processing batch 99ef58d2-9990-4f21-b6d0-fcab7502a16d into model nwt
I0116 12:42:51.222398  3908 cuckoo_watch.h:44] 214ms in ProcessBatch(D:\artmonline\data\datasets\lenta\batches\aaaaai.batch) [including 12ms in LoadMessage; 0ms in InitializeSparseNdw; 183ms in InferThetaAndUpdateNwtSparse; ]
I0116 12:42:51.223402 12796 processor.cc:856] Processor: complete processing batch 010dde91-4916-48b2-8792-afe9efd779a8 into model nwt
I0116 12:42:51.224406 12796 cuckoo_watch.h:44] 43ms in ProcessBatch(D:\artmonline\data\datasets\lenta\batches\aaaabd.batch) [including 3ms in LoadMessage; 0ms in InitializeSparseNdw; 28ms in InferThetaAndUpdateNwtSparse; ]
I0116 12:42:51.232425  4756 processor.cc:856] Processor: complete processing batch 8f750b19-ad59-42c9-9ba9-da45e8e702ba into model nwt
I0116 12:42:51.232425 11588 processor.cc:760] Processor: start processing batch 5a635ab8-b1ca-44cb-8fcc-678286d4c084 into model nwt
I0116 12:42:51.235433  4756 cuckoo_watch.h:44] 47ms in ProcessBatch(D:\artmonline\data\datasets\lenta\batches\aaaabe.batch) [including 3ms in LoadMessage; 0ms in InitializeSparseNdw; 30ms in InferThetaAndUpdateNwtSparse; ]
I0116 12:42:51.235433 10244 processor.cc:760] Processor: start processing batch 859bed08-fbc3-4f2c-9325-3a352a7ddc41 into model nwt
I0116 12:42:51.240454 12796 processor.cc:760] Processor: start processing batch e3c01b53-80ad-4562-aaec-242c4035ac30 into model nwt
I0116 12:42:51.241449  7048 processor.cc:856] Processor: complete processing batch 988aa15e-6d33-4879-902c-adfdd002ed40 into model nwt
I0116 12:42:51.241449  3908 processor.cc:760] Processor: start processing batch 3003da87-5f2b-42f2-82bf-abecb349227d into model nwt
I0116 12:42:51.242452  7048 cuckoo_watch.h:44] 48ms in ProcessBatch(D:\artmonline\data\datasets\lenta\batches\aaaabf.batch) [including 3ms in LoadMessage; 0ms in InitializeSparseNdw; 32ms in InferThetaAndUpdateNwtSparse; ]
I0116 12:42:51.249482  4756 processor.cc:760] Processor: start processing batch 3897b2c8-86bd-4cb9-a88e-2e092f7c9a10 into model nwt
I0116 12:42:51.250474 10540 processor.cc:856] Processor: complete processing batch 33d8b615-396b-4604-b5c3-f34dca1016dc into model nwt
I0116 12:42:51.251477 10540 cuckoo_watch.h:44] 50ms in ProcessBatch(D:\artmonline\data\datasets\lenta\batches\aaaabg.batch) [including 3ms in LoadMessage; 0ms in InitializeSparseNdw; 34ms in InferThetaAndUpdateNwtSparse; ]
I0116 12:42:51.254483  5896 processor.cc:856] Processor: complete processing batch 99ef58d2-9990-4f21-b6d0-fcab7502a16d into model nwt
I0116 12:42:51.255487  7048 processor.cc:760] Processor: start processing batch 43feeb32-c53b-4775-b855-866acb1a5133 into model nwt
I0116 12:42:51.258494  5896 cuckoo_watch.h:44] 49ms in ProcessBatch(D:\artmonline\data\datasets\lenta\batches\aaaabh.batch) [including 3ms in LoadMessage; 0ms in InitializeSparseNdw; 32ms in InferThetaAndUpdateNwtSparse; ]
I0116 12:42:51.263509 10540 processor.cc:760] Processor: start processing batch 40245e79-4989-4f54-85b1-c19879c6380f into model nwt
I0116 12:42:51.265514 11588 processor.cc:856] Processor: complete processing batch 5a635ab8-b1ca-44cb-8fcc-678286d4c084 into model nwt
I0116 12:42:51.267520 11588 cuckoo_watch.h:44] 50ms in ProcessBatch(D:\artmonline\data\datasets\lenta\batches\aaaabi.batch) [including 3ms in LoadMessage; 0ms in InitializeSparseNdw; 32ms in InferThetaAndUpdateNwtSparse; ]
I0116 12:42:51.267520 12796 processor.cc:856] Processor: complete processing batch e3c01b53-80ad-4562-aaec-242c4035ac30 into model nwt
I0116 12:42:51.267520 10244 processor.cc:856] Processor: complete processing batch 859bed08-fbc3-4f2c-9325-3a352a7ddc41 into model nwt
I0116 12:42:51.268522  3908 processor.cc:856] Processor: complete processing batch 3003da87-5f2b-42f2-82bf-abecb349227d into model nwt
I0116 12:42:51.268522 12796 cuckoo_watch.h:44] 44ms in ProcessBatch(D:\artmonline\data\datasets\lenta\batches\aaaabl.batch) [including 3ms in LoadMessage; 0ms in InitializeSparseNdw; 26ms in InferThetaAndUpdateNwtSparse; ]
I0116 12:42:51.268522 10244 cuckoo_watch.h:44] 49ms in ProcessBatch(D:\artmonline\data\datasets\lenta\batches\aaaabj.batch) [including 3ms in LoadMessage; 0ms in InitializeSparseNdw; 31ms in InferThetaAndUpdateNwtSparse; ]
I0116 12:42:51.269525  3908 cuckoo_watch.h:44] 46ms in ProcessBatch(D:\artmonline\data\datasets\lenta\batches\aaaabk.batch) [including 6ms in LoadMessage; 0ms in InitializeSparseNdw; 26ms in InferThetaAndUpdateNwtSparse; ]
I0116 12:42:51.270527  5896 processor.cc:760] Processor: start processing batch 50f8a9b1-935a-4d73-8a70-61d350d39af7 into model nwt
I0116 12:42:51.276545  4756 processor.cc:856] Processor: complete processing batch 3897b2c8-86bd-4cb9-a88e-2e092f7c9a10 into model nwt
I0116 12:42:51.277546  4756 cuckoo_watch.h:44] 42ms in ProcessBatch(D:\artmonline\data\datasets\lenta\batches\aaaabm.batch) [including 3ms in LoadMessage; 0ms in InitializeSparseNdw; 26ms in InferThetaAndUpdateNwtSparse; ]
I0116 12:42:51.279552 10244 processor.cc:760] Processor: start processing batch 7fc34afd-b2f0-448c-9c89-b192a200720c into model nwt
I0116 12:42:51.279552 12796 processor.cc:760] Processor: start processing batch 947c5335-0ec1-411e-944e-573fcdd0eb61 into model nwt
I0116 12:42:51.279552 11588 processor.cc:760] Processor: start processing batch 2313b410-b327-4c8b-9369-5979878c03e6 into model nwt
I0116 12:42:51.279552  3908 processor.cc:760] Processor: start processing batch 7a542f56-00b8-4de8-8235-03d57b63ce88 into model nwt
I0116 12:42:51.285567  7048 processor.cc:856] Processor: complete processing batch 43feeb32-c53b-4775-b855-866acb1a5133 into model nwt
I0116 12:42:51.287573  7048 cuckoo_watch.h:44] 44ms in ProcessBatch(D:\artmonline\data\datasets\lenta\batches\aaaabn.batch) [including 3ms in LoadMessage; 0ms in InitializeSparseNdw; 29ms in InferThetaAndUpdateNwtSparse; ]
I0116 12:42:51.290580  4756 processor.cc:760] Processor: start processing batch 768a8c85-f506-4e26-b568-845ece070f26 into model nwt
I0116 12:42:51.294591 10540 processor.cc:856] Processor: complete processing batch 40245e79-4989-4f54-85b1-c19879c6380f into model nwt
I0116 12:42:51.295593 10540 cuckoo_watch.h:44] 43ms in ProcessBatch(D:\artmonline\data\datasets\lenta\batches\aaaabo.batch) [including 3ms in LoadMessage; 0ms in InitializeSparseNdw; 30ms in InferThetaAndUpdateNwtSparse; ]
I0116 12:42:51.298600  7048 processor.cc:760] Processor: start processing batch 5865e0df-1527-40af-94e5-cf5ac732d076 into model nwt
I0116 12:42:51.299603  5896 processor.cc:856] Processor: complete processing batch 50f8a9b1-935a-4d73-8a70-61d350d39af7 into model nwt
I0116 12:42:51.300606  5896 cuckoo_watch.h:44] 42ms in ProcessBatch(D:\artmonline\data\datasets\lenta\batches\aaaabp.batch) [including 2ms in LoadMessage; 0ms in InitializeSparseNdw; 27ms in InferThetaAndUpdateNwtSparse; ]
I0116 12:42:51.306623 10540 processor.cc:760] Processor: start processing batch 6a33faf4-1a39-4b72-90db-22ac533ccb00 into model nwt
I0116 12:42:51.306623  3908 processor.cc:856] Processor: complete processing batch 7a542f56-00b8-4de8-8235-03d57b63ce88 into model nwt
I0116 12:42:51.308629  3908 cuckoo_watch.h:44] 38ms in ProcessBatch(D:\artmonline\data\datasets\lenta\batches\aaaabt.batch) [including 2ms in LoadMessage; 0ms in InitializeSparseNdw; 27ms in InferThetaAndUpdateNwtSparse; ]
I0116 12:42:51.308629 12796 processor.cc:856] Processor: complete processing batch 947c5335-0ec1-411e-944e-573fcdd0eb61 into model nwt
I0116 12:42:51.309630 10244 processor.cc:856] Processor: complete processing batch 7fc34afd-b2f0-448c-9c89-b192a200720c into model nwt
I0116 12:42:51.310634 12796 cuckoo_watch.h:44] 41ms in ProcessBatch(D:\artmonline\data\datasets\lenta\batches\aaaabr.batch) [including 3ms in LoadMessage; 0ms in InitializeSparseNdw; 29ms in InferThetaAndUpdateNwtSparse; ]
I0116 12:42:51.310634 11588 processor.cc:856] Processor: complete processing batch 2313b410-b327-4c8b-9369-5979878c03e6 into model nwt
I0116 12:42:51.310634 10244 cuckoo_watch.h:44] 42ms in ProcessBatch(D:\artmonline\data\datasets\lenta\batches\aaaabs.batch) [including 3ms in LoadMessage; 0ms in InitializeSparseNdw; 30ms in InferThetaAndUpdateNwtSparse; ]
I0116 12:42:51.311637 11588 cuckoo_watch.h:44] 44ms in ProcessBatch(D:\artmonline\data\datasets\lenta\batches\aaaabq.batch) [including 3ms in LoadMessage; 0ms in InitializeSparseNdw; 31ms in InferThetaAndUpdateNwtSparse; ]
I0116 12:42:51.313642  5896 processor.cc:760] Processor: start processing batch 9980c678-5608-49dd-b5ef-e3f8a600bd61 into model nwt
I0116 12:42:51.319658  4756 processor.cc:856] Processor: complete processing batch 768a8c85-f506-4e26-b568-845ece070f26 into model nwt
I0116 12:42:51.322665  4756 cuckoo_watch.h:44] 44ms in ProcessBatch(D:\artmonline\data\datasets\lenta\batches\aaaabu.batch) [including 2ms in LoadMessage; 0ms in InitializeSparseNdw; 28ms in InferThetaAndUpdateNwtSparse; ]
I0116 12:42:51.325673  3908 processor.cc:760] Processor: start processing batch 993722d1-9f08-49fc-ac8b-668831df8392 into model nwt
I0116 12:42:51.326678 12796 processor.cc:760] Processor: start processing batch 514e5f03-a8c6-4110-98e6-f3079af6e3b5 into model nwt
I0116 12:42:51.327679  7048 processor.cc:856] Processor: complete processing batch 5865e0df-1527-40af-94e5-cf5ac732d076 into model nwt
I0116 12:42:51.327679 10244 processor.cc:760] Processor: start processing batch 7ba62403-08fe-4c9a-9a15-459d5dafb9e7 into model nwt
I0116 12:42:51.329684  7048 cuckoo_watch.h:44] 42ms in ProcessBatch(D:\artmonline\data\datasets\lenta\batches\aaaabv.batch) [including 3ms in LoadMessage; 0ms in InitializeSparseNdw; 28ms in InferThetaAndUpdateNwtSparse; ]
I0116 12:42:51.330687 11588 processor.cc:760] Processor: start processing batch 63d2420f-b6f9-4f31-94fd-7cd7c80d52cc into model nwt
I0116 12:42:51.337707  4756 processor.cc:760] Processor: start processing batch 05b6a1c4-5b43-4a9e-8361-7e993bd7eab0 into model nwt
I0116 12:42:51.338716 10540 processor.cc:856] Processor: complete processing batch 6a33faf4-1a39-4b72-90db-22ac533ccb00 into model nwt
I0116 12:42:51.340713 10540 cuckoo_watch.h:44] 45ms in ProcessBatch(D:\artmonline\data\datasets\lenta\batches\aaaabw.batch) [including 2ms in LoadMessage; 0ms in InitializeSparseNdw; 32ms in InferThetaAndUpdateNwtSparse; ]
I0116 12:42:51.342727  7048 processor.cc:760] Processor: start processing batch 994ded7a-a31e-4a53-af60-2658eb163d30 into model nwt
I0116 12:42:51.347753  5896 processor.cc:856] Processor: complete processing batch 9980c678-5608-49dd-b5ef-e3f8a600bd61 into model nwt
I0116 12:42:51.348734  5896 cuckoo_watch.h:44] 48ms in ProcessBatch(D:\artmonline\data\datasets\lenta\batches\aaaabx.batch) [including 2ms in LoadMessage; 0ms in InitializeSparseNdw; 34ms in InferThetaAndUpdateNwtSparse; ]
I0116 12:42:51.351743 10540 processor.cc:760] Processor: start processing batch 663dc201-fafb-4d73-af42-dbe689ba125d into model nwt
I0116 12:42:51.355753  3908 processor.cc:856] Processor: complete processing batch 993722d1-9f08-49fc-ac8b-668831df8392 into model nwt
I0116 12:42:51.355753 12796 processor.cc:856] Processor: complete processing batch 514e5f03-a8c6-4110-98e6-f3079af6e3b5 into model nwt
I0116 12:42:51.356756  3908 cuckoo_watch.h:44] 48ms in ProcessBatch(D:\artmonline\data\datasets\lenta\batches\aaaaby.batch) [including 3ms in LoadMessage; 0ms in InitializeSparseNdw; 29ms in InferThetaAndUpdateNwtSparse; ]
I0116 12:42:51.357759 10244 processor.cc:856] Processor: complete processing batch 7ba62403-08fe-4c9a-9a15-459d5dafb9e7 into model nwt
I0116 12:42:51.357759 12796 cuckoo_watch.h:44] 47ms in ProcessBatch(D:\artmonline\data\datasets\lenta\batches\aaaabz.batch) [including 3ms in LoadMessage; 0ms in InitializeSparseNdw; 28ms in InferThetaAndUpdateNwtSparse; ]
I0116 12:42:51.358777 10244 cuckoo_watch.h:44] 47ms in ProcessBatch(D:\artmonline\data\datasets\lenta\batches\aaaaca.batch) [including 3ms in LoadMessage; 0ms in InitializeSparseNdw; 28ms in InferThetaAndUpdateNwtSparse; ]
I0116 12:42:51.360767 11588 processor.cc:856] Processor: complete processing batch 63d2420f-b6f9-4f31-94fd-7cd7c80d52cc into model nwt
I0116 12:42:51.360767  5896 processor.cc:760] Processor: start processing batch fa642f17-67b4-4923-860c-81589929b558 into model nwt
I0116 12:42:51.361770 11588 cuckoo_watch.h:44] 49ms in ProcessBatch(D:\artmonline\data\datasets\lenta\batches\aaaacb.batch) [including 3ms in LoadMessage; 0ms in InitializeSparseNdw; 29ms in InferThetaAndUpdateNwtSparse; ]
I0116 12:42:51.367806  4756 processor.cc:856] Processor: complete processing batch 05b6a1c4-5b43-4a9e-8361-7e993bd7eab0 into model nwt
I0116 12:42:51.368789  4756 cuckoo_watch.h:44] 46ms in ProcessBatch(D:\artmonline\data\datasets\lenta\batches\aaaacc.batch) [including 4ms in LoadMessage; 0ms in InitializeSparseNdw; 29ms in InferThetaAndUpdateNwtSparse; ]
I0116 12:42:51.370796 12796 processor.cc:760] Processor: start processing batch 9cd58bc9-52d0-420a-9bf6-61b18ef5d205 into model nwt
I0116 12:42:51.370796  3908 processor.cc:760] Processor: start processing batch d9bdcac7-5ec6-41c0-83be-ce96d73e09be into model nwt
I0116 12:42:51.370796 10244 processor.cc:760] Processor: start processing batch 2cefb7e9-4a69-4049-91bd-1739d1eb6c53 into model nwt
I0116 12:42:51.372799  7048 processor.cc:856] Processor: complete processing batch 994ded7a-a31e-4a53-af60-2658eb163d30 into model nwt
I0116 12:42:51.373801  7048 cuckoo_watch.h:44] 44ms in ProcessBatch(D:\artmonline\data\datasets\lenta\batches\aaaacd.batch) [including 3ms in LoadMessage; 0ms in InitializeSparseNdw; 29ms in InferThetaAndUpdateNwtSparse; ]
I0116 12:42:51.378831 11588 processor.cc:760] Processor: start processing batch 5ca20988-44a0-4115-b1f3-44ff8e2738cc into model nwt
I0116 12:42:51.383828 10540 processor.cc:856] Processor: complete processing batch 663dc201-fafb-4d73-af42-dbe689ba125d into model nwt
I0116 12:42:51.385833  4756 processor.cc:760] Processor: start processing batch 2d8308c6-189d-4a08-a2c2-0cd1242ce391 into model nwt
I0116 12:42:51.385833 10540 cuckoo_watch.h:44] 45ms in ProcessBatch(D:\artmonline\data\datasets\lenta\batches\aaaace.batch) [including 2ms in LoadMessage; 0ms in InitializeSparseNdw; 31ms in InferThetaAndUpdateNwtSparse; ]
I0116 12:42:51.389844  7048 processor.cc:760] Processor: start processing batch dde254f9-e40c-4279-9668-9ec4d9d981bc into model nwt
I0116 12:42:51.390846  5896 processor.cc:856] Processor: complete processing batch fa642f17-67b4-4923-860c-81589929b558 into model nwt
I0116 12:42:51.391849  5896 cuckoo_watch.h:44] 43ms in ProcessBatch(D:\artmonline\data\datasets\lenta\batches\aaaacf.batch) [including 2ms in LoadMessage; 0ms in InitializeSparseNdw; 29ms in InferThetaAndUpdateNwtSparse; ]
I0116 12:42:51.397864 10540 processor.cc:760] Processor: start processing batch 131369dd-51ea-4fe1-ad2d-f6d7b1c96375 into model nwt
I0116 12:42:51.399870 10244 processor.cc:856] Processor: complete processing batch 2cefb7e9-4a69-4049-91bd-1739d1eb6c53 into model nwt
I0116 12:42:51.400873 12796 processor.cc:856] Processor: complete processing batch 9cd58bc9-52d0-420a-9bf6-61b18ef5d205 into model nwt
I0116 12:42:51.400873  3908 processor.cc:856] Processor: complete processing batch d9bdcac7-5ec6-41c0-83be-ce96d73e09be into model nwt
I0116 12:42:51.401876 10244 cuckoo_watch.h:44] 42ms in ProcessBatch(D:\artmonline\data\datasets\lenta\batches\aaaaci.batch) [including 2ms in LoadMessage; 0ms in InitializeSparseNdw; 29ms in InferThetaAndUpdateNwtSparse; ]
I0116 12:42:51.401876 12796 cuckoo_watch.h:44] 44ms in ProcessBatch(D:\artmonline\data\datasets\lenta\batches\aaaach.batch) [including 2ms in LoadMessage; 0ms in InitializeSparseNdw; 29ms in InferThetaAndUpdateNwtSparse; ]
I0116 12:42:51.401876  3908 cuckoo_watch.h:44] 44ms in ProcessBatch(D:\artmonline\data\datasets\lenta\batches\aaaacg.batch) [including 3ms in LoadMessage; 0ms in InitializeSparseNdw; 29ms in InferThetaAndUpdateNwtSparse; ]
I0116 12:42:51.404883  5896 processor.cc:760] Processor: start processing batch a1fafc2b-abe8-47ca-a57d-d7476a7528db into model nwt
I0116 12:42:51.408895 11588 processor.cc:856] Processor: complete processing batch 5ca20988-44a0-4115-b1f3-44ff8e2738cc into model nwt
I0116 12:42:51.410900 11588 cuckoo_watch.h:44] 48ms in ProcessBatch(D:\artmonline\data\datasets\lenta\batches\aaaacj.batch) [including 4ms in LoadMessage; 0ms in InitializeSparseNdw; 30ms in InferThetaAndUpdateNwtSparse; ]
I0116 12:42:51.411906 12796 processor.cc:760] Processor: start processing batch 7df72a03-679f-412c-96dc-48be132cecf5 into model nwt
I0116 12:42:51.411906 10244 processor.cc:760] Processor: start processing batch 7fb892cb-b83b-4e25-96e8-40793e929295 into model nwt
I0116 12:42:51.412905  3908 processor.cc:760] Processor: start processing batch cf4b6527-be57-4762-8824-31fc263043c2 into model nwt
I0116 12:42:51.417918  4756 processor.cc:856] Processor: complete processing batch 2d8308c6-189d-4a08-a2c2-0cd1242ce391 into model nwt
I0116 12:42:51.418921  7048 processor.cc:856] Processor: complete processing batch dde254f9-e40c-4279-9668-9ec4d9d981bc into model nwt
I0116 12:42:51.418921  4756 cuckoo_watch.h:44] 49ms in ProcessBatch(D:\artmonline\data\datasets\lenta\batches\aaaack.batch) [including 3ms in LoadMessage; 0ms in InitializeSparseNdw; 31ms in InferThetaAndUpdateNwtSparse; ]
I0116 12:42:51.419924  7048 cuckoo_watch.h:44] 45ms in ProcessBatch(D:\artmonline\data\datasets\lenta\batches\aaaacl.batch) [including 4ms in LoadMessage; 0ms in InitializeSparseNdw; 28ms in InferThetaAndUpdateNwtSparse; ]
I0116 12:42:51.422932 11588 processor.cc:760] Processor: start processing batch 28e330d7-f89e-4b57-b579-104494f23b78 into model nwt
I0116 12:42:51.427945 10540 processor.cc:856] Processor: complete processing batch 131369dd-51ea-4fe1-ad2d-f6d7b1c96375 into model nwt
I0116 12:42:51.428948 10540 cuckoo_watch.h:44] 42ms in ProcessBatch(D:\artmonline\data\datasets\lenta\batches\aaaacm.batch) [including 2ms in LoadMessage; 0ms in InitializeSparseNdw; 29ms in InferThetaAndUpdateNwtSparse; ]
I0116 12:42:51.431957  7048 processor.cc:760] Processor: start processing batch 411abd2d-2266-4179-b84a-8e679c0da5ca into model nwt
I0116 12:42:51.432960  4756 processor.cc:760] Processor: start processing batch dc3872dd-e777-4e58-9fa3-bff7e29a06ab into model nwt
I0116 12:42:51.433961  5896 processor.cc:856] Processor: complete processing batch a1fafc2b-abe8-47ca-a57d-d7476a7528db into model nwt
I0116 12:42:51.434964  5896 cuckoo_watch.h:44] 43ms in ProcessBatch(D:\artmonline\data\datasets\lenta\batches\aaaacn.batch) [including 2ms in LoadMessage; 0ms in InitializeSparseNdw; 28ms in InferThetaAndUpdateNwtSparse; ]
I0116 12:42:51.439978 10244 processor.cc:856] Processor: complete processing batch 7fb892cb-b83b-4e25-96e8-40793e929295 into model nwt
I0116 12:42:51.440980  3908 processor.cc:856] Processor: complete processing batch cf4b6527-be57-4762-8824-31fc263043c2 into model nwt
I0116 12:42:51.441983 10540 processor.cc:760] Processor: start processing batch ffc673df-f8e7-4036-8919-2a8e4da573d3 into model nwt
I0116 12:42:51.441983 10244 cuckoo_watch.h:44] 40ms in ProcessBatch(D:\artmonline\data\datasets\lenta\batches\aaaaco.batch) [including 2ms in LoadMessage; 0ms in InitializeSparseNdw; 27ms in InferThetaAndUpdateNwtSparse; ]
I0116 12:42:51.442986  3908 cuckoo_watch.h:44] 40ms in ProcessBatch(D:\artmonline\data\datasets\lenta\batches\aaaacq.batch) [including 2ms in LoadMessage; 0ms in InitializeSparseNdw; 27ms in InferThetaAndUpdateNwtSparse; ]
I0116 12:42:51.443989 12796 processor.cc:856] Processor: complete processing batch 7df72a03-679f-412c-96dc-48be132cecf5 into model nwt
I0116 12:42:51.444991 12796 cuckoo_watch.h:44] 43ms in ProcessBatch(D:\artmonline\data\datasets\lenta\batches\aaaacp.batch) [including 2ms in LoadMessage; 0ms in InitializeSparseNdw; 30ms in InferThetaAndUpdateNwtSparse; ]
I0116 12:42:51.453012  5896 processor.cc:760] Processor: start processing batch 4882b7d3-e8a1-48e0-b53e-e6f0fb4bdd30 into model nwt
I0116 12:42:51.454015 11588 processor.cc:856] Processor: complete processing batch 28e330d7-f89e-4b57-b579-104494f23b78 into model nwt
I0116 12:42:51.455018 11588 cuckoo_watch.h:44] 44ms in ProcessBatch(D:\artmonline\data\datasets\lenta\batches\aaaacr.batch) [including 3ms in LoadMessage; 0ms in InitializeSparseNdw; 29ms in InferThetaAndUpdateNwtSparse; ]
I0116 12:42:51.458024 10244 processor.cc:760] Processor: start processing batch 44ef2a03-1dc7-4b3f-810a-610e896e8df5 into model nwt
I0116 12:42:51.459028  3908 processor.cc:760] Processor: start processing batch c29e98af-f66a-42d8-8dd4-ed3c168a1e0a into model nwt
I0116 12:42:51.460031 12796 processor.cc:760] Processor: start processing batch 5968c015-8c0d-41a1-9d21-8dc04fa885a2 into model nwt
I0116 12:42:51.461033  7048 processor.cc:856] Processor: complete processing batch 411abd2d-2266-4179-b84a-8e679c0da5ca into model nwt
I0116 12:42:51.463038  7048 cuckoo_watch.h:44] 42ms in ProcessBatch(D:\artmonline\data\datasets\lenta\batches\aaaact.batch) [including 2ms in LoadMessage; 0ms in InitializeSparseNdw; 28ms in InferThetaAndUpdateNwtSparse; ]
I0116 12:42:51.464041  4756 processor.cc:856] Processor: complete processing batch dc3872dd-e777-4e58-9fa3-bff7e29a06ab into model nwt
I0116 12:42:51.465044  4756 cuckoo_watch.h:44] 46ms in ProcessBatch(D:\artmonline\data\datasets\lenta\batches\aaaacs.batch) [including 2ms in LoadMessage; 0ms in InitializeSparseNdw; 30ms in InferThetaAndUpdateNwtSparse; ]
I0116 12:42:51.471060 11588 processor.cc:760] Processor: start processing batch ff167e56-cd90-4778-af46-dc5be46b997b into model nwt
I0116 12:42:51.477077 10540 processor.cc:856] Processor: complete processing batch ffc673df-f8e7-4036-8919-2a8e4da573d3 into model nwt
I0116 12:42:51.478078 10540 cuckoo_watch.h:44] 49ms in ProcessBatch(D:\artmonline\data\datasets\lenta\batches\aaaacu.batch) [including 2ms in LoadMessage; 0ms in InitializeSparseNdw; 34ms in InferThetaAndUpdateNwtSparse; ]
I0116 12:42:51.478078  7048 processor.cc:760] Processor: start processing batch 6ad53381-d206-42f9-9149-9103d39a0838 into model nwt
I0116 12:42:51.479081  4756 processor.cc:760] Processor: start processing batch 005d8463-8ea4-4a02-976a-85fc627aee8f into model nwt
I0116 12:42:51.487103  5896 processor.cc:856] Processor: complete processing batch 4882b7d3-e8a1-48e0-b53e-e6f0fb4bdd30 into model nwt
I0116 12:42:51.489109  5896 cuckoo_watch.h:44] 53ms in ProcessBatch(D:\artmonline\data\datasets\lenta\batches\aaaacv.batch) [including 5ms in LoadMessage; 0ms in InitializeSparseNdw; 33ms in InferThetaAndUpdateNwtSparse; ]
I0116 12:42:51.489109 10540 processor.cc:760] Processor: start processing batch 08a15689-de7b-4ab4-940a-f9942f300261 into model nwt
I0116 12:42:51.490111 10244 processor.cc:856] Processor: complete processing batch 44ef2a03-1dc7-4b3f-810a-610e896e8df5 into model nwt
I0116 12:42:51.491112 12796 processor.cc:856] Processor: complete processing batch 5968c015-8c0d-41a1-9d21-8dc04fa885a2 into model nwt
I0116 12:42:51.491112 10244 cuckoo_watch.h:44] 49ms in ProcessBatch(D:\artmonline\data\datasets\lenta\batches\aaaacw.batch) [including 3ms in LoadMessage; 0ms in InitializeSparseNdw; 31ms in InferThetaAndUpdateNwtSparse; ]
I0116 12:42:51.492116 12796 cuckoo_watch.h:44] 46ms in ProcessBatch(D:\artmonline\data\datasets\lenta\batches\aaaacy.batch) [including 3ms in LoadMessage; 0ms in InitializeSparseNdw; 30ms in InferThetaAndUpdateNwtSparse; ]
I0116 12:42:51.492116  3908 processor.cc:856] Processor: complete processing batch c29e98af-f66a-42d8-8dd4-ed3c168a1e0a into model nwt
I0116 12:42:51.493119  3908 cuckoo_watch.h:44] 50ms in ProcessBatch(D:\artmonline\data\datasets\lenta\batches\aaaacx.batch) [including 3ms in LoadMessage; 0ms in InitializeSparseNdw; 32ms in InferThetaAndUpdateNwtSparse; ]
I0116 12:42:51.503147  5896 processor.cc:760] Processor: start processing batch 04522e2e-b3d1-4ebd-a4e3-0bc610584767 into model nwt
I0116 12:42:51.504148 11588 processor.cc:856] Processor: complete processing batch ff167e56-cd90-4778-af46-dc5be46b997b into model nwt
I0116 12:42:51.506155 11588 cuckoo_watch.h:44] 50ms in ProcessBatch(D:\artmonline\data\datasets\lenta\batches\aaaacz.batch) [including 3ms in LoadMessage; 0ms in InitializeSparseNdw; 33ms in InferThetaAndUpdateNwtSparse; ]
I0116 12:42:51.506155  3908 processor.cc:760] Processor: start processing batch 1f05383c-8dcc-40fc-8167-776ec61cbcdc into model nwt
I0116 12:42:51.506155 10244 processor.cc:760] Processor: start processing batch 18e734b5-f0ae-470d-9046-ff602b67eb7c into model nwt
I0116 12:42:51.506155 12796 processor.cc:760] Processor: start processing batch 3ddc9ad0-33fe-4951-a9ed-293f3bcd28e0 into model nwt
I0116 12:42:51.507158  4756 processor.cc:856] Processor: complete processing batch 005d8463-8ea4-4a02-976a-85fc627aee8f into model nwt
I0116 12:42:51.509161  4756 cuckoo_watch.h:44] 43ms in ProcessBatch(D:\artmonline\data\datasets\lenta\batches\aaaadb.batch) [including 3ms in LoadMessage; 0ms in InitializeSparseNdw; 27ms in InferThetaAndUpdateNwtSparse; ]
I0116 12:42:51.510164  7048 processor.cc:856] Processor: complete processing batch 6ad53381-d206-42f9-9149-9103d39a0838 into model nwt
I0116 12:42:51.512171  7048 cuckoo_watch.h:44] 49ms in ProcessBatch(D:\artmonline\data\datasets\lenta\batches\aaaada.batch) [including 3ms in LoadMessage; 0ms in InitializeSparseNdw; 32ms in InferThetaAndUpdateNwtSparse; ]
I0116 12:42:51.519187 10540 processor.cc:856] Processor: complete processing batch 08a15689-de7b-4ab4-940a-f9942f300261 into model nwt
I0116 12:42:51.520191 11588 processor.cc:760] Processor: start processing batch abbf8605-ab9d-4c58-b1d9-a370acea1745 into model nwt
I0116 12:42:51.520191 10540 cuckoo_watch.h:44] 42ms in ProcessBatch(D:\artmonline\data\datasets\lenta\batches\aaaadc.batch) [including 2ms in LoadMessage; 0ms in InitializeSparseNdw; 30ms in InferThetaAndUpdateNwtSparse; ]
I0116 12:42:51.521193  4756 processor.cc:760] Processor: start processing batch 6c3f53b3-2fc4-4049-a8e0-bbac5eee6e26 into model nwt
I0116 12:42:51.529214  5896 processor.cc:856] Processor: complete processing batch 04522e2e-b3d1-4ebd-a4e3-0bc610584767 into model nwt
I0116 12:42:51.531222  5896 cuckoo_watch.h:44] 41ms in ProcessBatch(D:\artmonline\data\datasets\lenta\batches\aaaadd.batch) [including 2ms in LoadMessage; 0ms in InitializeSparseNdw; 26ms in InferThetaAndUpdateNwtSparse; ]
I0116 12:42:51.531222  4756 processor.cc:856] Processor: complete processing batch 6c3f53b3-2fc4-4049-a8e0-bbac5eee6e26 into model nwt
I0116 12:42:51.532223  4756 cuckoo_watch.h:44] 23ms in ProcessBatch(D:\artmonline\data\datasets\lenta\batches\aaaadi.batch) [including 1ms in LoadMessage; 0ms in InitializeSparseNdw; 10ms in InferThetaAndUpdateNwtSparse; ]
I0116 12:42:51.533226 10244 processor.cc:856] Processor: complete processing batch 18e734b5-f0ae-470d-9046-ff602b67eb7c into model nwt
I0116 12:42:51.534229 10244 cuckoo_watch.h:44] 42ms in ProcessBatch(D:\artmonline\data\datasets\lenta\batches\aaaade.batch) [including 2ms in LoadMessage; 0ms in InitializeSparseNdw; 26ms in InferThetaAndUpdateNwtSparse; ]
I0116 12:42:51.534229 12796 processor.cc:856] Processor: complete processing batch 3ddc9ad0-33fe-4951-a9ed-293f3bcd28e0 into model nwt
I0116 12:42:51.534229  3908 processor.cc:856] Processor: complete processing batch 1f05383c-8dcc-40fc-8167-776ec61cbcdc into model nwt
I0116 12:42:51.534229  3908 cuckoo_watch.h:44] 41ms in ProcessBatch(D:\artmonline\data\datasets\lenta\batches\aaaadg.batch) [including 3ms in LoadMessage; 0ms in InitializeSparseNdw; 27ms in InferThetaAndUpdateNwtSparse; ]
I0116 12:42:51.534229 12796 cuckoo_watch.h:44] 42ms in ProcessBatch(D:\artmonline\data\datasets\lenta\batches\aaaadf.batch) [including 2ms in LoadMessage; 0ms in InitializeSparseNdw; 27ms in InferThetaAndUpdateNwtSparse; ]
I0116 12:42:51.541278 11588 processor.cc:856] Processor: complete processing batch abbf8605-ab9d-4c58-b1d9-a370acea1745 into model nwt
I0116 12:42:51.542280 11588 cuckoo_watch.h:44] 36ms in ProcessBatch(D:\artmonline\data\datasets\lenta\batches\aaaadh.batch) [including 2ms in LoadMessage; 0ms in InitializeSparseNdw; 21ms in InferThetaAndUpdateNwtSparse; ]
I0116 12:42:51.543330 12964 master_component.cc:991] NormalizeModelArgs: pwt_target_name=pwt, nwt_source_name=nwt, rwt_source_name=
I0116 12:42:51.543330 12964 master_component.cc:617] MasterComponent: start normalizing model nwt
I0116 12:42:51.550318  7048 processor.cc:676] No data in processing queue, waiting...
I0116 12:42:51.551323 10540 processor.cc:676] No data in processing queue, waiting...
I0116 12:42:51.567342  5896 processor.cc:676] No data in processing queue, waiting...
I0116 12:42:51.567342  4756 processor.cc:676] No data in processing queue, waiting...
I0116 12:42:51.568347 12796 processor.cc:676] No data in processing queue, waiting...
I0116 12:42:51.568347  3908 processor.cc:676] No data in processing queue, waiting...
I0116 12:42:51.568347 10244 processor.cc:676] No data in processing queue, waiting...
I0116 12:42:51.577369 11588 processor.cc:676] No data in processing queue, waiting...
I0116 12:42:51.709708 12964 master_component.cc:639] MasterComponent: complete normalizing model nwt
I0116 12:42:51.710731 12964 master_component.cc:1015] DisposeModel rwt
I0116 12:42:51.710731 12964 c_interface.cc:332] Pass FitOfflineMasterModelArgs, batch_filename_size=87, batch_weight_size=87, num_collection_passes=1 to void (__cdecl artm::core::MasterComponent::*)(class artm::FitOfflineMasterModelArgs const & __ptr64) __ptr64
I0116 12:42:51.710731 12964 master_component.cc:942] ProcessBatchesArgs: nwt_target_name=nwt, batch_filename_size=87, batch_size=0, batch_weight_size=87, pwt_source_name=pwt, num_document_passes=20, reuse_theta=no, opt_for_avx=no, predict_class_id=
I0116 12:42:51.850066  7048 processor.cc:683] Processing queue has data, processing started
I0116 12:42:51.852072 10540 processor.cc:683] Processing queue has data, processing started
I0116 12:42:51.852072  4756 processor.cc:683] Processing queue has data, processing started
I0116 12:42:51.852072 10244 processor.cc:683] Processing queue has data, processing started
I0116 12:42:51.852072  3908 processor.cc:683] Processing queue has data, processing started
I0116 12:42:51.852072 12796 processor.cc:683] Processing queue has data, processing started
I0116 12:42:51.852072  5896 processor.cc:683] Processing queue has data, processing started
I0116 12:42:51.854077 11588 processor.cc:683] Processing queue has data, processing started
I0116 12:42:51.878145  5896 processor.cc:760] Processor: start processing batch 6a4af1d3-9a98-40b7-a817-21047d2c0370 into model nwt
I0116 12:42:51.878145  4756 processor.cc:760] Processor: start processing batch 53b585c4-4244-49c2-8454-1fb1db7f7e84 into model nwt
I0116 12:42:51.878145  7048 processor.cc:760] Processor: start processing batch e16f3b1c-b10b-4ffe-9a61-3d53391a4df9 into model nwt
I0116 12:42:51.883157  3908 processor.cc:760] Processor: start processing batch c1adb2ae-3d35-484b-a31a-79869caf1452 into model nwt
I0116 12:42:51.886164 10540 processor.cc:760] Processor: start processing batch f07bd643-092b-4b33-851d-1fa6bd2596a5 into model nwt
I0116 12:42:51.887167 11588 processor.cc:760] Processor: start processing batch b6a181f4-65d4-4478-a33f-56e3df1d3d5b into model nwt
I0116 12:42:51.893183 12796 processor.cc:760] Processor: start processing batch 525b108c-48e7-42f3-a4d3-b89f410bfa54 into model nwt
I0116 12:42:51.898196 10244 processor.cc:760] Processor: start processing batch 961bb6ad-a4bd-4b85-ae3d-da069df1cd4e into model nwt
I0116 12:42:52.101737  5896 processor.cc:856] Processor: complete processing batch 6a4af1d3-9a98-40b7-a817-21047d2c0370 into model nwt
I0116 12:42:52.102741  4756 processor.cc:856] Processor: complete processing batch 53b585c4-4244-49c2-8454-1fb1db7f7e84 into model nwt
I0116 12:42:52.104745  7048 processor.cc:856] Processor: complete processing batch e16f3b1c-b10b-4ffe-9a61-3d53391a4df9 into model nwt
I0116 12:42:52.108757 11588 processor.cc:856] Processor: complete processing batch b6a181f4-65d4-4478-a33f-56e3df1d3d5b into model nwt
I0116 12:42:52.108757 10540 processor.cc:856] Processor: complete processing batch f07bd643-092b-4b33-851d-1fa6bd2596a5 into model nwt
I0116 12:42:52.109757  4756 cuckoo_watch.h:44] 257ms in ProcessBatch(D:\artmonline\data\datasets\lenta\batches\aaaaac.batch) [including 17ms in LoadMessage; 1ms in InitializeSparseNdw; 222ms in InferThetaAndUpdateNwtSparse; ]
I0116 12:42:52.109757  5896 cuckoo_watch.h:44] 258ms in ProcessBatch(D:\artmonline\data\datasets\lenta\batches\aaaaag.batch) [including 17ms in LoadMessage; 2ms in InitializeSparseNdw; 220ms in InferThetaAndUpdateNwtSparse; ]
I0116 12:42:52.113770  7048 cuckoo_watch.h:44] 264ms in ProcessBatch(D:\artmonline\data\datasets\lenta\batches\aaaaaa.batch) [including 19ms in LoadMessage; 2ms in InitializeSparseNdw; 223ms in InferThetaAndUpdateNwtSparse; ]
I0116 12:42:52.114773  3908 processor.cc:856] Processor: complete processing batch c1adb2ae-3d35-484b-a31a-79869caf1452 into model nwt
I0116 12:42:52.116776 11588 cuckoo_watch.h:44] 263ms in ProcessBatch(D:\artmonline\data\datasets\lenta\batches\aaaaah.batch) [including 20ms in LoadMessage; 1ms in InitializeSparseNdw; 219ms in InferThetaAndUpdateNwtSparse; ]
I0116 12:42:52.118782 10540 cuckoo_watch.h:44] 266ms in ProcessBatch(D:\artmonline\data\datasets\lenta\batches\aaaaab.batch) [including 22ms in LoadMessage; 1ms in InitializeSparseNdw; 221ms in InferThetaAndUpdateNwtSparse; ]
I0116 12:42:52.118782 12796 processor.cc:856] Processor: complete processing batch 525b108c-48e7-42f3-a4d3-b89f410bfa54 into model nwt
I0116 12:42:52.120787 10244 processor.cc:856] Processor: complete processing batch 961bb6ad-a4bd-4b85-ae3d-da069df1cd4e into model nwt
I0116 12:42:52.122793  3908 cuckoo_watch.h:44] 271ms in ProcessBatch(D:\artmonline\data\datasets\lenta\batches\aaaaae.batch) [including 19ms in LoadMessage; 1ms in InitializeSparseNdw; 229ms in InferThetaAndUpdateNwtSparse; ]
I0116 12:42:52.133822  7048 processor.cc:760] Processor: start processing batch e4a1b9e5-f4bf-465b-8dbe-b36aa5fd54ce into model nwt
I0116 12:42:52.136831 10244 cuckoo_watch.h:44] 284ms in ProcessBatch(D:\artmonline\data\datasets\lenta\batches\aaaaad.batch) [including 17ms in LoadMessage; 1ms in InitializeSparseNdw; 219ms in InferThetaAndUpdateNwtSparse; ]
I0116 12:42:52.136831  5896 processor.cc:760] Processor: start processing batch 4f78d3f8-7022-463c-9770-a66d84013b84 into model nwt
I0116 12:42:52.138835 11588 processor.cc:760] Processor: start processing batch f356a4bb-a9b9-405e-a407-3123ac10abf7 into model nwt
I0116 12:42:52.139838 10540 processor.cc:760] Processor: start processing batch 5198d9b7-d04c-4afc-af5e-a01d9eedf94a into model nwt
I0116 12:42:52.139838 12796 cuckoo_watch.h:44] 288ms in ProcessBatch(D:\artmonline\data\datasets\lenta\batches\aaaaaf.batch) [including 28ms in LoadMessage; 1ms in InitializeSparseNdw; 223ms in InferThetaAndUpdateNwtSparse; ]
I0116 12:42:52.141844  4756 processor.cc:760] Processor: start processing batch 2b88d973-a090-4e65-9898-4fe7cc01703c into model nwt
I0116 12:42:52.147861  3908 processor.cc:760] Processor: start processing batch 72c7c503-2c13-4284-864f-2b3562833a41 into model nwt
I0116 12:42:52.152873 10244 processor.cc:760] Processor: start processing batch fcd60de1-1df5-47bf-8b98-78fa23552316 into model nwt
I0116 12:42:52.155880 12796 processor.cc:760] Processor: start processing batch 6518cc63-dd88-4413-89df-ee38b607dcaf into model nwt
I0116 12:42:52.169917 10540 processor.cc:856] Processor: complete processing batch 5198d9b7-d04c-4afc-af5e-a01d9eedf94a into model nwt
I0116 12:42:52.170920  5896 processor.cc:856] Processor: complete processing batch 4f78d3f8-7022-463c-9770-a66d84013b84 into model nwt
I0116 12:42:52.170920 10540 cuckoo_watch.h:44] 52ms in ProcessBatch(D:\artmonline\data\datasets\lenta\batches\aaaaam.batch) [including 3ms in LoadMessage; 0ms in InitializeSparseNdw; 29ms in InferThetaAndUpdateNwtSparse; ]
I0116 12:42:52.170920  7048 processor.cc:856] Processor: complete processing batch e4a1b9e5-f4bf-465b-8dbe-b36aa5fd54ce into model nwt
I0116 12:42:52.171923  5896 cuckoo_watch.h:44] 61ms in ProcessBatch(D:\artmonline\data\datasets\lenta\batches\aaaaaj.batch) [including 5ms in LoadMessage; 0ms in InitializeSparseNdw; 33ms in InferThetaAndUpdateNwtSparse; ]
I0116 12:42:52.171923  7048 cuckoo_watch.h:44] 58ms in ProcessBatch(D:\artmonline\data\datasets\lenta\batches\aaaaak.batch) [including 3ms in LoadMessage; 0ms in InitializeSparseNdw; 36ms in InferThetaAndUpdateNwtSparse; ]
I0116 12:42:52.175935 11588 processor.cc:856] Processor: complete processing batch f356a4bb-a9b9-405e-a407-3123ac10abf7 into model nwt
I0116 12:42:52.176937 11588 cuckoo_watch.h:44] 60ms in ProcessBatch(D:\artmonline\data\datasets\lenta\batches\aaaaal.batch) [including 3ms in LoadMessage; 0ms in InitializeSparseNdw; 36ms in InferThetaAndUpdateNwtSparse; ]
I0116 12:42:52.183957 12796 processor.cc:856] Processor: complete processing batch 6518cc63-dd88-4413-89df-ee38b607dcaf into model nwt
I0116 12:42:52.183957 10244 processor.cc:856] Processor: complete processing batch fcd60de1-1df5-47bf-8b98-78fa23552316 into model nwt
I0116 12:42:52.185961  7048 processor.cc:760] Processor: start processing batch b61bf30b-6c2e-41f7-bb24-37a66bdde20a into model nwt
I0116 12:42:52.185961 10244 cuckoo_watch.h:44] 49ms in ProcessBatch(D:\artmonline\data\datasets\lenta\batches\aaaaao.batch) [including 3ms in LoadMessage; 0ms in InitializeSparseNdw; 30ms in InferThetaAndUpdateNwtSparse; ]
I0116 12:42:52.185961 12796 cuckoo_watch.h:44] 46ms in ProcessBatch(D:\artmonline\data\datasets\lenta\batches\aaaaap.batch) [including 4ms in LoadMessage; 0ms in InitializeSparseNdw; 28ms in InferThetaAndUpdateNwtSparse; ]
I0116 12:42:52.186964  5896 processor.cc:760] Processor: start processing batch aa878812-f3c7-4eae-be12-a5f004c2c812 into model nwt
