Log file created at: 2017/01/18 18:01:57
Running on machine: FEDIMSER
Log line format: [IWEF]mmdd hh:mm:ss.uuuuuu threadid file:line] msg
I0118 18:01:57.928339  1872 c_interface.cc:74] Logging enabled to .
I0118 18:01:57.928339  1872 c_interface.cc:221] Creating MasterModel (id=1)...
I0118 18:01:57.930315  1872 c_interface.cc:318] Pass 3beee185-6be6-4c39-be7a-61770b69859e to void (__cdecl artm::core::MasterComponent::*)(class std::basic_string<char,struct std::char_traits<char>,class std::allocator<char> > const & __ptr64) __ptr64
I0118 18:01:57.930315  1872 c_interface.cc:332] Pass GatherDictionaryArgs: dictionary_target_name=3beee185-6be6-4c39-be7a-61770b69859e, data_path=D:\artmonline\data\datasets\enron\batches, symmetric_cooc_values=0 to void (__cdecl artm::core::MasterComponent::*)(class artm::GatherDictionaryArgs const & __ptr64) __ptr64
I0118 18:01:57.956382  1872 dictionary.cc:187] Found 40 batches in 'D:\artmonline\data\datasets\enron\batches' folder
I0118 18:02:01.507297  1872 dictionary.cc:243] Find 28099 unique tokens in 39861 items
I0118 18:02:01.551381  1872 c_interface.cc:221] Creating MasterModel (id=2)...
I0118 18:02:01.551381  1872 c_interface.cc:318] Pass dictionary to void (__cdecl artm::core::MasterComponent::*)(class std::basic_string<char,struct std::char_traits<char>,class std::allocator<char> > const & __ptr64) __ptr64
I0118 18:02:02.112973  1872 instance.cc:365] MasterModelConfig.processors_count is automatically set to 8
I0118 18:02:02.112973  1872 c_interface.cc:221] Creating MasterModel (id=3)...
I0118 18:02:02.112973 10136 processor.cc:660] Processor thread started
I0118 18:02:02.112973  1872 c_interface.cc:332] Pass MasterModelConfig: topic_name_size=20, score_config_size=0, num_processors=0, pwt_name=pwt, nwt_name=nwt, num_document_passes=10, reuse_theta=no, cache_theta=yes, opt_for_avx=no, disk_cache_path to void (__cdecl artm::core::MasterComponent::*)(class artm::MasterModelConfig const & __ptr64) __ptr64
I0118 18:02:02.112973  1872 instance.cc:365] MasterModelConfig.processors_count is automatically set to 8
I0118 18:02:02.112973 11204 processor.cc:660] Processor thread started
I0118 18:02:02.112973  1872 c_interface.cc:318] Pass pwt to void (__cdecl artm::core::MasterComponent::*)(class std::basic_string<char,struct std::char_traits<char>,class std::allocator<char> > const & __ptr64) __ptr64
I0118 18:02:02.112973  1872 c_interface.cc:318] Pass nwt to void (__cdecl artm::core::MasterComponent::*)(class std::basic_string<char,struct std::char_traits<char>,class std::allocator<char> > const & __ptr64) __ptr64
I0118 18:02:02.112973 12564 processor.cc:660] Processor thread started
I0118 18:02:02.113978  5304 processor.cc:660] Processor thread started
I0118 18:02:02.113978  1872 c_interface.cc:332] Pass InitializeModelArgs: model_name=pwt, dictionary_name=dictionary, topic_name_size=20 to void (__cdecl artm::core::MasterComponent::*)(class artm::InitializeModelArgs const & __ptr64) __ptr64
I0118 18:02:02.113978  1872 master_component.cc:338] InitializeModel() with 20 topics and 28099 tokens
I0118 18:02:02.113978 11732 processor.cc:660] Processor thread started
I0118 18:02:02.113978 11596 processor.cc:660] Processor thread started
I0118 18:02:02.113978  8252 processor.cc:660] Processor thread started
I0118 18:02:02.113978 10328 processor.cc:660] Processor thread started
I0118 18:02:02.151041 12564 processor.cc:676] No data in processing queue, waiting...
I0118 18:02:02.151041 10136 processor.cc:676] No data in processing queue, waiting...
I0118 18:02:02.151041  8252 processor.cc:676] No data in processing queue, waiting...
I0118 18:02:02.151041  5304 processor.cc:676] No data in processing queue, waiting...
I0118 18:02:02.151041 11596 processor.cc:676] No data in processing queue, waiting...
I0118 18:02:02.151041 11732 processor.cc:676] No data in processing queue, waiting...
I0118 18:02:02.151041 11204 processor.cc:676] No data in processing queue, waiting...
I0118 18:02:02.151041 10328 processor.cc:676] No data in processing queue, waiting...
I0118 18:02:02.222229  1872 c_interface.cc:332] Pass InitializeModelArgs: model_name=nwt, dictionary_name=dictionary, topic_name_size=20 to void (__cdecl artm::core::MasterComponent::*)(class artm::InitializeModelArgs const & __ptr64) __ptr64
I0118 18:02:02.222229  1872 master_component.cc:338] InitializeModel() with 20 topics and 28099 tokens
I0118 18:02:02.327543  1872 phi_matrix_operations.cc:82] RetrieveExternalTopicModel() with 20 topics, 28099 tokens
I0118 18:02:02.346560  1872 c_interface.cc:180] ArtmCopyRequestedMessage is copying 826307 bytes...
I0118 18:02:03.031383  1872 c_interface.cc:332] Pass FitOfflineMasterModelArgs, batch_filename_size=40, batch_weight_size=40, num_collection_passes=1 to void (__cdecl artm::core::MasterComponent::*)(class artm::FitOfflineMasterModelArgs const & __ptr64) __ptr64
I0118 18:02:03.031383  1872 master_component.cc:942] ProcessBatchesArgs: nwt_target_name=nwt, batch_filename_size=40, batch_size=0, batch_weight_size=40, pwt_source_name=pwt, num_document_passes=10, reuse_theta=no, opt_for_avx=no, predict_class_id=
I0118 18:02:03.059454 11204 processor.cc:683] Processing queue has data, processing started
I0118 18:02:03.059454 10136 processor.cc:683] Processing queue has data, processing started
I0118 18:02:03.059454  8252 processor.cc:683] Processing queue has data, processing started
I0118 18:02:03.060459  5304 processor.cc:683] Processing queue has data, processing started
I0118 18:02:03.060459 10328 processor.cc:683] Processing queue has data, processing started
I0118 18:02:03.061460 11596 processor.cc:683] Processing queue has data, processing started
I0118 18:02:03.061460 11732 processor.cc:683] Processing queue has data, processing started
I0118 18:02:03.062463 12564 processor.cc:683] Processing queue has data, processing started
I0118 18:02:03.066473 11204 processor.cc:760] Processor: start processing batch 2bdf09f9-52bc-4b22-ab78-dea03107431e into model nwt
I0118 18:02:03.067476  5304 processor.cc:760] Processor: start processing batch 3a5ae891-5e0a-4acf-af8e-cb55a733f6de into model nwt
I0118 18:02:03.067476  8252 processor.cc:760] Processor: start processing batch 8b44ca11-ba45-4a18-b79c-7f6875f6386f into model nwt
I0118 18:02:03.070487 12564 processor.cc:760] Processor: start processing batch 581b98f4-a888-4ee1-abd6-937cded45ff0 into model nwt
I0118 18:02:03.071487 11596 processor.cc:760] Processor: start processing batch c9ec9ff5-97ad-4a9f-9e0c-92ecb139ac9a into model nwt
I0118 18:02:03.071487 11732 processor.cc:760] Processor: start processing batch 81b6a2ef-3ca6-4781-90ea-daca3a2057c9 into model nwt
I0118 18:02:03.071487 10328 processor.cc:760] Processor: start processing batch 5bc107be-fb47-41c4-97f9-538f1eb34815 into model nwt
I0118 18:02:03.080513 10136 processor.cc:760] Processor: start processing batch bb7f41b7-b1e3-4fe5-98a9-783f33d3755e into model nwt
I0118 18:02:03.134655  5304 processor.cc:856] Processor: complete processing batch 3a5ae891-5e0a-4acf-af8e-cb55a733f6de into model nwt
I0118 18:02:03.135658  5304 cuckoo_watch.h:44] 75ms in ProcessBatch(D:\artmonline\data\datasets\enron\batches\aaaaad.batch) [including 6ms in LoadMessage; 1ms in InitializeSparseNdw; 65ms in InferThetaAndUpdateNwtSparse; ]
I0118 18:02:03.140671 11204 processor.cc:856] Processor: complete processing batch 2bdf09f9-52bc-4b22-ab78-dea03107431e into model nwt
I0118 18:02:03.141674 11204 cuckoo_watch.h:44] 82ms in ProcessBatch(D:\artmonline\data\datasets\enron\batches\aaaaaa.batch) [including 6ms in LoadMessage; 1ms in InitializeSparseNdw; 72ms in InferThetaAndUpdateNwtSparse; ]
I0118 18:02:03.142678  5304 processor.cc:760] Processor: start processing batch d7141948-7a07-4635-9468-d3477a117e3d into model nwt
I0118 18:02:03.147692 12564 processor.cc:856] Processor: complete processing batch 581b98f4-a888-4ee1-abd6-937cded45ff0 into model nwt
I0118 18:02:03.148694 11204 processor.cc:760] Processor: start processing batch 4dd37288-bde4-4e02-942b-8236d22f7d56 into model nwt
I0118 18:02:03.148694 12564 cuckoo_watch.h:44] 86ms in ProcessBatch(D:\artmonline\data\datasets\enron\batches\aaaaah.batch) [including 6ms in LoadMessage; 2ms in InitializeSparseNdw; 75ms in InferThetaAndUpdateNwtSparse; ]
I0118 18:02:03.154708  8252 processor.cc:856] Processor: complete processing batch 8b44ca11-ba45-4a18-b79c-7f6875f6386f into model nwt
I0118 18:02:03.156715  8252 cuckoo_watch.h:44] 97ms in ProcessBatch(D:\artmonline\data\datasets\enron\batches\aaaaac.batch) [including 7ms in LoadMessage; 1ms in InitializeSparseNdw; 85ms in InferThetaAndUpdateNwtSparse; ]
I0118 18:02:03.156715 12564 processor.cc:760] Processor: start processing batch 097ecd20-21ca-45f2-86e6-5cc2ee317fc1 into model nwt
I0118 18:02:03.164734  8252 processor.cc:760] Processor: start processing batch beb6ca9e-283b-4f7d-8e2e-49dbd40668f7 into model nwt
I0118 18:02:03.174762 11596 processor.cc:856] Processor: complete processing batch c9ec9ff5-97ad-4a9f-9e0c-92ecb139ac9a into model nwt
I0118 18:02:03.175765 11596 cuckoo_watch.h:44] 114ms in ProcessBatch(D:\artmonline\data\datasets\enron\batches\aaaaag.batch) [including 8ms in LoadMessage; 2ms in InitializeSparseNdw; 101ms in InferThetaAndUpdateNwtSparse; ]
I0118 18:02:03.181780 11596 processor.cc:760] Processor: start processing batch b2304b78-c310-4a54-b6c1-931be31bdb85 into model nwt
I0118 18:02:03.207851 10328 processor.cc:856] Processor: complete processing batch 5bc107be-fb47-41c4-97f9-538f1eb34815 into model nwt
I0118 18:02:03.208853 10328 cuckoo_watch.h:44] 149ms in ProcessBatch(D:\artmonline\data\datasets\enron\batches\aaaaae.batch) [including 9ms in LoadMessage; 3ms in InitializeSparseNdw; 132ms in InferThetaAndUpdateNwtSparse; ]
I0118 18:02:03.209856 10136 processor.cc:856] Processor: complete processing batch bb7f41b7-b1e3-4fe5-98a9-783f33d3755e into model nwt
I0118 18:02:03.212863 10136 cuckoo_watch.h:44] 154ms in ProcessBatch(D:\artmonline\data\datasets\enron\batches\aaaaab.batch) [including 19ms in LoadMessage; 1ms in InitializeSparseNdw; 128ms in InferThetaAndUpdateNwtSparse; ]
I0118 18:02:03.222892 10136 processor.cc:760] Processor: start processing batch ec696f0d-3137-4166-bbe0-587f26484cea into model nwt
I0118 18:02:03.222892 10328 processor.cc:760] Processor: start processing batch c8d455b9-44ed-4d54-82b1-cb4faf1bdba9 into model nwt
I0118 18:02:03.229908 11732 processor.cc:856] Processor: complete processing batch 81b6a2ef-3ca6-4781-90ea-daca3a2057c9 into model nwt
I0118 18:02:03.231914  5304 processor.cc:856] Processor: complete processing batch d7141948-7a07-4635-9468-d3477a117e3d into model nwt
I0118 18:02:03.231914 11732 cuckoo_watch.h:44] 171ms in ProcessBatch(D:\artmonline\data\datasets\enron\batches\aaaaaf.batch) [including 8ms in LoadMessage; 2ms in InitializeSparseNdw; 155ms in InferThetaAndUpdateNwtSparse; ]
I0118 18:02:03.233919  5304 cuckoo_watch.h:44] 97ms in ProcessBatch(D:\artmonline\data\datasets\enron\batches\aaaaai.batch) [including 5ms in LoadMessage; 0ms in InitializeSparseNdw; 88ms in InferThetaAndUpdateNwtSparse; ]
I0118 18:02:03.238932 11596 processor.cc:856] Processor: complete processing batch b2304b78-c310-4a54-b6c1-931be31bdb85 into model nwt
I0118 18:02:03.239936 11596 cuckoo_watch.h:44] 63ms in ProcessBatch(D:\artmonline\data\datasets\enron\batches\aaaaam.batch) [including 4ms in LoadMessage; 0ms in InitializeSparseNdw; 56ms in InferThetaAndUpdateNwtSparse; ]
I0118 18:02:03.239936 11732 processor.cc:760] Processor: start processing batch e5acb4be-4bd2-4268-a1a1-ddd15ed04b50 into model nwt
I0118 18:02:03.240939  5304 processor.cc:760] Processor: start processing batch 58dc6c2c-5351-45fb-a5e5-898716215902 into model nwt
I0118 18:02:03.243945 12564 processor.cc:856] Processor: complete processing batch 097ecd20-21ca-45f2-86e6-5cc2ee317fc1 into model nwt
I0118 18:02:03.245950 12564 cuckoo_watch.h:44] 96ms in ProcessBatch(D:\artmonline\data\datasets\enron\batches\aaaaak.batch) [including 6ms in LoadMessage; 0ms in InitializeSparseNdw; 85ms in InferThetaAndUpdateNwtSparse; ]
I0118 18:02:03.247957 11596 processor.cc:760] Processor: start processing batch 92ef96f8-5112-4c6b-8ee6-44fd8842a933 into model nwt
I0118 18:02:03.253973 12564 processor.cc:760] Processor: start processing batch 94909c06-810d-44ab-af32-f1fec94c7e68 into model nwt
I0118 18:02:03.256980  8252 processor.cc:856] Processor: complete processing batch beb6ca9e-283b-4f7d-8e2e-49dbd40668f7 into model nwt
I0118 18:02:03.258986  8252 cuckoo_watch.h:44] 101ms in ProcessBatch(D:\artmonline\data\datasets\enron\batches\aaaaal.batch) [including 6ms in LoadMessage; 0ms in InitializeSparseNdw; 91ms in InferThetaAndUpdateNwtSparse; ]
I0118 18:02:03.261992 11204 processor.cc:856] Processor: complete processing batch 4dd37288-bde4-4e02-942b-8236d22f7d56 into model nwt
I0118 18:02:03.262996 11204 cuckoo_watch.h:44] 121ms in ProcessBatch(D:\artmonline\data\datasets\enron\batches\aaaaaj.batch) [including 5ms in LoadMessage; 0ms in InitializeSparseNdw; 113ms in InferThetaAndUpdateNwtSparse; ]
I0118 18:02:03.266003  8252 processor.cc:760] Processor: start processing batch abaa32c1-ff83-45ce-8d55-e8900ec4d4ac into model nwt
I0118 18:02:03.271018 11204 processor.cc:760] Processor: start processing batch f596d4c1-719d-49aa-9aff-3e8c6cb96aca into model nwt
I0118 18:02:03.316150 10136 processor.cc:856] Processor: complete processing batch ec696f0d-3137-4166-bbe0-587f26484cea into model nwt
I0118 18:02:03.317140 10136 cuckoo_watch.h:44] 103ms in ProcessBatch(D:\artmonline\data\datasets\enron\batches\aaaaao.batch) [including 7ms in LoadMessage; 1ms in InitializeSparseNdw; 91ms in InferThetaAndUpdateNwtSparse; ]
I0118 18:02:03.327169 10136 processor.cc:760] Processor: start processing batch ea14062c-c4ff-4cc0-bfb7-04b8b73db75d into model nwt
I0118 18:02:03.328171 11732 processor.cc:856] Processor: complete processing batch e5acb4be-4bd2-4268-a1a1-ddd15ed04b50 into model nwt
I0118 18:02:03.330176 11732 cuckoo_watch.h:44] 97ms in ProcessBatch(D:\artmonline\data\datasets\enron\batches\aaaaap.batch) [including 6ms in LoadMessage; 1ms in InitializeSparseNdw; 86ms in InferThetaAndUpdateNwtSparse; ]
I0118 18:02:03.330176 10328 processor.cc:856] Processor: complete processing batch c8d455b9-44ed-4d54-82b1-cb4faf1bdba9 into model nwt
I0118 18:02:03.332180 10328 cuckoo_watch.h:44] 122ms in ProcessBatch(D:\artmonline\data\datasets\enron\batches\aaaaan.batch) [including 6ms in LoadMessage; 0ms in InitializeSparseNdw; 106ms in InferThetaAndUpdateNwtSparse; ]
I0118 18:02:03.336190 11596 processor.cc:856] Processor: complete processing batch 92ef96f8-5112-4c6b-8ee6-44fd8842a933 into model nwt
I0118 18:02:03.338196 11596 cuckoo_watch.h:44] 98ms in ProcessBatch(D:\artmonline\data\datasets\enron\batches\aaaaar.batch) [including 6ms in LoadMessage; 1ms in InitializeSparseNdw; 86ms in InferThetaAndUpdateNwtSparse; ]
I0118 18:02:03.341204 11732 processor.cc:760] Processor: start processing batch 6bbbab1a-3a02-4fad-ac97-cf7f9f911c38 into model nwt
I0118 18:02:03.343210 10328 processor.cc:760] Processor: start processing batch d82db037-bbc2-45ed-bb72-ca829d0eef51 into model nwt
I0118 18:02:03.347221  5304 processor.cc:856] Processor: complete processing batch 58dc6c2c-5351-45fb-a5e5-898716215902 into model nwt
I0118 18:02:03.349226  5304 cuckoo_watch.h:44] 115ms in ProcessBatch(D:\artmonline\data\datasets\enron\batches\aaaaaq.batch) [including 5ms in LoadMessage; 0ms in InitializeSparseNdw; 105ms in InferThetaAndUpdateNwtSparse; ]
I0118 18:02:03.349226 11596 processor.cc:760] Processor: start processing batch 4c928ba0-2322-4d7c-b538-abe25df9c341 into model nwt
I0118 18:02:03.370281 12564 processor.cc:856] Processor: complete processing batch 94909c06-810d-44ab-af32-f1fec94c7e68 into model nwt
I0118 18:02:03.371284 12564 cuckoo_watch.h:44] 125ms in ProcessBatch(D:\artmonline\data\datasets\enron\batches\aaaaas.batch) [including 7ms in LoadMessage; 1ms in InitializeSparseNdw; 114ms in InferThetaAndUpdateNwtSparse; ]
I0118 18:02:03.373289  5304 processor.cc:760] Processor: start processing batch c13d339c-6226-4a2e-9489-fce069d7409d into model nwt
I0118 18:02:03.382313 12564 processor.cc:760] Processor: start processing batch 9c824cd3-582d-4da2-9621-7d9b9ba0c98b into model nwt
I0118 18:02:03.389333  8252 processor.cc:856] Processor: complete processing batch abaa32c1-ff83-45ce-8d55-e8900ec4d4ac into model nwt
I0118 18:02:03.391337  8252 cuckoo_watch.h:44] 132ms in ProcessBatch(D:\artmonline\data\datasets\enron\batches\aaaaat.batch) [including 5ms in LoadMessage; 0ms in InitializeSparseNdw; 123ms in InferThetaAndUpdateNwtSparse; ]
I0118 18:02:03.400362 11204 processor.cc:856] Processor: complete processing batch f596d4c1-719d-49aa-9aff-3e8c6cb96aca into model nwt
I0118 18:02:03.402366 11204 cuckoo_watch.h:44] 138ms in ProcessBatch(D:\artmonline\data\datasets\enron\batches\aaaaau.batch) [including 6ms in LoadMessage; 1ms in InitializeSparseNdw; 127ms in InferThetaAndUpdateNwtSparse; ]
I0118 18:02:03.402366  8252 processor.cc:760] Processor: start processing batch 37646a0a-42f3-47ff-a23a-74213f948611 into model nwt
I0118 18:02:03.415401 11204 processor.cc:760] Processor: start processing batch 32848802-4f08-4b2d-ac92-e96a09173588 into model nwt
I0118 18:02:03.447486 10136 processor.cc:856] Processor: complete processing batch ea14062c-c4ff-4cc0-bfb7-04b8b73db75d into model nwt
I0118 18:02:03.449491 10136 cuckoo_watch.h:44] 132ms in ProcessBatch(D:\artmonline\data\datasets\enron\batches\aaaaav.batch) [including 8ms in LoadMessage; 1ms in InitializeSparseNdw; 118ms in InferThetaAndUpdateNwtSparse; ]
I0118 18:02:03.463532 10136 processor.cc:760] Processor: start processing batch 70c18756-f3e7-4140-9fcd-5325289285db into model nwt
I0118 18:02:03.481577 11732 processor.cc:856] Processor: complete processing batch 6bbbab1a-3a02-4fad-ac97-cf7f9f911c38 into model nwt
I0118 18:02:03.482581 10328 processor.cc:856] Processor: complete processing batch d82db037-bbc2-45ed-bb72-ca829d0eef51 into model nwt
I0118 18:02:03.484586 11732 cuckoo_watch.h:44] 153ms in ProcessBatch(D:\artmonline\data\datasets\enron\batches\aaaaaw.batch) [including 9ms in LoadMessage; 2ms in InitializeSparseNdw; 138ms in InferThetaAndUpdateNwtSparse; ]
I0118 18:02:03.485589 10328 cuckoo_watch.h:44] 153ms in ProcessBatch(D:\artmonline\data\datasets\enron\batches\aaaaax.batch) [including 10ms in LoadMessage; 2ms in InitializeSparseNdw; 136ms in InferThetaAndUpdateNwtSparse; ]
I0118 18:02:03.491603 11596 processor.cc:856] Processor: complete processing batch 4c928ba0-2322-4d7c-b538-abe25df9c341 into model nwt
I0118 18:02:03.493608 11596 cuckoo_watch.h:44] 155ms in ProcessBatch(D:\artmonline\data\datasets\enron\batches\aaaaay.batch) [including 9ms in LoadMessage; 2ms in InitializeSparseNdw; 140ms in InferThetaAndUpdateNwtSparse; ]
I0118 18:02:03.499626 10328 processor.cc:760] Processor: start processing batch 0bee1a05-7984-4bb9-9d4c-bdc5e43aad51 into model nwt
I0118 18:02:03.499626 11732 processor.cc:760] Processor: start processing batch d6f4dc8e-ab75-475e-b1df-665d7ac5e17d into model nwt
I0118 18:02:03.508651 11596 processor.cc:760] Processor: start processing batch 526a4ac8-227b-416f-96f5-7894e619dc2d into model nwt
I0118 18:02:03.522686  5304 processor.cc:856] Processor: complete processing batch c13d339c-6226-4a2e-9489-fce069d7409d into model nwt
I0118 18:02:03.524693  5304 cuckoo_watch.h:44] 174ms in ProcessBatch(D:\artmonline\data\datasets\enron\batches\aaaaaz.batch) [including 22ms in LoadMessage; 1ms in InitializeSparseNdw; 147ms in InferThetaAndUpdateNwtSparse; ]
I0118 18:02:03.529706 12564 processor.cc:856] Processor: complete processing batch 9c824cd3-582d-4da2-9621-7d9b9ba0c98b into model nwt
I0118 18:02:03.531710 12564 cuckoo_watch.h:44] 160ms in ProcessBatch(D:\artmonline\data\datasets\enron\batches\aaaaba.batch) [including 9ms in LoadMessage; 1ms in InitializeSparseNdw; 145ms in InferThetaAndUpdateNwtSparse; ]
I0118 18:02:03.539732  5304 processor.cc:760] Processor: start processing batch 2ba972db-f725-43f7-b77d-55d74668f2cb into model nwt
I0118 18:02:03.543743 12564 processor.cc:760] Processor: start processing batch e8490941-420f-4b43-99c1-d702c419b7e0 into model nwt
I0118 18:02:03.604907  8252 processor.cc:856] Processor: complete processing batch 37646a0a-42f3-47ff-a23a-74213f948611 into model nwt
I0118 18:02:03.607914  8252 cuckoo_watch.h:44] 216ms in ProcessBatch(D:\artmonline\data\datasets\enron\batches\aaaabb.batch) [including 10ms in LoadMessage; 2ms in InitializeSparseNdw; 199ms in InferThetaAndUpdateNwtSparse; ]
I0118 18:02:03.615936  8252 processor.cc:760] Processor: start processing batch c0e87ca0-f6db-4621-8035-fa331ba95157 into model nwt
I0118 18:02:03.650025 11204 processor.cc:856] Processor: complete processing batch 32848802-4f08-4b2d-ac92-e96a09173588 into model nwt
I0118 18:02:03.652030 11204 cuckoo_watch.h:44] 249ms in ProcessBatch(D:\artmonline\data\datasets\enron\batches\aaaabc.batch) [including 12ms in LoadMessage; 2ms in InitializeSparseNdw; 231ms in InferThetaAndUpdateNwtSparse; ]
I0118 18:02:03.659049 11204 processor.cc:760] Processor: start processing batch 441af1cb-303b-4bf7-a5c0-003d6fbcb77e into model nwt
I0118 18:02:03.667071 10136 processor.cc:856] Processor: complete processing batch 70c18756-f3e7-4140-9fcd-5325289285db into model nwt
I0118 18:02:03.670078 10136 cuckoo_watch.h:44] 220ms in ProcessBatch(D:\artmonline\data\datasets\enron\batches\aaaabd.batch) [including 12ms in LoadMessage; 3ms in InitializeSparseNdw; 199ms in InferThetaAndUpdateNwtSparse; ]
I0118 18:02:03.678100 10136 processor.cc:760] Processor: start processing batch 81943d0c-2520-42ef-b5eb-fa01a0f80159 into model nwt
I0118 18:02:03.714198  8252 processor.cc:856] Processor: complete processing batch c0e87ca0-f6db-4621-8035-fa331ba95157 into model nwt
I0118 18:02:03.716202  8252 cuckoo_watch.h:44] 107ms in ProcessBatch(D:\artmonline\data\datasets\enron\batches\aaaabj.batch) [including 6ms in LoadMessage; 1ms in InitializeSparseNdw; 96ms in InferThetaAndUpdateNwtSparse; ]
I0118 18:02:03.725225  8252 processor.cc:760] Processor: start processing batch ecf58dc7-cab0-4144-89ef-7bc40b2c41f4 into model nwt
I0118 18:02:03.729235 11596 processor.cc:856] Processor: complete processing batch 526a4ac8-227b-416f-96f5-7894e619dc2d into model nwt
I0118 18:02:03.731240 11596 cuckoo_watch.h:44] 237ms in ProcessBatch(D:\artmonline\data\datasets\enron\batches\aaaabg.batch) [including 13ms in LoadMessage; 2ms in InitializeSparseNdw; 217ms in InferThetaAndUpdateNwtSparse; ]
I0118 18:02:03.734249 10328 processor.cc:856] Processor: complete processing batch 0bee1a05-7984-4bb9-9d4c-bdc5e43aad51 into model nwt
I0118 18:02:03.736253 10328 cuckoo_watch.h:44] 251ms in ProcessBatch(D:\artmonline\data\datasets\enron\batches\aaaabf.batch) [including 12ms in LoadMessage; 5ms in InitializeSparseNdw; 229ms in InferThetaAndUpdateNwtSparse; ]
I0118 18:02:03.739264 11596 processor.cc:760] Processor: start processing batch 5958f668-d428-4337-8b34-02f6d457f919 into model nwt
I0118 18:02:03.754304 12564 processor.cc:856] Processor: complete processing batch e8490941-420f-4b43-99c1-d702c419b7e0 into model nwt
I0118 18:02:03.756307 11732 processor.cc:856] Processor: complete processing batch d6f4dc8e-ab75-475e-b1df-665d7ac5e17d into model nwt
I0118 18:02:03.758314 12564 cuckoo_watch.h:44] 226ms in ProcessBatch(D:\artmonline\data\datasets\enron\batches\aaaabi.batch) [including 11ms in LoadMessage; 2ms in InitializeSparseNdw; 207ms in InferThetaAndUpdateNwtSparse; ]
I0118 18:02:03.760318 11732 cuckoo_watch.h:44] 275ms in ProcessBatch(D:\artmonline\data\datasets\enron\batches\aaaabe.batch) [including 12ms in LoadMessage; 6ms in InitializeSparseNdw; 250ms in InferThetaAndUpdateNwtSparse; ]
I0118 18:02:03.763327 11204 processor.cc:856] Processor: complete processing batch 441af1cb-303b-4bf7-a5c0-003d6fbcb77e into model nwt
I0118 18:02:03.764331 11204 cuckoo_watch.h:44] 112ms in ProcessBatch(D:\artmonline\data\datasets\enron\batches\aaaabk.batch) [including 6ms in LoadMessage; 0ms in InitializeSparseNdw; 102ms in InferThetaAndUpdateNwtSparse; ]
I0118 18:02:03.773353 10328 processor.cc:676] No data in processing queue, waiting...
I0118 18:02:03.786393 12564 processor.cc:676] No data in processing queue, waiting...
I0118 18:02:03.788393 10136 processor.cc:856] Processor: complete processing batch 81943d0c-2520-42ef-b5eb-fa01a0f80159 into model nwt
I0118 18:02:03.789396 11596 processor.cc:856] Processor: complete processing batch 5958f668-d428-4337-8b34-02f6d457f919 into model nwt
I0118 18:02:03.791400 11732 processor.cc:676] No data in processing queue, waiting...
I0118 18:02:03.791400 10136 cuckoo_watch.h:44] 121ms in ProcessBatch(D:\artmonline\data\datasets\enron\batches\aaaabl.batch) [including 6ms in LoadMessage; 2ms in InitializeSparseNdw; 107ms in InferThetaAndUpdateNwtSparse; ]
I0118 18:02:03.791400 11596 cuckoo_watch.h:44] 59ms in ProcessBatch(D:\artmonline\data\datasets\enron\batches\aaaabn.batch) [including 5ms in LoadMessage; 2ms in InitializeSparseNdw; 47ms in InferThetaAndUpdateNwtSparse; ]
I0118 18:02:03.792438 11204 processor.cc:676] No data in processing queue, waiting...
I0118 18:02:03.807445  8252 processor.cc:856] Processor: complete processing batch ecf58dc7-cab0-4144-89ef-7bc40b2c41f4 into model nwt
I0118 18:02:03.807445  8252 cuckoo_watch.h:44] 91ms in ProcessBatch(D:\artmonline\data\datasets\enron\batches\aaaabm.batch) [including 7ms in LoadMessage; 1ms in InitializeSparseNdw; 80ms in InferThetaAndUpdateNwtSparse; ]
I0118 18:02:03.821516 11596 processor.cc:676] No data in processing queue, waiting...
I0118 18:02:03.821516 10136 processor.cc:676] No data in processing queue, waiting...
I0118 18:02:03.828500  5304 processor.cc:856] Processor: complete processing batch 2ba972db-f725-43f7-b77d-55d74668f2cb into model nwt
I0118 18:02:03.830505  5304 cuckoo_watch.h:44] 306ms in ProcessBatch(D:\artmonline\data\datasets\enron\batches\aaaabh.batch) [including 14ms in LoadMessage; 3ms in InitializeSparseNdw; 284ms in InferThetaAndUpdateNwtSparse; ]
I0118 18:02:03.831507  1872 master_component.cc:991] NormalizeModelArgs: pwt_target_name=pwt, nwt_source_name=nwt, rwt_source_name=
I0118 18:02:03.831507  1872 master_component.cc:617] MasterComponent: start normalizing model nwt
I0118 18:02:03.841567  8252 processor.cc:676] No data in processing queue, waiting...
I0118 18:02:03.862591  1872 master_component.cc:639] MasterComponent: complete normalizing model nwt
I0118 18:02:03.862591  1872 master_component.cc:1015] DisposeModel rwt
I0118 18:02:03.863593  1872 c_interface.cc:332] Pass FitOfflineMasterModelArgs, batch_filename_size=40, batch_weight_size=40, num_collection_passes=1 to void (__cdecl artm::core::MasterComponent::*)(class artm::FitOfflineMasterModelArgs const & __ptr64) __ptr64
I0118 18:02:03.863593  1872 master_component.cc:942] ProcessBatchesArgs: nwt_target_name=nwt, batch_filename_size=40, batch_size=0, batch_weight_size=40, pwt_source_name=pwt, num_document_passes=10, reuse_theta=no, opt_for_avx=no, predict_class_id=
I0118 18:02:03.866600  5304 processor.cc:676] No data in processing queue, waiting...
I0118 18:02:03.889663 10328 processor.cc:683] Processing queue has data, processing started
I0118 18:02:03.889663 12564 processor.cc:683] Processing queue has data, processing started
I0118 18:02:03.891666 11596 processor.cc:683] Processing queue has data, processing started
I0118 18:02:03.891666 11732 processor.cc:683] Processing queue has data, processing started
I0118 18:02:03.891666 10136 processor.cc:683] Processing queue has data, processing started
I0118 18:02:03.891666 11204 processor.cc:683] Processing queue has data, processing started
I0118 18:02:03.891666  8252 processor.cc:683] Processing queue has data, processing started
I0118 18:02:03.891666  5304 processor.cc:683] Processing queue has data, processing started
I0118 18:02:03.894675 10328 processor.cc:760] Processor: start processing batch 2bdf09f9-52bc-4b22-ab78-dea03107431e into model nwt
I0118 18:02:03.897685 12564 processor.cc:760] Processor: start processing batch bb7f41b7-b1e3-4fe5-98a9-783f33d3755e into model nwt
I0118 18:02:03.898686 11204 processor.cc:760] Processor: start processing batch 3a5ae891-5e0a-4acf-af8e-cb55a733f6de into model nwt
I0118 18:02:03.898686  8252 processor.cc:760] Processor: start processing batch 581b98f4-a888-4ee1-abd6-937cded45ff0 into model nwt
I0118 18:02:03.899690 11596 processor.cc:760] Processor: start processing batch 8b44ca11-ba45-4a18-b79c-7f6875f6386f into model nwt
I0118 18:02:03.900692  5304 processor.cc:760] Processor: start processing batch c9ec9ff5-97ad-4a9f-9e0c-92ecb139ac9a into model nwt
I0118 18:02:03.900692 10136 processor.cc:760] Processor: start processing batch 81b6a2ef-3ca6-4781-90ea-daca3a2057c9 into model nwt
I0118 18:02:03.906714 11732 processor.cc:760] Processor: start processing batch 5bc107be-fb47-41c4-97f9-538f1eb34815 into model nwt
I0118 18:02:03.960851 11204 processor.cc:856] Processor: complete processing batch 3a5ae891-5e0a-4acf-af8e-cb55a733f6de into model nwt
I0118 18:02:03.961854 11204 cuckoo_watch.h:44] 70ms in ProcessBatch(D:\artmonline\data\datasets\enron\batches\aaaaad.batch) [including 5ms in LoadMessage; 1ms in InitializeSparseNdw; 60ms in InferThetaAndUpdateNwtSparse; ]
I0118 18:02:03.968873 11204 processor.cc:760] Processor: start processing batch d7141948-7a07-4635-9468-d3477a117e3d into model nwt
I0118 18:02:03.971880  8252 processor.cc:856] Processor: complete processing batch 581b98f4-a888-4ee1-abd6-937cded45ff0 into model nwt
I0118 18:02:03.973887  8252 cuckoo_watch.h:44] 82ms in ProcessBatch(D:\artmonline\data\datasets\enron\batches\aaaaah.batch) [including 6ms in LoadMessage; 1ms in InitializeSparseNdw; 71ms in InferThetaAndUpdateNwtSparse; ]
I0118 18:02:03.974891 10328 processor.cc:856] Processor: complete processing batch 2bdf09f9-52bc-4b22-ab78-dea03107431e into model nwt
I0118 18:02:03.975908 10328 cuckoo_watch.h:44] 86ms in ProcessBatch(D:\artmonline\data\datasets\enron\batches\aaaaaa.batch) [including 4ms in LoadMessage; 1ms in InitializeSparseNdw; 78ms in InferThetaAndUpdateNwtSparse; ]
I0118 18:02:03.980906  8252 processor.cc:760] Processor: start processing batch 4dd37288-bde4-4e02-942b-8236d22f7d56 into model nwt
I0118 18:02:03.983914 10328 processor.cc:760] Processor: start processing batch 097ecd20-21ca-45f2-86e6-5cc2ee317fc1 into model nwt
I0118 18:02:03.988927 11596 processor.cc:856] Processor: complete processing batch 8b44ca11-ba45-4a18-b79c-7f6875f6386f into model nwt
I0118 18:02:03.990933 11596 cuckoo_watch.h:44] 99ms in ProcessBatch(D:\artmonline\data\datasets\enron\batches\aaaaac.batch) [including 7ms in LoadMessage; 1ms in InitializeSparseNdw; 87ms in InferThetaAndUpdateNwtSparse; ]
I0118 18:02:03.995945  5304 processor.cc:856] Processor: complete processing batch c9ec9ff5-97ad-4a9f-9e0c-92ecb139ac9a into model nwt
I0118 18:02:03.997951  5304 cuckoo_watch.h:44] 106ms in ProcessBatch(D:\artmonline\data\datasets\enron\batches\aaaaag.batch) [including 7ms in LoadMessage; 1ms in InitializeSparseNdw; 93ms in InferThetaAndUpdateNwtSparse; ]
I0118 18:02:03.997951 11596 processor.cc:760] Processor: start processing batch beb6ca9e-283b-4f7d-8e2e-49dbd40668f7 into model nwt
I0118 18:02:04.001960 12564 processor.cc:856] Processor: complete processing batch bb7f41b7-b1e3-4fe5-98a9-783f33d3755e into model nwt
I0118 18:02:04.002964  5304 processor.cc:760] Processor: start processing batch b2304b78-c310-4a54-b6c1-931be31bdb85 into model nwt
I0118 18:02:04.004979 12564 cuckoo_watch.h:44] 115ms in ProcessBatch(D:\artmonline\data\datasets\enron\batches\aaaaab.batch) [including 6ms in LoadMessage; 1ms in InitializeSparseNdw; 102ms in InferThetaAndUpdateNwtSparse; ]
I0118 18:02:04.010984 12564 processor.cc:760] Processor: start processing batch c8d455b9-44ed-4d54-82b1-cb4faf1bdba9 into model nwt
I0118 18:02:04.011987 10136 processor.cc:856] Processor: complete processing batch 81b6a2ef-3ca6-4781-90ea-daca3a2057c9 into model nwt
I0118 18:02:04.013993 10136 cuckoo_watch.h:44] 122ms in ProcessBatch(D:\artmonline\data\datasets\enron\batches\aaaaaf.batch) [including 8ms in LoadMessage; 1ms in InitializeSparseNdw; 109ms in InferThetaAndUpdateNwtSparse; ]
I0118 18:02:04.022013 10136 processor.cc:760] Processor: start processing batch ec696f0d-3137-4166-bbe0-587f26484cea into model nwt
I0118 18:02:04.043071 11732 processor.cc:856] Processor: complete processing batch 5bc107be-fb47-41c4-97f9-538f1eb34815 into model nwt
I0118 18:02:04.044072 11204 processor.cc:856] Processor: complete processing batch d7141948-7a07-4635-9468-d3477a117e3d into model nwt
I0118 18:02:04.046077 11732 cuckoo_watch.h:44] 154ms in ProcessBatch(D:\artmonline\data\datasets\enron\batches\aaaaae.batch) [including 13ms in LoadMessage; 2ms in InitializeSparseNdw; 133ms in InferThetaAndUpdateNwtSparse; ]
I0118 18:02:04.046077 11204 cuckoo_watch.h:44] 84ms in ProcessBatch(D:\artmonline\data\datasets\enron\batches\aaaaai.batch) [including 5ms in LoadMessage; 1ms in InitializeSparseNdw; 73ms in InferThetaAndUpdateNwtSparse; ]
I0118 18:02:04.051090  5304 processor.cc:856] Processor: complete processing batch b2304b78-c310-4a54-b6c1-931be31bdb85 into model nwt
I0118 18:02:04.052093  5304 cuckoo_watch.h:44] 54ms in ProcessBatch(D:\artmonline\data\datasets\enron\batches\aaaaam.batch) [including 4ms in LoadMessage; 0ms in InitializeSparseNdw; 47ms in InferThetaAndUpdateNwtSparse; ]
I0118 18:02:04.053097 11732 processor.cc:760] Processor: start processing batch e5acb4be-4bd2-4268-a1a1-ddd15ed04b50 into model nwt
I0118 18:02:04.054110 11204 processor.cc:760] Processor: start processing batch 58dc6c2c-5351-45fb-a5e5-898716215902 into model nwt
I0118 18:02:04.059113  8252 processor.cc:856] Processor: complete processing batch 4dd37288-bde4-4e02-942b-8236d22f7d56 into model nwt
I0118 18:02:04.060115  5304 processor.cc:760] Processor: start processing batch 92ef96f8-5112-4c6b-8ee6-44fd8842a933 into model nwt
I0118 18:02:04.061118  8252 cuckoo_watch.h:44] 87ms in ProcessBatch(D:\artmonline\data\datasets\enron\batches\aaaaaj.batch) [including 6ms in LoadMessage; 1ms in InitializeSparseNdw; 75ms in InferThetaAndUpdateNwtSparse; ]
I0118 18:02:04.067134 10328 processor.cc:856] Processor: complete processing batch 097ecd20-21ca-45f2-86e6-5cc2ee317fc1 into model nwt
I0118 18:02:04.068136 10328 cuckoo_watch.h:44] 92ms in ProcessBatch(D:\artmonline\data\datasets\enron\batches\aaaaak.batch) [including 6ms in LoadMessage; 1ms in InitializeSparseNdw; 81ms in InferThetaAndUpdateNwtSparse; ]
I0118 18:02:04.069140  8252 processor.cc:760] Processor: start processing batch 94909c06-810d-44ab-af32-f1fec94c7e68 into model nwt
I0118 18:02:04.077162 10328 processor.cc:760] Processor: start processing batch abaa32c1-ff83-45ce-8d55-e8900ec4d4ac into model nwt
I0118 18:02:04.083176 11596 processor.cc:856] Processor: complete processing batch beb6ca9e-283b-4f7d-8e2e-49dbd40668f7 into model nwt
I0118 18:02:04.084180 11596 cuckoo_watch.h:44] 93ms in ProcessBatch(D:\artmonline\data\datasets\enron\batches\aaaaal.batch) [including 6ms in LoadMessage; 0ms in InitializeSparseNdw; 84ms in InferThetaAndUpdateNwtSparse; ]
I0118 18:02:04.088189 12564 processor.cc:856] Processor: complete processing batch c8d455b9-44ed-4d54-82b1-cb4faf1bdba9 into model nwt
I0118 18:02:04.089193 12564 cuckoo_watch.h:44] 84ms in ProcessBatch(D:\artmonline\data\datasets\enron\batches\aaaaan.batch) [including 5ms in LoadMessage; 0ms in InitializeSparseNdw; 75ms in InferThetaAndUpdateNwtSparse; ]
I0118 18:02:04.093204 11596 processor.cc:760] Processor: start processing batch f596d4c1-719d-49aa-9aff-3e8c6cb96aca into model nwt
I0118 18:02:04.098217 12564 processor.cc:760] Processor: start processing batch ea14062c-c4ff-4cc0-bfb7-04b8b73db75d into model nwt
I0118 18:02:04.100222 10136 processor.cc:856] Processor: complete processing batch ec696f0d-3137-4166-bbe0-587f26484cea into model nwt
I0118 18:02:04.101225 10136 cuckoo_watch.h:44] 86ms in ProcessBatch(D:\artmonline\data\datasets\enron\batches\aaaaao.batch) [including 6ms in LoadMessage; 0ms in InitializeSparseNdw; 76ms in InferThetaAndUpdateNwtSparse; ]
I0118 18:02:04.110249 10136 processor.cc:760] Processor: start processing batch 6bbbab1a-3a02-4fad-ac97-cf7f9f911c38 into model nwt
I0118 18:02:04.131306 11204 processor.cc:856] Processor: complete processing batch 58dc6c2c-5351-45fb-a5e5-898716215902 into model nwt
I0118 18:02:04.132306 11204 cuckoo_watch.h:44] 85ms in ProcessBatch(D:\artmonline\data\datasets\enron\batches\aaaaaq.batch) [including 5ms in LoadMessage; 1ms in InitializeSparseNdw; 75ms in InferThetaAndUpdateNwtSparse; ]
I0118 18:02:04.141331 11204 processor.cc:760] Processor: start processing batch d82db037-bbc2-45ed-bb72-ca829d0eef51 into model nwt
I0118 18:02:04.142334 11732 processor.cc:856] Processor: complete processing batch e5acb4be-4bd2-4268-a1a1-ddd15ed04b50 into model nwt
I0118 18:02:04.143338 11732 cuckoo_watch.h:44] 97ms in ProcessBatch(D:\artmonline\data\datasets\enron\batches\aaaaap.batch) [including 6ms in LoadMessage; 1ms in InitializeSparseNdw; 86ms in InferThetaAndUpdateNwtSparse; ]
I0118 18:02:04.146344  5304 processor.cc:856] Processor: complete processing batch 92ef96f8-5112-4c6b-8ee6-44fd8842a933 into model nwt
I0118 18:02:04.147346  5304 cuckoo_watch.h:44] 95ms in ProcessBatch(D:\artmonline\data\datasets\enron\batches\aaaaar.batch) [including 6ms in LoadMessage; 1ms in InitializeSparseNdw; 84ms in InferThetaAndUpdateNwtSparse; ]
I0118 18:02:04.153364 11732 processor.cc:760] Processor: start processing batch 4c928ba0-2322-4d7c-b538-abe25df9c341 into model nwt
I0118 18:02:04.158376  5304 processor.cc:760] Processor: start processing batch c13d339c-6226-4a2e-9489-fce069d7409d into model nwt
I0118 18:02:04.167400 10328 processor.cc:856] Processor: complete processing batch abaa32c1-ff83-45ce-8d55-e8900ec4d4ac into model nwt
I0118 18:02:04.169406 10328 cuckoo_watch.h:44] 100ms in ProcessBatch(D:\artmonline\data\datasets\enron\batches\aaaaat.batch) [including 7ms in LoadMessage; 1ms in InitializeSparseNdw; 89ms in InferThetaAndUpdateNwtSparse; ]
I0118 18:02:04.173416  8252 processor.cc:856] Processor: complete processing batch 94909c06-810d-44ab-af32-f1fec94c7e68 into model nwt
I0118 18:02:04.174419  8252 cuckoo_watch.h:44] 113ms in ProcessBatch(D:\artmonline\data\datasets\enron\batches\aaaaas.batch) [including 7ms in LoadMessage; 1ms in InitializeSparseNdw; 101ms in InferThetaAndUpdateNwtSparse; ]
I0118 18:02:04.179432 10328 processor.cc:760] Processor: start processing batch 9c824cd3-582d-4da2-9621-7d9b9ba0c98b into model nwt
I0118 18:02:04.187455  8252 processor.cc:760] Processor: start processing batch 37646a0a-42f3-47ff-a23a-74213f948611 into model nwt
I0118 18:02:04.193471 11596 processor.cc:856] Processor: complete processing batch f596d4c1-719d-49aa-9aff-3e8c6cb96aca into model nwt
I0118 18:02:04.194473 11596 cuckoo_watch.h:44] 110ms in ProcessBatch(D:\artmonline\data\datasets\enron\batches\aaaaau.batch) [including 7ms in LoadMessage; 0ms in InitializeSparseNdw; 98ms in InferThetaAndUpdateNwtSparse; ]
I0118 18:02:04.207507 11596 processor.cc:760] Processor: start processing batch 32848802-4f08-4b2d-ac92-e96a09173588 into model nwt
I0118 18:02:04.216532 12564 processor.cc:856] Processor: complete processing batch ea14062c-c4ff-4cc0-bfb7-04b8b73db75d into model nwt
I0118 18:02:04.218539 12564 cuckoo_watch.h:44] 129ms in ProcessBatch(D:\artmonline\data\datasets\enron\batches\aaaaav.batch) [including 7ms in LoadMessage; 1ms in InitializeSparseNdw; 116ms in InferThetaAndUpdateNwtSparse; ]
I0118 18:02:04.230568 12564 processor.cc:760] Processor: start processing batch 70c18756-f3e7-4140-9fcd-5325289285db into model nwt
I0118 18:02:04.245609 10136 processor.cc:856] Processor: complete processing batch 6bbbab1a-3a02-4fad-ac97-cf7f9f911c38 into model nwt
I0118 18:02:04.247623 10136 cuckoo_watch.h:44] 146ms in ProcessBatch(D:\artmonline\data\datasets\enron\batches\aaaaaw.batch) [including 8ms in LoadMessage; 1ms in InitializeSparseNdw; 133ms in InferThetaAndUpdateNwtSparse; ]
I0118 18:02:04.260648 10136 processor.cc:760] Processor: start processing batch d6f4dc8e-ab75-475e-b1df-665d7ac5e17d into model nwt
I0118 18:02:04.279700 11204 processor.cc:856] Processor: complete processing batch d82db037-bbc2-45ed-bb72-ca829d0eef51 into model nwt
I0118 18:02:04.281705 11204 cuckoo_watch.h:44] 149ms in ProcessBatch(D:\artmonline\data\datasets\enron\batches\aaaaax.batch) [including 8ms in LoadMessage; 1ms in InitializeSparseNdw; 135ms in InferThetaAndUpdateNwtSparse; ]
I0118 18:02:04.293736 11204 processor.cc:760] Processor: start processing batch 0bee1a05-7984-4bb9-9d4c-bdc5e43aad51 into model nwt
I0118 18:02:04.299754  5304 processor.cc:856] Processor: complete processing batch c13d339c-6226-4a2e-9489-fce069d7409d into model nwt
I0118 18:02:04.302762  5304 cuckoo_watch.h:44] 154ms in ProcessBatch(D:\artmonline\data\datasets\enron\batches\aaaaaz.batch) [including 9ms in LoadMessage; 1ms in InitializeSparseNdw; 139ms in InferThetaAndUpdateNwtSparse; ]
I0118 18:02:04.308776 11732 processor.cc:856] Processor: complete processing batch 4c928ba0-2322-4d7c-b538-abe25df9c341 into model nwt
I0118 18:02:04.311784 11732 cuckoo_watch.h:44] 167ms in ProcessBatch(D:\artmonline\data\datasets\enron\batches\aaaaay.batch) [including 8ms in LoadMessage; 1ms in InitializeSparseNdw; 153ms in InferThetaAndUpdateNwtSparse; ]
I0118 18:02:04.314792  5304 processor.cc:760] Processor: start processing batch 526a4ac8-227b-416f-96f5-7894e619dc2d into model nwt
I0118 18:02:04.327827 11732 processor.cc:760] Processor: start processing batch 2ba972db-f725-43f7-b77d-55d74668f2cb into model nwt
I0118 18:02:04.331840 10328 processor.cc:856] Processor: complete processing batch 9c824cd3-582d-4da2-9621-7d9b9ba0c98b into model nwt
I0118 18:02:04.333843 10328 cuckoo_watch.h:44] 164ms in ProcessBatch(D:\artmonline\data\datasets\enron\batches\aaaaba.batch) [including 8ms in LoadMessage; 1ms in InitializeSparseNdw; 149ms in InferThetaAndUpdateNwtSparse; ]
I0118 18:02:04.344873 10328 processor.cc:760] Processor: start processing batch e8490941-420f-4b43-99c1-d702c419b7e0 into model nwt
I0118 18:02:04.397012  8252 processor.cc:856] Processor: complete processing batch 37646a0a-42f3-47ff-a23a-74213f948611 into model nwt
I0118 18:02:04.400020  8252 cuckoo_watch.h:44] 225ms in ProcessBatch(D:\artmonline\data\datasets\enron\batches\aaaabb.batch) [including 12ms in LoadMessage; 2ms in InitializeSparseNdw; 206ms in InferThetaAndUpdateNwtSparse; ]
I0118 18:02:04.408041  8252 processor.cc:760] Processor: start processing batch c0e87ca0-f6db-4621-8035-fa331ba95157 into model nwt
I0118 18:02:04.438119 12564 processor.cc:856] Processor: complete processing batch 70c18756-f3e7-4140-9fcd-5325289285db into model nwt
I0118 18:02:04.439122 12564 cuckoo_watch.h:44] 220ms in ProcessBatch(D:\artmonline\data\datasets\enron\batches\aaaabd.batch) [including 10ms in LoadMessage; 2ms in InitializeSparseNdw; 204ms in InferThetaAndUpdateNwtSparse; ]
I0118 18:02:04.447144 12564 processor.cc:760] Processor: start processing batch 441af1cb-303b-4bf7-a5c0-003d6fbcb77e into model nwt
I0118 18:02:04.461181 11596 processor.cc:856] Processor: complete processing batch 32848802-4f08-4b2d-ac92-e96a09173588 into model nwt
I0118 18:02:04.464190 11596 cuckoo_watch.h:44] 269ms in ProcessBatch(D:\artmonline\data\datasets\enron\batches\aaaabc.batch) [including 11ms in LoadMessage; 2ms in InitializeSparseNdw; 250ms in InferThetaAndUpdateNwtSparse; ]
I0118 18:02:04.473214 11596 processor.cc:760] Processor: start processing batch 81943d0c-2520-42ef-b5eb-fa01a0f80159 into model nwt
I0118 18:02:04.526355  8252 processor.cc:856] Processor: complete processing batch c0e87ca0-f6db-4621-8035-fa331ba95157 into model nwt
I0118 18:02:04.527357  8252 cuckoo_watch.h:44] 127ms in ProcessBatch(D:\artmonline\data\datasets\enron\batches\aaaabj.batch) [including 6ms in LoadMessage; 1ms in InitializeSparseNdw; 116ms in InferThetaAndUpdateNwtSparse; ]
I0118 18:02:04.542397 10136 processor.cc:856] Processor: complete processing batch d6f4dc8e-ab75-475e-b1df-665d7ac5e17d into model nwt
I0118 18:02:04.545405  8252 processor.cc:760] Processor: start processing batch ecf58dc7-cab0-4144-89ef-7bc40b2c41f4 into model nwt
I0118 18:02:04.546408  5304 processor.cc:856] Processor: complete processing batch 526a4ac8-227b-416f-96f5-7894e619dc2d into model nwt
I0118 18:02:04.547411 10136 cuckoo_watch.h:44] 300ms in ProcessBatch(D:\artmonline\data\datasets\enron\batches\aaaabe.batch) [including 12ms in LoadMessage; 2ms in InitializeSparseNdw; 278ms in InferThetaAndUpdateNwtSparse; ]
I0118 18:02:04.549417  5304 cuckoo_watch.h:44] 246ms in ProcessBatch(D:\artmonline\data\datasets\enron\batches\aaaabg.batch) [including 11ms in LoadMessage; 2ms in InitializeSparseNdw; 227ms in InferThetaAndUpdateNwtSparse; ]
I0118 18:02:04.550418 11204 processor.cc:856] Processor: complete processing batch 0bee1a05-7984-4bb9-9d4c-bdc5e43aad51 into model nwt
I0118 18:02:04.554431 10136 processor.cc:760] Processor: start processing batch 5958f668-d428-4337-8b34-02f6d457f919 into model nwt
I0118 18:02:04.555433 11204 cuckoo_watch.h:44] 274ms in ProcessBatch(D:\artmonline\data\datasets\enron\batches\aaaabf.batch) [including 10ms in LoadMessage; 2ms in InitializeSparseNdw; 253ms in InferThetaAndUpdateNwtSparse; ]
I0118 18:02:04.576488  5304 processor.cc:676] No data in processing queue, waiting...
I0118 18:02:04.578493 12564 processor.cc:856] Processor: complete processing batch 441af1cb-303b-4bf7-a5c0-003d6fbcb77e into model nwt
I0118 18:02:04.579495 12564 cuckoo_watch.h:44] 139ms in ProcessBatch(D:\artmonline\data\datasets\enron\batches\aaaabk.batch) [including 5ms in LoadMessage; 0ms in InitializeSparseNdw; 129ms in InferThetaAndUpdateNwtSparse; ]
I0118 18:02:04.587518 11596 processor.cc:856] Processor: complete processing batch 81943d0c-2520-42ef-b5eb-fa01a0f80159 into model nwt
I0118 18:02:04.590524 10328 processor.cc:856] Processor: complete processing batch e8490941-420f-4b43-99c1-d702c419b7e0 into model nwt
I0118 18:02:04.591528 11596 cuckoo_watch.h:44] 127ms in ProcessBatch(D:\artmonline\data\datasets\enron\batches\aaaabl.batch) [including 7ms in LoadMessage; 1ms in InitializeSparseNdw; 111ms in InferThetaAndUpdateNwtSparse; ]
I0118 18:02:04.593533 10328 cuckoo_watch.h:44] 259ms in ProcessBatch(D:\artmonline\data\datasets\enron\batches\aaaabi.batch) [including 10ms in LoadMessage; 2ms in InitializeSparseNdw; 242ms in InferThetaAndUpdateNwtSparse; ]
I0118 18:02:04.599556 11204 processor.cc:676] No data in processing queue, waiting...
I0118 18:02:04.614601 10136 processor.cc:856] Processor: complete processing batch 5958f668-d428-4337-8b34-02f6d457f919 into model nwt
I0118 18:02:04.615628 12564 processor.cc:676] No data in processing queue, waiting...
I0118 18:02:04.615628 10136 cuckoo_watch.h:44] 67ms in ProcessBatch(D:\artmonline\data\datasets\enron\batches\aaaabn.batch) [including 5ms in LoadMessage; 2ms in InitializeSparseNdw; 57ms in InferThetaAndUpdateNwtSparse; ]
I0118 18:02:04.625651 11596 processor.cc:676] No data in processing queue, waiting...
I0118 18:02:04.627657 10328 processor.cc:676] No data in processing queue, waiting...
I0118 18:02:04.630631  8252 processor.cc:856] Processor: complete processing batch ecf58dc7-cab0-4144-89ef-7bc40b2c41f4 into model nwt
I0118 18:02:04.631633  8252 cuckoo_watch.h:44] 104ms in ProcessBatch(D:\artmonline\data\datasets\enron\batches\aaaabm.batch) [including 16ms in LoadMessage; 2ms in InitializeSparseNdw; 82ms in InferThetaAndUpdateNwtSparse; ]
I0118 18:02:04.644670 11732 processor.cc:856] Processor: complete processing batch 2ba972db-f725-43f7-b77d-55d74668f2cb into model nwt
I0118 18:02:04.647678 10136 processor.cc:676] No data in processing queue, waiting...
I0118 18:02:04.647678 11732 cuckoo_watch.h:44] 336ms in ProcessBatch(D:\artmonline\data\datasets\enron\batches\aaaabh.batch) [including 14ms in LoadMessage; 5ms in InitializeSparseNdw; 311ms in InferThetaAndUpdateNwtSparse; ]
I0118 18:02:04.648723  1872 master_component.cc:991] NormalizeModelArgs: pwt_target_name=pwt, nwt_source_name=nwt, rwt_source_name=
I0118 18:02:04.648723  1872 master_component.cc:617] MasterComponent: start normalizing model nwt
I0118 18:02:04.660742  8252 processor.cc:676] No data in processing queue, waiting...
I0118 18:02:04.677788 11732 processor.cc:676] No data in processing queue, waiting...
I0118 18:02:04.680766  1872 master_component.cc:639] MasterComponent: complete normalizing model nwt
I0118 18:02:04.680766  1872 master_component.cc:1015] DisposeModel rwt
I0118 18:02:04.680766  1872 c_interface.cc:332] Pass FitOfflineMasterModelArgs, batch_filename_size=40, batch_weight_size=40, num_collection_passes=1 to void (__cdecl artm::core::MasterComponent::*)(class artm::FitOfflineMasterModelArgs const & __ptr64) __ptr64
I0118 18:02:04.680766  1872 master_component.cc:942] ProcessBatchesArgs: nwt_target_name=nwt, batch_filename_size=40, batch_size=0, batch_weight_size=40, pwt_source_name=pwt, num_document_passes=10, reuse_theta=no, opt_for_avx=no, predict_class_id=
I0118 18:02:04.706861 10328 processor.cc:683] Processing queue has data, processing started
I0118 18:02:04.706861  5304 processor.cc:683] Processing queue has data, processing started
I0118 18:02:04.707868 10136 processor.cc:683] Processing queue has data, processing started
I0118 18:02:04.707868 12564 processor.cc:683] Processing queue has data, processing started
I0118 18:02:04.707868 11732 processor.cc:683] Processing queue has data, processing started
I0118 18:02:04.709878 11204 processor.cc:683] Processing queue has data, processing started
I0118 18:02:04.709878 11596 processor.cc:683] Processing queue has data, processing started
I0118 18:02:04.709878  8252 processor.cc:683] Processing queue has data, processing started
I0118 18:02:04.713853 10328 processor.cc:760] Processor: start processing batch 2bdf09f9-52bc-4b22-ab78-dea03107431e into model nwt
