I0116 12:42:49.328152 12796 cuckoo_watch.h:44] 21ms in ProcessBatch(D:\artmonline\data\datasets\lenta\batches\aaaadi.batch) [including 1ms in LoadMessage; 0ms in InitializeSparseNdw; 7ms in InferThetaAndUpdateNwtSparse; ]
I0116 12:42:49.329156 12964 master_component.cc:991] NormalizeModelArgs: pwt_target_name=pwt, nwt_source_name=nwt, rwt_source_name=
I0116 12:42:49.329156 12964 master_component.cc:617] MasterComponent: start normalizing model nwt
I0116 12:42:49.342190 10244 processor.cc:676] No data in processing queue, waiting...
I0116 12:42:49.344197  7048 processor.cc:676] No data in processing queue, waiting...
I0116 12:42:49.345197  3908 processor.cc:676] No data in processing queue, waiting...
I0116 12:42:49.346200 10540 processor.cc:676] No data in processing queue, waiting...
I0116 12:42:49.350211 11588 processor.cc:676] No data in processing queue, waiting...
I0116 12:42:49.351213  5896 processor.cc:676] No data in processing queue, waiting...
I0116 12:42:49.356227 12796 processor.cc:676] No data in processing queue, waiting...
I0116 12:42:49.356227  4756 processor.cc:676] No data in processing queue, waiting...
I0116 12:42:49.495599 12964 master_component.cc:639] MasterComponent: complete normalizing model nwt
I0116 12:42:49.495599 12964 master_component.cc:1015] DisposeModel rwt
I0116 12:42:49.496601 12964 c_interface.cc:332] Pass FitOfflineMasterModelArgs, batch_filename_size=87, batch_weight_size=87, num_collection_passes=1 to void (__cdecl artm::core::MasterComponent::*)(class artm::FitOfflineMasterModelArgs const & __ptr64) __ptr64
I0116 12:42:49.496601 12964 master_component.cc:942] ProcessBatchesArgs: nwt_target_name=nwt, batch_filename_size=87, batch_size=0, batch_weight_size=87, pwt_source_name=pwt, num_document_passes=20, reuse_theta=no, opt_for_avx=no, predict_class_id=
I0116 12:42:49.683123  7048 processor.cc:683] Processing queue has data, processing started
I0116 12:42:49.683123  3908 processor.cc:683] Processing queue has data, processing started
I0116 12:42:49.683123  4756 processor.cc:683] Processing queue has data, processing started
I0116 12:42:49.683123 10540 processor.cc:683] Processing queue has data, processing started
I0116 12:42:49.685102 11588 processor.cc:683] Processing queue has data, processing started
I0116 12:42:49.685102 12796 processor.cc:683] Processing queue has data, processing started
I0116 12:42:49.685102  5896 processor.cc:683] Processing queue has data, processing started
I0116 12:42:49.686105 10244 processor.cc:683] Processing queue has data, processing started
I0116 12:42:49.711174 10540 processor.cc:760] Processor: start processing batch 961bb6ad-a4bd-4b85-ae3d-da069df1cd4e into model nwt
I0116 12:42:49.713178  3908 processor.cc:760] Processor: start processing batch f07bd643-092b-4b33-851d-1fa6bd2596a5 into model nwt
I0116 12:42:49.713178 12796 processor.cc:760] Processor: start processing batch 525b108c-48e7-42f3-a4d3-b89f410bfa54 into model nwt
I0116 12:42:49.716186  5896 processor.cc:760] Processor: start processing batch 6a4af1d3-9a98-40b7-a817-21047d2c0370 into model nwt
I0116 12:42:49.717190  7048 processor.cc:760] Processor: start processing batch e16f3b1c-b10b-4ffe-9a61-3d53391a4df9 into model nwt
I0116 12:42:49.718191  4756 processor.cc:760] Processor: start processing batch 53b585c4-4244-49c2-8454-1fb1db7f7e84 into model nwt
I0116 12:42:49.726212 10244 processor.cc:760] Processor: start processing batch b6a181f4-65d4-4478-a33f-56e3df1d3d5b into model nwt
I0116 12:42:49.733229 11588 processor.cc:760] Processor: start processing batch c1adb2ae-3d35-484b-a31a-79869caf1452 into model nwt
I0116 12:42:49.937774 10540 processor.cc:856] Processor: complete processing batch 961bb6ad-a4bd-4b85-ae3d-da069df1cd4e into model nwt
I0116 12:42:49.937774  3908 processor.cc:856] Processor: complete processing batch f07bd643-092b-4b33-851d-1fa6bd2596a5 into model nwt
I0116 12:42:49.942787 12796 processor.cc:856] Processor: complete processing batch 525b108c-48e7-42f3-a4d3-b89f410bfa54 into model nwt
I0116 12:42:49.943791 10540 cuckoo_watch.h:44] 261ms in ProcessBatch(D:\artmonline\data\datasets\lenta\batches\aaaaad.batch) [including 17ms in LoadMessage; 1ms in InitializeSparseNdw; 223ms in InferThetaAndUpdateNwtSparse; ]
I0116 12:42:49.944793  3908 cuckoo_watch.h:44] 262ms in ProcessBatch(D:\artmonline\data\datasets\lenta\batches\aaaaab.batch) [including 21ms in LoadMessage; 2ms in InitializeSparseNdw; 222ms in InferThetaAndUpdateNwtSparse; ]
I0116 12:42:49.946797  5896 processor.cc:856] Processor: complete processing batch 6a4af1d3-9a98-40b7-a817-21047d2c0370 into model nwt
I0116 12:42:49.949805 12796 cuckoo_watch.h:44] 264ms in ProcessBatch(D:\artmonline\data\datasets\lenta\batches\aaaaaf.batch) [including 19ms in LoadMessage; 4ms in InitializeSparseNdw; 224ms in InferThetaAndUpdateNwtSparse; ]
I0116 12:42:49.952813  5896 cuckoo_watch.h:44] 267ms in ProcessBatch(D:\artmonline\data\datasets\lenta\batches\aaaaag.batch) [including 18ms in LoadMessage; 3ms in InitializeSparseNdw; 227ms in InferThetaAndUpdateNwtSparse; ]
I0116 12:42:49.954826 11588 processor.cc:856] Processor: complete processing batch c1adb2ae-3d35-484b-a31a-79869caf1452 into model nwt
I0116 12:42:49.959832  4756 processor.cc:856] Processor: complete processing batch 53b585c4-4244-49c2-8454-1fb1db7f7e84 into model nwt
I0116 12:42:49.960836  3908 processor.cc:760] Processor: start processing batch 4f78d3f8-7022-463c-9770-a66d84013b84 into model nwt
I0116 12:42:49.966851 11588 cuckoo_watch.h:44] 281ms in ProcessBatch(D:\artmonline\data\datasets\lenta\batches\aaaaae.batch) [including 18ms in LoadMessage; 1ms in InitializeSparseNdw; 219ms in InferThetaAndUpdateNwtSparse; ]
I0116 12:42:49.966851 12796 processor.cc:760] Processor: start processing batch e4a1b9e5-f4bf-465b-8dbe-b36aa5fd54ce into model nwt
I0116 12:42:49.968858 10540 processor.cc:760] Processor: start processing batch 2b88d973-a090-4e65-9898-4fe7cc01703c into model nwt
I0116 12:42:49.970863  4756 cuckoo_watch.h:44] 287ms in ProcessBatch(D:\artmonline\data\datasets\lenta\batches\aaaaac.batch) [including 23ms in LoadMessage; 1ms in InitializeSparseNdw; 239ms in InferThetaAndUpdateNwtSparse; ]
I0116 12:42:49.975875  5896 processor.cc:760] Processor: start processing batch f356a4bb-a9b9-405e-a407-3123ac10abf7 into model nwt
I0116 12:42:49.977880  7048 processor.cc:856] Processor: complete processing batch e16f3b1c-b10b-4ffe-9a61-3d53391a4df9 into model nwt
I0116 12:42:49.982893 11588 processor.cc:760] Processor: start processing batch 5198d9b7-d04c-4afc-af5e-a01d9eedf94a into model nwt
I0116 12:42:49.985903  4756 processor.cc:760] Processor: start processing batch 72c7c503-2c13-4284-864f-2b3562833a41 into model nwt
I0116 12:42:49.986904  7048 cuckoo_watch.h:44] 304ms in ProcessBatch(D:\artmonline\data\datasets\lenta\batches\aaaaaa.batch) [including 23ms in LoadMessage; 2ms in InitializeSparseNdw; 258ms in InferThetaAndUpdateNwtSparse; ]
I0116 12:42:49.995929  3908 processor.cc:856] Processor: complete processing batch 4f78d3f8-7022-463c-9770-a66d84013b84 into model nwt
I0116 12:42:49.996930  3908 cuckoo_watch.h:44] 52ms in ProcessBatch(D:\artmonline\data\datasets\lenta\batches\aaaaaj.batch) [including 3ms in LoadMessage; 0ms in InitializeSparseNdw; 34ms in InferThetaAndUpdateNwtSparse; ]
I0116 12:42:49.999939  7048 processor.cc:760] Processor: start processing batch fcd60de1-1df5-47bf-8b98-78fa23552316 into model nwt
I0116 12:42:50.001943 12796 processor.cc:856] Processor: complete processing batch e4a1b9e5-f4bf-465b-8dbe-b36aa5fd54ce into model nwt
I0116 12:42:50.002948  5896 processor.cc:856] Processor: complete processing batch f356a4bb-a9b9-405e-a407-3123ac10abf7 into model nwt
I0116 12:42:50.002948 12796 cuckoo_watch.h:44] 53ms in ProcessBatch(D:\artmonline\data\datasets\lenta\batches\aaaaak.batch) [including 3ms in LoadMessage; 0ms in InitializeSparseNdw; 34ms in InferThetaAndUpdateNwtSparse; ]
I0116 12:42:50.003950  5896 cuckoo_watch.h:44] 50ms in ProcessBatch(D:\artmonline\data\datasets\lenta\batches\aaaaal.batch) [including 8ms in LoadMessage; 0ms in InitializeSparseNdw; 26ms in InferThetaAndUpdateNwtSparse; ]
I0116 12:42:50.006958 10244 processor.cc:856] Processor: complete processing batch b6a181f4-65d4-4478-a33f-56e3df1d3d5b into model nwt
I0116 12:42:50.009966 11588 processor.cc:856] Processor: complete processing batch 5198d9b7-d04c-4afc-af5e-a01d9eedf94a into model nwt
I0116 12:42:50.010969  3908 processor.cc:760] Processor: start processing batch 6518cc63-dd88-4413-89df-ee38b607dcaf into model nwt
I0116 12:42:50.011972 11588 cuckoo_watch.h:44] 45ms in ProcessBatch(D:\artmonline\data\datasets\lenta\batches\aaaaam.batch) [including 3ms in LoadMessage; 0ms in InitializeSparseNdw; 26ms in InferThetaAndUpdateNwtSparse; ]
I0116 12:42:50.014979  4756 processor.cc:856] Processor: complete processing batch 72c7c503-2c13-4284-864f-2b3562833a41 into model nwt
I0116 12:42:50.016985  4756 cuckoo_watch.h:44] 45ms in ProcessBatch(D:\artmonline\data\datasets\lenta\batches\aaaaan.batch) [including 3ms in LoadMessage; 0ms in InitializeSparseNdw; 27ms in InferThetaAndUpdateNwtSparse; ]
I0116 12:42:50.016985 10244 cuckoo_watch.h:44] 331ms in ProcessBatch(D:\artmonline\data\datasets\lenta\batches\aaaaah.batch) [including 28ms in LoadMessage; 1ms in InitializeSparseNdw; 278ms in InferThetaAndUpdateNwtSparse; ]
I0116 12:42:50.019992 12796 processor.cc:760] Processor: start processing batch 0eacb8d9-eea2-4801-a26e-91e4061f419a into model nwt
I0116 12:42:50.019992  5896 processor.cc:760] Processor: start processing batch aa878812-f3c7-4eae-be12-a5f004c2c812 into model nwt
I0116 12:42:50.028017 11588 processor.cc:760] Processor: start processing batch b61bf30b-6c2e-41f7-bb24-37a66bdde20a into model nwt
I0116 12:42:50.030020 10244 processor.cc:760] Processor: start processing batch e0c6239b-a8b8-4a72-88cc-ad45d21522cc into model nwt
I0116 12:42:50.030020  4756 processor.cc:760] Processor: start processing batch 181c75f0-3941-4bfa-9f90-f19d7a397432 into model nwt
I0116 12:42:50.034029  7048 processor.cc:856] Processor: complete processing batch fcd60de1-1df5-47bf-8b98-78fa23552316 into model nwt
I0116 12:42:50.035032  7048 cuckoo_watch.h:44] 47ms in ProcessBatch(D:\artmonline\data\datasets\lenta\batches\aaaaao.batch) [including 3ms in LoadMessage; 0ms in InitializeSparseNdw; 33ms in InferThetaAndUpdateNwtSparse; ]
I0116 12:42:50.042050  3908 processor.cc:856] Processor: complete processing batch 6518cc63-dd88-4413-89df-ee38b607dcaf into model nwt
I0116 12:42:50.043052  3908 cuckoo_watch.h:44] 45ms in ProcessBatch(D:\artmonline\data\datasets\lenta\batches\aaaaap.batch) [including 3ms in LoadMessage; 0ms in InitializeSparseNdw; 30ms in InferThetaAndUpdateNwtSparse; ]
I0116 12:42:50.045058  7048 processor.cc:760] Processor: start processing batch d852a03c-1d24-43cc-86ce-deda10969237 into model nwt
I0116 12:42:50.050072 12796 processor.cc:856] Processor: complete processing batch 0eacb8d9-eea2-4801-a26e-91e4061f419a into model nwt
I0116 12:42:50.052078 12796 cuckoo_watch.h:44] 48ms in ProcessBatch(D:\artmonline\data\datasets\lenta\batches\aaaaaq.batch) [including 3ms in LoadMessage; 0ms in InitializeSparseNdw; 30ms in InferThetaAndUpdateNwtSparse; ]
I0116 12:42:50.052078  5896 processor.cc:856] Processor: complete processing batch aa878812-f3c7-4eae-be12-a5f004c2c812 into model nwt
I0116 12:42:50.053094  5896 cuckoo_watch.h:44] 49ms in ProcessBatch(D:\artmonline\data\datasets\lenta\batches\aaaaar.batch) [including 3ms in LoadMessage; 0ms in InitializeSparseNdw; 32ms in InferThetaAndUpdateNwtSparse; ]
I0116 12:42:50.055086  4756 processor.cc:856] Processor: complete processing batch 181c75f0-3941-4bfa-9f90-f19d7a397432 into model nwt
I0116 12:42:50.055086  3908 processor.cc:760] Processor: start processing batch 21227cb2-46ce-40e5-bb51-e0ecfe37be66 into model nwt
I0116 12:42:50.056089 11588 processor.cc:856] Processor: complete processing batch b61bf30b-6c2e-41f7-bb24-37a66bdde20a into model nwt
I0116 12:42:50.056089 10244 processor.cc:856] Processor: complete processing batch e0c6239b-a8b8-4a72-88cc-ad45d21522cc into model nwt
I0116 12:42:50.056089  4756 cuckoo_watch.h:44] 39ms in ProcessBatch(D:\artmonline\data\datasets\lenta\batches\aaaaat.batch) [including 3ms in LoadMessage; 0ms in InitializeSparseNdw; 24ms in InferThetaAndUpdateNwtSparse; ]
I0116 12:42:50.058094 10244 cuckoo_watch.h:44] 40ms in ProcessBatch(D:\artmonline\data\datasets\lenta\batches\aaaaau.batch) [including 3ms in LoadMessage; 0ms in InitializeSparseNdw; 26ms in InferThetaAndUpdateNwtSparse; ]
I0116 12:42:50.058094 11588 cuckoo_watch.h:44] 45ms in ProcessBatch(D:\artmonline\data\datasets\lenta\batches\aaaaas.batch) [including 4ms in LoadMessage; 0ms in InitializeSparseNdw; 27ms in InferThetaAndUpdateNwtSparse; ]
I0116 12:42:50.067118 12796 processor.cc:760] Processor: start processing batch b818f8e8-9e0b-4567-a086-e4fa5fb24c94 into model nwt
I0116 12:42:50.070127  5896 processor.cc:760] Processor: start processing batch fe77c731-6f7c-4850-b667-bc6d4c192d74 into model nwt
I0116 12:42:50.072130  4756 processor.cc:760] Processor: start processing batch 608db9e3-9894-48b8-9708-4341a81a39b1 into model nwt
I0116 12:42:50.073133 10244 processor.cc:760] Processor: start processing batch 0ede75e6-73ad-46d9-adad-032443ec2870 into model nwt
I0116 12:42:50.074136 11588 processor.cc:760] Processor: start processing batch 9548b3c0-c002-481a-8d22-f489f974c1d6 into model nwt
I0116 12:42:50.076143  7048 processor.cc:856] Processor: complete processing batch d852a03c-1d24-43cc-86ce-deda10969237 into model nwt
I0116 12:42:50.078147  7048 cuckoo_watch.h:44] 43ms in ProcessBatch(D:\artmonline\data\datasets\lenta\batches\aaaaav.batch) [including 2ms in LoadMessage; 0ms in InitializeSparseNdw; 31ms in InferThetaAndUpdateNwtSparse; ]
I0116 12:42:50.084163  3908 processor.cc:856] Processor: complete processing batch 21227cb2-46ce-40e5-bb51-e0ecfe37be66 into model nwt
I0116 12:42:50.085166  3908 cuckoo_watch.h:44] 42ms in ProcessBatch(D:\artmonline\data\datasets\lenta\batches\aaaaaw.batch) [including 2ms in LoadMessage; 0ms in InitializeSparseNdw; 29ms in InferThetaAndUpdateNwtSparse; ]
I0116 12:42:50.090178  7048 processor.cc:760] Processor: start processing batch 35b49a08-2c56-4c48-b866-b431c31ecd78 into model nwt
I0116 12:42:50.094189 12796 processor.cc:856] Processor: complete processing batch b818f8e8-9e0b-4567-a086-e4fa5fb24c94 into model nwt
I0116 12:42:50.096196 12796 cuckoo_watch.h:44] 43ms in ProcessBatch(D:\artmonline\data\datasets\lenta\batches\aaaaax.batch) [including 3ms in LoadMessage; 0ms in InitializeSparseNdw; 26ms in InferThetaAndUpdateNwtSparse; ]
I0116 12:42:50.097198  3908 processor.cc:760] Processor: start processing batch 010dde91-4916-48b2-8792-afe9efd779a8 into model nwt
I0116 12:42:50.099205  5896 processor.cc:856] Processor: complete processing batch fe77c731-6f7c-4850-b667-bc6d4c192d74 into model nwt
I0116 12:42:50.100206  4756 processor.cc:856] Processor: complete processing batch 608db9e3-9894-48b8-9708-4341a81a39b1 into model nwt
I0116 12:42:50.100206 11588 processor.cc:856] Processor: complete processing batch 9548b3c0-c002-481a-8d22-f489f974c1d6 into model nwt
I0116 12:42:50.100206  5896 cuckoo_watch.h:44] 46ms in ProcessBatch(D:\artmonline\data\datasets\lenta\batches\aaaaay.batch) [including 3ms in LoadMessage; 0ms in InitializeSparseNdw; 28ms in InferThetaAndUpdateNwtSparse; ]
I0116 12:42:50.101209  4756 cuckoo_watch.h:44] 45ms in ProcessBatch(D:\artmonline\data\datasets\lenta\batches\aaaaaz.batch) [including 3ms in LoadMessage; 0ms in InitializeSparseNdw; 26ms in InferThetaAndUpdateNwtSparse; ]
I0116 12:42:50.102211 10244 processor.cc:856] Processor: complete processing batch 0ede75e6-73ad-46d9-adad-032443ec2870 into model nwt
I0116 12:42:50.102211 11588 cuckoo_watch.h:44] 44ms in ProcessBatch(D:\artmonline\data\datasets\lenta\batches\aaaaba.batch) [including 3ms in LoadMessage; 0ms in InitializeSparseNdw; 26ms in InferThetaAndUpdateNwtSparse; ]
I0116 12:42:50.103214 10244 cuckoo_watch.h:44] 45ms in ProcessBatch(D:\artmonline\data\datasets\lenta\batches\aaaabb.batch) [including 3ms in LoadMessage; 0ms in InitializeSparseNdw; 28ms in InferThetaAndUpdateNwtSparse; ]
I0116 12:42:50.114244 11588 processor.cc:760] Processor: start processing batch 99ef58d2-9990-4f21-b6d0-fcab7502a16d into model nwt
I0116 12:42:50.115247 12796 processor.cc:760] Processor: start processing batch 8f750b19-ad59-42c9-9ba9-da45e8e702ba into model nwt
I0116 12:42:50.115247  4756 processor.cc:760] Processor: start processing batch 33d8b615-396b-4604-b5c3-f34dca1016dc into model nwt
I0116 12:42:50.117251  5896 processor.cc:760] Processor: start processing batch 988aa15e-6d33-4879-902c-adfdd002ed40 into model nwt
I0116 12:42:50.117251 10244 processor.cc:760] Processor: start processing batch 5a635ab8-b1ca-44cb-8fcc-678286d4c084 into model nwt
I0116 12:42:50.118254  7048 processor.cc:856] Processor: complete processing batch 35b49a08-2c56-4c48-b866-b431c31ecd78 into model nwt
I0116 12:42:50.119256  7048 cuckoo_watch.h:44] 41ms in ProcessBatch(D:\artmonline\data\datasets\lenta\batches\aaaabc.batch) [including 4ms in LoadMessage; 0ms in InitializeSparseNdw; 27ms in InferThetaAndUpdateNwtSparse; ]
I0116 12:42:50.125272 10540 processor.cc:856] Processor: complete processing batch 2b88d973-a090-4e65-9898-4fe7cc01703c into model nwt
I0116 12:42:50.126282  3908 processor.cc:856] Processor: complete processing batch 010dde91-4916-48b2-8792-afe9efd779a8 into model nwt
I0116 12:42:50.128281  3908 cuckoo_watch.h:44] 42ms in ProcessBatch(D:\artmonline\data\datasets\lenta\batches\aaaabd.batch) [including 3ms in LoadMessage; 0ms in InitializeSparseNdw; 29ms in InferThetaAndUpdateNwtSparse; ]
I0116 12:42:50.130285 10540 cuckoo_watch.h:44] 185ms in ProcessBatch(D:\artmonline\data\datasets\lenta\batches\aaaaai.batch) [including 10ms in LoadMessage; 1ms in InitializeSparseNdw; 154ms in InferThetaAndUpdateNwtSparse; ]
I0116 12:42:50.132290  7048 processor.cc:760] Processor: start processing batch 859bed08-fbc3-4f2c-9325-3a352a7ddc41 into model nwt
I0116 12:42:50.139310  3908 processor.cc:760] Processor: start processing batch 3003da87-5f2b-42f2-82bf-abecb349227d into model nwt
I0116 12:42:50.143321 11588 processor.cc:856] Processor: complete processing batch 99ef58d2-9990-4f21-b6d0-fcab7502a16d into model nwt
I0116 12:42:50.143321 12796 processor.cc:856] Processor: complete processing batch 8f750b19-ad59-42c9-9ba9-da45e8e702ba into model nwt
I0116 12:42:50.144322 10540 processor.cc:760] Processor: start processing batch e3c01b53-80ad-4562-aaec-242c4035ac30 into model nwt
I0116 12:42:50.144322  4756 processor.cc:856] Processor: complete processing batch 33d8b615-396b-4604-b5c3-f34dca1016dc into model nwt
I0116 12:42:50.144322 11588 cuckoo_watch.h:44] 42ms in ProcessBatch(D:\artmonline\data\datasets\lenta\batches\aaaabh.batch) [including 3ms in LoadMessage; 0ms in InitializeSparseNdw; 28ms in InferThetaAndUpdateNwtSparse; ]
I0116 12:42:50.145325 12796 cuckoo_watch.h:44] 49ms in ProcessBatch(D:\artmonline\data\datasets\lenta\batches\aaaabe.batch) [including 3ms in LoadMessage; 0ms in InitializeSparseNdw; 28ms in InferThetaAndUpdateNwtSparse; ]
I0116 12:42:50.145325 10244 processor.cc:856] Processor: complete processing batch 5a635ab8-b1ca-44cb-8fcc-678286d4c084 into model nwt
I0116 12:42:50.146328  4756 cuckoo_watch.h:44] 44ms in ProcessBatch(D:\artmonline\data\datasets\lenta\batches\aaaabg.batch) [including 3ms in LoadMessage; 0ms in InitializeSparseNdw; 28ms in InferThetaAndUpdateNwtSparse; ]
I0116 12:42:50.146328  5896 processor.cc:856] Processor: complete processing batch 988aa15e-6d33-4879-902c-adfdd002ed40 into model nwt
I0116 12:42:50.147331  5896 cuckoo_watch.h:44] 46ms in ProcessBatch(D:\artmonline\data\datasets\lenta\batches\aaaabf.batch) [including 3ms in LoadMessage; 0ms in InitializeSparseNdw; 29ms in InferThetaAndUpdateNwtSparse; ]
I0116 12:42:50.148334 10244 cuckoo_watch.h:44] 44ms in ProcessBatch(D:\artmonline\data\datasets\lenta\batches\aaaabi.batch) [including 3ms in LoadMessage; 0ms in InitializeSparseNdw; 28ms in InferThetaAndUpdateNwtSparse; ]
I0116 12:42:50.158363  4756 processor.cc:760] Processor: start processing batch 40245e79-4989-4f54-85b1-c19879c6380f into model nwt
I0116 12:42:50.158363 12796 processor.cc:760] Processor: start processing batch 43feeb32-c53b-4775-b855-866acb1a5133 into model nwt
I0116 12:42:50.158363 11588 processor.cc:760] Processor: start processing batch 3897b2c8-86bd-4cb9-a88e-2e092f7c9a10 into model nwt
I0116 12:42:50.160367 10244 processor.cc:760] Processor: start processing batch 2313b410-b327-4c8b-9369-5979878c03e6 into model nwt
I0116 12:42:50.160367  5896 processor.cc:760] Processor: start processing batch 50f8a9b1-935a-4d73-8a70-61d350d39af7 into model nwt
I0116 12:42:50.162371  7048 processor.cc:856] Processor: complete processing batch 859bed08-fbc3-4f2c-9325-3a352a7ddc41 into model nwt
I0116 12:42:50.163373  7048 cuckoo_watch.h:44] 44ms in ProcessBatch(D:\artmonline\data\datasets\lenta\batches\aaaabj.batch) [including 3ms in LoadMessage; 0ms in InitializeSparseNdw; 29ms in InferThetaAndUpdateNwtSparse; ]
I0116 12:42:50.170394  3908 processor.cc:856] Processor: complete processing batch 3003da87-5f2b-42f2-82bf-abecb349227d into model nwt
I0116 12:42:50.172399  3908 cuckoo_watch.h:44] 43ms in ProcessBatch(D:\artmonline\data\datasets\lenta\batches\aaaabk.batch) [including 3ms in LoadMessage; 0ms in InitializeSparseNdw; 30ms in InferThetaAndUpdateNwtSparse; ]
I0116 12:42:50.173400 10540 processor.cc:856] Processor: complete processing batch e3c01b53-80ad-4562-aaec-242c4035ac30 into model nwt
I0116 12:42:50.174402 10540 cuckoo_watch.h:44] 44ms in ProcessBatch(D:\artmonline\data\datasets\lenta\batches\aaaabl.batch) [including 2ms in LoadMessage; 0ms in InitializeSparseNdw; 28ms in InferThetaAndUpdateNwtSparse; ]
I0116 12:42:50.176409  7048 processor.cc:760] Processor: start processing batch 947c5335-0ec1-411e-944e-573fcdd0eb61 into model nwt
I0116 12:42:50.183428  3908 processor.cc:760] Processor: start processing batch 7fc34afd-b2f0-448c-9c89-b192a200720c into model nwt
I0116 12:42:50.185432 10540 processor.cc:760] Processor: start processing batch 7a542f56-00b8-4de8-8235-03d57b63ce88 into model nwt
I0116 12:42:50.185432 11588 processor.cc:856] Processor: complete processing batch 3897b2c8-86bd-4cb9-a88e-2e092f7c9a10 into model nwt
I0116 12:42:50.186435 11588 cuckoo_watch.h:44] 41ms in ProcessBatch(D:\artmonline\data\datasets\lenta\batches\aaaabm.batch) [including 2ms in LoadMessage; 0ms in InitializeSparseNdw; 26ms in InferThetaAndUpdateNwtSparse; ]
I0116 12:42:50.186435  5896 processor.cc:856] Processor: complete processing batch 50f8a9b1-935a-4d73-8a70-61d350d39af7 into model nwt
I0116 12:42:50.187440  4756 processor.cc:856] Processor: complete processing batch 40245e79-4989-4f54-85b1-c19879c6380f into model nwt
I0116 12:42:50.188441  5896 cuckoo_watch.h:44] 40ms in ProcessBatch(D:\artmonline\data\datasets\lenta\batches\aaaabp.batch) [including 3ms in LoadMessage; 0ms in InitializeSparseNdw; 25ms in InferThetaAndUpdateNwtSparse; ]
I0116 12:42:50.188441  4756 cuckoo_watch.h:44] 42ms in ProcessBatch(D:\artmonline\data\datasets\lenta\batches\aaaabo.batch) [including 3ms in LoadMessage; 0ms in InitializeSparseNdw; 28ms in InferThetaAndUpdateNwtSparse; ]
I0116 12:42:50.188441 12796 processor.cc:856] Processor: complete processing batch 43feeb32-c53b-4775-b855-866acb1a5133 into model nwt
I0116 12:42:50.189442 10244 processor.cc:856] Processor: complete processing batch 2313b410-b327-4c8b-9369-5979878c03e6 into model nwt
I0116 12:42:50.190448 12796 cuckoo_watch.h:44] 44ms in ProcessBatch(D:\artmonline\data\datasets\lenta\batches\aaaabn.batch) [including 3ms in LoadMessage; 0ms in InitializeSparseNdw; 29ms in InferThetaAndUpdateNwtSparse; ]
I0116 12:42:50.190448 10244 cuckoo_watch.h:44] 42ms in ProcessBatch(D:\artmonline\data\datasets\lenta\batches\aaaabq.batch) [including 3ms in LoadMessage; 0ms in InitializeSparseNdw; 28ms in InferThetaAndUpdateNwtSparse; ]
I0116 12:42:50.203482  5896 processor.cc:760] Processor: start processing batch 5865e0df-1527-40af-94e5-cf5ac732d076 into model nwt
I0116 12:42:50.203482 11588 processor.cc:760] Processor: start processing batch 768a8c85-f506-4e26-b568-845ece070f26 into model nwt
I0116 12:42:50.203482  4756 processor.cc:760] Processor: start processing batch 6a33faf4-1a39-4b72-90db-22ac533ccb00 into model nwt
I0116 12:42:50.203482 10244 processor.cc:760] Processor: start processing batch 993722d1-9f08-49fc-ac8b-668831df8392 into model nwt
I0116 12:42:50.204485 12796 processor.cc:760] Processor: start processing batch 9980c678-5608-49dd-b5ef-e3f8a600bd61 into model nwt
I0116 12:42:50.206488  7048 processor.cc:856] Processor: complete processing batch 947c5335-0ec1-411e-944e-573fcdd0eb61 into model nwt
I0116 12:42:50.207491  7048 cuckoo_watch.h:44] 44ms in ProcessBatch(D:\artmonline\data\datasets\lenta\batches\aaaabr.batch) [including 3ms in LoadMessage; 0ms in InitializeSparseNdw; 29ms in InferThetaAndUpdateNwtSparse; ]
I0116 12:42:50.214510 10540 processor.cc:856] Processor: complete processing batch 7a542f56-00b8-4de8-8235-03d57b63ce88 into model nwt
I0116 12:42:50.215512  3908 processor.cc:856] Processor: complete processing batch 7fc34afd-b2f0-448c-9c89-b192a200720c into model nwt
I0116 12:42:50.215512 10540 cuckoo_watch.h:44] 41ms in ProcessBatch(D:\artmonline\data\datasets\lenta\batches\aaaabt.batch) [including 2ms in LoadMessage; 0ms in InitializeSparseNdw; 28ms in InferThetaAndUpdateNwtSparse; ]
I0116 12:42:50.216516  3908 cuckoo_watch.h:44] 44ms in ProcessBatch(D:\artmonline\data\datasets\lenta\batches\aaaabs.batch) [including 2ms in LoadMessage; 0ms in InitializeSparseNdw; 31ms in InferThetaAndUpdateNwtSparse; ]
I0116 12:42:50.219522  7048 processor.cc:760] Processor: start processing batch 514e5f03-a8c6-4110-98e6-f3079af6e3b5 into model nwt
I0116 12:42:50.226542 10540 processor.cc:760] Processor: start processing batch 7ba62403-08fe-4c9a-9a15-459d5dafb9e7 into model nwt
I0116 12:42:50.226542  3908 processor.cc:760] Processor: start processing batch 63d2420f-b6f9-4f31-94fd-7cd7c80d52cc into model nwt
I0116 12:42:50.229550  5896 processor.cc:856] Processor: complete processing batch 5865e0df-1527-40af-94e5-cf5ac732d076 into model nwt
I0116 12:42:50.230552 10244 processor.cc:856] Processor: complete processing batch 993722d1-9f08-49fc-ac8b-668831df8392 into model nwt
I0116 12:42:50.231555  5896 cuckoo_watch.h:44] 43ms in ProcessBatch(D:\artmonline\data\datasets\lenta\batches\aaaabv.batch) [including 2ms in LoadMessage; 0ms in InitializeSparseNdw; 26ms in InferThetaAndUpdateNwtSparse; ]
I0116 12:42:50.231555 10244 cuckoo_watch.h:44] 41ms in ProcessBatch(D:\artmonline\data\datasets\lenta\batches\aaaaby.batch) [including 3ms in LoadMessage; 0ms in InitializeSparseNdw; 26ms in InferThetaAndUpdateNwtSparse; ]
I0116 12:42:50.232558  4756 processor.cc:856] Processor: complete processing batch 6a33faf4-1a39-4b72-90db-22ac533ccb00 into model nwt
I0116 12:42:50.232558 12796 processor.cc:856] Processor: complete processing batch 9980c678-5608-49dd-b5ef-e3f8a600bd61 into model nwt
I0116 12:42:50.232558 11588 processor.cc:856] Processor: complete processing batch 768a8c85-f506-4e26-b568-845ece070f26 into model nwt
I0116 12:42:50.233561  4756 cuckoo_watch.h:44] 44ms in ProcessBatch(D:\artmonline\data\datasets\lenta\batches\aaaabw.batch) [including 3ms in LoadMessage; 0ms in InitializeSparseNdw; 28ms in InferThetaAndUpdateNwtSparse; ]
I0116 12:42:50.233561 12796 cuckoo_watch.h:44] 43ms in ProcessBatch(D:\artmonline\data\datasets\lenta\batches\aaaabx.batch) [including 3ms in LoadMessage; 0ms in InitializeSparseNdw; 27ms in InferThetaAndUpdateNwtSparse; ]
I0116 12:42:50.234563 11588 cuckoo_watch.h:44] 47ms in ProcessBatch(D:\artmonline\data\datasets\lenta\batches\aaaabu.batch) [including 3ms in LoadMessage; 0ms in InitializeSparseNdw; 29ms in InferThetaAndUpdateNwtSparse; ]
I0116 12:42:50.243589 10244 processor.cc:760] Processor: start processing batch 994ded7a-a31e-4a53-af60-2658eb163d30 into model nwt
I0116 12:42:50.243589  5896 processor.cc:760] Processor: start processing batch 05b6a1c4-5b43-4a9e-8361-7e993bd7eab0 into model nwt
I0116 12:42:50.243589 12796 processor.cc:760] Processor: start processing batch fa642f17-67b4-4923-860c-81589929b558 into model nwt
I0116 12:42:50.243589 11588 processor.cc:760] Processor: start processing batch d9bdcac7-5ec6-41c0-83be-ce96d73e09be into model nwt
I0116 12:42:50.243589  4756 processor.cc:760] Processor: start processing batch 663dc201-fafb-4d73-af42-dbe689ba125d into model nwt
I0116 12:42:50.246594  7048 processor.cc:856] Processor: complete processing batch 514e5f03-a8c6-4110-98e6-f3079af6e3b5 into model nwt
I0116 12:42:50.248600  7048 cuckoo_watch.h:44] 40ms in ProcessBatch(D:\artmonline\data\datasets\lenta\batches\aaaabz.batch) [including 3ms in LoadMessage; 0ms in InitializeSparseNdw; 27ms in InferThetaAndUpdateNwtSparse; ]
I0116 12:42:50.256621  3908 processor.cc:856] Processor: complete processing batch 63d2420f-b6f9-4f31-94fd-7cd7c80d52cc into model nwt
I0116 12:42:50.258627  3908 cuckoo_watch.h:44] 42ms in ProcessBatch(D:\artmonline\data\datasets\lenta\batches\aaaacb.batch) [including 2ms in LoadMessage; 0ms in InitializeSparseNdw; 29ms in InferThetaAndUpdateNwtSparse; ]
I0116 12:42:50.261634  7048 processor.cc:760] Processor: start processing batch 9cd58bc9-52d0-420a-9bf6-61b18ef5d205 into model nwt
I0116 12:42:50.275672 10540 processor.cc:856] Processor: complete processing batch 7ba62403-08fe-4c9a-9a15-459d5dafb9e7 into model nwt
I0116 12:42:50.275672 10244 processor.cc:856] Processor: complete processing batch 994ded7a-a31e-4a53-af60-2658eb163d30 into model nwt
I0116 12:42:50.276674 12796 processor.cc:856] Processor: complete processing batch fa642f17-67b4-4923-860c-81589929b558 into model nwt
I0116 12:42:50.276674  4756 processor.cc:856] Processor: complete processing batch 663dc201-fafb-4d73-af42-dbe689ba125d into model nwt
I0116 12:42:50.277678 10244 cuckoo_watch.h:44] 45ms in ProcessBatch(D:\artmonline\data\datasets\lenta\batches\aaaacd.batch) [including 2ms in LoadMessage; 0ms in InitializeSparseNdw; 32ms in InferThetaAndUpdateNwtSparse; ]
I0116 12:42:50.277678 10540 cuckoo_watch.h:44] 62ms in ProcessBatch(D:\artmonline\data\datasets\lenta\batches\aaaaca.batch) [including 2ms in LoadMessage; 0ms in InitializeSparseNdw; 48ms in InferThetaAndUpdateNwtSparse; ]
I0116 12:42:50.278681 12796 cuckoo_watch.h:44] 44ms in ProcessBatch(D:\artmonline\data\datasets\lenta\batches\aaaacf.batch) [including 2ms in LoadMessage; 0ms in InitializeSparseNdw; 32ms in InferThetaAndUpdateNwtSparse; ]
I0116 12:42:50.278681  3908 processor.cc:760] Processor: start processing batch 2cefb7e9-4a69-4049-91bd-1739d1eb6c53 into model nwt
I0116 12:42:50.278681 11588 processor.cc:856] Processor: complete processing batch d9bdcac7-5ec6-41c0-83be-ce96d73e09be into model nwt
I0116 12:42:50.278681  5896 processor.cc:856] Processor: complete processing batch 05b6a1c4-5b43-4a9e-8361-7e993bd7eab0 into model nwt
I0116 12:42:50.280685 11588 cuckoo_watch.h:44] 46ms in ProcessBatch(D:\artmonline\data\datasets\lenta\batches\aaaacg.batch) [including 3ms in LoadMessage; 0ms in InitializeSparseNdw; 34ms in InferThetaAndUpdateNwtSparse; ]
I0116 12:42:50.280685  5896 cuckoo_watch.h:44] 49ms in ProcessBatch(D:\artmonline\data\datasets\lenta\batches\aaaacc.batch) [including 3ms in LoadMessage; 0ms in InitializeSparseNdw; 35ms in InferThetaAndUpdateNwtSparse; ]
I0116 12:42:50.284703  4756 cuckoo_watch.h:44] 51ms in ProcessBatch(D:\artmonline\data\datasets\lenta\batches\aaaace.batch) [including 3ms in LoadMessage; 0ms in InitializeSparseNdw; 32ms in InferThetaAndUpdateNwtSparse; ]
I0116 12:42:50.292721 12796 processor.cc:760] Processor: start processing batch dde254f9-e40c-4279-9668-9ec4d9d981bc into model nwt
I0116 12:42:50.292721 10540 processor.cc:760] Processor: start processing batch 2d8308c6-189d-4a08-a2c2-0cd1242ce391 into model nwt
I0116 12:42:50.292721 10244 processor.cc:760] Processor: start processing batch 5ca20988-44a0-4115-b1f3-44ff8e2738cc into model nwt
I0116 12:42:50.294723  5896 processor.cc:760] Processor: start processing batch a1fafc2b-abe8-47ca-a57d-d7476a7528db into model nwt
I0116 12:42:50.294723 11588 processor.cc:760] Processor: start processing batch 131369dd-51ea-4fe1-ad2d-f6d7b1c96375 into model nwt
I0116 12:42:50.300739  4756 processor.cc:760] Processor: start processing batch 7fb892cb-b83b-4e25-96e8-40793e929295 into model nwt
I0116 12:42:50.302744  7048 processor.cc:856] Processor: complete processing batch 9cd58bc9-52d0-420a-9bf6-61b18ef5d205 into model nwt
I0116 12:42:50.303747  7048 cuckoo_watch.h:44] 55ms in ProcessBatch(D:\artmonline\data\datasets\lenta\batches\aaaach.batch) [including 2ms in LoadMessage; 0ms in InitializeSparseNdw; 40ms in InferThetaAndUpdateNwtSparse; ]
I0116 12:42:50.309763  3908 processor.cc:856] Processor: complete processing batch 2cefb7e9-4a69-4049-91bd-1739d1eb6c53 into model nwt
I0116 12:42:50.310765  3908 cuckoo_watch.h:44] 51ms in ProcessBatch(D:\artmonline\data\datasets\lenta\batches\aaaaci.batch) [including 3ms in LoadMessage; 0ms in InitializeSparseNdw; 30ms in InferThetaAndUpdateNwtSparse; ]
I0116 12:42:50.314775  7048 processor.cc:760] Processor: start processing batch 7df72a03-679f-412c-96dc-48be132cecf5 into model nwt
I0116 12:42:50.322798 12796 processor.cc:856] Processor: complete processing batch dde254f9-e40c-4279-9668-9ec4d9d981bc into model nwt
I0116 12:42:50.322798 10540 processor.cc:856] Processor: complete processing batch 2d8308c6-189d-4a08-a2c2-0cd1242ce391 into model nwt
I0116 12:42:50.322798 10244 processor.cc:856] Processor: complete processing batch 5ca20988-44a0-4115-b1f3-44ff8e2738cc into model nwt
I0116 12:42:50.323801  3908 processor.cc:760] Processor: start processing batch cf4b6527-be57-4762-8824-31fc263043c2 into model nwt
I0116 12:42:50.323801 12796 cuckoo_watch.h:44] 45ms in ProcessBatch(D:\artmonline\data\datasets\lenta\batches\aaaacl.batch) [including 3ms in LoadMessage; 0ms in InitializeSparseNdw; 30ms in InferThetaAndUpdateNwtSparse; ]
I0116 12:42:50.323801 10540 cuckoo_watch.h:44] 46ms in ProcessBatch(D:\artmonline\data\datasets\lenta\batches\aaaack.batch) [including 4ms in LoadMessage; 0ms in InitializeSparseNdw; 30ms in InferThetaAndUpdateNwtSparse; ]
I0116 12:42:50.324815  5896 processor.cc:856] Processor: complete processing batch a1fafc2b-abe8-47ca-a57d-d7476a7528db into model nwt
I0116 12:42:50.324815 10244 cuckoo_watch.h:44] 46ms in ProcessBatch(D:\artmonline\data\datasets\lenta\batches\aaaacj.batch) [including 3ms in LoadMessage; 0ms in InitializeSparseNdw; 30ms in InferThetaAndUpdateNwtSparse; ]
I0116 12:42:50.324815 11588 processor.cc:856] Processor: complete processing batch 131369dd-51ea-4fe1-ad2d-f6d7b1c96375 into model nwt
I0116 12:42:50.324815  4756 processor.cc:856] Processor: complete processing batch 7fb892cb-b83b-4e25-96e8-40793e929295 into model nwt
I0116 12:42:50.325808  5896 cuckoo_watch.h:44] 45ms in ProcessBatch(D:\artmonline\data\datasets\lenta\batches\aaaacn.batch) [including 5ms in LoadMessage; 0ms in InitializeSparseNdw; 28ms in InferThetaAndUpdateNwtSparse; ]
I0116 12:42:50.325808 11588 cuckoo_watch.h:44] 45ms in ProcessBatch(D:\artmonline\data\datasets\lenta\batches\aaaacm.batch) [including 5ms in LoadMessage; 0ms in InitializeSparseNdw; 29ms in InferThetaAndUpdateNwtSparse; ]
I0116 12:42:50.325808  4756 cuckoo_watch.h:44] 41ms in ProcessBatch(D:\artmonline\data\datasets\lenta\batches\aaaaco.batch) [including 3ms in LoadMessage; 0ms in InitializeSparseNdw; 24ms in InferThetaAndUpdateNwtSparse; ]
I0116 12:42:50.336836 10540 processor.cc:760] Processor: start processing batch dc3872dd-e777-4e58-9fa3-bff7e29a06ab into model nwt
I0116 12:42:50.336836  5896 processor.cc:760] Processor: start processing batch ffc673df-f8e7-4036-8919-2a8e4da573d3 into model nwt
I0116 12:42:50.336836  4756 processor.cc:760] Processor: start processing batch 44ef2a03-1dc7-4b3f-810a-610e896e8df5 into model nwt
I0116 12:42:50.336836 11588 processor.cc:760] Processor: start processing batch 4882b7d3-e8a1-48e0-b53e-e6f0fb4bdd30 into model nwt
I0116 12:42:50.336836 12796 processor.cc:760] Processor: start processing batch 28e330d7-f89e-4b57-b579-104494f23b78 into model nwt
I0116 12:42:50.336836 10244 processor.cc:760] Processor: start processing batch 411abd2d-2266-4179-b84a-8e679c0da5ca into model nwt
I0116 12:42:50.344856  7048 processor.cc:856] Processor: complete processing batch 7df72a03-679f-412c-96dc-48be132cecf5 into model nwt
I0116 12:42:50.345860  7048 cuckoo_watch.h:44] 42ms in ProcessBatch(D:\artmonline\data\datasets\lenta\batches\aaaacp.batch) [including 3ms in LoadMessage; 0ms in InitializeSparseNdw; 29ms in InferThetaAndUpdateNwtSparse; ]
I0116 12:42:50.351874  3908 processor.cc:856] Processor: complete processing batch cf4b6527-be57-4762-8824-31fc263043c2 into model nwt
I0116 12:42:50.352876  3908 cuckoo_watch.h:44] 42ms in ProcessBatch(D:\artmonline\data\datasets\lenta\batches\aaaacq.batch) [including 2ms in LoadMessage; 0ms in InitializeSparseNdw; 28ms in InferThetaAndUpdateNwtSparse; ]
I0116 12:42:50.355885  7048 processor.cc:760] Processor: start processing batch c29e98af-f66a-42d8-8dd4-ed3c168a1e0a into model nwt
I0116 12:42:50.362905 10244 processor.cc:856] Processor: complete processing batch 411abd2d-2266-4179-b84a-8e679c0da5ca into model nwt
I0116 12:42:50.362905  5896 processor.cc:856] Processor: complete processing batch ffc673df-f8e7-4036-8919-2a8e4da573d3 into model nwt
I0116 12:42:50.362905 10540 processor.cc:856] Processor: complete processing batch dc3872dd-e777-4e58-9fa3-bff7e29a06ab into model nwt
I0116 12:42:50.363907 11588 processor.cc:856] Processor: complete processing batch 4882b7d3-e8a1-48e0-b53e-e6f0fb4bdd30 into model nwt
I0116 12:42:50.364910 10244 cuckoo_watch.h:44] 40ms in ProcessBatch(D:\artmonline\data\datasets\lenta\batches\aaaact.batch) [including 2ms in LoadMessage; 0ms in InitializeSparseNdw; 26ms in InferThetaAndUpdateNwtSparse; ]
I0116 12:42:50.364910  3908 processor.cc:760] Processor: start processing batch 5968c015-8c0d-41a1-9d21-8dc04fa885a2 into model nwt
I0116 12:42:50.364910  5896 cuckoo_watch.h:44] 39ms in ProcessBatch(D:\artmonline\data\datasets\lenta\batches\aaaacu.batch) [including 3ms in LoadMessage; 0ms in InitializeSparseNdw; 26ms in InferThetaAndUpdateNwtSparse; ]
I0116 12:42:50.364910 10540 cuckoo_watch.h:44] 40ms in ProcessBatch(D:\artmonline\data\datasets\lenta\batches\aaaacs.batch) [including 3ms in LoadMessage; 0ms in InitializeSparseNdw; 26ms in InferThetaAndUpdateNwtSparse; ]
I0116 12:42:50.365913  4756 processor.cc:856] Processor: complete processing batch 44ef2a03-1dc7-4b3f-810a-610e896e8df5 into model nwt
I0116 12:42:50.365913 11588 cuckoo_watch.h:44] 39ms in ProcessBatch(D:\artmonline\data\datasets\lenta\batches\aaaacv.batch) [including 3ms in LoadMessage; 0ms in InitializeSparseNdw; 27ms in InferThetaAndUpdateNwtSparse; ]
I0116 12:42:50.365913 12796 processor.cc:856] Processor: complete processing batch 28e330d7-f89e-4b57-b579-104494f23b78 into model nwt
I0116 12:42:50.366914  4756 cuckoo_watch.h:44] 40ms in ProcessBatch(D:\artmonline\data\datasets\lenta\batches\aaaacw.batch) [including 2ms in LoadMessage; 0ms in InitializeSparseNdw; 28ms in InferThetaAndUpdateNwtSparse; ]
I0116 12:42:50.366914 12796 cuckoo_watch.h:44] 42ms in ProcessBatch(D:\artmonline\data\datasets\lenta\batches\aaaacr.batch) [including 3ms in LoadMessage; 0ms in InitializeSparseNdw; 29ms in InferThetaAndUpdateNwtSparse; ]
I0116 12:42:50.374938  5896 processor.cc:760] Processor: start processing batch 6ad53381-d206-42f9-9149-9103d39a0838 into model nwt
I0116 12:42:50.374938 10540 processor.cc:760] Processor: start processing batch 005d8463-8ea4-4a02-976a-85fc627aee8f into model nwt
I0116 12:42:50.374938 11588 processor.cc:760] Processor: start processing batch 08a15689-de7b-4ab4-940a-f9942f300261 into model nwt
I0116 12:42:50.374938 10244 processor.cc:760] Processor: start processing batch ff167e56-cd90-4778-af46-dc5be46b997b into model nwt
I0116 12:42:50.374938  4756 processor.cc:760] Processor: start processing batch 04522e2e-b3d1-4ebd-a4e3-0bc610584767 into model nwt
I0116 12:42:50.374938 12796 processor.cc:760] Processor: start processing batch 18e734b5-f0ae-470d-9046-ff602b67eb7c into model nwt
I0116 12:42:50.385965  7048 processor.cc:856] Processor: complete processing batch c29e98af-f66a-42d8-8dd4-ed3c168a1e0a into model nwt
I0116 12:42:50.386968  7048 cuckoo_watch.h:44] 41ms in ProcessBatch(D:\artmonline\data\datasets\lenta\batches\aaaacx.batch) [including 3ms in LoadMessage; 0ms in InitializeSparseNdw; 29ms in InferThetaAndUpdateNwtSparse; ]
I0116 12:42:50.390979  3908 processor.cc:856] Processor: complete processing batch 5968c015-8c0d-41a1-9d21-8dc04fa885a2 into model nwt
I0116 12:42:50.391980  3908 cuckoo_watch.h:44] 39ms in ProcessBatch(D:\artmonline\data\datasets\lenta\batches\aaaacy.batch) [including 2ms in LoadMessage; 0ms in InitializeSparseNdw; 25ms in InferThetaAndUpdateNwtSparse; ]
I0116 12:42:50.396996  7048 processor.cc:760] Processor: start processing batch 3ddc9ad0-33fe-4951-a9ed-293f3bcd28e0 into model nwt
I0116 12:42:50.397999  4756 processor.cc:856] Processor: complete processing batch 04522e2e-b3d1-4ebd-a4e3-0bc610584767 into model nwt
I0116 12:42:50.399000 12796 processor.cc:856] Processor: complete processing batch 18e734b5-f0ae-470d-9046-ff602b67eb7c into model nwt
I0116 12:42:50.399000  4756 cuckoo_watch.h:44] 32ms in ProcessBatch(D:\artmonline\data\datasets\lenta\batches\aaaadd.batch) [including 2ms in LoadMessage; 0ms in InitializeSparseNdw; 22ms in InferThetaAndUpdateNwtSparse; ]
I0116 12:42:50.400003 12796 cuckoo_watch.h:44] 33ms in ProcessBatch(D:\artmonline\data\datasets\lenta\batches\aaaade.batch) [including 2ms in LoadMessage; 0ms in InitializeSparseNdw; 23ms in InferThetaAndUpdateNwtSparse; ]
I0116 12:42:50.402009 11588 processor.cc:856] Processor: complete processing batch 08a15689-de7b-4ab4-940a-f9942f300261 into model nwt
I0116 12:42:50.403024 10244 processor.cc:856] Processor: complete processing batch ff167e56-cd90-4778-af46-dc5be46b997b into model nwt
I0116 12:42:50.404014 11588 cuckoo_watch.h:44] 37ms in ProcessBatch(D:\artmonline\data\datasets\lenta\batches\aaaadc.batch) [including 2ms in LoadMessage; 0ms in InitializeSparseNdw; 26ms in InferThetaAndUpdateNwtSparse; ]
I0116 12:42:50.404014 10540 processor.cc:856] Processor: complete processing batch 005d8463-8ea4-4a02-976a-85fc627aee8f into model nwt
I0116 12:42:50.405017 10244 cuckoo_watch.h:44] 39ms in ProcessBatch(D:\artmonline\data\datasets\lenta\batches\aaaacz.batch) [including 3ms in LoadMessage; 0ms in InitializeSparseNdw; 27ms in InferThetaAndUpdateNwtSparse; ]
I0116 12:42:50.405017  3908 processor.cc:760] Processor: start processing batch 1f05383c-8dcc-40fc-8167-776ec61cbcdc into model nwt
I0116 12:42:50.406018 10540 cuckoo_watch.h:44] 40ms in ProcessBatch(D:\artmonline\data\datasets\lenta\batches\aaaadb.batch) [including 2ms in LoadMessage; 0ms in InitializeSparseNdw; 28ms in InferThetaAndUpdateNwtSparse; ]
I0116 12:42:50.406018  5896 processor.cc:856] Processor: complete processing batch 6ad53381-d206-42f9-9149-9103d39a0838 into model nwt
I0116 12:42:50.408023  5896 cuckoo_watch.h:44] 42ms in ProcessBatch(D:\artmonline\data\datasets\lenta\batches\aaaada.batch) [including 3ms in LoadMessage; 0ms in InitializeSparseNdw; 30ms in InferThetaAndUpdateNwtSparse; ]
I0116 12:42:50.411032 12796 processor.cc:760] Processor: start processing batch 6c3f53b3-2fc4-4049-a8e0-bbac5eee6e26 into model nwt
I0116 12:42:50.411032  4756 processor.cc:760] Processor: start processing batch abbf8605-ab9d-4c58-b1d9-a370acea1745 into model nwt
I0116 12:42:50.419085 12796 processor.cc:856] Processor: complete processing batch 6c3f53b3-2fc4-4049-a8e0-bbac5eee6e26 into model nwt
I0116 12:42:50.419085 12796 cuckoo_watch.h:44] 19ms in ProcessBatch(D:\artmonline\data\datasets\lenta\batches\aaaadi.batch) [including 1ms in LoadMessage; 0ms in InitializeSparseNdw; 7ms in InferThetaAndUpdateNwtSparse; ]
I0116 12:42:50.424098  3908 processor.cc:856] Processor: complete processing batch 1f05383c-8dcc-40fc-8167-776ec61cbcdc into model nwt
I0116 12:42:50.425101  3908 cuckoo_watch.h:44] 33ms in ProcessBatch(D:\artmonline\data\datasets\lenta\batches\aaaadg.batch) [including 2ms in LoadMessage; 0ms in InitializeSparseNdw; 18ms in InferThetaAndUpdateNwtSparse; ]
I0116 12:42:50.425101  7048 processor.cc:856] Processor: complete processing batch 3ddc9ad0-33fe-4951-a9ed-293f3bcd28e0 into model nwt
I0116 12:42:50.426103  7048 cuckoo_watch.h:44] 38ms in ProcessBatch(D:\artmonline\data\datasets\lenta\batches\aaaadf.batch) [including 2ms in LoadMessage; 0ms in InitializeSparseNdw; 27ms in InferThetaAndUpdateNwtSparse; ]
I0116 12:42:50.430114  4756 processor.cc:856] Processor: complete processing batch abbf8605-ab9d-4c58-b1d9-a370acea1745 into model nwt
I0116 12:42:50.431116  4756 cuckoo_watch.h:44] 32ms in ProcessBatch(D:\artmonline\data\datasets\lenta\batches\aaaadh.batch) [including 3ms in LoadMessage; 0ms in InitializeSparseNdw; 19ms in InferThetaAndUpdateNwtSparse; ]
I0116 12:42:50.433284 12964 master_component.cc:991] NormalizeModelArgs: pwt_target_name=pwt, nwt_source_name=nwt, rwt_source_name=
I0116 12:42:50.433284 12964 master_component.cc:617] MasterComponent: start normalizing model nwt
I0116 12:42:50.435338 11588 processor.cc:676] No data in processing queue, waiting...
I0116 12:42:50.437345 10244 processor.cc:676] No data in processing queue, waiting...
I0116 12:42:50.439327 10540 processor.cc:676] No data in processing queue, waiting...
I0116 12:42:50.440354  5896 processor.cc:676] No data in processing queue, waiting...
I0116 12:42:50.463382 12796 processor.cc:676] No data in processing queue, waiting...
I0116 12:42:50.465386  7048 processor.cc:676] No data in processing queue, waiting...
I0116 12:42:50.465386  3908 processor.cc:676] No data in processing queue, waiting...
I0116 12:42:50.470428  4756 processor.cc:676] No data in processing queue, waiting...
I0116 12:42:50.592725 12964 master_component.cc:639] MasterComponent: complete normalizing model nwt
I0116 12:42:50.592725 12964 master_component.cc:1015] DisposeModel rwt
I0116 12:42:50.592725 12964 c_interface.cc:332] Pass FitOfflineMasterModelArgs, batch_filename_size=87, batch_weight_size=87, num_collection_passes=1 to void (__cdecl artm::core::MasterComponent::*)(class artm::FitOfflineMasterModelArgs const & __ptr64) __ptr64
I0116 12:42:50.592725 12964 master_component.cc:942] ProcessBatchesArgs: nwt_target_name=nwt, batch_filename_size=87, batch_size=0, batch_weight_size=87, pwt_source_name=pwt, num_document_passes=20, reuse_theta=no, opt_for_avx=no, predict_class_id=
I0116 12:42:50.763177  7048 processor.cc:683] Processing queue has data, processing started
I0116 12:42:50.763177  4756 processor.cc:683] Processing queue has data, processing started
I0116 12:42:50.763177 12796 processor.cc:683] Processing queue has data, processing started
I0116 12:42:50.764179  3908 processor.cc:683] Processing queue has data, processing started
I0116 12:42:50.764179  5896 processor.cc:683] Processing queue has data, processing started
I0116 12:42:50.765182 10540 processor.cc:683] Processing queue has data, processing started
I0116 12:42:50.765182 10244 processor.cc:683] Processing queue has data, processing started
I0116 12:42:50.766185 11588 processor.cc:683] Processing queue has data, processing started
I0116 12:42:50.788246 12796 processor.cc:760] Processor: start processing batch 53b585c4-4244-49c2-8454-1fb1db7f7e84 into model nwt
I0116 12:42:50.788246  3908 processor.cc:760] Processor: start processing batch 961bb6ad-a4bd-4b85-ae3d-da069df1cd4e into model nwt
I0116 12:42:50.788246  4756 processor.cc:760] Processor: start processing batch e16f3b1c-b10b-4ffe-9a61-3d53391a4df9 into model nwt
I0116 12:42:50.788246  5896 processor.cc:760] Processor: start processing batch c1adb2ae-3d35-484b-a31a-79869caf1452 into model nwt
I0116 12:42:50.794262  7048 processor.cc:760] Processor: start processing batch f07bd643-092b-4b33-851d-1fa6bd2596a5 into model nwt
I0116 12:42:50.799275 10540 processor.cc:760] Processor: start processing batch 525b108c-48e7-42f3-a4d3-b89f410bfa54 into model nwt
I0116 12:42:50.806293 11588 processor.cc:760] Processor: start processing batch b6a181f4-65d4-4478-a33f-56e3df1d3d5b into model nwt
I0116 12:42:50.808300 10244 processor.cc:760] Processor: start processing batch 6a4af1d3-9a98-40b7-a817-21047d2c0370 into model nwt
I0116 12:42:51.001812  3908 processor.cc:856] Processor: complete processing batch 961bb6ad-a4bd-4b85-ae3d-da069df1cd4e into model nwt
I0116 12:42:51.005823 12796 processor.cc:856] Processor: complete processing batch 53b585c4-4244-49c2-8454-1fb1db7f7e84 into model nwt
I0116 12:42:51.006826  4756 processor.cc:856] Processor: complete processing batch e16f3b1c-b10b-4ffe-9a61-3d53391a4df9 into model nwt
I0116 12:42:51.007828  3908 cuckoo_watch.h:44] 244ms in ProcessBatch(D:\artmonline\data\datasets\lenta\batches\aaaaad.batch) [including 17ms in LoadMessage; 2ms in InitializeSparseNdw; 210ms in InferThetaAndUpdateNwtSparse; ]
I0116 12:42:51.013844 12796 cuckoo_watch.h:44] 250ms in ProcessBatch(D:\artmonline\data\datasets\lenta\batches\aaaaac.batch) [including 18ms in LoadMessage; 3ms in InitializeSparseNdw; 213ms in InferThetaAndUpdateNwtSparse; ]
I0116 12:42:51.014848  4756 cuckoo_watch.h:44] 251ms in ProcessBatch(D:\artmonline\data\datasets\lenta\batches\aaaaaa.batch) [including 18ms in LoadMessage; 1ms in InitializeSparseNdw; 215ms in InferThetaAndUpdateNwtSparse; ]
I0116 12:42:51.021867  7048 processor.cc:856] Processor: complete processing batch f07bd643-092b-4b33-851d-1fa6bd2596a5 into model nwt
I0116 12:42:51.029887  4756 processor.cc:760] Processor: start processing batch e4a1b9e5-f4bf-465b-8dbe-b36aa5fd54ce into model nwt
