Log file created at: 2017/01/17 16:40:32
Running on machine: FEDIMSER
Log line format: [IWEF]mmdd hh:mm:ss.uuuuuu threadid file:line] msg
I0117 16:40:32.385578 14308 c_interface.cc:74] Logging enabled to .
I0117 16:40:32.386080 14308 c_interface.cc:221] Creating MasterModel (id=1)...
I0117 16:40:37.513226 14308 c_interface.cc:318] Pass 00b4d8f4-5e3c-4532-b91b-003858084609 to void (__cdecl artm::core::MasterComponent::*)(class std::basic_string<char,struct std::char_traits<char>,class std::allocator<char> > const & __ptr64) __ptr64
I0117 16:40:37.514226 14308 c_interface.cc:332] Pass GatherDictionaryArgs: dictionary_target_name=00b4d8f4-5e3c-4532-b91b-003858084609, data_path=D:\artmonline\temp, symmetric_cooc_values=0 to void (__cdecl artm::core::MasterComponent::*)(class artm::GatherDictionaryArgs const & __ptr64) __ptr64
I0117 16:40:37.515228 14308 dictionary.cc:187] Found 35 batches in 'D:\artmonline\temp' folder
I0117 16:40:37.934993 14308 dictionary.cc:243] Find 73513 unique tokens in 3446 items
I0117 16:40:38.121991 14308 c_interface.cc:221] Creating MasterModel (id=2)...
I0117 16:40:38.121991 14308 c_interface.cc:318] Pass dictionary to void (__cdecl artm::core::MasterComponent::*)(class std::basic_string<char,struct std::char_traits<char>,class std::allocator<char> > const & __ptr64) __ptr64
I0117 16:40:38.121991 14308 c_interface.cc:332] Pass GatherDictionaryArgs: dictionary_target_name=dictionary, data_path=D:\artmonline\temp, symmetric_cooc_values=0 to void (__cdecl artm::core::MasterComponent::*)(class artm::GatherDictionaryArgs const & __ptr64) __ptr64
I0117 16:40:38.123000 14308 dictionary.cc:187] Found 35 batches in 'D:\artmonline\temp' folder
I0117 16:40:38.580379 14308 dictionary.cc:243] Find 73513 unique tokens in 3446 items
I0117 16:41:53.234900 14308 c_interface.cc:221] Creating MasterModel (id=3)...
W0117 16:41:53.590984 14308 helpers.cc:208] File already exists: D:\artmonline\temp\aaaaaa.batch
W0117 16:41:53.723376 14308 helpers.cc:208] File already exists: D:\artmonline\temp\aaaaab.batch
W0117 16:41:53.818621 14308 helpers.cc:208] File already exists: D:\artmonline\temp\aaaaac.batch
W0117 16:41:53.939833 14308 helpers.cc:208] File already exists: D:\artmonline\temp\aaaaad.batch
W0117 16:41:54.083299 14308 helpers.cc:208] File already exists: D:\artmonline\temp\aaaaae.batch
W0117 16:41:54.163519 14308 helpers.cc:208] File already exists: D:\artmonline\temp\aaaaaf.batch
W0117 16:41:54.258872 14308 helpers.cc:208] File already exists: D:\artmonline\temp\aaaaag.batch
W0117 16:41:54.380929 14308 helpers.cc:208] File already exists: D:\artmonline\temp\aaaaah.batch
W0117 16:41:54.484187 14308 helpers.cc:208] File already exists: D:\artmonline\temp\aaaaai.batch
W0117 16:41:54.598465 14308 helpers.cc:208] File already exists: D:\artmonline\temp\aaaaaj.batch
W0117 16:41:54.716833 14308 helpers.cc:208] File already exists: D:\artmonline\temp\aaaaak.batch
W0117 16:41:54.842227 14308 helpers.cc:208] File already exists: D:\artmonline\temp\aaaaal.batch
W0117 16:41:54.962270 14308 helpers.cc:208] File already exists: D:\artmonline\temp\aaaaam.batch
W0117 16:41:55.085355 14308 helpers.cc:208] File already exists: D:\artmonline\temp\aaaaan.batch
W0117 16:41:55.208735 14308 helpers.cc:208] File already exists: D:\artmonline\temp\aaaaao.batch
W0117 16:41:55.334125 14308 helpers.cc:208] File already exists: D:\artmonline\temp\aaaaap.batch
W0117 16:41:55.468488 14308 helpers.cc:208] File already exists: D:\artmonline\temp\aaaaaq.batch
W0117 16:41:55.550236 14308 helpers.cc:208] File already exists: D:\artmonline\temp\aaaaar.batch
W0117 16:41:55.692940 14308 helpers.cc:208] File already exists: D:\artmonline\temp\aaaaas.batch
W0117 16:41:55.828349 14308 helpers.cc:208] File already exists: D:\artmonline\temp\aaaaat.batch
W0117 16:41:55.961256 14308 helpers.cc:208] File already exists: D:\artmonline\temp\aaaaau.batch
W0117 16:41:56.097122 14308 helpers.cc:208] File already exists: D:\artmonline\temp\aaaaav.batch
W0117 16:41:56.225468 14308 helpers.cc:208] File already exists: D:\artmonline\temp\aaaaaw.batch
W0117 16:41:56.353392 14308 helpers.cc:208] File already exists: D:\artmonline\temp\aaaaax.batch
W0117 16:41:56.438120 14308 helpers.cc:208] File already exists: D:\artmonline\temp\aaaaay.batch
W0117 16:41:56.553457 14308 helpers.cc:208] File already exists: D:\artmonline\temp\aaaaaz.batch
W0117 16:41:56.667743 14308 helpers.cc:208] File already exists: D:\artmonline\temp\aaaaba.batch
W0117 16:41:56.790072 14308 helpers.cc:208] File already exists: D:\artmonline\temp\aaaabb.batch
W0117 16:41:56.912457 14308 helpers.cc:208] File already exists: D:\artmonline\temp\aaaabc.batch
W0117 16:41:57.031751 14308 helpers.cc:208] File already exists: D:\artmonline\temp\aaaabd.batch
W0117 16:41:57.177122 14308 helpers.cc:208] File already exists: D:\artmonline\temp\aaaabe.batch
W0117 16:41:57.276397 14308 helpers.cc:208] File already exists: D:\artmonline\temp\aaaabf.batch
W0117 16:41:57.387727 14308 helpers.cc:208] File already exists: D:\artmonline\temp\aaaabg.batch
W0117 16:41:57.495064 14308 helpers.cc:208] File already exists: D:\artmonline\temp\aaaabh.batch
W0117 16:41:57.569906 14308 helpers.cc:208] File already exists: D:\artmonline\temp\aaaabi.batch
I0117 16:41:57.612011 14308 c_interface.cc:318] Pass 436d326e-e83a-4a39-85fc-5a483b7f5605 to void (__cdecl artm::core::MasterComponent::*)(class std::basic_string<char,struct std::char_traits<char>,class std::allocator<char> > const & __ptr64) __ptr64
I0117 16:41:57.612011 14308 c_interface.cc:332] Pass GatherDictionaryArgs: dictionary_target_name=436d326e-e83a-4a39-85fc-5a483b7f5605, data_path=D:\artmonline\temp, symmetric_cooc_values=0 to void (__cdecl artm::core::MasterComponent::*)(class artm::GatherDictionaryArgs const & __ptr64) __ptr64
I0117 16:41:57.613014 14308 dictionary.cc:187] Found 35 batches in 'D:\artmonline\temp' folder
I0117 16:41:58.009881 14308 dictionary.cc:243] Find 73513 unique tokens in 3446 items
I0117 16:41:58.192339 14308 c_interface.cc:318] Pass 00b4d8f4-5e3c-4532-b91b-003858084609 to void (__cdecl artm::core::MasterComponent::*)(class std::basic_string<char,struct std::char_traits<char>,class std::allocator<char> > const & __ptr64) __ptr64
I0117 16:41:58.206879 14308 c_interface.cc:283] Disposing MasterComponent (id=1)...
I0117 16:41:58.207881 14308 c_interface.cc:221] Creating MasterModel (id=4)...
I0117 16:41:58.207881 14308 c_interface.cc:318] Pass dictionary to void (__cdecl artm::core::MasterComponent::*)(class std::basic_string<char,struct std::char_traits<char>,class std::allocator<char> > const & __ptr64) __ptr64
I0117 16:41:58.219949 14308 c_interface.cc:283] Disposing MasterComponent (id=2)...
I0117 16:41:58.219949 14308 c_interface.cc:318] Pass dictionary to void (__cdecl artm::core::MasterComponent::*)(class std::basic_string<char,struct std::char_traits<char>,class std::allocator<char> > const & __ptr64) __ptr64
I0117 16:41:58.220453 14308 c_interface.cc:332] Pass GatherDictionaryArgs: dictionary_target_name=dictionary, data_path=D:\artmonline\temp, symmetric_cooc_values=0 to void (__cdecl artm::core::MasterComponent::*)(class artm::GatherDictionaryArgs const & __ptr64) __ptr64
I0117 16:41:58.221420 14308 dictionary.cc:187] Found 35 batches in 'D:\artmonline\temp' folder
I0117 16:41:58.663246 14308 dictionary.cc:243] Find 73513 unique tokens in 3446 items
I0117 16:41:58.853754 14308 instance.cc:365] MasterModelConfig.processors_count is automatically set to 8
I0117 16:41:58.855257 14308 c_interface.cc:221] Creating MasterModel (id=5)...
I0117 16:41:58.855759 14664 processor.cc:660] Processor thread started
I0117 16:41:58.855759 11996 processor.cc:660] Processor thread started
I0117 16:41:58.855759 14308 c_interface.cc:332] Pass MasterModelConfig: topic_name_size=5, score_config_size=0, num_processors=0, pwt_name=pwt, nwt_name=nwt, num_document_passes=10, reuse_theta=no, cache_theta=yes, opt_for_avx=yes, disk_cache_path to void (__cdecl artm::core::MasterComponent::*)(class artm::MasterModelConfig const & __ptr64) __ptr64
I0117 16:41:58.855759 14308 instance.cc:365] MasterModelConfig.processors_count is automatically set to 8
I0117 16:41:58.855759 13876 processor.cc:660] Processor thread started
I0117 16:41:58.855759 14308 c_interface.cc:318] Pass pwt to void (__cdecl artm::core::MasterComponent::*)(class std::basic_string<char,struct std::char_traits<char>,class std::allocator<char> > const & __ptr64) __ptr64
I0117 16:41:58.855759 14308 c_interface.cc:318] Pass nwt to void (__cdecl artm::core::MasterComponent::*)(class std::basic_string<char,struct std::char_traits<char>,class std::allocator<char> > const & __ptr64) __ptr64
I0117 16:41:58.855759 14308 c_interface.cc:332] Pass InitializeModelArgs: model_name=pwt, dictionary_name=dictionary, topic_name_size=5 to void (__cdecl artm::core::MasterComponent::*)(class artm::InitializeModelArgs const & __ptr64) __ptr64
I0117 16:41:58.855759  7824 processor.cc:660] Processor thread started
I0117 16:41:58.856261 14308 master_component.cc:338] InitializeModel() with 5 topics and 73513 tokens
I0117 16:41:58.856261 10852 processor.cc:660] Processor thread started
I0117 16:41:58.856261 12004 processor.cc:660] Processor thread started
I0117 16:41:58.856761 10372 processor.cc:660] Processor thread started
I0117 16:41:58.856761 14976 processor.cc:660] Processor thread started
I0117 16:41:58.878695  7824 processor.cc:676] No data in processing queue, waiting...
I0117 16:41:58.878695 14664 processor.cc:676] No data in processing queue, waiting...
I0117 16:41:58.878695 13876 processor.cc:676] No data in processing queue, waiting...
I0117 16:41:58.878695 10852 processor.cc:676] No data in processing queue, waiting...
I0117 16:41:58.878695 11996 processor.cc:676] No data in processing queue, waiting...
I0117 16:41:58.879698 14976 processor.cc:676] No data in processing queue, waiting...
I0117 16:41:58.879698 12004 processor.cc:676] No data in processing queue, waiting...
I0117 16:41:58.879698 10372 processor.cc:676] No data in processing queue, waiting...
I0117 16:41:59.179528 14308 c_interface.cc:332] Pass InitializeModelArgs: model_name=nwt, dictionary_name=dictionary, topic_name_size=5 to void (__cdecl artm::core::MasterComponent::*)(class artm::InitializeModelArgs const & __ptr64) __ptr64
I0117 16:41:59.179528 14308 master_component.cc:338] InitializeModel() with 5 topics and 73513 tokens
I0117 16:41:59.507156 14308 phi_matrix_operations.cc:82] RetrieveExternalTopicModel() with 5 topics, 73513 tokens
I0117 16:41:59.581358 14308 c_interface.cc:180] ArtmCopyRequestedMessage is copying 2518625 bytes...
I0117 16:42:01.807955 14308 c_interface.cc:332] Pass FitOfflineMasterModelArgs, batch_filename_size=35, batch_weight_size=35, num_collection_passes=1 to void (__cdecl artm::core::MasterComponent::*)(class artm::FitOfflineMasterModelArgs const & __ptr64) __ptr64
I0117 16:42:01.807955 14308 master_component.cc:942] ProcessBatchesArgs: nwt_target_name=nwt, batch_filename_size=35, batch_size=0, batch_weight_size=35, pwt_source_name=pwt, num_document_passes=10, reuse_theta=no, opt_for_avx=yes, predict_class_id=
I0117 16:42:01.915276 10852 processor.cc:683] Processing queue has data, processing started
I0117 16:42:01.915276 14976 processor.cc:683] Processing queue has data, processing started
I0117 16:42:01.915276 14664 processor.cc:683] Processing queue has data, processing started
I0117 16:42:01.915276 10372 processor.cc:683] Processing queue has data, processing started
I0117 16:42:01.915276 12004 processor.cc:683] Processing queue has data, processing started
I0117 16:42:01.915276  7824 processor.cc:683] Processing queue has data, processing started
I0117 16:42:01.917253 11996 processor.cc:683] Processing queue has data, processing started
I0117 16:42:01.917253 13876 processor.cc:683] Processing queue has data, processing started
I0117 16:42:01.928285 14664 processor.cc:760] Processor: start processing batch 564e7326-c134-4e2f-b2d7-5e68d0060242 into model nwt
I0117 16:42:01.929287  7824 processor.cc:760] Processor: start processing batch fe95da01-f88b-4009-a991-6468f0fe82e9 into model nwt
I0117 16:42:01.930289 12004 processor.cc:760] Processor: start processing batch 52792098-4da4-43cb-af8a-bf7d052848f9 into model nwt
I0117 16:42:01.931293 13876 processor.cc:760] Processor: start processing batch 7e786344-2b99-44b2-9cb5-15f9923098c0 into model nwt
I0117 16:42:01.931293 10852 processor.cc:760] Processor: start processing batch 2856dc99-229a-4f7d-bf43-860890720817 into model nwt
I0117 16:42:01.934298 11996 processor.cc:760] Processor: start processing batch 88dfc57f-b682-4990-be46-29e43de7e007 into model nwt
I0117 16:42:01.950340 14664 processor.cc:856] Processor: complete processing batch 564e7326-c134-4e2f-b2d7-5e68d0060242 into model nwt
I0117 16:42:01.951345 12004 processor.cc:856] Processor: complete processing batch 52792098-4da4-43cb-af8a-bf7d052848f9 into model nwt
I0117 16:42:01.952347 14664 cuckoo_watch.h:44] 37ms in ProcessBatch(D:\artmonline\temp\aaaaaa.batch) [including 6ms in LoadMessage; 1ms in InitializeSparseNdw; 21ms in InferThetaAndUpdateNwtSparse; ]
I0117 16:42:01.953348 12004 cuckoo_watch.h:44] 38ms in ProcessBatch(D:\artmonline\temp\aaaaaf.batch) [including 8ms in LoadMessage; 0ms in InitializeSparseNdw; 20ms in InferThetaAndUpdateNwtSparse; ]
I0117 16:42:01.955354 10852 processor.cc:856] Processor: complete processing batch 2856dc99-229a-4f7d-bf43-860890720817 into model nwt
I0117 16:42:01.957360 13876 processor.cc:856] Processor: complete processing batch 7e786344-2b99-44b2-9cb5-15f9923098c0 into model nwt
I0117 16:42:01.958869 10852 cuckoo_watch.h:44] 43ms in ProcessBatch(D:\artmonline\temp\aaaaab.batch) [including 9ms in LoadMessage; 0ms in InitializeSparseNdw; 23ms in InferThetaAndUpdateNwtSparse; ]
I0117 16:42:01.959369  7824 processor.cc:856] Processor: complete processing batch fe95da01-f88b-4009-a991-6468f0fe82e9 into model nwt
I0117 16:42:01.959872 13876 cuckoo_watch.h:44] 42ms in ProcessBatch(D:\artmonline\temp\aaaaag.batch) [including 7ms in LoadMessage; 0ms in InitializeSparseNdw; 24ms in InferThetaAndUpdateNwtSparse; ]
I0117 16:42:01.961876  7824 cuckoo_watch.h:44] 46ms in ProcessBatch(D:\artmonline\temp\aaaaae.batch) [including 6ms in LoadMessage; 0ms in InitializeSparseNdw; 28ms in InferThetaAndUpdateNwtSparse; ]
I0117 16:42:01.964884 14664 processor.cc:760] Processor: start processing batch 63e378fc-60e2-4e60-aab5-25d6f39ff7e6 into model nwt
I0117 16:42:01.970901 13876 processor.cc:760] Processor: start processing batch 920bbe12-7b14-47cc-8cdd-2369818217a5 into model nwt
I0117 16:42:01.970901 10852 processor.cc:760] Processor: start processing batch 571781ac-83f1-486b-a48d-be36d4e3aa4c into model nwt
I0117 16:42:01.970901 12004 processor.cc:760] Processor: start processing batch 85912416-73e0-4001-9572-f224b5c7415c into model nwt
I0117 16:42:01.977424 11996 processor.cc:856] Processor: complete processing batch 88dfc57f-b682-4990-be46-29e43de7e007 into model nwt
I0117 16:42:01.978427  7824 processor.cc:760] Processor: start processing batch 11ac3106-f9dc-4ddf-a406-064365b122af into model nwt
I0117 16:42:01.978427 10372 processor.cc:760] Processor: start processing batch d8d6b334-c574-4415-aa45-d16956077377 into model nwt
I0117 16:42:01.982436 11996 cuckoo_watch.h:44] 65ms in ProcessBatch(D:\artmonline\temp\aaaaah.batch) [including 11ms in LoadMessage; 0ms in InitializeSparseNdw; 42ms in InferThetaAndUpdateNwtSparse; ]
I0117 16:42:01.989456 14976 processor.cc:760] Processor: start processing batch 83a5b157-a5ab-4674-9735-cb6b7047e4a8 into model nwt
I0117 16:42:01.992463 11996 processor.cc:760] Processor: start processing batch d6e82b2c-92cf-4f85-abe6-9e62ef0fe2b5 into model nwt
I0117 16:42:01.997478 14664 processor.cc:856] Processor: complete processing batch 63e378fc-60e2-4e60-aab5-25d6f39ff7e6 into model nwt
I0117 16:42:01.999481 14664 cuckoo_watch.h:44] 46ms in ProcessBatch(D:\artmonline\temp\aaaaai.batch) [including 5ms in LoadMessage; 0ms in InitializeSparseNdw; 32ms in InferThetaAndUpdateNwtSparse; ]
I0117 16:42:02.000484 13876 processor.cc:856] Processor: complete processing batch 920bbe12-7b14-47cc-8cdd-2369818217a5 into model nwt
I0117 16:42:02.001487 13876 cuckoo_watch.h:44] 42ms in ProcessBatch(D:\artmonline\temp\aaaaal.batch) [including 4ms in LoadMessage; 2ms in InitializeSparseNdw; 27ms in InferThetaAndUpdateNwtSparse; ]
I0117 16:42:02.004495  7824 processor.cc:856] Processor: complete processing batch 11ac3106-f9dc-4ddf-a406-064365b122af into model nwt
I0117 16:42:02.005497 12004 processor.cc:856] Processor: complete processing batch 85912416-73e0-4001-9572-f224b5c7415c into model nwt
I0117 16:42:02.006503  7824 cuckoo_watch.h:44] 44ms in ProcessBatch(D:\artmonline\temp\aaaaam.batch) [including 10ms in LoadMessage; 1ms in InitializeSparseNdw; 25ms in InferThetaAndUpdateNwtSparse; ]
I0117 16:42:02.008508 12004 cuckoo_watch.h:44] 54ms in ProcessBatch(D:\artmonline\temp\aaaaaj.batch) [including 4ms in LoadMessage; 2ms in InitializeSparseNdw; 31ms in InferThetaAndUpdateNwtSparse; ]
I0117 16:42:02.014521 14664 processor.cc:760] Processor: start processing batch cf836112-e80c-4dd3-9ff5-1466586af21a into model nwt
I0117 16:42:02.014521 13876 processor.cc:760] Processor: start processing batch 8c75fb19-6f20-4a97-9a2e-3b43210b6926 into model nwt
I0117 16:42:02.019537 10852 processor.cc:856] Processor: complete processing batch 571781ac-83f1-486b-a48d-be36d4e3aa4c into model nwt
I0117 16:42:02.020540  7824 processor.cc:760] Processor: start processing batch dfbf925d-c453-466d-92ea-fc75b67652a2 into model nwt
I0117 16:42:02.020540 12004 processor.cc:760] Processor: start processing batch addf0c10-5b7d-4ecd-b28e-8d1799173d28 into model nwt
I0117 16:42:02.022544 10372 processor.cc:856] Processor: complete processing batch d8d6b334-c574-4415-aa45-d16956077377 into model nwt
I0117 16:42:02.022544 11996 processor.cc:856] Processor: complete processing batch d6e82b2c-92cf-4f85-abe6-9e62ef0fe2b5 into model nwt
I0117 16:42:02.025552 10372 cuckoo_watch.h:44] 110ms in ProcessBatch(D:\artmonline\temp\aaaaac.batch) [including 57ms in LoadMessage; 0ms in InitializeSparseNdw; 34ms in InferThetaAndUpdateNwtSparse; ]
I0117 16:42:02.025552 11996 cuckoo_watch.h:44] 43ms in ProcessBatch(D:\artmonline\temp\aaaaan.batch) [including 4ms in LoadMessage; 0ms in InitializeSparseNdw; 30ms in InferThetaAndUpdateNwtSparse; ]
I0117 16:42:02.029563 14976 processor.cc:856] Processor: complete processing batch 83a5b157-a5ab-4674-9735-cb6b7047e4a8 into model nwt
I0117 16:42:02.031568 14976 cuckoo_watch.h:44] 116ms in ProcessBatch(D:\artmonline\temp\aaaaad.batch) [including 69ms in LoadMessage; 0ms in InitializeSparseNdw; 39ms in InferThetaAndUpdateNwtSparse; ]
I0117 16:42:02.031568 10852 cuckoo_watch.h:44] 72ms in ProcessBatch(D:\artmonline\temp\aaaaak.batch) [including 5ms in LoadMessage; 1ms in InitializeSparseNdw; 47ms in InferThetaAndUpdateNwtSparse; ]
I0117 16:42:02.036581 10372 processor.cc:760] Processor: start processing batch a15b2dcd-9dbf-45e9-9020-92eb1224e30c into model nwt
I0117 16:42:02.043601 11996 processor.cc:760] Processor: start processing batch 31da93e5-94a3-4eb8-82b5-37acb398fc6d into model nwt
I0117 16:42:02.044603 10852 processor.cc:760] Processor: start processing batch 42b697a9-11f8-4313-9059-f1d8680265a1 into model nwt
I0117 16:42:02.053627 13876 processor.cc:856] Processor: complete processing batch 8c75fb19-6f20-4a97-9a2e-3b43210b6926 into model nwt
I0117 16:42:02.054630 14664 processor.cc:856] Processor: complete processing batch cf836112-e80c-4dd3-9ff5-1466586af21a into model nwt
I0117 16:42:02.054630 12004 processor.cc:856] Processor: complete processing batch addf0c10-5b7d-4ecd-b28e-8d1799173d28 into model nwt
I0117 16:42:02.055634 13876 cuckoo_watch.h:44] 53ms in ProcessBatch(D:\artmonline\temp\aaaaap.batch) [including 4ms in LoadMessage; 1ms in InitializeSparseNdw; 36ms in InferThetaAndUpdateNwtSparse; ]
I0117 16:42:02.056633 14664 cuckoo_watch.h:44] 57ms in ProcessBatch(D:\artmonline\temp\aaaaao.batch) [including 6ms in LoadMessage; 0ms in InitializeSparseNdw; 39ms in InferThetaAndUpdateNwtSparse; ]
I0117 16:42:02.056633 12004 cuckoo_watch.h:44] 48ms in ProcessBatch(D:\artmonline\temp\aaaaar.batch) [including 6ms in LoadMessage; 0ms in InitializeSparseNdw; 33ms in InferThetaAndUpdateNwtSparse; ]
I0117 16:42:02.066669  7824 processor.cc:856] Processor: complete processing batch dfbf925d-c453-466d-92ea-fc75b67652a2 into model nwt
I0117 16:42:02.068675 12004 processor.cc:760] Processor: start processing batch c5246def-9655-4a64-8597-e701926e4b91 into model nwt
I0117 16:42:02.070679 14664 processor.cc:760] Processor: start processing batch ee914752-ee55-47a9-a1ee-4b9892b38777 into model nwt
I0117 16:42:02.073186  7824 cuckoo_watch.h:44] 66ms in ProcessBatch(D:\artmonline\temp\aaaaaq.batch) [including 8ms in LoadMessage; 0ms in InitializeSparseNdw; 44ms in InferThetaAndUpdateNwtSparse; ]
I0117 16:42:02.073186 13876 processor.cc:760] Processor: start processing batch a41cf068-e0c9-47d1-9294-9ae1bdc993cc into model nwt
I0117 16:42:02.073688 14976 processor.cc:760] Processor: start processing batch 39c66c91-bc9f-4bf6-a990-3f9f2a1b821a into model nwt
I0117 16:42:02.077698 10372 processor.cc:856] Processor: complete processing batch a15b2dcd-9dbf-45e9-9020-92eb1224e30c into model nwt
I0117 16:42:02.080204 10852 processor.cc:856] Processor: complete processing batch 42b697a9-11f8-4313-9059-f1d8680265a1 into model nwt
I0117 16:42:02.080705 10372 cuckoo_watch.h:44] 54ms in ProcessBatch(D:\artmonline\temp\aaaaas.batch) [including 6ms in LoadMessage; 0ms in InitializeSparseNdw; 39ms in InferThetaAndUpdateNwtSparse; ]
I0117 16:42:02.085719  7824 processor.cc:760] Processor: start processing batch e6fa2295-2751-48de-9b1f-51cf9fb00ba2 into model nwt
I0117 16:42:02.090231 11996 processor.cc:856] Processor: complete processing batch 31da93e5-94a3-4eb8-82b5-37acb398fc6d into model nwt
I0117 16:42:02.091735 10372 processor.cc:760] Processor: start processing batch 0355b84c-9e3e-411c-a51a-8531f9dbc5e5 into model nwt
I0117 16:42:02.092737 11996 cuckoo_watch.h:44] 66ms in ProcessBatch(D:\artmonline\temp\aaaaat.batch) [including 5ms in LoadMessage; 0ms in InitializeSparseNdw; 45ms in InferThetaAndUpdateNwtSparse; ]
I0117 16:42:02.097753 10852 cuckoo_watch.h:44] 65ms in ProcessBatch(D:\artmonline\temp\aaaaav.batch) [including 6ms in LoadMessage; 0ms in InitializeSparseNdw; 34ms in InferThetaAndUpdateNwtSparse; ]
I0117 16:42:02.099256 12004 processor.cc:856] Processor: complete processing batch c5246def-9655-4a64-8597-e701926e4b91 into model nwt
I0117 16:42:02.106274 11996 processor.cc:760] Processor: start processing batch 676dfce3-c06b-478a-baab-a5a6f4ef2f69 into model nwt
I0117 16:42:02.109282 13876 processor.cc:856] Processor: complete processing batch a41cf068-e0c9-47d1-9294-9ae1bdc993cc into model nwt
I0117 16:42:02.109282 12004 cuckoo_watch.h:44] 52ms in ProcessBatch(D:\artmonline\temp\aaaaay.batch) [including 4ms in LoadMessage; 0ms in InitializeSparseNdw; 29ms in InferThetaAndUpdateNwtSparse; ]
I0117 16:42:02.110285 14976 processor.cc:856] Processor: complete processing batch 39c66c91-bc9f-4bf6-a990-3f9f2a1b821a into model nwt
I0117 16:42:02.111289 10852 processor.cc:760] Processor: start processing batch 54f289a6-a768-473b-be20-fba808d50eea into model nwt
I0117 16:42:02.111788 13876 cuckoo_watch.h:44] 56ms in ProcessBatch(D:\artmonline\temp\aaaaaw.batch) [including 4ms in LoadMessage; 0ms in InitializeSparseNdw; 35ms in InferThetaAndUpdateNwtSparse; ]
I0117 16:42:02.112792 14976 cuckoo_watch.h:44] 81ms in ProcessBatch(D:\artmonline\temp\aaaaau.batch) [including 33ms in LoadMessage; 0ms in InitializeSparseNdw; 35ms in InferThetaAndUpdateNwtSparse; ]
I0117 16:42:02.115298 14664 processor.cc:856] Processor: complete processing batch ee914752-ee55-47a9-a1ee-4b9892b38777 into model nwt
I0117 16:42:02.118306 14664 cuckoo_watch.h:44] 61ms in ProcessBatch(D:\artmonline\temp\aaaaax.batch) [including 5ms in LoadMessage; 1ms in InitializeSparseNdw; 43ms in InferThetaAndUpdateNwtSparse; ]
I0117 16:42:02.122316 12004 processor.cc:760] Processor: start processing batch 6ff10752-0667-4354-a605-2541421d4312 into model nwt
I0117 16:42:02.126828 13876 processor.cc:760] Processor: start processing batch 17b21a9c-6f88-4f26-9985-5df5d2381072 into model nwt
I0117 16:42:02.126828 10372 processor.cc:856] Processor: complete processing batch 0355b84c-9e3e-411c-a51a-8531f9dbc5e5 into model nwt
I0117 16:42:02.127831 14976 processor.cc:760] Processor: start processing batch 32660776-8d97-44ef-b19a-869644d6dc2f into model nwt
I0117 16:42:02.129837 10372 cuckoo_watch.h:44] 49ms in ProcessBatch(D:\artmonline\temp\aaaaba.batch) [including 5ms in LoadMessage; 0ms in InitializeSparseNdw; 35ms in InferThetaAndUpdateNwtSparse; ]
I0117 16:42:02.133847 14664 processor.cc:760] Processor: start processing batch afba2c9e-505c-495e-9e5c-9e4eea6a5273 into model nwt
I0117 16:42:02.140866 10372 processor.cc:760] Processor: start processing batch 877bf0ff-db20-4774-949f-b33de0568f2c into model nwt
I0117 16:42:02.142871  7824 processor.cc:856] Processor: complete processing batch e6fa2295-2751-48de-9b1f-51cf9fb00ba2 into model nwt
I0117 16:42:02.144376  7824 cuckoo_watch.h:44] 71ms in ProcessBatch(D:\artmonline\temp\aaaaaz.batch) [including 4ms in LoadMessage; 0ms in InitializeSparseNdw; 56ms in InferThetaAndUpdateNwtSparse; ]
I0117 16:42:02.147884 10852 processor.cc:856] Processor: complete processing batch 54f289a6-a768-473b-be20-fba808d50eea into model nwt
I0117 16:42:02.149389 10852 cuckoo_watch.h:44] 51ms in ProcessBatch(D:\artmonline\temp\aaaabc.batch) [including 6ms in LoadMessage; 0ms in InitializeSparseNdw; 35ms in InferThetaAndUpdateNwtSparse; ]
I0117 16:42:02.152899 11996 processor.cc:856] Processor: complete processing batch 676dfce3-c06b-478a-baab-a5a6f4ef2f69 into model nwt
I0117 16:42:02.153399  7824 processor.cc:760] Processor: start processing batch 293ea9aa-e56a-4ecf-bb76-53061dad25cf into model nwt
I0117 16:42:02.155405 11996 cuckoo_watch.h:44] 62ms in ProcessBatch(D:\artmonline\temp\aaaabb.batch) [including 6ms in LoadMessage; 0ms in InitializeSparseNdw; 45ms in InferThetaAndUpdateNwtSparse; ]
I0117 16:42:02.158413 12004 processor.cc:856] Processor: complete processing batch 6ff10752-0667-4354-a605-2541421d4312 into model nwt
I0117 16:42:02.160418 12004 cuckoo_watch.h:44] 50ms in ProcessBatch(D:\artmonline\temp\aaaabd.batch) [including 5ms in LoadMessage; 0ms in InitializeSparseNdw; 35ms in InferThetaAndUpdateNwtSparse; ]
I0117 16:42:02.160919 14976 processor.cc:856] Processor: complete processing batch 32660776-8d97-44ef-b19a-869644d6dc2f into model nwt
I0117 16:42:02.162925 14976 cuckoo_watch.h:44] 49ms in ProcessBatch(D:\artmonline\temp\aaaabf.batch) [including 8ms in LoadMessage; 1ms in InitializeSparseNdw; 30ms in InferThetaAndUpdateNwtSparse; ]
I0117 16:42:02.163426 14664 processor.cc:856] Processor: complete processing batch afba2c9e-505c-495e-9e5c-9e4eea6a5273 into model nwt
I0117 16:42:02.164929 14664 cuckoo_watch.h:44] 46ms in ProcessBatch(D:\artmonline\temp\aaaabg.batch) [including 7ms in LoadMessage; 0ms in InitializeSparseNdw; 29ms in InferThetaAndUpdateNwtSparse; ]
I0117 16:42:02.165932 13876 processor.cc:856] Processor: complete processing batch 17b21a9c-6f88-4f26-9985-5df5d2381072 into model nwt
I0117 16:42:02.167438 13876 cuckoo_watch.h:44] 55ms in ProcessBatch(D:\artmonline\temp\aaaabe.batch) [including 5ms in LoadMessage; 0ms in InitializeSparseNdw; 37ms in InferThetaAndUpdateNwtSparse; ]
I0117 16:42:02.170945  7824 processor.cc:856] Processor: complete processing batch 293ea9aa-e56a-4ecf-bb76-53061dad25cf into model nwt
I0117 16:42:02.171948  7824 cuckoo_watch.h:44] 27ms in ProcessBatch(D:\artmonline\temp\aaaabi.batch) [including 3ms in LoadMessage; 0ms in InitializeSparseNdw; 17ms in InferThetaAndUpdateNwtSparse; ]
I0117 16:42:02.175958 10372 processor.cc:856] Processor: complete processing batch 877bf0ff-db20-4774-949f-b33de0568f2c into model nwt
I0117 16:42:02.176961 10372 cuckoo_watch.h:44] 47ms in ProcessBatch(D:\artmonline\temp\aaaabh.batch) [including 4ms in LoadMessage; 0ms in InitializeSparseNdw; 34ms in InferThetaAndUpdateNwtSparse; ]
I0117 16:42:02.177462 14308 master_component.cc:991] NormalizeModelArgs: pwt_target_name=pwt, nwt_source_name=nwt, rwt_source_name=
I0117 16:42:02.177462 14308 master_component.cc:617] MasterComponent: start normalizing model nwt
I0117 16:42:02.178479 11996 processor.cc:676] No data in processing queue, waiting...
I0117 16:42:02.180972 10852 processor.cc:676] No data in processing queue, waiting...
I0117 16:42:02.182977 12004 processor.cc:676] No data in processing queue, waiting...
I0117 16:42:02.184983 14976 processor.cc:676] No data in processing queue, waiting...
I0117 16:42:02.187993 14664 processor.cc:676] No data in processing queue, waiting...
I0117 16:42:02.189997 13876 processor.cc:676] No data in processing queue, waiting...
I0117 16:42:02.197018  7824 processor.cc:676] No data in processing queue, waiting...
I0117 16:42:02.201027 10372 processor.cc:676] No data in processing queue, waiting...
I0117 16:42:02.296841 14308 master_component.cc:639] MasterComponent: complete normalizing model nwt
I0117 16:42:02.296841 14308 master_component.cc:1015] DisposeModel rwt
I0117 16:42:02.296841 14308 c_interface.cc:332] Pass FitOfflineMasterModelArgs, batch_filename_size=35, batch_weight_size=35, num_collection_passes=1 to void (__cdecl artm::core::MasterComponent::*)(class artm::FitOfflineMasterModelArgs const & __ptr64) __ptr64
I0117 16:42:02.296841 14308 master_component.cc:942] ProcessBatchesArgs: nwt_target_name=nwt, batch_filename_size=35, batch_size=0, batch_weight_size=35, pwt_source_name=pwt, num_document_passes=10, reuse_theta=no, opt_for_avx=yes, predict_class_id=
I0117 16:42:02.397871 12004 processor.cc:683] Processing queue has data, processing started
I0117 16:42:02.397871 14664 processor.cc:683] Processing queue has data, processing started
I0117 16:42:02.398908  7824 processor.cc:683] Processing queue has data, processing started
I0117 16:42:02.398908 13876 processor.cc:683] Processing queue has data, processing started
I0117 16:42:02.398908 10372 processor.cc:683] Processing queue has data, processing started
I0117 16:42:02.400878 10852 processor.cc:683] Processing queue has data, processing started
I0117 16:42:02.400878 14976 processor.cc:683] Processing queue has data, processing started
I0117 16:42:02.400878 11996 processor.cc:683] Processing queue has data, processing started
I0117 16:42:02.411909 14664 processor.cc:760] Processor: start processing batch 564e7326-c134-4e2f-b2d7-5e68d0060242 into model nwt
I0117 16:42:02.413914  7824 processor.cc:760] Processor: start processing batch d8d6b334-c574-4415-aa45-d16956077377 into model nwt
I0117 16:42:02.413914 14976 processor.cc:760] Processor: start processing batch 52792098-4da4-43cb-af8a-bf7d052848f9 into model nwt
I0117 16:42:02.414921 10852 processor.cc:760] Processor: start processing batch 7e786344-2b99-44b2-9cb5-15f9923098c0 into model nwt
I0117 16:42:02.414921 13876 processor.cc:760] Processor: start processing batch 83a5b157-a5ab-4674-9735-cb6b7047e4a8 into model nwt
I0117 16:42:02.415921 12004 processor.cc:760] Processor: start processing batch 2856dc99-229a-4f7d-bf43-860890720817 into model nwt
I0117 16:42:02.419931 11996 processor.cc:760] Processor: start processing batch 88dfc57f-b682-4990-be46-29e43de7e007 into model nwt
I0117 16:42:02.420933 10372 processor.cc:760] Processor: start processing batch fe95da01-f88b-4009-a991-6468f0fe82e9 into model nwt
I0117 16:42:02.436977 14664 processor.cc:856] Processor: complete processing batch 564e7326-c134-4e2f-b2d7-5e68d0060242 into model nwt
I0117 16:42:02.437978 14976 processor.cc:856] Processor: complete processing batch 52792098-4da4-43cb-af8a-bf7d052848f9 into model nwt
I0117 16:42:02.438980 14664 cuckoo_watch.h:44] 41ms in ProcessBatch(D:\artmonline\temp\aaaaaa.batch) [including 4ms in LoadMessage; 0ms in InitializeSparseNdw; 24ms in InferThetaAndUpdateNwtSparse; ]
I0117 16:42:02.439983 14976 cuckoo_watch.h:44] 39ms in ProcessBatch(D:\artmonline\temp\aaaaaf.batch) [including 4ms in LoadMessage; 0ms in InitializeSparseNdw; 23ms in InferThetaAndUpdateNwtSparse; ]
I0117 16:42:02.440985 10852 processor.cc:856] Processor: complete processing batch 7e786344-2b99-44b2-9cb5-15f9923098c0 into model nwt
I0117 16:42:02.440985 13876 processor.cc:856] Processor: complete processing batch 83a5b157-a5ab-4674-9735-cb6b7047e4a8 into model nwt
I0117 16:42:02.441989 12004 processor.cc:856] Processor: complete processing batch 2856dc99-229a-4f7d-bf43-860890720817 into model nwt
I0117 16:42:02.442992 10852 cuckoo_watch.h:44] 42ms in ProcessBatch(D:\artmonline\temp\aaaaag.batch) [including 5ms in LoadMessage; 0ms in InitializeSparseNdw; 25ms in InferThetaAndUpdateNwtSparse; ]
I0117 16:42:02.442992  7824 processor.cc:856] Processor: complete processing batch d8d6b334-c574-4415-aa45-d16956077377 into model nwt
I0117 16:42:02.442992 13876 cuckoo_watch.h:44] 44ms in ProcessBatch(D:\artmonline\temp\aaaaad.batch) [including 5ms in LoadMessage; 0ms in InitializeSparseNdw; 24ms in InferThetaAndUpdateNwtSparse; ]
I0117 16:42:02.443995 12004 cuckoo_watch.h:44] 46ms in ProcessBatch(D:\artmonline\temp\aaaaab.batch) [including 3ms in LoadMessage; 1ms in InitializeSparseNdw; 24ms in InferThetaAndUpdateNwtSparse; ]
I0117 16:42:02.443995 11996 processor.cc:856] Processor: complete processing batch 88dfc57f-b682-4990-be46-29e43de7e007 into model nwt
I0117 16:42:02.444998  7824 cuckoo_watch.h:44] 46ms in ProcessBatch(D:\artmonline\temp\aaaaac.batch) [including 5ms in LoadMessage; 0ms in InitializeSparseNdw; 28ms in InferThetaAndUpdateNwtSparse; ]
I0117 16:42:02.446000 11996 cuckoo_watch.h:44] 43ms in ProcessBatch(D:\artmonline\temp\aaaaah.batch) [including 6ms in LoadMessage; 0ms in InitializeSparseNdw; 23ms in InferThetaAndUpdateNwtSparse; ]
I0117 16:42:02.451014 14664 processor.cc:760] Processor: start processing batch 63e378fc-60e2-4e60-aab5-25d6f39ff7e6 into model nwt
I0117 16:42:02.452018 10372 processor.cc:856] Processor: complete processing batch fe95da01-f88b-4009-a991-6468f0fe82e9 into model nwt
I0117 16:42:02.455024 14976 processor.cc:760] Processor: start processing batch 85912416-73e0-4001-9572-f224b5c7415c into model nwt
I0117 16:42:02.456027 10372 cuckoo_watch.h:44] 57ms in ProcessBatch(D:\artmonline\temp\aaaaae.batch) [including 13ms in LoadMessage; 0ms in InitializeSparseNdw; 30ms in InferThetaAndUpdateNwtSparse; ]
I0117 16:42:02.457029 13876 processor.cc:760] Processor: start processing batch 920bbe12-7b14-47cc-8cdd-2369818217a5 into model nwt
I0117 16:42:02.457029 10852 processor.cc:760] Processor: start processing batch 571781ac-83f1-486b-a48d-be36d4e3aa4c into model nwt
I0117 16:42:02.460037 12004 processor.cc:760] Processor: start processing batch 11ac3106-f9dc-4ddf-a406-064365b122af into model nwt
I0117 16:42:02.460037 11996 processor.cc:760] Processor: start processing batch cf836112-e80c-4dd3-9ff5-1466586af21a into model nwt
I0117 16:42:02.464048  7824 processor.cc:760] Processor: start processing batch d6e82b2c-92cf-4f85-abe6-9e62ef0fe2b5 into model nwt
I0117 16:42:02.469061 10372 processor.cc:760] Processor: start processing batch 8c75fb19-6f20-4a97-9a2e-3b43210b6926 into model nwt
I0117 16:42:02.482601 14664 processor.cc:856] Processor: complete processing batch 63e378fc-60e2-4e60-aab5-25d6f39ff7e6 into model nwt
I0117 16:42:02.487126 14664 cuckoo_watch.h:44] 47ms in ProcessBatch(D:\artmonline\temp\aaaaai.batch) [including 4ms in LoadMessage; 0ms in InitializeSparseNdw; 30ms in InferThetaAndUpdateNwtSparse; ]
I0117 16:42:02.487126 10852 processor.cc:856] Processor: complete processing batch 571781ac-83f1-486b-a48d-be36d4e3aa4c into model nwt
I0117 16:42:02.488131 14976 processor.cc:856] Processor: complete processing batch 85912416-73e0-4001-9572-f224b5c7415c into model nwt
I0117 16:42:02.489130 10852 cuckoo_watch.h:44] 46ms in ProcessBatch(D:\artmonline\temp\aaaaak.batch) [including 4ms in LoadMessage; 1ms in InitializeSparseNdw; 29ms in InferThetaAndUpdateNwtSparse; ]
I0117 16:42:02.490133 14976 cuckoo_watch.h:44] 50ms in ProcessBatch(D:\artmonline\temp\aaaaaj.batch) [including 5ms in LoadMessage; 0ms in InitializeSparseNdw; 32ms in InferThetaAndUpdateNwtSparse; ]
I0117 16:42:02.490133 13876 processor.cc:856] Processor: complete processing batch 920bbe12-7b14-47cc-8cdd-2369818217a5 into model nwt
I0117 16:42:02.492136 12004 processor.cc:856] Processor: complete processing batch 11ac3106-f9dc-4ddf-a406-064365b122af into model nwt
I0117 16:42:02.492136 13876 cuckoo_watch.h:44] 48ms in ProcessBatch(D:\artmonline\temp\aaaaal.batch) [including 4ms in LoadMessage; 1ms in InitializeSparseNdw; 32ms in InferThetaAndUpdateNwtSparse; ]
I0117 16:42:02.493140 12004 cuckoo_watch.h:44] 49ms in ProcessBatch(D:\artmonline\temp\aaaaam.batch) [including 5ms in LoadMessage; 0ms in InitializeSparseNdw; 30ms in InferThetaAndUpdateNwtSparse; ]
I0117 16:42:02.498154  7824 processor.cc:856] Processor: complete processing batch d6e82b2c-92cf-4f85-abe6-9e62ef0fe2b5 into model nwt
I0117 16:42:02.501164  7824 cuckoo_watch.h:44] 55ms in ProcessBatch(D:\artmonline\temp\aaaaan.batch) [including 7ms in LoadMessage; 0ms in InitializeSparseNdw; 32ms in InferThetaAndUpdateNwtSparse; ]
I0117 16:42:02.501164 11996 processor.cc:856] Processor: complete processing batch cf836112-e80c-4dd3-9ff5-1466586af21a into model nwt
I0117 16:42:02.502172 10852 processor.cc:760] Processor: start processing batch addf0c10-5b7d-4ecd-b28e-8d1799173d28 into model nwt
I0117 16:42:02.502172 14664 processor.cc:760] Processor: start processing batch dfbf925d-c453-466d-92ea-fc75b67652a2 into model nwt
I0117 16:42:02.505172 11996 cuckoo_watch.h:44] 59ms in ProcessBatch(D:\artmonline\temp\aaaaao.batch) [including 5ms in LoadMessage; 0ms in InitializeSparseNdw; 39ms in InferThetaAndUpdateNwtSparse; ]
I0117 16:42:02.508182 14976 processor.cc:760] Processor: start processing batch a15b2dcd-9dbf-45e9-9020-92eb1224e30c into model nwt
I0117 16:42:02.509183 12004 processor.cc:760] Processor: start processing batch 39c66c91-bc9f-4bf6-a990-3f9f2a1b821a into model nwt
I0117 16:42:02.510186 13876 processor.cc:760] Processor: start processing batch 31da93e5-94a3-4eb8-82b5-37acb398fc6d into model nwt
I0117 16:42:02.516201  7824 processor.cc:760] Processor: start processing batch 42b697a9-11f8-4313-9059-f1d8680265a1 into model nwt
I0117 16:42:02.517204 10372 processor.cc:856] Processor: complete processing batch 8c75fb19-6f20-4a97-9a2e-3b43210b6926 into model nwt
I0117 16:42:02.519210 11996 processor.cc:760] Processor: start processing batch a41cf068-e0c9-47d1-9294-9ae1bdc993cc into model nwt
I0117 16:42:02.520212 10372 cuckoo_watch.h:44] 64ms in ProcessBatch(D:\artmonline\temp\aaaaap.batch) [including 6ms in LoadMessage; 0ms in InitializeSparseNdw; 48ms in InferThetaAndUpdateNwtSparse; ]
I0117 16:42:02.531240 10372 processor.cc:760] Processor: start processing batch ee914752-ee55-47a9-a1ee-4b9892b38777 into model nwt
I0117 16:42:02.537257 10852 processor.cc:856] Processor: complete processing batch addf0c10-5b7d-4ecd-b28e-8d1799173d28 into model nwt
I0117 16:42:02.538260 10852 cuckoo_watch.h:44] 49ms in ProcessBatch(D:\artmonline\temp\aaaaar.batch) [including 4ms in LoadMessage; 1ms in InitializeSparseNdw; 32ms in InferThetaAndUpdateNwtSparse; ]
I0117 16:42:02.541267 14664 processor.cc:856] Processor: complete processing batch dfbf925d-c453-466d-92ea-fc75b67652a2 into model nwt
I0117 16:42:02.542270 12004 processor.cc:856] Processor: complete processing batch 39c66c91-bc9f-4bf6-a990-3f9f2a1b821a into model nwt
I0117 16:42:02.542270 13876 processor.cc:856] Processor: complete processing batch 31da93e5-94a3-4eb8-82b5-37acb398fc6d into model nwt
I0117 16:42:02.543273 14664 cuckoo_watch.h:44] 56ms in ProcessBatch(D:\artmonline\temp\aaaaaq.batch) [including 6ms in LoadMessage; 1ms in InitializeSparseNdw; 36ms in InferThetaAndUpdateNwtSparse; ]
I0117 16:42:02.544277 12004 cuckoo_watch.h:44] 50ms in ProcessBatch(D:\artmonline\temp\aaaaau.batch) [including 5ms in LoadMessage; 0ms in InitializeSparseNdw; 31ms in InferThetaAndUpdateNwtSparse; ]
I0117 16:42:02.545279 14976 processor.cc:856] Processor: complete processing batch a15b2dcd-9dbf-45e9-9020-92eb1224e30c into model nwt
I0117 16:42:02.545279 13876 cuckoo_watch.h:44] 52ms in ProcessBatch(D:\artmonline\temp\aaaaat.batch) [including 7ms in LoadMessage; 0ms in InitializeSparseNdw; 31ms in InferThetaAndUpdateNwtSparse; ]
I0117 16:42:02.546281 11996 processor.cc:856] Processor: complete processing batch a41cf068-e0c9-47d1-9294-9ae1bdc993cc into model nwt
I0117 16:42:02.546281  7824 processor.cc:856] Processor: complete processing batch 42b697a9-11f8-4313-9059-f1d8680265a1 into model nwt
I0117 16:42:02.547284 14976 cuckoo_watch.h:44] 57ms in ProcessBatch(D:\artmonline\temp\aaaaas.batch) [including 6ms in LoadMessage; 1ms in InitializeSparseNdw; 35ms in InferThetaAndUpdateNwtSparse; ]
I0117 16:42:02.548287 11996 cuckoo_watch.h:44] 42ms in ProcessBatch(D:\artmonline\temp\aaaaaw.batch) [including 6ms in LoadMessage; 0ms in InitializeSparseNdw; 25ms in InferThetaAndUpdateNwtSparse; ]
I0117 16:42:02.549293  7824 cuckoo_watch.h:44] 48ms in ProcessBatch(D:\artmonline\temp\aaaaav.batch) [including 7ms in LoadMessage; 0ms in InitializeSparseNdw; 28ms in InferThetaAndUpdateNwtSparse; ]
I0117 16:42:02.550292 10852 processor.cc:760] Processor: start processing batch c5246def-9655-4a64-8597-e701926e4b91 into model nwt
I0117 16:42:02.557312 14664 processor.cc:760] Processor: start processing batch e6fa2295-2751-48de-9b1f-51cf9fb00ba2 into model nwt
I0117 16:42:02.558315 12004 processor.cc:760] Processor: start processing batch 0355b84c-9e3e-411c-a51a-8531f9dbc5e5 into model nwt
I0117 16:42:02.560320 13876 processor.cc:760] Processor: start processing batch 676dfce3-c06b-478a-baab-a5a6f4ef2f69 into model nwt
I0117 16:42:02.560320 11996 processor.cc:760] Processor: start processing batch 6ff10752-0667-4354-a605-2541421d4312 into model nwt
I0117 16:42:02.560320 14976 processor.cc:760] Processor: start processing batch 54f289a6-a768-473b-be20-fba808d50eea into model nwt
I0117 16:42:02.563328  7824 processor.cc:760] Processor: start processing batch 17b21a9c-6f88-4f26-9985-5df5d2381072 into model nwt
I0117 16:42:02.569849 10372 processor.cc:856] Processor: complete processing batch ee914752-ee55-47a9-a1ee-4b9892b38777 into model nwt
I0117 16:42:02.571854 10372 cuckoo_watch.h:44] 51ms in ProcessBatch(D:\artmonline\temp\aaaaax.batch) [including 5ms in LoadMessage; 0ms in InitializeSparseNdw; 37ms in InferThetaAndUpdateNwtSparse; ]
I0117 16:42:02.582885 10372 processor.cc:760] Processor: start processing batch 32660776-8d97-44ef-b19a-869644d6dc2f into model nwt
I0117 16:42:02.582885 10852 processor.cc:856] Processor: complete processing batch c5246def-9655-4a64-8597-e701926e4b91 into model nwt
I0117 16:42:02.585391 10852 cuckoo_watch.h:44] 46ms in ProcessBatch(D:\artmonline\temp\aaaaay.batch) [including 4ms in LoadMessage; 0ms in InitializeSparseNdw; 31ms in InferThetaAndUpdateNwtSparse; ]
I0117 16:42:02.589401 12004 processor.cc:856] Processor: complete processing batch 0355b84c-9e3e-411c-a51a-8531f9dbc5e5 into model nwt
I0117 16:42:02.591907 12004 cuckoo_watch.h:44] 47ms in ProcessBatch(D:\artmonline\temp\aaaaba.batch) [including 4ms in LoadMessage; 0ms in InitializeSparseNdw; 30ms in InferThetaAndUpdateNwtSparse; ]
I0117 16:42:02.593912 14664 processor.cc:856] Processor: complete processing batch e6fa2295-2751-48de-9b1f-51cf9fb00ba2 into model nwt
I0117 16:42:02.593912 14976 processor.cc:856] Processor: complete processing batch 54f289a6-a768-473b-be20-fba808d50eea into model nwt
I0117 16:42:02.596420 14976 cuckoo_watch.h:44] 48ms in ProcessBatch(D:\artmonline\temp\aaaabc.batch) [including 5ms in LoadMessage; 0ms in InitializeSparseNdw; 32ms in InferThetaAndUpdateNwtSparse; ]
I0117 16:42:02.596920 14664 cuckoo_watch.h:44] 53ms in ProcessBatch(D:\artmonline\temp\aaaaaz.batch) [including 5ms in LoadMessage; 0ms in InitializeSparseNdw; 35ms in InferThetaAndUpdateNwtSparse; ]
I0117 16:42:02.597923 10852 processor.cc:760] Processor: start processing batch afba2c9e-505c-495e-9e5c-9e4eea6a5273 into model nwt
I0117 16:42:02.600430 11996 processor.cc:856] Processor: complete processing batch 6ff10752-0667-4354-a605-2541421d4312 into model nwt
I0117 16:42:02.600430 13876 processor.cc:856] Processor: complete processing batch 676dfce3-c06b-478a-baab-a5a6f4ef2f69 into model nwt
I0117 16:42:02.603441  7824 processor.cc:856] Processor: complete processing batch 17b21a9c-6f88-4f26-9985-5df5d2381072 into model nwt
I0117 16:42:02.605947 11996 cuckoo_watch.h:44] 57ms in ProcessBatch(D:\artmonline\temp\aaaabd.batch) [including 5ms in LoadMessage; 0ms in InitializeSparseNdw; 39ms in InferThetaAndUpdateNwtSparse; ]
I0117 16:42:02.606948 13876 cuckoo_watch.h:44] 61ms in ProcessBatch(D:\artmonline\temp\aaaabb.batch) [including 8ms in LoadMessage; 0ms in InitializeSparseNdw; 39ms in InferThetaAndUpdateNwtSparse; ]
I0117 16:42:02.607450 12004 processor.cc:760] Processor: start processing batch 877bf0ff-db20-4774-949f-b33de0568f2c into model nwt
I0117 16:42:02.607951  7824 cuckoo_watch.h:44] 58ms in ProcessBatch(D:\artmonline\temp\aaaabe.batch) [including 6ms in LoadMessage; 0ms in InitializeSparseNdw; 38ms in InferThetaAndUpdateNwtSparse; ]
I0117 16:42:02.609956 14976 processor.cc:760] Processor: start processing batch 293ea9aa-e56a-4ecf-bb76-53061dad25cf into model nwt
I0117 16:42:02.621987 14976 processor.cc:856] Processor: complete processing batch 293ea9aa-e56a-4ecf-bb76-53061dad25cf into model nwt
I0117 16:42:02.623492 14976 cuckoo_watch.h:44] 26ms in ProcessBatch(D:\artmonline\temp\aaaabi.batch) [including 3ms in LoadMessage; 0ms in InitializeSparseNdw; 12ms in InferThetaAndUpdateNwtSparse; ]
I0117 16:42:02.624495 10852 processor.cc:856] Processor: complete processing batch afba2c9e-505c-495e-9e5c-9e4eea6a5273 into model nwt
I0117 16:42:02.624995 10372 processor.cc:856] Processor: complete processing batch 32660776-8d97-44ef-b19a-869644d6dc2f into model nwt
I0117 16:42:02.625496 10852 cuckoo_watch.h:44] 39ms in ProcessBatch(D:\artmonline\temp\aaaabg.batch) [including 5ms in LoadMessage; 0ms in InitializeSparseNdw; 25ms in InferThetaAndUpdateNwtSparse; ]
I0117 16:42:02.626499 10372 cuckoo_watch.h:44] 55ms in ProcessBatch(D:\artmonline\temp\aaaabf.batch) [including 4ms in LoadMessage; 0ms in InitializeSparseNdw; 41ms in InferThetaAndUpdateNwtSparse; ]
I0117 16:42:02.629006 14664 processor.cc:676] No data in processing queue, waiting...
I0117 16:42:02.630008 11996 processor.cc:676] No data in processing queue, waiting...
I0117 16:42:02.631011 12004 processor.cc:856] Processor: complete processing batch 877bf0ff-db20-4774-949f-b33de0568f2c into model nwt
I0117 16:42:02.632014 12004 cuckoo_watch.h:44] 40ms in ProcessBatch(D:\artmonline\temp\aaaabh.batch) [including 4ms in LoadMessage; 0ms in InitializeSparseNdw; 22ms in InferThetaAndUpdateNwtSparse; ]
I0117 16:42:02.634125 13876 processor.cc:676] No data in processing queue, waiting...
I0117 16:42:02.634125 14308 master_component.cc:991] NormalizeModelArgs: pwt_target_name=pwt, nwt_source_name=nwt, rwt_source_name=
I0117 16:42:02.634125 14308 master_component.cc:617] MasterComponent: start normalizing model nwt
I0117 16:42:02.635632  7824 processor.cc:676] No data in processing queue, waiting...
I0117 16:42:02.651692 14976 processor.cc:676] No data in processing queue, waiting...
I0117 16:42:02.653681 10852 processor.cc:676] No data in processing queue, waiting...
I0117 16:42:02.653681 10372 processor.cc:676] No data in processing queue, waiting...
I0117 16:42:02.657692 12004 processor.cc:676] No data in processing queue, waiting...
I0117 16:42:02.746954 14308 master_component.cc:639] MasterComponent: complete normalizing model nwt
I0117 16:42:02.746954 14308 master_component.cc:1015] DisposeModel rwt
I0117 16:42:02.746954 14308 c_interface.cc:332] Pass FitOfflineMasterModelArgs, batch_filename_size=35, batch_weight_size=35, num_collection_passes=1 to void (__cdecl artm::core::MasterComponent::*)(class artm::FitOfflineMasterModelArgs const & __ptr64) __ptr64
I0117 16:42:02.746954 14308 master_component.cc:942] ProcessBatchesArgs: nwt_target_name=nwt, batch_filename_size=35, batch_size=0, batch_weight_size=35, pwt_source_name=pwt, num_document_passes=10, reuse_theta=no, opt_for_avx=yes, predict_class_id=
I0117 16:42:02.847285 11996 processor.cc:683] Processing queue has data, processing started
I0117 16:42:02.847285 10852 processor.cc:683] Processing queue has data, processing started
I0117 16:42:02.847285 12004 processor.cc:683] Processing queue has data, processing started
I0117 16:42:02.849261 14976 processor.cc:683] Processing queue has data, processing started
I0117 16:42:02.849261  7824 processor.cc:683] Processing queue has data, processing started
I0117 16:42:02.849261 10372 processor.cc:683] Processing queue has data, processing started
I0117 16:42:02.849261 13876 processor.cc:683] Processing queue has data, processing started
I0117 16:42:02.849261 14664 processor.cc:683] Processing queue has data, processing started
I0117 16:42:02.858288 12004 processor.cc:760] Processor: start processing batch d8d6b334-c574-4415-aa45-d16956077377 into model nwt
I0117 16:42:02.858288 10852 processor.cc:760] Processor: start processing batch 2856dc99-229a-4f7d-bf43-860890720817 into model nwt
I0117 16:42:02.861294 10372 processor.cc:760] Processor: start processing batch 52792098-4da4-43cb-af8a-bf7d052848f9 into model nwt
I0117 16:42:02.861294  7824 processor.cc:760] Processor: start processing batch 7e786344-2b99-44b2-9cb5-15f9923098c0 into model nwt
I0117 16:42:02.861294 14664 processor.cc:760] Processor: start processing batch 88dfc57f-b682-4990-be46-29e43de7e007 into model nwt
