I0118 19:43:42.385375  4924 processor.cc:676] No data in processing queue, waiting...
I0118 19:43:42.651056  5944 c_interface.cc:332] Pass InitializeModelArgs: model_name=nwt, dictionary_name=dictionary, topic_name_size=10 to void (__cdecl artm::core::MasterComponent::*)(class artm::InitializeModelArgs const & __ptr64) __ptr64
I0118 19:43:42.651056  5944 master_component.cc:338] InitializeModel() with 10 topics and 73513 tokens
I0118 19:43:42.938820  5944 phi_matrix_operations.cc:82] RetrieveExternalTopicModel() with 10 topics, 73513 tokens
I0118 19:43:42.997977  5944 c_interface.cc:180] ArtmCopyRequestedMessage is copying 2152765 bytes...
I0118 19:43:44.680524  5944 c_interface.cc:332] Pass FitOfflineMasterModelArgs, batch_filename_size=4, batch_weight_size=4, num_collection_passes=1 to void (__cdecl artm::core::MasterComponent::*)(class artm::FitOfflineMasterModelArgs const & __ptr64) __ptr64
I0118 19:43:44.680524  5944 master_component.cc:942] ProcessBatchesArgs: nwt_target_name=nwt, batch_filename_size=4, batch_size=0, batch_weight_size=4, pwt_source_name=pwt, num_document_passes=10, reuse_theta=no, opt_for_avx=no, predict_class_id=
I0118 19:43:44.806886  6148 processor.cc:683] Processing queue has data, processing started
I0118 19:43:44.806886  7648 processor.cc:683] Processing queue has data, processing started
I0118 19:43:44.806886 13588 processor.cc:683] Processing queue has data, processing started
I0118 19:43:44.806886 14252 processor.cc:683] Processing queue has data, processing started
I0118 19:43:44.824904 13588 processor.cc:760] Processor: start processing batch 63a971d5-ee45-4a81-af90-b13bc24b65ef into model nwt
I0118 19:43:44.830920 14252 processor.cc:760] Processor: start processing batch 78d1e5cc-e964-4dd6-aaf9-4259acf2d88c into model nwt
I0118 19:43:44.841949  7648 processor.cc:760] Processor: start processing batch c9384c5d-9449-4053-9558-8cae7b66e788 into model nwt
I0118 19:43:44.842952  6148 processor.cc:760] Processor: start processing batch 441e946a-cce4-4043-ab0b-7f99e5b393ee into model nwt
I0118 19:43:44.972296 13588 processor.cc:856] Processor: complete processing batch 63a971d5-ee45-4a81-af90-b13bc24b65ef into model nwt
I0118 19:43:44.974301 13588 cuckoo_watch.h:44] 167ms in ProcessBatch(D:\artmonline\data\datasets\postnauka\batches\aaaaad.batch) [including 14ms in LoadMessage; 4ms in InitializeSparseNdw; 143ms in InferThetaAndUpdateNwtSparse; ]
I0118 19:43:45.009394 13588 processor.cc:676] No data in processing queue, waiting...
I0118 19:43:45.126706  7648 processor.cc:856] Processor: complete processing batch c9384c5d-9449-4053-9558-8cae7b66e788 into model nwt
I0118 19:43:45.132722  7648 cuckoo_watch.h:44] 325ms in ProcessBatch(D:\artmonline\data\datasets\postnauka\batches\aaaaaa.batch) [including 30ms in LoadMessage; 7ms in InitializeSparseNdw; 276ms in InferThetaAndUpdateNwtSparse; ]
I0118 19:43:45.140754  6148 processor.cc:856] Processor: complete processing batch 441e946a-cce4-4043-ab0b-7f99e5b393ee into model nwt
I0118 19:43:45.145757  6148 cuckoo_watch.h:44] 338ms in ProcessBatch(D:\artmonline\data\datasets\postnauka\batches\aaaaac.batch) [including 31ms in LoadMessage; 8ms in InitializeSparseNdw; 288ms in InferThetaAndUpdateNwtSparse; ]
I0118 19:43:45.148766 14252 processor.cc:856] Processor: complete processing batch 78d1e5cc-e964-4dd6-aaf9-4259acf2d88c into model nwt
I0118 19:43:45.154781 14252 cuckoo_watch.h:44] 348ms in ProcessBatch(D:\artmonline\data\datasets\postnauka\batches\aaaaab.batch) [including 19ms in LoadMessage; 6ms in InitializeSparseNdw; 311ms in InferThetaAndUpdateNwtSparse; ]
I0118 19:43:45.155784  5944 master_component.cc:991] NormalizeModelArgs: pwt_target_name=pwt, nwt_source_name=nwt, rwt_source_name=
I0118 19:43:45.155784  5944 master_component.cc:617] MasterComponent: start normalizing model nwt
I0118 19:43:45.158792  7648 processor.cc:676] No data in processing queue, waiting...
I0118 19:43:45.173831  6148 processor.cc:676] No data in processing queue, waiting...
I0118 19:43:45.186866 14252 processor.cc:676] No data in processing queue, waiting...
I0118 19:43:45.255048  5944 master_component.cc:639] MasterComponent: complete normalizing model nwt
I0118 19:43:45.255048  5944 master_component.cc:1015] DisposeModel rwt
I0118 19:43:45.256052  5944 c_interface.cc:332] Pass FitOfflineMasterModelArgs, batch_filename_size=4, batch_weight_size=4, num_collection_passes=1 to void (__cdecl artm::core::MasterComponent::*)(class artm::FitOfflineMasterModelArgs const & __ptr64) __ptr64
I0118 19:43:45.256052  5944 master_component.cc:942] ProcessBatchesArgs: nwt_target_name=nwt, batch_filename_size=4, batch_size=0, batch_weight_size=4, pwt_source_name=pwt, num_document_passes=10, reuse_theta=no, opt_for_avx=no, predict_class_id=
I0118 19:43:45.343354 13588 processor.cc:683] Processing queue has data, processing started
I0118 19:43:45.343354  4924 processor.cc:683] Processing queue has data, processing started
I0118 19:43:45.343354 13284 processor.cc:683] Processing queue has data, processing started
I0118 19:43:45.343354  5964 processor.cc:683] Processing queue has data, processing started
I0118 19:43:45.360327 13284 processor.cc:760] Processor: start processing batch 63a971d5-ee45-4a81-af90-b13bc24b65ef into model nwt
I0118 19:43:45.368350  4924 processor.cc:760] Processor: start processing batch 441e946a-cce4-4043-ab0b-7f99e5b393ee into model nwt
I0118 19:43:45.373365 13588 processor.cc:760] Processor: start processing batch 78d1e5cc-e964-4dd6-aaf9-4259acf2d88c into model nwt
I0118 19:43:45.376370  5964 processor.cc:760] Processor: start processing batch c9384c5d-9449-4053-9558-8cae7b66e788 into model nwt
I0118 19:43:45.498695 13284 processor.cc:856] Processor: complete processing batch 63a971d5-ee45-4a81-af90-b13bc24b65ef into model nwt
I0118 19:43:45.501703 13284 cuckoo_watch.h:44] 159ms in ProcessBatch(D:\artmonline\data\datasets\postnauka\batches\aaaaad.batch) [including 12ms in LoadMessage; 2ms in InitializeSparseNdw; 135ms in InferThetaAndUpdateNwtSparse; ]
I0118 19:43:45.532785 13284 processor.cc:676] No data in processing queue, waiting...
I0118 19:43:45.657116  4924 processor.cc:856] Processor: complete processing batch 441e946a-cce4-4043-ab0b-7f99e5b393ee into model nwt
I0118 19:43:45.662129  4924 cuckoo_watch.h:44] 319ms in ProcessBatch(D:\artmonline\data\datasets\postnauka\batches\aaaaac.batch) [including 21ms in LoadMessage; 9ms in InitializeSparseNdw; 278ms in InferThetaAndUpdateNwtSparse; ]
I0118 19:43:45.663132  5964 processor.cc:856] Processor: complete processing batch c9384c5d-9449-4053-9558-8cae7b66e788 into model nwt
I0118 19:43:45.667143  5964 cuckoo_watch.h:44] 324ms in ProcessBatch(D:\artmonline\data\datasets\postnauka\batches\aaaaaa.batch) [including 25ms in LoadMessage; 8ms in InitializeSparseNdw; 277ms in InferThetaAndUpdateNwtSparse; ]
I0118 19:43:45.679174 13588 processor.cc:856] Processor: complete processing batch 78d1e5cc-e964-4dd6-aaf9-4259acf2d88c into model nwt
I0118 19:43:45.686193 13588 cuckoo_watch.h:44] 342ms in ProcessBatch(D:\artmonline\data\datasets\postnauka\batches\aaaaab.batch) [including 23ms in LoadMessage; 7ms in InitializeSparseNdw; 298ms in InferThetaAndUpdateNwtSparse; ]
I0118 19:43:45.688308  5944 master_component.cc:991] NormalizeModelArgs: pwt_target_name=pwt, nwt_source_name=nwt, rwt_source_name=
I0118 19:43:45.688308  5944 master_component.cc:617] MasterComponent: start normalizing model nwt
I0118 19:43:45.701345  4924 processor.cc:676] No data in processing queue, waiting...
I0118 19:43:45.703351  5964 processor.cc:676] No data in processing queue, waiting...
I0118 19:43:45.715384 13588 processor.cc:676] No data in processing queue, waiting...
I0118 19:43:45.785569  5944 master_component.cc:639] MasterComponent: complete normalizing model nwt
I0118 19:43:45.785569  5944 master_component.cc:1015] DisposeModel rwt
I0118 19:43:45.785569  5944 c_interface.cc:332] Pass FitOfflineMasterModelArgs, batch_filename_size=4, batch_weight_size=4, num_collection_passes=1 to void (__cdecl artm::core::MasterComponent::*)(class artm::FitOfflineMasterModelArgs const & __ptr64) __ptr64
I0118 19:43:45.785569  5944 master_component.cc:942] ProcessBatchesArgs: nwt_target_name=nwt, batch_filename_size=4, batch_size=0, batch_weight_size=4, pwt_source_name=pwt, num_document_passes=10, reuse_theta=no, opt_for_avx=no, predict_class_id=
I0118 19:43:45.875808  6148 processor.cc:683] Processing queue has data, processing started
I0118 19:43:45.876812 13588 processor.cc:683] Processing queue has data, processing started
I0118 19:43:45.876812  5964 processor.cc:683] Processing queue has data, processing started
I0118 19:43:45.878818 10084 processor.cc:683] Processing queue has data, processing started
I0118 19:43:45.897869 10084 processor.cc:760] Processor: start processing batch 63a971d5-ee45-4a81-af90-b13bc24b65ef into model nwt
I0118 19:43:45.904887  5964 processor.cc:760] Processor: start processing batch 441e946a-cce4-4043-ab0b-7f99e5b393ee into model nwt
I0118 19:43:45.905891 13588 processor.cc:760] Processor: start processing batch 78d1e5cc-e964-4dd6-aaf9-4259acf2d88c into model nwt
I0118 19:43:45.907897  6148 processor.cc:760] Processor: start processing batch c9384c5d-9449-4053-9558-8cae7b66e788 into model nwt
I0118 19:43:46.053282 10084 processor.cc:856] Processor: complete processing batch 63a971d5-ee45-4a81-af90-b13bc24b65ef into model nwt
I0118 19:43:46.056289 10084 cuckoo_watch.h:44] 178ms in ProcessBatch(D:\artmonline\data\datasets\postnauka\batches\aaaaad.batch) [including 14ms in LoadMessage; 2ms in InitializeSparseNdw; 152ms in InferThetaAndUpdateNwtSparse; ]
I0118 19:43:46.099405 10084 processor.cc:676] No data in processing queue, waiting...
I0118 19:43:46.190646  6148 processor.cc:856] Processor: complete processing batch c9384c5d-9449-4053-9558-8cae7b66e788 into model nwt
I0118 19:43:46.197665  6148 cuckoo_watch.h:44] 322ms in ProcessBatch(D:\artmonline\data\datasets\postnauka\batches\aaaaaa.batch) [including 26ms in LoadMessage; 9ms in InitializeSparseNdw; 272ms in InferThetaAndUpdateNwtSparse; ]
I0118 19:43:46.221729  5964 processor.cc:856] Processor: complete processing batch 441e946a-cce4-4043-ab0b-7f99e5b393ee into model nwt
I0118 19:43:46.226742  5964 cuckoo_watch.h:44] 349ms in ProcessBatch(D:\artmonline\data\datasets\postnauka\batches\aaaaac.batch) [including 23ms in LoadMessage; 9ms in InitializeSparseNdw; 307ms in InferThetaAndUpdateNwtSparse; ]
I0118 19:43:46.228747 13588 processor.cc:856] Processor: complete processing batch 78d1e5cc-e964-4dd6-aaf9-4259acf2d88c into model nwt
I0118 19:43:46.232780  6148 processor.cc:676] No data in processing queue, waiting...
I0118 19:43:46.235766 13588 cuckoo_watch.h:44] 358ms in ProcessBatch(D:\artmonline\data\datasets\postnauka\batches\aaaaab.batch) [including 24ms in LoadMessage; 9ms in InitializeSparseNdw; 313ms in InferThetaAndUpdateNwtSparse; ]
I0118 19:43:46.238865  5944 master_component.cc:991] NormalizeModelArgs: pwt_target_name=pwt, nwt_source_name=nwt, rwt_source_name=
I0118 19:43:46.238865  5944 master_component.cc:617] MasterComponent: start normalizing model nwt
I0118 19:43:46.268947  5964 processor.cc:676] No data in processing queue, waiting...
I0118 19:43:46.277971 13588 processor.cc:676] No data in processing queue, waiting...
I0118 19:43:46.339135  5944 master_component.cc:639] MasterComponent: complete normalizing model nwt
I0118 19:43:46.339135  5944 master_component.cc:1015] DisposeModel rwt
I0118 19:43:46.339135  5944 c_interface.cc:332] Pass FitOfflineMasterModelArgs, batch_filename_size=4, batch_weight_size=4, num_collection_passes=1 to void (__cdecl artm::core::MasterComponent::*)(class artm::FitOfflineMasterModelArgs const & __ptr64) __ptr64
I0118 19:43:46.339135  5944 master_component.cc:942] ProcessBatchesArgs: nwt_target_name=nwt, batch_filename_size=4, batch_size=0, batch_weight_size=4, pwt_source_name=pwt, num_document_passes=10, reuse_theta=no, opt_for_avx=no, predict_class_id=
I0118 19:43:46.427471 13588 processor.cc:683] Processing queue has data, processing started
I0118 19:43:46.427471  5964 processor.cc:683] Processing queue has data, processing started
I0118 19:43:46.427471 14252 processor.cc:683] Processing queue has data, processing started
I0118 19:43:46.427471  7648 processor.cc:683] Processing queue has data, processing started
I0118 19:43:46.441529 13588 processor.cc:760] Processor: start processing batch 63a971d5-ee45-4a81-af90-b13bc24b65ef into model nwt
I0118 19:43:46.451553  5964 processor.cc:760] Processor: start processing batch 441e946a-cce4-4043-ab0b-7f99e5b393ee into model nwt
I0118 19:43:46.455564  7648 processor.cc:760] Processor: start processing batch 78d1e5cc-e964-4dd6-aaf9-4259acf2d88c into model nwt
I0118 19:43:46.462580 14252 processor.cc:760] Processor: start processing batch c9384c5d-9449-4053-9558-8cae7b66e788 into model nwt
I0118 19:43:46.579892 13588 processor.cc:856] Processor: complete processing batch 63a971d5-ee45-4a81-af90-b13bc24b65ef into model nwt
I0118 19:43:46.581897 13588 cuckoo_watch.h:44] 154ms in ProcessBatch(D:\artmonline\data\datasets\postnauka\batches\aaaaad.batch) [including 10ms in LoadMessage; 2ms in InitializeSparseNdw; 135ms in InferThetaAndUpdateNwtSparse; ]
I0118 19:43:46.617993 13588 processor.cc:676] No data in processing queue, waiting...
I0118 19:43:46.753353  7648 processor.cc:856] Processor: complete processing batch 78d1e5cc-e964-4dd6-aaf9-4259acf2d88c into model nwt
I0118 19:43:46.759369  7648 cuckoo_watch.h:44] 331ms in ProcessBatch(D:\artmonline\data\datasets\postnauka\batches\aaaaab.batch) [including 23ms in LoadMessage; 7ms in InitializeSparseNdw; 290ms in InferThetaAndUpdateNwtSparse; ]
I0118 19:43:46.779423 14252 processor.cc:856] Processor: complete processing batch c9384c5d-9449-4053-9558-8cae7b66e788 into model nwt
I0118 19:43:46.783433  5964 processor.cc:856] Processor: complete processing batch 441e946a-cce4-4043-ab0b-7f99e5b393ee into model nwt
I0118 19:43:46.784436 14252 cuckoo_watch.h:44] 357ms in ProcessBatch(D:\artmonline\data\datasets\postnauka\batches\aaaaaa.batch) [including 29ms in LoadMessage; 7ms in InitializeSparseNdw; 309ms in InferThetaAndUpdateNwtSparse; ]
I0118 19:43:46.787444  5964 cuckoo_watch.h:44] 360ms in ProcessBatch(D:\artmonline\data\datasets\postnauka\batches\aaaaac.batch) [including 19ms in LoadMessage; 7ms in InitializeSparseNdw; 324ms in InferThetaAndUpdateNwtSparse; ]
I0118 19:43:46.789450  5944 master_component.cc:991] NormalizeModelArgs: pwt_target_name=pwt, nwt_source_name=nwt, rwt_source_name=
I0118 19:43:46.789450  5944 master_component.cc:617] MasterComponent: start normalizing model nwt
I0118 19:43:46.790452  7648 processor.cc:676] No data in processing queue, waiting...
I0118 19:43:46.824543 14252 processor.cc:676] No data in processing queue, waiting...
I0118 19:43:46.825546  5964 processor.cc:676] No data in processing queue, waiting...
I0118 19:43:46.886709  5944 master_component.cc:639] MasterComponent: complete normalizing model nwt
I0118 19:43:46.886709  5944 master_component.cc:1015] DisposeModel rwt
I0118 19:43:46.886709  5944 c_interface.cc:332] Pass FitOfflineMasterModelArgs, batch_filename_size=4, batch_weight_size=4, num_collection_passes=1 to void (__cdecl artm::core::MasterComponent::*)(class artm::FitOfflineMasterModelArgs const & __ptr64) __ptr64
I0118 19:43:46.886709  5944 master_component.cc:942] ProcessBatchesArgs: nwt_target_name=nwt, batch_filename_size=4, batch_size=0, batch_weight_size=4, pwt_source_name=pwt, num_document_passes=10, reuse_theta=no, opt_for_avx=no, predict_class_id=
I0118 19:43:46.971935 13284 processor.cc:683] Processing queue has data, processing started
I0118 19:43:46.971935 10084 processor.cc:683] Processing queue has data, processing started
I0118 19:43:46.973939  5964 processor.cc:683] Processing queue has data, processing started
I0118 19:43:46.973939  6148 processor.cc:683] Processing queue has data, processing started
I0118 19:43:46.993995  5964 processor.cc:760] Processor: start processing batch 63a971d5-ee45-4a81-af90-b13bc24b65ef into model nwt
I0118 19:43:47.003026 10084 processor.cc:760] Processor: start processing batch 78d1e5cc-e964-4dd6-aaf9-4259acf2d88c into model nwt
I0118 19:43:47.003026 13284 processor.cc:760] Processor: start processing batch c9384c5d-9449-4053-9558-8cae7b66e788 into model nwt
I0118 19:43:47.010036  6148 processor.cc:760] Processor: start processing batch 441e946a-cce4-4043-ab0b-7f99e5b393ee into model nwt
I0118 19:43:47.155422  5964 processor.cc:856] Processor: complete processing batch 63a971d5-ee45-4a81-af90-b13bc24b65ef into model nwt
I0118 19:43:47.158432  5964 cuckoo_watch.h:44] 184ms in ProcessBatch(D:\artmonline\data\datasets\postnauka\batches\aaaaad.batch) [including 16ms in LoadMessage; 1ms in InitializeSparseNdw; 159ms in InferThetaAndUpdateNwtSparse; ]
I0118 19:43:47.190515  5964 processor.cc:676] No data in processing queue, waiting...
I0118 19:43:47.289779 13284 processor.cc:856] Processor: complete processing batch c9384c5d-9449-4053-9558-8cae7b66e788 into model nwt
I0118 19:43:47.294795 13284 cuckoo_watch.h:44] 322ms in ProcessBatch(D:\artmonline\data\datasets\postnauka\batches\aaaaaa.batch) [including 27ms in LoadMessage; 10ms in InitializeSparseNdw; 276ms in InferThetaAndUpdateNwtSparse; ]
I0118 19:43:47.318857 10084 processor.cc:856] Processor: complete processing batch 78d1e5cc-e964-4dd6-aaf9-4259acf2d88c into model nwt
I0118 19:43:47.324872 10084 cuckoo_watch.h:44] 353ms in ProcessBatch(D:\artmonline\data\datasets\postnauka\batches\aaaaab.batch) [including 27ms in LoadMessage; 10ms in InitializeSparseNdw; 304ms in InferThetaAndUpdateNwtSparse; ]
I0118 19:43:47.330888 13284 processor.cc:676] No data in processing queue, waiting...
I0118 19:43:47.353950  6148 processor.cc:856] Processor: complete processing batch 441e946a-cce4-4043-ab0b-7f99e5b393ee into model nwt
I0118 19:43:47.357960  6148 cuckoo_watch.h:44] 384ms in ProcessBatch(D:\artmonline\data\datasets\postnauka\batches\aaaaac.batch) [including 29ms in LoadMessage; 6ms in InitializeSparseNdw; 336ms in InferThetaAndUpdateNwtSparse; ]
I0118 19:43:47.360043  5944 master_component.cc:991] NormalizeModelArgs: pwt_target_name=pwt, nwt_source_name=nwt, rwt_source_name=
I0118 19:43:47.360043  5944 master_component.cc:617] MasterComponent: start normalizing model nwt
I0118 19:43:47.365057 10084 processor.cc:676] No data in processing queue, waiting...
I0118 19:43:47.393133  6148 processor.cc:676] No data in processing queue, waiting...
I0118 19:43:47.457303  5944 master_component.cc:639] MasterComponent: complete normalizing model nwt
I0118 19:43:47.457303  5944 master_component.cc:1015] DisposeModel rwt
I0118 19:43:47.457303  5944 c_interface.cc:332] Pass FitOfflineMasterModelArgs, batch_filename_size=4, batch_weight_size=4, num_collection_passes=1 to void (__cdecl artm::core::MasterComponent::*)(class artm::FitOfflineMasterModelArgs const & __ptr64) __ptr64
I0118 19:43:47.457303  5944 master_component.cc:942] ProcessBatchesArgs: nwt_target_name=nwt, batch_filename_size=4, batch_size=0, batch_weight_size=4, pwt_source_name=pwt, num_document_passes=10, reuse_theta=no, opt_for_avx=no, predict_class_id=
I0118 19:43:47.550554 13588 processor.cc:683] Processing queue has data, processing started
I0118 19:43:47.550554  7648 processor.cc:683] Processing queue has data, processing started
I0118 19:43:47.550554 13284 processor.cc:683] Processing queue has data, processing started
I0118 19:43:47.550554  4924 processor.cc:683] Processing queue has data, processing started
I0118 19:43:47.565592  4924 processor.cc:760] Processor: start processing batch 63a971d5-ee45-4a81-af90-b13bc24b65ef into model nwt
I0118 19:43:47.574615  7648 processor.cc:760] Processor: start processing batch 78d1e5cc-e964-4dd6-aaf9-4259acf2d88c into model nwt
I0118 19:43:47.575618 13284 processor.cc:760] Processor: start processing batch 441e946a-cce4-4043-ab0b-7f99e5b393ee into model nwt
I0118 19:43:47.576622 13588 processor.cc:760] Processor: start processing batch c9384c5d-9449-4053-9558-8cae7b66e788 into model nwt
I0118 19:43:47.720001  4924 processor.cc:856] Processor: complete processing batch 63a971d5-ee45-4a81-af90-b13bc24b65ef into model nwt
I0118 19:43:47.723009  4924 cuckoo_watch.h:44] 172ms in ProcessBatch(D:\artmonline\data\datasets\postnauka\batches\aaaaad.batch) [including 11ms in LoadMessage; 2ms in InitializeSparseNdw; 151ms in InferThetaAndUpdateNwtSparse; ]
I0118 19:43:47.751083  4924 processor.cc:676] No data in processing queue, waiting...
I0118 19:43:47.878422 13588 processor.cc:856] Processor: complete processing batch c9384c5d-9449-4053-9558-8cae7b66e788 into model nwt
I0118 19:43:47.883435 13284 processor.cc:856] Processor: complete processing batch 441e946a-cce4-4043-ab0b-7f99e5b393ee into model nwt
I0118 19:43:47.884438 13588 cuckoo_watch.h:44] 334ms in ProcessBatch(D:\artmonline\data\datasets\postnauka\batches\aaaaaa.batch) [including 21ms in LoadMessage; 11ms in InitializeSparseNdw; 289ms in InferThetaAndUpdateNwtSparse; ]
I0118 19:43:47.888448 13284 cuckoo_watch.h:44] 338ms in ProcessBatch(D:\artmonline\data\datasets\postnauka\batches\aaaaac.batch) [including 20ms in LoadMessage; 11ms in InitializeSparseNdw; 296ms in InferThetaAndUpdateNwtSparse; ]
I0118 19:43:47.899478  7648 processor.cc:856] Processor: complete processing batch 78d1e5cc-e964-4dd6-aaf9-4259acf2d88c into model nwt
I0118 19:43:47.905493  7648 cuckoo_watch.h:44] 354ms in ProcessBatch(D:\artmonline\data\datasets\postnauka\batches\aaaaab.batch) [including 21ms in LoadMessage; 8ms in InitializeSparseNdw; 315ms in InferThetaAndUpdateNwtSparse; ]
I0118 19:43:47.906497  5944 master_component.cc:991] NormalizeModelArgs: pwt_target_name=pwt, nwt_source_name=nwt, rwt_source_name=
I0118 19:43:47.906497  5944 master_component.cc:617] MasterComponent: start normalizing model nwt
I0118 19:43:47.916523 13588 processor.cc:676] No data in processing queue, waiting...
I0118 19:43:47.919536 13284 processor.cc:676] No data in processing queue, waiting...
I0118 19:43:47.931563  7648 processor.cc:676] No data in processing queue, waiting...
I0118 19:43:48.017792  5944 master_component.cc:639] MasterComponent: complete normalizing model nwt
I0118 19:43:48.017792  5944 master_component.cc:1015] DisposeModel rwt
I0118 19:43:48.017792  5944 c_interface.cc:332] Pass FitOfflineMasterModelArgs, batch_filename_size=4, batch_weight_size=4, num_collection_passes=1 to void (__cdecl artm::core::MasterComponent::*)(class artm::FitOfflineMasterModelArgs const & __ptr64) __ptr64
I0118 19:43:48.017792  5944 master_component.cc:942] ProcessBatchesArgs: nwt_target_name=nwt, batch_filename_size=4, batch_size=0, batch_weight_size=4, pwt_source_name=pwt, num_document_passes=10, reuse_theta=no, opt_for_avx=no, predict_class_id=
I0118 19:43:48.111317  7648 processor.cc:683] Processing queue has data, processing started
I0118 19:43:48.111317  4924 processor.cc:683] Processing queue has data, processing started
I0118 19:43:48.111317 13588 processor.cc:683] Processing queue has data, processing started
I0118 19:43:48.111317 10084 processor.cc:683] Processing queue has data, processing started
I0118 19:43:48.125371  4924 processor.cc:760] Processor: start processing batch 63a971d5-ee45-4a81-af90-b13bc24b65ef into model nwt
I0118 19:43:48.137403 13588 processor.cc:760] Processor: start processing batch 78d1e5cc-e964-4dd6-aaf9-4259acf2d88c into model nwt
I0118 19:43:48.141415  7648 processor.cc:760] Processor: start processing batch c9384c5d-9449-4053-9558-8cae7b66e788 into model nwt
I0118 19:43:48.142421 10084 processor.cc:760] Processor: start processing batch 441e946a-cce4-4043-ab0b-7f99e5b393ee into model nwt
I0118 19:43:48.283792  4924 processor.cc:856] Processor: complete processing batch 63a971d5-ee45-4a81-af90-b13bc24b65ef into model nwt
I0118 19:43:48.286799  4924 cuckoo_watch.h:44] 176ms in ProcessBatch(D:\artmonline\data\datasets\postnauka\batches\aaaaad.batch) [including 9ms in LoadMessage; 2ms in InitializeSparseNdw; 155ms in InferThetaAndUpdateNwtSparse; ]
I0118 19:43:48.325903  4924 processor.cc:676] No data in processing queue, waiting...
I0118 19:43:48.465288  7648 processor.cc:856] Processor: complete processing batch c9384c5d-9449-4053-9558-8cae7b66e788 into model nwt
I0118 19:43:48.468281 10084 processor.cc:856] Processor: complete processing batch 441e946a-cce4-4043-ab0b-7f99e5b393ee into model nwt
I0118 19:43:48.469285  7648 cuckoo_watch.h:44] 358ms in ProcessBatch(D:\artmonline\data\datasets\postnauka\batches\aaaaaa.batch) [including 23ms in LoadMessage; 9ms in InitializeSparseNdw; 314ms in InferThetaAndUpdateNwtSparse; ]
I0118 19:43:48.474298 10084 cuckoo_watch.h:44] 363ms in ProcessBatch(D:\artmonline\data\datasets\postnauka\batches\aaaaac.batch) [including 25ms in LoadMessage; 9ms in InitializeSparseNdw; 317ms in InferThetaAndUpdateNwtSparse; ]
I0118 19:43:48.480314 13588 processor.cc:856] Processor: complete processing batch 78d1e5cc-e964-4dd6-aaf9-4259acf2d88c into model nwt
I0118 19:43:48.487334 13588 cuckoo_watch.h:44] 376ms in ProcessBatch(D:\artmonline\data\datasets\postnauka\batches\aaaaab.batch) [including 21ms in LoadMessage; 7ms in InitializeSparseNdw; 335ms in InferThetaAndUpdateNwtSparse; ]
I0118 19:43:48.489569  5944 master_component.cc:991] NormalizeModelArgs: pwt_target_name=pwt, nwt_source_name=nwt, rwt_source_name=
I0118 19:43:48.489569  5944 master_component.cc:617] MasterComponent: start normalizing model nwt
I0118 19:43:48.506618  7648 processor.cc:676] No data in processing queue, waiting...
I0118 19:43:48.510627 10084 processor.cc:676] No data in processing queue, waiting...
I0118 19:43:48.516644 13588 processor.cc:676] No data in processing queue, waiting...
I0118 19:43:48.589839  5944 master_component.cc:639] MasterComponent: complete normalizing model nwt
I0118 19:43:48.589839  5944 master_component.cc:1015] DisposeModel rwt
I0118 19:43:48.589839  5944 c_interface.cc:332] Pass FitOfflineMasterModelArgs, batch_filename_size=4, batch_weight_size=4, num_collection_passes=1 to void (__cdecl artm::core::MasterComponent::*)(class artm::FitOfflineMasterModelArgs const & __ptr64) __ptr64
I0118 19:43:48.589839  5944 master_component.cc:942] ProcessBatchesArgs: nwt_target_name=nwt, batch_filename_size=4, batch_size=0, batch_weight_size=4, pwt_source_name=pwt, num_document_passes=10, reuse_theta=no, opt_for_avx=no, predict_class_id=
I0118 19:43:48.674064  5964 processor.cc:683] Processing queue has data, processing started
I0118 19:43:48.675097 10084 processor.cc:683] Processing queue has data, processing started
I0118 19:43:48.675097  7648 processor.cc:683] Processing queue has data, processing started
I0118 19:43:48.675097 13284 processor.cc:683] Processing queue has data, processing started
I0118 19:43:48.688100 13284 processor.cc:760] Processor: start processing batch 63a971d5-ee45-4a81-af90-b13bc24b65ef into model nwt
I0118 19:43:48.696125  5964 processor.cc:760] Processor: start processing batch c9384c5d-9449-4053-9558-8cae7b66e788 into model nwt
I0118 19:43:48.700136  7648 processor.cc:760] Processor: start processing batch 441e946a-cce4-4043-ab0b-7f99e5b393ee into model nwt
I0118 19:43:48.700136 10084 processor.cc:760] Processor: start processing batch 78d1e5cc-e964-4dd6-aaf9-4259acf2d88c into model nwt
I0118 19:43:48.838500 13284 processor.cc:856] Processor: complete processing batch 63a971d5-ee45-4a81-af90-b13bc24b65ef into model nwt
I0118 19:43:48.841507 13284 cuckoo_watch.h:44] 166ms in ProcessBatch(D:\artmonline\data\datasets\postnauka\batches\aaaaad.batch) [including 9ms in LoadMessage; 2ms in InitializeSparseNdw; 147ms in InferThetaAndUpdateNwtSparse; ]
I0118 19:43:48.877602 13284 processor.cc:676] No data in processing queue, waiting...
I0118 19:43:48.988899  5964 processor.cc:856] Processor: complete processing batch c9384c5d-9449-4053-9558-8cae7b66e788 into model nwt
I0118 19:43:48.993912  5964 cuckoo_watch.h:44] 320ms in ProcessBatch(D:\artmonline\data\datasets\postnauka\batches\aaaaaa.batch) [including 17ms in LoadMessage; 6ms in InitializeSparseNdw; 285ms in InferThetaAndUpdateNwtSparse; ]
I0118 19:43:49.024994 10084 processor.cc:856] Processor: complete processing batch 78d1e5cc-e964-4dd6-aaf9-4259acf2d88c into model nwt
I0118 19:43:49.030009 10084 cuckoo_watch.h:44] 355ms in ProcessBatch(D:\artmonline\data\datasets\postnauka\batches\aaaaab.batch) [including 19ms in LoadMessage; 9ms in InitializeSparseNdw; 315ms in InferThetaAndUpdateNwtSparse; ]
I0118 19:43:49.031010  5964 processor.cc:676] No data in processing queue, waiting...
I0118 19:43:49.048056  7648 processor.cc:856] Processor: complete processing batch 441e946a-cce4-4043-ab0b-7f99e5b393ee into model nwt
I0118 19:43:49.054072  7648 cuckoo_watch.h:44] 379ms in ProcessBatch(D:\artmonline\data\datasets\postnauka\batches\aaaaac.batch) [including 18ms in LoadMessage; 9ms in InitializeSparseNdw; 339ms in InferThetaAndUpdateNwtSparse; ]
I0118 19:43:49.056824  5944 master_component.cc:991] NormalizeModelArgs: pwt_target_name=pwt, nwt_source_name=nwt, rwt_source_name=
I0118 19:43:49.056824  5944 master_component.cc:617] MasterComponent: start normalizing model nwt
I0118 19:43:49.064848 10084 processor.cc:676] No data in processing queue, waiting...
I0118 19:43:49.083902  7648 processor.cc:676] No data in processing queue, waiting...
I0118 19:43:49.166119  5944 master_component.cc:639] MasterComponent: complete normalizing model nwt
I0118 19:43:49.166119  5944 master_component.cc:1015] DisposeModel rwt
I0118 19:43:49.167122  5944 c_interface.cc:332] Pass FitOfflineMasterModelArgs, batch_filename_size=4, batch_weight_size=4, num_collection_passes=1 to void (__cdecl artm::core::MasterComponent::*)(class artm::FitOfflineMasterModelArgs const & __ptr64) __ptr64
I0118 19:43:49.167122  5944 master_component.cc:942] ProcessBatchesArgs: nwt_target_name=nwt, batch_filename_size=4, batch_size=0, batch_weight_size=4, pwt_source_name=pwt, num_document_passes=10, reuse_theta=no, opt_for_avx=no, predict_class_id=
I0118 19:43:49.258363 13284 processor.cc:683] Processing queue has data, processing started
I0118 19:43:49.259366 10084 processor.cc:683] Processing queue has data, processing started
I0118 19:43:49.259366  5964 processor.cc:683] Processing queue has data, processing started
I0118 19:43:49.259366 14252 processor.cc:683] Processing queue has data, processing started
I0118 19:43:49.278416 14252 processor.cc:760] Processor: start processing batch 63a971d5-ee45-4a81-af90-b13bc24b65ef into model nwt
I0118 19:43:49.290449  5964 processor.cc:760] Processor: start processing batch 441e946a-cce4-4043-ab0b-7f99e5b393ee into model nwt
I0118 19:43:49.290449 13284 processor.cc:760] Processor: start processing batch c9384c5d-9449-4053-9558-8cae7b66e788 into model nwt
I0118 19:43:49.291452 10084 processor.cc:760] Processor: start processing batch 78d1e5cc-e964-4dd6-aaf9-4259acf2d88c into model nwt
I0118 19:43:49.468928 14252 processor.cc:856] Processor: complete processing batch 63a971d5-ee45-4a81-af90-b13bc24b65ef into model nwt
I0118 19:43:49.473937 14252 cuckoo_watch.h:44] 214ms in ProcessBatch(D:\artmonline\data\datasets\postnauka\batches\aaaaad.batch) [including 15ms in LoadMessage; 3ms in InitializeSparseNdw; 187ms in InferThetaAndUpdateNwtSparse; ]
I0118 19:43:49.500015 14252 processor.cc:676] No data in processing queue, waiting...
I0118 19:43:49.645392 10084 processor.cc:856] Processor: complete processing batch 78d1e5cc-e964-4dd6-aaf9-4259acf2d88c into model nwt
I0118 19:43:49.651408 13284 processor.cc:856] Processor: complete processing batch c9384c5d-9449-4053-9558-8cae7b66e788 into model nwt
I0118 19:43:49.652411 10084 cuckoo_watch.h:44] 393ms in ProcessBatch(D:\artmonline\data\datasets\postnauka\batches\aaaaab.batch) [including 28ms in LoadMessage; 12ms in InitializeSparseNdw; 340ms in InferThetaAndUpdateNwtSparse; ]
I0118 19:43:49.656422 13284 cuckoo_watch.h:44] 398ms in ProcessBatch(D:\artmonline\data\datasets\postnauka\batches\aaaaaa.batch) [including 27ms in LoadMessage; 9ms in InitializeSparseNdw; 351ms in InferThetaAndUpdateNwtSparse; ]
I0118 19:43:49.665460  5964 processor.cc:856] Processor: complete processing batch 441e946a-cce4-4043-ab0b-7f99e5b393ee into model nwt
I0118 19:43:49.669456  5964 cuckoo_watch.h:44] 410ms in ProcessBatch(D:\artmonline\data\datasets\postnauka\batches\aaaaac.batch) [including 27ms in LoadMessage; 10ms in InitializeSparseNdw; 363ms in InferThetaAndUpdateNwtSparse; ]
I0118 19:43:49.670460  5944 master_component.cc:991] NormalizeModelArgs: pwt_target_name=pwt, nwt_source_name=nwt, rwt_source_name=
I0118 19:43:49.670460  5944 master_component.cc:617] MasterComponent: start normalizing model nwt
I0118 19:43:49.689509 10084 processor.cc:676] No data in processing queue, waiting...
I0118 19:43:49.693521 13284 processor.cc:676] No data in processing queue, waiting...
I0118 19:43:49.700538  5964 processor.cc:676] No data in processing queue, waiting...
I0118 19:43:49.780751  5944 master_component.cc:639] MasterComponent: complete normalizing model nwt
I0118 19:43:49.780751  5944 master_component.cc:1015] DisposeModel rwt
I0118 19:43:49.780751  5944 c_interface.cc:332] Pass FitOfflineMasterModelArgs, batch_filename_size=4, batch_weight_size=4, num_collection_passes=1 to void (__cdecl artm::core::MasterComponent::*)(class artm::FitOfflineMasterModelArgs const & __ptr64) __ptr64
I0118 19:43:49.780751  5944 master_component.cc:942] ProcessBatchesArgs: nwt_target_name=nwt, batch_filename_size=4, batch_size=0, batch_weight_size=4, pwt_source_name=pwt, num_document_passes=10, reuse_theta=no, opt_for_avx=no, predict_class_id=
I0118 19:43:49.868988 13284 processor.cc:683] Processing queue has data, processing started
I0118 19:43:49.868988  6148 processor.cc:683] Processing queue has data, processing started
I0118 19:43:49.868988  4924 processor.cc:683] Processing queue has data, processing started
I0118 19:43:49.868988 13588 processor.cc:683] Processing queue has data, processing started
I0118 19:43:49.885030 13588 processor.cc:760] Processor: start processing batch 63a971d5-ee45-4a81-af90-b13bc24b65ef into model nwt
I0118 19:43:49.891047  4924 processor.cc:760] Processor: start processing batch 441e946a-cce4-4043-ab0b-7f99e5b393ee into model nwt
I0118 19:43:49.891047  6148 processor.cc:760] Processor: start processing batch 78d1e5cc-e964-4dd6-aaf9-4259acf2d88c into model nwt
I0118 19:43:49.900069 13284 processor.cc:760] Processor: start processing batch c9384c5d-9449-4053-9558-8cae7b66e788 into model nwt
I0118 19:43:50.028411 13588 processor.cc:856] Processor: complete processing batch 63a971d5-ee45-4a81-af90-b13bc24b65ef into model nwt
I0118 19:43:50.032421 13588 cuckoo_watch.h:44] 163ms in ProcessBatch(D:\artmonline\data\datasets\postnauka\batches\aaaaad.batch) [including 11ms in LoadMessage; 2ms in InitializeSparseNdw; 140ms in InferThetaAndUpdateNwtSparse; ]
I0118 19:43:50.067514 13588 processor.cc:676] No data in processing queue, waiting...
I0118 19:43:50.205883 13284 processor.cc:856] Processor: complete processing batch c9384c5d-9449-4053-9558-8cae7b66e788 into model nwt
I0118 19:43:50.209892 13284 cuckoo_watch.h:44] 341ms in ProcessBatch(D:\artmonline\data\datasets\postnauka\batches\aaaaaa.batch) [including 25ms in LoadMessage; 6ms in InitializeSparseNdw; 299ms in InferThetaAndUpdateNwtSparse; ]
I0118 19:43:50.215909  4924 processor.cc:856] Processor: complete processing batch 441e946a-cce4-4043-ab0b-7f99e5b393ee into model nwt
I0118 19:43:50.221925  4924 cuckoo_watch.h:44] 353ms in ProcessBatch(D:\artmonline\data\datasets\postnauka\batches\aaaaac.batch) [including 17ms in LoadMessage; 6ms in InitializeSparseNdw; 318ms in InferThetaAndUpdateNwtSparse; ]
I0118 19:43:50.232954  6148 processor.cc:856] Processor: complete processing batch 78d1e5cc-e964-4dd6-aaf9-4259acf2d88c into model nwt
I0118 19:43:50.236964  6148 cuckoo_watch.h:44] 368ms in ProcessBatch(D:\artmonline\data\datasets\postnauka\batches\aaaaab.batch) [including 17ms in LoadMessage; 8ms in InitializeSparseNdw; 333ms in InferThetaAndUpdateNwtSparse; ]
I0118 19:43:50.238955  5944 master_component.cc:991] NormalizeModelArgs: pwt_target_name=pwt, nwt_source_name=nwt, rwt_source_name=
I0118 19:43:50.238955  5944 master_component.cc:617] MasterComponent: start normalizing model nwt
I0118 19:43:50.239959 13284 processor.cc:676] No data in processing queue, waiting...
I0118 19:43:50.253996  4924 processor.cc:676] No data in processing queue, waiting...
I0118 19:43:50.272043  6148 processor.cc:676] No data in processing queue, waiting...
I0118 19:43:50.340260  5944 master_component.cc:639] MasterComponent: complete normalizing model nwt
I0118 19:43:50.340260  5944 master_component.cc:1015] DisposeModel rwt
I0118 19:43:50.344257  5944 c_interface.cc:318] Pass c5ef0344-e5c6-417b-a1ca-34b5d334c770 to void (__cdecl artm::core::MasterComponent::*)(class std::basic_string<char,struct std::char_traits<char>,class std::allocator<char> > const & __ptr64) __ptr64
I0118 19:43:50.359277  5944 c_interface.cc:283] Disposing MasterComponent (id=6)...
I0118 19:43:50.359277  5944 c_interface.cc:318] Pass dictionary to void (__cdecl artm::core::MasterComponent::*)(class std::basic_string<char,struct std::char_traits<char>,class std::allocator<char> > const & __ptr64) __ptr64
I0118 19:43:50.374317  5944 c_interface.cc:283] Disposing MasterComponent (id=7)...
I0118 19:43:50.377326  5944 c_interface.cc:180] ArtmCopyRequestedMessage is copying 30919 bytes...
W0118 19:43:50.433475  5944 check_messages.h:833] Inconsistent fields size in ThetaMatrix: 3446 vs 0 vs 3446 vs 0;
I0118 19:43:50.434476  5944 c_interface.cc:180] ArtmCopyRequestedMessage is copying 17135 bytes...
I0118 19:43:50.448513  5944 c_interface.cc:185] ArtmCopyRequestedObject is copying 137840 bytes...
I0118 19:43:50.461432  5944 phi_matrix_operations.cc:82] RetrieveExternalTopicModel() with 10 topics, 73513 tokens
I0118 19:43:50.529609  5944 c_interface.cc:180] ArtmCopyRequestedMessage is copying 2152765 bytes...
I0118 19:43:52.230303  5944 phi_matrix_operations.cc:82] RetrieveExternalTopicModel() with 10 topics, 73513 tokens
I0118 19:43:52.290457  5944 c_interface.cc:180] ArtmCopyRequestedMessage is copying 1858713 bytes...
I0118 19:43:52.637380  5944 c_interface.cc:185] ArtmCopyRequestedObject is copying 2940520 bytes...
I0118 19:43:56.673481  5964 processor.cc:668] Processor thread stopped
I0118 19:43:56.673481  5964 processor.cc:669] Total number of processed batches: 6
I0118 19:43:56.677458 10084 processor.cc:668] Processor thread stopped
I0118 19:43:56.677458 10084 processor.cc:669] Total number of processed batches: 5
I0118 19:43:56.679462  7648 processor.cc:668] Processor thread stopped
I0118 19:43:56.679462  7648 processor.cc:669] Total number of processed batches: 5
I0118 19:43:56.681468 14252 processor.cc:668] Processor thread stopped
I0118 19:43:56.681468 14252 processor.cc:669] Total number of processed batches: 3
I0118 19:43:56.682471 13588 processor.cc:668] Processor thread stopped
I0118 19:43:56.682471 13588 processor.cc:669] Total number of processed batches: 7
I0118 19:43:56.683473  6148 processor.cc:668] Processor thread stopped
I0118 19:43:56.683473  6148 processor.cc:669] Total number of processed batches: 4
I0118 19:43:56.684476 13284 processor.cc:668] Processor thread stopped
I0118 19:43:56.684476 13284 processor.cc:669] Total number of processed batches: 6
I0118 19:43:56.685478  4924 processor.cc:668] Processor thread stopped
I0118 19:43:56.685478  4924 processor.cc:669] Total number of processed batches: 4
I0118 19:43:56.726588  5944 c_interface.cc:283] Disposing MasterComponent (id=8)...
