I0118 18:02:10.333957  8252 processor.cc:856] Processor: complete processing batch 81943d0c-2520-42ef-b5eb-fa01a0f80159 into model nwt
I0118 18:02:10.335963  8252 cuckoo_watch.h:44] 111ms in ProcessBatch(D:\artmonline\data\datasets\enron\batches\aaaabl.batch) [including 6ms in LoadMessage; 1ms in InitializeSparseNdw; 100ms in InferThetaAndUpdateNwtSparse; ]
I0118 18:02:10.337968  5304 processor.cc:856] Processor: complete processing batch e8490941-420f-4b43-99c1-d702c419b7e0 into model nwt
I0118 18:02:10.341986  5304 cuckoo_watch.h:44] 223ms in ProcessBatch(D:\artmonline\data\datasets\enron\batches\aaaabi.batch) [including 10ms in LoadMessage; 1ms in InitializeSparseNdw; 206ms in InferThetaAndUpdateNwtSparse; ]
I0118 18:02:10.345989 12564 processor.cc:676] No data in processing queue, waiting...
I0118 18:02:10.350000 10328 processor.cc:856] Processor: complete processing batch 5958f668-d428-4337-8b34-02f6d457f919 into model nwt
I0118 18:02:10.351003 10328 cuckoo_watch.h:44] 63ms in ProcessBatch(D:\artmonline\data\datasets\enron\batches\aaaabn.batch) [including 5ms in LoadMessage; 0ms in InitializeSparseNdw; 53ms in InferThetaAndUpdateNwtSparse; ]
I0118 18:02:10.366042 10136 processor.cc:676] No data in processing queue, waiting...
I0118 18:02:10.366042 11596 processor.cc:676] No data in processing queue, waiting...
I0118 18:02:10.371057  8252 processor.cc:676] No data in processing queue, waiting...
I0118 18:02:10.377073  5304 processor.cc:676] No data in processing queue, waiting...
I0118 18:02:10.377073 11204 processor.cc:856] Processor: complete processing batch ecf58dc7-cab0-4144-89ef-7bc40b2c41f4 into model nwt
I0118 18:02:10.379077 11204 cuckoo_watch.h:44] 97ms in ProcessBatch(D:\artmonline\data\datasets\enron\batches\aaaabm.batch) [including 6ms in LoadMessage; 1ms in InitializeSparseNdw; 85ms in InferThetaAndUpdateNwtSparse; ]
I0118 18:02:10.394148 10328 processor.cc:676] No data in processing queue, waiting...
I0118 18:02:10.403175 11732 processor.cc:856] Processor: complete processing batch 2ba972db-f725-43f7-b77d-55d74668f2cb into model nwt
I0118 18:02:10.406150 11732 cuckoo_watch.h:44] 296ms in ProcessBatch(D:\artmonline\data\datasets\enron\batches\aaaabh.batch) [including 13ms in LoadMessage; 4ms in InitializeSparseNdw; 274ms in InferThetaAndUpdateNwtSparse; ]
I0118 18:02:10.407187  1872 master_component.cc:991] NormalizeModelArgs: pwt_target_name=pwt, nwt_source_name=nwt, rwt_source_name=
I0118 18:02:10.407187  1872 master_component.cc:617] MasterComponent: start normalizing model nwt
I0118 18:02:10.421190 11204 processor.cc:676] No data in processing queue, waiting...
I0118 18:02:10.438262 11732 processor.cc:676] No data in processing queue, waiting...
I0118 18:02:10.438262  1872 master_component.cc:639] MasterComponent: complete normalizing model nwt
I0118 18:02:10.439239  1872 master_component.cc:1015] DisposeModel rwt
I0118 18:02:10.439239  1872 c_interface.cc:332] Pass FitOfflineMasterModelArgs, batch_filename_size=40, batch_weight_size=40, num_collection_passes=1 to void (__cdecl artm::core::MasterComponent::*)(class artm::FitOfflineMasterModelArgs const & __ptr64) __ptr64
I0118 18:02:10.439239  1872 master_component.cc:942] ProcessBatchesArgs: nwt_target_name=nwt, batch_filename_size=40, batch_size=0, batch_weight_size=40, pwt_source_name=pwt, num_document_passes=10, reuse_theta=no, opt_for_avx=no, predict_class_id=
I0118 18:02:10.462311 11204 processor.cc:683] Processing queue has data, processing started
I0118 18:02:10.462311  8252 processor.cc:683] Processing queue has data, processing started
I0118 18:02:10.462311 10136 processor.cc:683] Processing queue has data, processing started
I0118 18:02:10.462311 12564 processor.cc:683] Processing queue has data, processing started
I0118 18:02:10.464304 10328 processor.cc:683] Processing queue has data, processing started
I0118 18:02:10.464304 11732 processor.cc:683] Processing queue has data, processing started
I0118 18:02:10.464304  5304 processor.cc:683] Processing queue has data, processing started
I0118 18:02:10.464304 11596 processor.cc:683] Processing queue has data, processing started
I0118 18:02:10.468314  8252 processor.cc:760] Processor: start processing batch 2bdf09f9-52bc-4b22-ab78-dea03107431e into model nwt
I0118 18:02:10.469318 11204 processor.cc:760] Processor: start processing batch 3a5ae891-5e0a-4acf-af8e-cb55a733f6de into model nwt
I0118 18:02:10.469318 12564 processor.cc:760] Processor: start processing batch 8b44ca11-ba45-4a18-b79c-7f6875f6386f into model nwt
I0118 18:02:10.473328  5304 processor.cc:760] Processor: start processing batch c9ec9ff5-97ad-4a9f-9e0c-92ecb139ac9a into model nwt
I0118 18:02:10.475337 10328 processor.cc:760] Processor: start processing batch 5bc107be-fb47-41c4-97f9-538f1eb34815 into model nwt
I0118 18:02:10.476338 11732 processor.cc:760] Processor: start processing batch 81b6a2ef-3ca6-4781-90ea-daca3a2057c9 into model nwt
I0118 18:02:10.478343 11596 processor.cc:760] Processor: start processing batch 581b98f4-a888-4ee1-abd6-937cded45ff0 into model nwt
I0118 18:02:10.480347 10136 processor.cc:760] Processor: start processing batch bb7f41b7-b1e3-4fe5-98a9-783f33d3755e into model nwt
I0118 18:02:10.534492 11204 processor.cc:856] Processor: complete processing batch 3a5ae891-5e0a-4acf-af8e-cb55a733f6de into model nwt
I0118 18:02:10.536497 11204 cuckoo_watch.h:44] 74ms in ProcessBatch(D:\artmonline\data\datasets\enron\batches\aaaaad.batch) [including 5ms in LoadMessage; 0ms in InitializeSparseNdw; 63ms in InferThetaAndUpdateNwtSparse; ]
I0118 18:02:10.538502  8252 processor.cc:856] Processor: complete processing batch 2bdf09f9-52bc-4b22-ab78-dea03107431e into model nwt
I0118 18:02:10.539505  8252 cuckoo_watch.h:44] 77ms in ProcessBatch(D:\artmonline\data\datasets\enron\batches\aaaaaa.batch) [including 5ms in LoadMessage; 1ms in InitializeSparseNdw; 67ms in InferThetaAndUpdateNwtSparse; ]
I0118 18:02:10.543515 11204 processor.cc:760] Processor: start processing batch d7141948-7a07-4635-9468-d3477a117e3d into model nwt
I0118 18:02:10.546524  8252 processor.cc:760] Processor: start processing batch 4dd37288-bde4-4e02-942b-8236d22f7d56 into model nwt
I0118 18:02:10.549533 11596 processor.cc:856] Processor: complete processing batch 581b98f4-a888-4ee1-abd6-937cded45ff0 into model nwt
I0118 18:02:10.550535 11596 cuckoo_watch.h:44] 87ms in ProcessBatch(D:\artmonline\data\datasets\enron\batches\aaaaah.batch) [including 12ms in LoadMessage; 0ms in InitializeSparseNdw; 69ms in InferThetaAndUpdateNwtSparse; ]
I0118 18:02:10.556550 12564 processor.cc:856] Processor: complete processing batch 8b44ca11-ba45-4a18-b79c-7f6875f6386f into model nwt
I0118 18:02:10.558557 12564 cuckoo_watch.h:44] 96ms in ProcessBatch(D:\artmonline\data\datasets\enron\batches\aaaaac.batch) [including 6ms in LoadMessage; 1ms in InitializeSparseNdw; 85ms in InferThetaAndUpdateNwtSparse; ]
I0118 18:02:10.558557 11596 processor.cc:760] Processor: start processing batch 097ecd20-21ca-45f2-86e6-5cc2ee317fc1 into model nwt
I0118 18:02:10.566577 12564 processor.cc:760] Processor: start processing batch beb6ca9e-283b-4f7d-8e2e-49dbd40668f7 into model nwt
I0118 18:02:10.574601  5304 processor.cc:856] Processor: complete processing batch c9ec9ff5-97ad-4a9f-9e0c-92ecb139ac9a into model nwt
I0118 18:02:10.575600  5304 cuckoo_watch.h:44] 112ms in ProcessBatch(D:\artmonline\data\datasets\enron\batches\aaaaag.batch) [including 7ms in LoadMessage; 1ms in InitializeSparseNdw; 99ms in InferThetaAndUpdateNwtSparse; ]
I0118 18:02:10.581617  5304 processor.cc:760] Processor: start processing batch b2304b78-c310-4a54-b6c1-931be31bdb85 into model nwt
I0118 18:02:10.583622 11732 processor.cc:856] Processor: complete processing batch 81b6a2ef-3ca6-4781-90ea-daca3a2057c9 into model nwt
I0118 18:02:10.585628 11732 cuckoo_watch.h:44] 121ms in ProcessBatch(D:\artmonline\data\datasets\enron\batches\aaaaaf.batch) [including 10ms in LoadMessage; 1ms in InitializeSparseNdw; 105ms in InferThetaAndUpdateNwtSparse; ]
I0118 18:02:10.586632 10136 processor.cc:856] Processor: complete processing batch bb7f41b7-b1e3-4fe5-98a9-783f33d3755e into model nwt
I0118 18:02:10.587631 10136 cuckoo_watch.h:44] 126ms in ProcessBatch(D:\artmonline\data\datasets\enron\batches\aaaaab.batch) [including 8ms in LoadMessage; 1ms in InitializeSparseNdw; 104ms in InferThetaAndUpdateNwtSparse; ]
I0118 18:02:10.592646 11732 processor.cc:760] Processor: start processing batch c8d455b9-44ed-4d54-82b1-cb4faf1bdba9 into model nwt
I0118 18:02:10.595654 10136 processor.cc:760] Processor: start processing batch ec696f0d-3137-4166-bbe0-587f26484cea into model nwt
I0118 18:02:10.612699 10328 processor.cc:856] Processor: complete processing batch 5bc107be-fb47-41c4-97f9-538f1eb34815 into model nwt
I0118 18:02:10.613701 10328 cuckoo_watch.h:44] 150ms in ProcessBatch(D:\artmonline\data\datasets\enron\batches\aaaaae.batch) [including 9ms in LoadMessage; 2ms in InitializeSparseNdw; 134ms in InferThetaAndUpdateNwtSparse; ]
I0118 18:02:10.619717 11204 processor.cc:856] Processor: complete processing batch d7141948-7a07-4635-9468-d3477a117e3d into model nwt
I0118 18:02:10.620720 11204 cuckoo_watch.h:44] 84ms in ProcessBatch(D:\artmonline\data\datasets\enron\batches\aaaaai.batch) [including 5ms in LoadMessage; 0ms in InitializeSparseNdw; 74ms in InferThetaAndUpdateNwtSparse; ]
I0118 18:02:10.621723 10328 processor.cc:760] Processor: start processing batch e5acb4be-4bd2-4268-a1a1-ddd15ed04b50 into model nwt
I0118 18:02:10.627740 11204 processor.cc:760] Processor: start processing batch 58dc6c2c-5351-45fb-a5e5-898716215902 into model nwt
I0118 18:02:10.627740  8252 processor.cc:856] Processor: complete processing batch 4dd37288-bde4-4e02-942b-8236d22f7d56 into model nwt
I0118 18:02:10.629746  8252 cuckoo_watch.h:44] 90ms in ProcessBatch(D:\artmonline\data\datasets\enron\batches\aaaaaj.batch) [including 5ms in LoadMessage; 0ms in InitializeSparseNdw; 80ms in InferThetaAndUpdateNwtSparse; ]
I0118 18:02:10.631750  5304 processor.cc:856] Processor: complete processing batch b2304b78-c310-4a54-b6c1-931be31bdb85 into model nwt
I0118 18:02:10.632753  5304 cuckoo_watch.h:44] 57ms in ProcessBatch(D:\artmonline\data\datasets\enron\batches\aaaaam.batch) [including 4ms in LoadMessage; 0ms in InitializeSparseNdw; 49ms in InferThetaAndUpdateNwtSparse; ]
I0118 18:02:10.637766  8252 processor.cc:760] Processor: start processing batch 92ef96f8-5112-4c6b-8ee6-44fd8842a933 into model nwt
I0118 18:02:10.643782  5304 processor.cc:760] Processor: start processing batch 94909c06-810d-44ab-af32-f1fec94c7e68 into model nwt
I0118 18:02:10.645788 11596 processor.cc:856] Processor: complete processing batch 097ecd20-21ca-45f2-86e6-5cc2ee317fc1 into model nwt
I0118 18:02:10.646791 12564 processor.cc:856] Processor: complete processing batch beb6ca9e-283b-4f7d-8e2e-49dbd40668f7 into model nwt
I0118 18:02:10.646791 11596 cuckoo_watch.h:44] 96ms in ProcessBatch(D:\artmonline\data\datasets\enron\batches\aaaaak.batch) [including 6ms in LoadMessage; 1ms in InitializeSparseNdw; 84ms in InferThetaAndUpdateNwtSparse; ]
I0118 18:02:10.647794 12564 cuckoo_watch.h:44] 89ms in ProcessBatch(D:\artmonline\data\datasets\enron\batches\aaaaal.batch) [including 6ms in LoadMessage; 1ms in InitializeSparseNdw; 79ms in InferThetaAndUpdateNwtSparse; ]
I0118 18:02:10.654811 11596 processor.cc:760] Processor: start processing batch abaa32c1-ff83-45ce-8d55-e8900ec4d4ac into model nwt
I0118 18:02:10.656818 12564 processor.cc:760] Processor: start processing batch f596d4c1-719d-49aa-9aff-3e8c6cb96aca into model nwt
I0118 18:02:10.666842 11732 processor.cc:856] Processor: complete processing batch c8d455b9-44ed-4d54-82b1-cb4faf1bdba9 into model nwt
I0118 18:02:10.667845 11732 cuckoo_watch.h:44] 82ms in ProcessBatch(D:\artmonline\data\datasets\enron\batches\aaaaan.batch) [including 6ms in LoadMessage; 0ms in InitializeSparseNdw; 72ms in InferThetaAndUpdateNwtSparse; ]
I0118 18:02:10.667845 10136 processor.cc:856] Processor: complete processing batch ec696f0d-3137-4166-bbe0-587f26484cea into model nwt
I0118 18:02:10.669852 10136 cuckoo_watch.h:44] 81ms in ProcessBatch(D:\artmonline\data\datasets\enron\batches\aaaaao.batch) [including 6ms in LoadMessage; 1ms in InitializeSparseNdw; 70ms in InferThetaAndUpdateNwtSparse; ]
I0118 18:02:10.676869 11732 processor.cc:760] Processor: start processing batch ea14062c-c4ff-4cc0-bfb7-04b8b73db75d into model nwt
I0118 18:02:10.703941 11204 processor.cc:856] Processor: complete processing batch 58dc6c2c-5351-45fb-a5e5-898716215902 into model nwt
I0118 18:02:10.705947 11204 cuckoo_watch.h:44] 85ms in ProcessBatch(D:\artmonline\data\datasets\enron\batches\aaaaaq.batch) [including 5ms in LoadMessage; 0ms in InitializeSparseNdw; 75ms in InferThetaAndUpdateNwtSparse; ]
I0118 18:02:10.706954 10328 processor.cc:856] Processor: complete processing batch e5acb4be-4bd2-4268-a1a1-ddd15ed04b50 into model nwt
I0118 18:02:10.707952 10328 cuckoo_watch.h:44] 93ms in ProcessBatch(D:\artmonline\data\datasets\enron\batches\aaaaap.batch) [including 6ms in LoadMessage; 0ms in InitializeSparseNdw; 83ms in InferThetaAndUpdateNwtSparse; ]
I0118 18:02:10.712966 10136 processor.cc:760] Processor: start processing batch 6bbbab1a-3a02-4fad-ac97-cf7f9f911c38 into model nwt
I0118 18:02:10.717979 10328 processor.cc:760] Processor: start processing batch 4c928ba0-2322-4d7c-b538-abe25df9c341 into model nwt
I0118 18:02:10.727005  8252 processor.cc:856] Processor: complete processing batch 92ef96f8-5112-4c6b-8ee6-44fd8842a933 into model nwt
I0118 18:02:10.728008  8252 cuckoo_watch.h:44] 98ms in ProcessBatch(D:\artmonline\data\datasets\enron\batches\aaaaar.batch) [including 6ms in LoadMessage; 0ms in InitializeSparseNdw; 87ms in InferThetaAndUpdateNwtSparse; ]
I0118 18:02:10.739035  8252 processor.cc:760] Processor: start processing batch c13d339c-6226-4a2e-9489-fce069d7409d into model nwt
I0118 18:02:10.742044 11596 processor.cc:856] Processor: complete processing batch abaa32c1-ff83-45ce-8d55-e8900ec4d4ac into model nwt
I0118 18:02:10.743046 11596 cuckoo_watch.h:44] 96ms in ProcessBatch(D:\artmonline\data\datasets\enron\batches\aaaaat.batch) [including 6ms in LoadMessage; 0ms in InitializeSparseNdw; 86ms in InferThetaAndUpdateNwtSparse; ]
I0118 18:02:10.750064  5304 processor.cc:856] Processor: complete processing batch 94909c06-810d-44ab-af32-f1fec94c7e68 into model nwt
I0118 18:02:10.751067  5304 cuckoo_watch.h:44] 118ms in ProcessBatch(D:\artmonline\data\datasets\enron\batches\aaaaas.batch) [including 9ms in LoadMessage; 1ms in InitializeSparseNdw; 105ms in InferThetaAndUpdateNwtSparse; ]
I0118 18:02:10.754076 11596 processor.cc:760] Processor: start processing batch 9c824cd3-582d-4da2-9621-7d9b9ba0c98b into model nwt
I0118 18:02:10.759088 12564 processor.cc:856] Processor: complete processing batch f596d4c1-719d-49aa-9aff-3e8c6cb96aca into model nwt
I0118 18:02:10.760092 12564 cuckoo_watch.h:44] 112ms in ProcessBatch(D:\artmonline\data\datasets\enron\batches\aaaaau.batch) [including 7ms in LoadMessage; 1ms in InitializeSparseNdw; 100ms in InferThetaAndUpdateNwtSparse; ]
I0118 18:02:10.764101  5304 processor.cc:760] Processor: start processing batch 37646a0a-42f3-47ff-a23a-74213f948611 into model nwt
I0118 18:02:10.768113 11204 processor.cc:760] Processor: start processing batch d82db037-bbc2-45ed-bb72-ca829d0eef51 into model nwt
I0118 18:02:10.778141 12564 processor.cc:760] Processor: start processing batch 32848802-4f08-4b2d-ac92-e96a09173588 into model nwt
I0118 18:02:10.827270 11732 processor.cc:856] Processor: complete processing batch ea14062c-c4ff-4cc0-bfb7-04b8b73db75d into model nwt
I0118 18:02:10.828272 11732 cuckoo_watch.h:44] 160ms in ProcessBatch(D:\artmonline\data\datasets\enron\batches\aaaaav.batch) [including 7ms in LoadMessage; 1ms in InitializeSparseNdw; 148ms in InferThetaAndUpdateNwtSparse; ]
I0118 18:02:10.842309 11732 processor.cc:760] Processor: start processing batch 70c18756-f3e7-4140-9fcd-5325289285db into model nwt
I0118 18:02:10.858353 10328 processor.cc:856] Processor: complete processing batch 4c928ba0-2322-4d7c-b538-abe25df9c341 into model nwt
I0118 18:02:10.861361 10328 cuckoo_watch.h:44] 152ms in ProcessBatch(D:\artmonline\data\datasets\enron\batches\aaaaay.batch) [including 8ms in LoadMessage; 1ms in InitializeSparseNdw; 138ms in InferThetaAndUpdateNwtSparse; ]
I0118 18:02:10.875397 10328 processor.cc:760] Processor: start processing batch d6f4dc8e-ab75-475e-b1df-665d7ac5e17d into model nwt
I0118 18:02:10.884423  8252 processor.cc:856] Processor: complete processing batch c13d339c-6226-4a2e-9489-fce069d7409d into model nwt
I0118 18:02:10.886427  8252 cuckoo_watch.h:44] 157ms in ProcessBatch(D:\artmonline\data\datasets\enron\batches\aaaaaz.batch) [including 9ms in LoadMessage; 1ms in InitializeSparseNdw; 142ms in InferThetaAndUpdateNwtSparse; ]
I0118 18:02:10.895454 10136 processor.cc:856] Processor: complete processing batch 6bbbab1a-3a02-4fad-ac97-cf7f9f911c38 into model nwt
I0118 18:02:10.897457 10136 cuckoo_watch.h:44] 227ms in ProcessBatch(D:\artmonline\data\datasets\enron\batches\aaaaaw.batch) [including 41ms in LoadMessage; 1ms in InitializeSparseNdw; 180ms in InferThetaAndUpdateNwtSparse; ]
I0118 18:02:10.899463  8252 processor.cc:760] Processor: start processing batch 0bee1a05-7984-4bb9-9d4c-bdc5e43aad51 into model nwt
I0118 18:02:10.910491 10136 processor.cc:760] Processor: start processing batch 526a4ac8-227b-416f-96f5-7894e619dc2d into model nwt
I0118 18:02:10.930546 11204 processor.cc:856] Processor: complete processing batch d82db037-bbc2-45ed-bb72-ca829d0eef51 into model nwt
I0118 18:02:10.932550 11204 cuckoo_watch.h:44] 226ms in ProcessBatch(D:\artmonline\data\datasets\enron\batches\aaaaax.batch) [including 61ms in LoadMessage; 1ms in InitializeSparseNdw; 159ms in InferThetaAndUpdateNwtSparse; ]
I0118 18:02:10.948596 11204 processor.cc:760] Processor: start processing batch 2ba972db-f725-43f7-b77d-55d74668f2cb into model nwt
I0118 18:02:10.955611 11596 processor.cc:856] Processor: complete processing batch 9c824cd3-582d-4da2-9621-7d9b9ba0c98b into model nwt
I0118 18:02:10.957617 11596 cuckoo_watch.h:44] 213ms in ProcessBatch(D:\artmonline\data\datasets\enron\batches\aaaaba.batch) [including 8ms in LoadMessage; 1ms in InitializeSparseNdw; 199ms in InferThetaAndUpdateNwtSparse; ]
I0118 18:02:10.968647 11596 processor.cc:760] Processor: start processing batch e8490941-420f-4b43-99c1-d702c419b7e0 into model nwt
I0118 18:02:10.977670  5304 processor.cc:856] Processor: complete processing batch 37646a0a-42f3-47ff-a23a-74213f948611 into model nwt
I0118 18:02:10.980679  5304 cuckoo_watch.h:44] 228ms in ProcessBatch(D:\artmonline\data\datasets\enron\batches\aaaabb.batch) [including 10ms in LoadMessage; 2ms in InitializeSparseNdw; 210ms in InferThetaAndUpdateNwtSparse; ]
I0118 18:02:10.988701  5304 processor.cc:760] Processor: start processing batch c0e87ca0-f6db-4621-8035-fa331ba95157 into model nwt
I0118 18:02:11.023792 12564 processor.cc:856] Processor: complete processing batch 32848802-4f08-4b2d-ac92-e96a09173588 into model nwt
I0118 18:02:11.025796 12564 cuckoo_watch.h:44] 265ms in ProcessBatch(D:\artmonline\data\datasets\enron\batches\aaaabc.batch) [including 15ms in LoadMessage; 2ms in InitializeSparseNdw; 240ms in InferThetaAndUpdateNwtSparse; ]
I0118 18:02:11.033841 12564 processor.cc:760] Processor: start processing batch 441af1cb-303b-4bf7-a5c0-003d6fbcb77e into model nwt
I0118 18:02:11.083953  5304 processor.cc:856] Processor: complete processing batch c0e87ca0-f6db-4621-8035-fa331ba95157 into model nwt
I0118 18:02:11.083953 11732 processor.cc:856] Processor: complete processing batch 70c18756-f3e7-4140-9fcd-5325289285db into model nwt
I0118 18:02:11.087965  5304 cuckoo_watch.h:44] 107ms in ProcessBatch(D:\artmonline\data\datasets\enron\batches\aaaabj.batch) [including 6ms in LoadMessage; 0ms in InitializeSparseNdw; 94ms in InferThetaAndUpdateNwtSparse; ]
I0118 18:02:11.089970 11732 cuckoo_watch.h:44] 261ms in ProcessBatch(D:\artmonline\data\datasets\enron\batches\aaaabd.batch) [including 12ms in LoadMessage; 1ms in InitializeSparseNdw; 239ms in InferThetaAndUpdateNwtSparse; ]
I0118 18:02:11.099997  5304 processor.cc:760] Processor: start processing batch 81943d0c-2520-42ef-b5eb-fa01a0f80159 into model nwt
I0118 18:02:11.100998 11732 processor.cc:760] Processor: start processing batch ecf58dc7-cab0-4144-89ef-7bc40b2c41f4 into model nwt
I0118 18:02:11.125061 10328 processor.cc:856] Processor: complete processing batch d6f4dc8e-ab75-475e-b1df-665d7ac5e17d into model nwt
I0118 18:02:11.127068 10328 cuckoo_watch.h:44] 266ms in ProcessBatch(D:\artmonline\data\datasets\enron\batches\aaaabe.batch) [including 12ms in LoadMessage; 2ms in InitializeSparseNdw; 246ms in InferThetaAndUpdateNwtSparse; ]
I0118 18:02:11.133083 12564 processor.cc:856] Processor: complete processing batch 441af1cb-303b-4bf7-a5c0-003d6fbcb77e into model nwt
I0118 18:02:11.133083  8252 processor.cc:856] Processor: complete processing batch 0bee1a05-7984-4bb9-9d4c-bdc5e43aad51 into model nwt
I0118 18:02:11.133083 10328 processor.cc:760] Processor: start processing batch 5958f668-d428-4337-8b34-02f6d457f919 into model nwt
I0118 18:02:11.134085 12564 cuckoo_watch.h:44] 107ms in ProcessBatch(D:\artmonline\data\datasets\enron\batches\aaaabk.batch) [including 6ms in LoadMessage; 1ms in InitializeSparseNdw; 97ms in InferThetaAndUpdateNwtSparse; ]
I0118 18:02:11.135092 10136 processor.cc:856] Processor: complete processing batch 526a4ac8-227b-416f-96f5-7894e619dc2d into model nwt
I0118 18:02:11.137096  8252 cuckoo_watch.h:44] 250ms in ProcessBatch(D:\artmonline\data\datasets\enron\batches\aaaabf.batch) [including 11ms in LoadMessage; 2ms in InitializeSparseNdw; 230ms in InferThetaAndUpdateNwtSparse; ]
I0118 18:02:11.138097 10136 cuckoo_watch.h:44] 240ms in ProcessBatch(D:\artmonline\data\datasets\enron\batches\aaaabg.batch) [including 11ms in LoadMessage; 2ms in InitializeSparseNdw; 220ms in InferThetaAndUpdateNwtSparse; ]
I0118 18:02:11.166170 12564 processor.cc:676] No data in processing queue, waiting...
I0118 18:02:11.168175 10136 processor.cc:676] No data in processing queue, waiting...
I0118 18:02:11.168175  8252 processor.cc:676] No data in processing queue, waiting...
I0118 18:02:11.176198 11596 processor.cc:856] Processor: complete processing batch e8490941-420f-4b43-99c1-d702c419b7e0 into model nwt
I0118 18:02:11.181211 11596 cuckoo_watch.h:44] 223ms in ProcessBatch(D:\artmonline\data\datasets\enron\batches\aaaabi.batch) [including 10ms in LoadMessage; 2ms in InitializeSparseNdw; 205ms in InferThetaAndUpdateNwtSparse; ]
I0118 18:02:11.187259 10328 processor.cc:856] Processor: complete processing batch 5958f668-d428-4337-8b34-02f6d457f919 into model nwt
I0118 18:02:11.188262 10328 cuckoo_watch.h:44] 60ms in ProcessBatch(D:\artmonline\data\datasets\enron\batches\aaaabn.batch) [including 4ms in LoadMessage; 0ms in InitializeSparseNdw; 53ms in InferThetaAndUpdateNwtSparse; ]
I0118 18:02:11.192272 11732 processor.cc:856] Processor: complete processing batch ecf58dc7-cab0-4144-89ef-7bc40b2c41f4 into model nwt
I0118 18:02:11.196251 11732 cuckoo_watch.h:44] 105ms in ProcessBatch(D:\artmonline\data\datasets\enron\batches\aaaabm.batch) [including 8ms in LoadMessage; 1ms in InitializeSparseNdw; 89ms in InferThetaAndUpdateNwtSparse; ]
I0118 18:02:11.202265  5304 processor.cc:856] Processor: complete processing batch 81943d0c-2520-42ef-b5eb-fa01a0f80159 into model nwt
I0118 18:02:11.203301  5304 cuckoo_watch.h:44] 114ms in ProcessBatch(D:\artmonline\data\datasets\enron\batches\aaaabl.batch) [including 9ms in LoadMessage; 2ms in InitializeSparseNdw; 99ms in InferThetaAndUpdateNwtSparse; ]
I0118 18:02:11.218308 11596 processor.cc:676] No data in processing queue, waiting...
I0118 18:02:11.225358 10328 processor.cc:676] No data in processing queue, waiting...
I0118 18:02:11.232379 11732 processor.cc:676] No data in processing queue, waiting...
I0118 18:02:11.237391 11204 processor.cc:856] Processor: complete processing batch 2ba972db-f725-43f7-b77d-55d74668f2cb into model nwt
I0118 18:02:11.238364  5304 processor.cc:676] No data in processing queue, waiting...
I0118 18:02:11.240367 11204 cuckoo_watch.h:44] 307ms in ProcessBatch(D:\artmonline\data\datasets\enron\batches\aaaabh.batch) [including 14ms in LoadMessage; 5ms in InitializeSparseNdw; 282ms in InferThetaAndUpdateNwtSparse; ]
I0118 18:02:11.241405  1872 master_component.cc:991] NormalizeModelArgs: pwt_target_name=pwt, nwt_source_name=nwt, rwt_source_name=
I0118 18:02:11.241405  1872 master_component.cc:617] MasterComponent: start normalizing model nwt
I0118 18:02:11.273486  1872 master_component.cc:639] MasterComponent: complete normalizing model nwt
I0118 18:02:11.273486  1872 master_component.cc:1015] DisposeModel rwt
I0118 18:02:11.276525 11204 processor.cc:676] No data in processing queue, waiting...
I0118 18:02:11.276525  1872 c_interface.cc:318] Pass 3beee185-6be6-4c39-be7a-61770b69859e to void (__cdecl artm::core::MasterComponent::*)(class std::basic_string<char,struct std::char_traits<char>,class std::allocator<char> > const & __ptr64) __ptr64
I0118 18:02:11.281514  1872 c_interface.cc:283] Disposing MasterComponent (id=1)...
I0118 18:02:11.281514  1872 c_interface.cc:318] Pass dictionary to void (__cdecl artm::core::MasterComponent::*)(class std::basic_string<char,struct std::char_traits<char>,class std::allocator<char> > const & __ptr64) __ptr64
I0118 18:02:11.283514  1872 c_interface.cc:283] Disposing MasterComponent (id=2)...
I0118 18:02:11.309551  1872 c_interface.cc:180] ArtmCopyRequestedMessage is copying 382172 bytes...
W0118 18:02:12.243033  1872 check_messages.h:833] Inconsistent fields size in ThetaMatrix: 39861 vs 0 vs 39861 vs 0;
I0118 18:02:12.250051  1872 c_interface.cc:180] ArtmCopyRequestedMessage is copying 222728 bytes...
I0118 18:02:12.428525  1872 c_interface.cc:185] ArtmCopyRequestedObject is copying 3188880 bytes...
I0118 18:02:12.498733  1872 phi_matrix_operations.cc:82] RetrieveExternalTopicModel() with 20 topics, 28099 tokens
I0118 18:02:12.522776  1872 c_interface.cc:180] ArtmCopyRequestedMessage is copying 826307 bytes...
I0118 18:02:13.135404  1872 phi_matrix_operations.cc:82] RetrieveExternalTopicModel() with 20 topics, 28099 tokens
I0118 18:02:13.155458  1872 c_interface.cc:180] ArtmCopyRequestedMessage is copying 713911 bytes...
I0118 18:02:13.283831  1872 c_interface.cc:185] ArtmCopyRequestedObject is copying 2247920 bytes...
I0118 18:02:50.668586 10136 processor.cc:668] Processor thread stopped
I0118 18:02:50.668586 10136 processor.cc:669] Total number of processed batches: 50
I0118 18:02:50.684212 11204 processor.cc:668] Processor thread stopped
I0118 18:02:50.684212 11204 processor.cc:669] Total number of processed batches: 51
I0118 18:02:50.699841  5304 processor.cc:668] Processor thread stopped
I0118 18:02:50.699841  5304 processor.cc:669] Total number of processed batches: 52
I0118 18:02:50.715477 12564 processor.cc:668] Processor thread stopped
I0118 18:02:50.715477 12564 processor.cc:669] Total number of processed batches: 49
I0118 18:02:50.731087 11732 processor.cc:668] Processor thread stopped
I0118 18:02:50.731087 11732 processor.cc:669] Total number of processed batches: 48
I0118 18:02:50.746621 11596 processor.cc:668] Processor thread stopped
I0118 18:02:50.746621 11596 processor.cc:669] Total number of processed batches: 50
I0118 18:02:50.762342  8252 processor.cc:668] Processor thread stopped
I0118 18:02:50.762342  8252 processor.cc:669] Total number of processed batches: 51
I0118 18:02:50.777961 10328 processor.cc:668] Processor thread stopped
I0118 18:02:50.777961 10328 processor.cc:669] Total number of processed batches: 49
I0118 18:02:50.824707  9256 c_interface.cc:283] Disposing MasterComponent (id=3)...
