I0119 00:16:29.799999 13892 processor.cc:760] Processor: start processing batch 4d14fbbe-71b0-405f-804a-99d1cb77df3e into model nwt
I0119 00:16:29.799999 12468 processor.cc:760] Processor: start processing batch a4ff25ef-dc39-43ab-bf69-09bd7f9815e3 into model nwt
I0119 00:16:29.799999  6292 processor.cc:760] Processor: start processing batch d606c804-405d-4e33-bd8f-b37687ea265b into model nwt
I0119 00:16:29.815603  2612 processor.cc:683] Processing queue has data, processing started
I0119 00:16:29.815603  4832 processor.cc:683] Processing queue has data, processing started
I0119 00:16:29.815603 14308 processor.cc:683] Processing queue has data, processing started
I0119 00:16:29.815603  2352 processor.cc:683] Processing queue has data, processing started
I0119 00:16:29.815603  9312 processor.cc:683] Processing queue has data, processing started
I0119 00:16:29.831223  4832 processor.cc:760] Processor: start processing batch 333b767d-a44d-4b08-bac7-690ebbbdbc3a into model nwt
I0119 00:16:29.831223  2612 processor.cc:760] Processor: start processing batch b97ea087-d580-4d2c-974e-df209727aabe into model nwt
I0119 00:16:29.831223 14308 processor.cc:760] Processor: start processing batch 50d5050b-a10d-4652-8e92-644418dccc79 into model nwt
I0119 00:16:29.831223  2352 processor.cc:760] Processor: start processing batch 91682499-e143-4a7e-a456-d13c989269ce into model nwt
I0119 00:16:29.831223  9312 processor.cc:760] Processor: start processing batch 9ae98a86-dd94-4878-901d-057a55e5ce4f into model nwt
I0119 00:16:29.958323 12468 processor.cc:856] Processor: complete processing batch a4ff25ef-dc39-43ab-bf69-09bd7f9815e3 into model nwt
I0119 00:16:29.960832  6292 processor.cc:856] Processor: complete processing batch d606c804-405d-4e33-bd8f-b37687ea265b into model nwt
I0119 00:16:29.961333 13892 processor.cc:856] Processor: complete processing batch 4d14fbbe-71b0-405f-804a-99d1cb77df3e into model nwt
I0119 00:16:29.964339 12468 cuckoo_watch.h:44] 164ms in ProcessBatch(D:\artmonline\data\datasets\lenta\batches\aaaaaa.batch) [including 9ms in LoadMessage; 1ms in InitializeSparseNdw; 142ms in InferThetaAndUpdateNwtSparse; ]
I0119 00:16:29.965843  6292 cuckoo_watch.h:44] 166ms in ProcessBatch(D:\artmonline\data\datasets\lenta\batches\aaaaac.batch) [including 9ms in LoadMessage; 1ms in InitializeSparseNdw; 145ms in InferThetaAndUpdateNwtSparse; ]
I0119 00:16:29.967347 13892 cuckoo_watch.h:44] 167ms in ProcessBatch(D:\artmonline\data\datasets\lenta\batches\aaaaab.batch) [including 9ms in LoadMessage; 1ms in InitializeSparseNdw; 146ms in InferThetaAndUpdateNwtSparse; ]
I0119 00:16:29.977375  2612 processor.cc:856] Processor: complete processing batch b97ea087-d580-4d2c-974e-df209727aabe into model nwt
I0119 00:16:29.982887 12468 processor.cc:760] Processor: start processing batch 4ac5b579-5d26-4820-b034-7176ab8a48b7 into model nwt
I0119 00:16:29.983391  2612 cuckoo_watch.h:44] 167ms in ProcessBatch(D:\artmonline\data\datasets\lenta\batches\aaaaae.batch) [including 15ms in LoadMessage; 1ms in InitializeSparseNdw; 136ms in InferThetaAndUpdateNwtSparse; ]
I0119 00:16:29.983391  4832 processor.cc:856] Processor: complete processing batch 333b767d-a44d-4b08-bac7-690ebbbdbc3a into model nwt
I0119 00:16:29.985395 14308 processor.cc:856] Processor: complete processing batch 50d5050b-a10d-4652-8e92-644418dccc79 into model nwt
I0119 00:16:29.986899  9312 processor.cc:856] Processor: complete processing batch 9ae98a86-dd94-4878-901d-057a55e5ce4f into model nwt
I0119 00:16:29.988903  4832 cuckoo_watch.h:44] 173ms in ProcessBatch(D:\artmonline\data\datasets\lenta\batches\aaaaad.batch) [including 15ms in LoadMessage; 2ms in InitializeSparseNdw; 141ms in InferThetaAndUpdateNwtSparse; ]
I0119 00:16:29.990909 14308 cuckoo_watch.h:44] 175ms in ProcessBatch(D:\artmonline\data\datasets\lenta\batches\aaaaag.batch) [including 15ms in LoadMessage; 2ms in InitializeSparseNdw; 144ms in InferThetaAndUpdateNwtSparse; ]
I0119 00:16:29.991412  9312 cuckoo_watch.h:44] 175ms in ProcessBatch(D:\artmonline\data\datasets\lenta\batches\aaaaaf.batch) [including 17ms in LoadMessage; 3ms in InitializeSparseNdw; 145ms in InferThetaAndUpdateNwtSparse; ]
I0119 00:16:30.011466  2352 processor.cc:856] Processor: complete processing batch 91682499-e143-4a7e-a456-d13c989269ce into model nwt
I0119 00:16:30.015476  2352 cuckoo_watch.h:44] 199ms in ProcessBatch(D:\artmonline\data\datasets\lenta\batches\aaaaah.batch) [including 16ms in LoadMessage; 2ms in InitializeSparseNdw; 169ms in InferThetaAndUpdateNwtSparse; ]
I0119 00:16:30.039038 12468 processor.cc:856] Processor: complete processing batch 4ac5b579-5d26-4820-b034-7176ab8a48b7 into model nwt
I0119 00:16:30.041043 12468 cuckoo_watch.h:44] 76ms in ProcessBatch(D:\artmonline\data\datasets\lenta\batches\aaaaai.batch) [including 9ms in LoadMessage; 0ms in InitializeSparseNdw; 54ms in InferThetaAndUpdateNwtSparse; ]
I0119 00:16:30.049068 13484 master_component.cc:991] NormalizeModelArgs: pwt_target_name=pwt, nwt_source_name=nwt, rwt_source_name=
I0119 00:16:30.049068 13484 master_component.cc:617] MasterComponent: start normalizing model nwt
I0119 00:16:30.116770  6292 processor.cc:676] No data in processing queue, waiting...
I0119 00:16:30.116770 13892 processor.cc:676] No data in processing queue, waiting...
I0119 00:16:30.118249  2612 processor.cc:676] No data in processing queue, waiting...
I0119 00:16:30.134325  9312 processor.cc:676] No data in processing queue, waiting...
I0119 00:16:30.134325  4832 processor.cc:676] No data in processing queue, waiting...
I0119 00:16:30.134325 14308 processor.cc:676] No data in processing queue, waiting...
I0119 00:16:30.149868  2352 processor.cc:676] No data in processing queue, waiting...
I0119 00:16:30.180945 12468 processor.cc:676] No data in processing queue, waiting...
I0119 00:16:30.199995 13484 master_component.cc:639] MasterComponent: complete normalizing model nwt
I0119 00:16:30.199995 13484 master_component.cc:1015] DisposeModel rwt
I0119 00:16:30.200500 13484 c_interface.cc:332] Pass FitOfflineMasterModelArgs, batch_filename_size=9, batch_weight_size=9, num_collection_passes=1 to void (__cdecl artm::core::MasterComponent::*)(class artm::FitOfflineMasterModelArgs const & __ptr64) __ptr64
I0119 00:16:30.200500 13484 master_component.cc:942] ProcessBatchesArgs: nwt_target_name=nwt, batch_filename_size=9, batch_size=0, batch_weight_size=9, pwt_source_name=pwt, num_document_passes=10, reuse_theta=no, opt_for_avx=no, predict_class_id=
I0119 00:16:30.320787  2612 processor.cc:683] Processing queue has data, processing started
I0119 00:16:30.320787 12468 processor.cc:683] Processing queue has data, processing started
I0119 00:16:30.320787  9312 processor.cc:683] Processing queue has data, processing started
I0119 00:16:30.320787  4832 processor.cc:683] Processing queue has data, processing started
I0119 00:16:30.320787 14308 processor.cc:683] Processing queue has data, processing started
I0119 00:16:30.320787  2352 processor.cc:683] Processing queue has data, processing started
I0119 00:16:30.320787  6292 processor.cc:683] Processing queue has data, processing started
I0119 00:16:30.320787 13892 processor.cc:683] Processing queue has data, processing started
I0119 00:16:30.342847 13892 processor.cc:760] Processor: start processing batch 91682499-e143-4a7e-a456-d13c989269ce into model nwt
I0119 00:16:30.342847  9312 processor.cc:760] Processor: start processing batch b97ea087-d580-4d2c-974e-df209727aabe into model nwt
I0119 00:16:30.342847 14308 processor.cc:760] Processor: start processing batch d606c804-405d-4e33-bd8f-b37687ea265b into model nwt
I0119 00:16:30.342847 12468 processor.cc:760] Processor: start processing batch 333b767d-a44d-4b08-bac7-690ebbbdbc3a into model nwt
I0119 00:16:30.342847  2352 processor.cc:760] Processor: start processing batch 9ae98a86-dd94-4878-901d-057a55e5ce4f into model nwt
I0119 00:16:30.342847  6292 processor.cc:760] Processor: start processing batch 50d5050b-a10d-4652-8e92-644418dccc79 into model nwt
I0119 00:16:30.343348  4832 processor.cc:760] Processor: start processing batch a4ff25ef-dc39-43ab-bf69-09bd7f9815e3 into model nwt
I0119 00:16:30.344352  2612 processor.cc:760] Processor: start processing batch 4d14fbbe-71b0-405f-804a-99d1cb77df3e into model nwt
I0119 00:16:30.486227 14308 processor.cc:856] Processor: complete processing batch d606c804-405d-4e33-bd8f-b37687ea265b into model nwt
I0119 00:16:30.490237  9312 processor.cc:856] Processor: complete processing batch b97ea087-d580-4d2c-974e-df209727aabe into model nwt
I0119 00:16:30.490237  4832 processor.cc:856] Processor: complete processing batch a4ff25ef-dc39-43ab-bf69-09bd7f9815e3 into model nwt
I0119 00:16:30.491240 14308 cuckoo_watch.h:44] 170ms in ProcessBatch(D:\artmonline\data\datasets\lenta\batches\aaaaac.batch) [including 15ms in LoadMessage; 2ms in InitializeSparseNdw; 139ms in InferThetaAndUpdateNwtSparse; ]
I0119 00:16:30.494249  2352 processor.cc:856] Processor: complete processing batch 9ae98a86-dd94-4878-901d-057a55e5ce4f into model nwt
I0119 00:16:30.494750  2612 processor.cc:856] Processor: complete processing batch 4d14fbbe-71b0-405f-804a-99d1cb77df3e into model nwt
I0119 00:16:30.494750  6292 processor.cc:856] Processor: complete processing batch 50d5050b-a10d-4652-8e92-644418dccc79 into model nwt
I0119 00:16:30.495250 13892 processor.cc:856] Processor: complete processing batch 91682499-e143-4a7e-a456-d13c989269ce into model nwt
I0119 00:16:30.497256  9312 cuckoo_watch.h:44] 176ms in ProcessBatch(D:\artmonline\data\datasets\lenta\batches\aaaaae.batch) [including 15ms in LoadMessage; 3ms in InitializeSparseNdw; 143ms in InferThetaAndUpdateNwtSparse; ]
I0119 00:16:30.497756  4832 cuckoo_watch.h:44] 177ms in ProcessBatch(D:\artmonline\data\datasets\lenta\batches\aaaaaa.batch) [including 17ms in LoadMessage; 3ms in InitializeSparseNdw; 143ms in InferThetaAndUpdateNwtSparse; ]
I0119 00:16:30.500766 12468 processor.cc:856] Processor: complete processing batch 333b767d-a44d-4b08-bac7-690ebbbdbc3a into model nwt
I0119 00:16:30.500766  6292 cuckoo_watch.h:44] 180ms in ProcessBatch(D:\artmonline\data\datasets\lenta\batches\aaaaag.batch) [including 16ms in LoadMessage; 2ms in InitializeSparseNdw; 148ms in InferThetaAndUpdateNwtSparse; ]
I0119 00:16:30.501266  2352 cuckoo_watch.h:44] 180ms in ProcessBatch(D:\artmonline\data\datasets\lenta\batches\aaaaaf.batch) [including 16ms in LoadMessage; 2ms in InitializeSparseNdw; 148ms in InferThetaAndUpdateNwtSparse; ]
I0119 00:16:30.502804  2612 cuckoo_watch.h:44] 182ms in ProcessBatch(D:\artmonline\data\datasets\lenta\batches\aaaaab.batch) [including 17ms in LoadMessage; 2ms in InitializeSparseNdw; 147ms in InferThetaAndUpdateNwtSparse; ]
I0119 00:16:30.502804 13892 cuckoo_watch.h:44] 182ms in ProcessBatch(D:\artmonline\data\datasets\lenta\batches\aaaaah.batch) [including 16ms in LoadMessage; 3ms in InitializeSparseNdw; 148ms in InferThetaAndUpdateNwtSparse; ]
I0119 00:16:30.505779 12468 cuckoo_watch.h:44] 185ms in ProcessBatch(D:\artmonline\data\datasets\lenta\batches\aaaaad.batch) [including 15ms in LoadMessage; 3ms in InitializeSparseNdw; 147ms in InferThetaAndUpdateNwtSparse; ]
I0119 00:16:30.509822 14308 processor.cc:760] Processor: start processing batch 4ac5b579-5d26-4820-b034-7176ab8a48b7 into model nwt
I0119 00:16:30.561460 14308 processor.cc:856] Processor: complete processing batch 4ac5b579-5d26-4820-b034-7176ab8a48b7 into model nwt
I0119 00:16:30.563462 14308 cuckoo_watch.h:44] 72ms in ProcessBatch(D:\artmonline\data\datasets\lenta\batches\aaaaai.batch) [including 12ms in LoadMessage; 0ms in InitializeSparseNdw; 50ms in InferThetaAndUpdateNwtSparse; ]
I0119 00:16:30.569483 13484 master_component.cc:991] NormalizeModelArgs: pwt_target_name=pwt, nwt_source_name=nwt, rwt_source_name=
I0119 00:16:30.569483 13484 master_component.cc:617] MasterComponent: start normalizing model nwt
I0119 00:16:30.708008 13484 master_component.cc:639] MasterComponent: complete normalizing model nwt
I0119 00:16:30.708008 13484 master_component.cc:1015] DisposeModel rwt
I0119 00:16:30.708008 13484 c_interface.cc:332] Pass FitOfflineMasterModelArgs, batch_filename_size=9, batch_weight_size=9, num_collection_passes=1 to void (__cdecl artm::core::MasterComponent::*)(class artm::FitOfflineMasterModelArgs const & __ptr64) __ptr64
I0119 00:16:30.708008 13484 master_component.cc:942] ProcessBatchesArgs: nwt_target_name=nwt, batch_filename_size=9, batch_size=0, batch_weight_size=9, pwt_source_name=pwt, num_document_passes=10, reuse_theta=no, opt_for_avx=no, predict_class_id=
I0119 00:16:30.807926  6292 processor.cc:676] No data in processing queue, waiting...
I0119 00:16:30.807926  2352 processor.cc:676] No data in processing queue, waiting...
I0119 00:16:30.807926 13892 processor.cc:676] No data in processing queue, waiting...
I0119 00:16:30.807926  4832 processor.cc:676] No data in processing queue, waiting...
I0119 00:16:30.807926  2612 processor.cc:676] No data in processing queue, waiting...
I0119 00:16:30.807926  9312 processor.cc:676] No data in processing queue, waiting...
I0119 00:16:30.807926 12468 processor.cc:676] No data in processing queue, waiting...
I0119 00:16:30.854805  9312 processor.cc:683] Processing queue has data, processing started
I0119 00:16:30.854805  6292 processor.cc:683] Processing queue has data, processing started
I0119 00:16:30.854805 12468 processor.cc:683] Processing queue has data, processing started
I0119 00:16:30.854805  4832 processor.cc:683] Processing queue has data, processing started
I0119 00:16:30.854805  2612 processor.cc:683] Processing queue has data, processing started
I0119 00:16:30.854805  2352 processor.cc:683] Processing queue has data, processing started
I0119 00:16:30.854805 13892 processor.cc:683] Processing queue has data, processing started
I0119 00:16:30.876956  6292 processor.cc:760] Processor: start processing batch 4d14fbbe-71b0-405f-804a-99d1cb77df3e into model nwt
I0119 00:16:30.876956  2352 processor.cc:760] Processor: start processing batch 50d5050b-a10d-4652-8e92-644418dccc79 into model nwt
I0119 00:16:30.876956 14308 processor.cc:760] Processor: start processing batch 9ae98a86-dd94-4878-901d-057a55e5ce4f into model nwt
I0119 00:16:30.876956  2612 processor.cc:760] Processor: start processing batch d606c804-405d-4e33-bd8f-b37687ea265b into model nwt
I0119 00:16:30.876956  4832 processor.cc:760] Processor: start processing batch a4ff25ef-dc39-43ab-bf69-09bd7f9815e3 into model nwt
I0119 00:16:30.876956 13892 processor.cc:760] Processor: start processing batch 91682499-e143-4a7e-a456-d13c989269ce into model nwt
I0119 00:16:30.876956 12468 processor.cc:760] Processor: start processing batch b97ea087-d580-4d2c-974e-df209727aabe into model nwt
I0119 00:16:30.892591  9312 processor.cc:760] Processor: start processing batch 333b767d-a44d-4b08-bac7-690ebbbdbc3a into model nwt
I0119 00:16:31.024871  2612 processor.cc:856] Processor: complete processing batch d606c804-405d-4e33-bd8f-b37687ea265b into model nwt
I0119 00:16:31.027379  4832 processor.cc:856] Processor: complete processing batch a4ff25ef-dc39-43ab-bf69-09bd7f9815e3 into model nwt
I0119 00:16:31.027379  2352 processor.cc:856] Processor: complete processing batch 50d5050b-a10d-4652-8e92-644418dccc79 into model nwt
I0119 00:16:31.028882  6292 processor.cc:856] Processor: complete processing batch 4d14fbbe-71b0-405f-804a-99d1cb77df3e into model nwt
I0119 00:16:31.030386  2612 cuckoo_watch.h:44] 175ms in ProcessBatch(D:\artmonline\data\datasets\lenta\batches\aaaaac.batch) [including 16ms in LoadMessage; 3ms in InitializeSparseNdw; 143ms in InferThetaAndUpdateNwtSparse; ]
I0119 00:16:31.030887 12468 processor.cc:856] Processor: complete processing batch b97ea087-d580-4d2c-974e-df209727aabe into model nwt
I0119 00:16:31.034396 13892 processor.cc:856] Processor: complete processing batch 91682499-e143-4a7e-a456-d13c989269ce into model nwt
I0119 00:16:31.035399  4832 cuckoo_watch.h:44] 180ms in ProcessBatch(D:\artmonline\data\datasets\lenta\batches\aaaaaa.batch) [including 16ms in LoadMessage; 3ms in InitializeSparseNdw; 145ms in InferThetaAndUpdateNwtSparse; ]
I0119 00:16:31.035900  2352 cuckoo_watch.h:44] 180ms in ProcessBatch(D:\artmonline\data\datasets\lenta\batches\aaaaag.batch) [including 15ms in LoadMessage; 3ms in InitializeSparseNdw; 145ms in InferThetaAndUpdateNwtSparse; ]
I0119 00:16:31.037906  6292 cuckoo_watch.h:44] 182ms in ProcessBatch(D:\artmonline\data\datasets\lenta\batches\aaaaab.batch) [including 16ms in LoadMessage; 3ms in InitializeSparseNdw; 146ms in InferThetaAndUpdateNwtSparse; ]
I0119 00:16:31.039911 12468 cuckoo_watch.h:44] 185ms in ProcessBatch(D:\artmonline\data\datasets\lenta\batches\aaaaae.batch) [including 18ms in LoadMessage; 1ms in InitializeSparseNdw; 146ms in InferThetaAndUpdateNwtSparse; ]
I0119 00:16:31.040913 13892 cuckoo_watch.h:44] 184ms in ProcessBatch(D:\artmonline\data\datasets\lenta\batches\aaaaah.batch) [including 16ms in LoadMessage; 1ms in InitializeSparseNdw; 150ms in InferThetaAndUpdateNwtSparse; ]
I0119 00:16:31.045928 14308 processor.cc:856] Processor: complete processing batch 9ae98a86-dd94-4878-901d-057a55e5ce4f into model nwt
I0119 00:16:31.046929  2612 processor.cc:760] Processor: start processing batch 4ac5b579-5d26-4820-b034-7176ab8a48b7 into model nwt
I0119 00:16:31.048949 14308 cuckoo_watch.h:44] 194ms in ProcessBatch(D:\artmonline\data\datasets\lenta\batches\aaaaaf.batch) [including 17ms in LoadMessage; 3ms in InitializeSparseNdw; 163ms in InferThetaAndUpdateNwtSparse; ]
I0119 00:16:31.049437  9312 processor.cc:856] Processor: complete processing batch 333b767d-a44d-4b08-bac7-690ebbbdbc3a into model nwt
I0119 00:16:31.053951  9312 cuckoo_watch.h:44] 199ms in ProcessBatch(D:\artmonline\data\datasets\lenta\batches\aaaaad.batch) [including 31ms in LoadMessage; 1ms in InitializeSparseNdw; 152ms in InferThetaAndUpdateNwtSparse; ]
I0119 00:16:31.098096  2612 processor.cc:856] Processor: complete processing batch 4ac5b579-5d26-4820-b034-7176ab8a48b7 into model nwt
I0119 00:16:31.100103  2612 cuckoo_watch.h:44] 69ms in ProcessBatch(D:\artmonline\data\datasets\lenta\batches\aaaaai.batch) [including 11ms in LoadMessage; 0ms in InitializeSparseNdw; 50ms in InferThetaAndUpdateNwtSparse; ]
I0119 00:16:31.110635 13484 master_component.cc:991] NormalizeModelArgs: pwt_target_name=pwt, nwt_source_name=nwt, rwt_source_name=
I0119 00:16:31.110635 13484 master_component.cc:617] MasterComponent: start normalizing model nwt
I0119 00:16:31.249497  6292 processor.cc:676] No data in processing queue, waiting...
I0119 00:16:31.249497 13892 processor.cc:676] No data in processing queue, waiting...
I0119 00:16:31.249497  2352 processor.cc:676] No data in processing queue, waiting...
I0119 00:16:31.249497  4832 processor.cc:676] No data in processing queue, waiting...
I0119 00:16:31.249497 12468 processor.cc:676] No data in processing queue, waiting...
I0119 00:16:31.250499 14308 processor.cc:676] No data in processing queue, waiting...
I0119 00:16:31.250499  9312 processor.cc:676] No data in processing queue, waiting...
I0119 00:16:31.257514  2612 processor.cc:676] No data in processing queue, waiting...
I0119 00:16:31.259027 13484 master_component.cc:639] MasterComponent: complete normalizing model nwt
I0119 00:16:31.259027 13484 master_component.cc:1015] DisposeModel rwt
I0119 00:16:31.262528 13484 instance.cc:365] MasterModelConfig.processors_count is automatically set to 8
I0119 00:16:31.263020 13484 c_interface.cc:221] Creating MasterModel (id=4)...
I0119 00:16:31.263020 11340 processor.cc:660] Processor thread started
I0119 00:16:31.263020 10604 processor.cc:660] Processor thread started
I0119 00:16:31.263507 10500 processor.cc:660] Processor thread started
I0119 00:16:31.263507  8972 processor.cc:660] Processor thread started
I0119 00:16:31.263839 12908 processor.cc:660] Processor thread started
I0119 00:16:31.264008 13484 phi_matrix_operations.cc:82] RetrieveExternalTopicModel() with 10 topics, 100679 tokens
I0119 00:16:31.264008  6704 processor.cc:660] Processor thread started
I0119 00:16:31.264008 12772 processor.cc:660] Processor thread started
I0119 00:16:31.264008  7164 processor.cc:660] Processor thread started
I0119 00:16:31.350761 13484 c_interface.cc:180] ArtmCopyRequestedMessage is copying 4581816 bytes...
I0119 00:16:31.558313 10604 processor.cc:676] No data in processing queue, waiting...
I0119 00:16:31.558313 12908 processor.cc:676] No data in processing queue, waiting...
I0119 00:16:31.558313 12772 processor.cc:676] No data in processing queue, waiting...
I0119 00:16:31.558313  8972 processor.cc:676] No data in processing queue, waiting...
I0119 00:16:31.558313  6704 processor.cc:676] No data in processing queue, waiting...
I0119 00:16:31.558313  7164 processor.cc:676] No data in processing queue, waiting...
I0119 00:16:31.558313 10500 processor.cc:676] No data in processing queue, waiting...
I0119 00:16:31.558313 11340 processor.cc:676] No data in processing queue, waiting...
I0119 00:16:34.474057 13484 phi_matrix_operations.cc:82] RetrieveExternalTopicModel() with 1 topics, 100679 tokens
I0119 00:16:34.542557 13484 c_interface.cc:180] ArtmCopyRequestedMessage is copying 3470241 bytes...
I0119 00:16:34.974632 13484 c_interface.cc:185] ArtmCopyRequestedObject is copying 402716 bytes...
I0119 00:16:35.159173 13484 phi_matrix_operations.cc:82] RetrieveExternalTopicModel() with 10 topics, 100679 tokens
I0119 00:16:35.259486 13484 c_interface.cc:180] ArtmCopyRequestedMessage is copying 4581816 bytes...
I0119 00:16:38.726550 13484 phi_matrix_operations.cc:82] RetrieveExternalTopicModel() with 10 topics, 100679 tokens
I0119 00:16:38.826371 13484 c_interface.cc:180] ArtmCopyRequestedMessage is copying 4581816 bytes...
I0119 00:16:41.504578 13484 phi_matrix_operations.cc:82] RetrieveExternalTopicModel() with 1 topics, 100679 tokens
I0119 00:16:41.573659 13484 c_interface.cc:180] ArtmCopyRequestedMessage is copying 3470241 bytes...
I0119 00:16:41.989570 13484 c_interface.cc:185] ArtmCopyRequestedObject is copying 402716 bytes...
I0119 00:16:42.321193 13484 phi_matrix_operations.cc:82] RetrieveExternalTopicModel() with 10 topics, 100679 tokens
I0119 00:16:42.418793 13484 c_interface.cc:180] ArtmCopyRequestedMessage is copying 4581816 bytes...
I0119 00:16:45.441551 13484 phi_matrix_operations.cc:82] RetrieveExternalTopicModel() with 1 topics, 100679 tokens
I0119 00:16:45.510148 13484 c_interface.cc:180] ArtmCopyRequestedMessage is copying 3470241 bytes...
I0119 00:16:45.948822 13484 c_interface.cc:185] ArtmCopyRequestedObject is copying 402716 bytes...
I0119 00:16:46.257820 13484 phi_matrix_operations.cc:82] RetrieveExternalTopicModel() with 10 topics, 100679 tokens
I0119 00:16:46.358109 13484 c_interface.cc:180] ArtmCopyRequestedMessage is copying 4581816 bytes...
I0119 00:16:49.523375 13484 phi_matrix_operations.cc:82] RetrieveExternalTopicModel() with 1 topics, 100679 tokens
I0119 00:16:49.585914 13484 c_interface.cc:180] ArtmCopyRequestedMessage is copying 3470241 bytes...
I0119 00:16:50.023452 13484 c_interface.cc:185] ArtmCopyRequestedObject is copying 402716 bytes...
I0119 00:16:50.340028 13484 phi_matrix_operations.cc:82] RetrieveExternalTopicModel() with 10 topics, 100679 tokens
I0119 00:16:50.440279 13484 c_interface.cc:180] ArtmCopyRequestedMessage is copying 4581816 bytes...
I0119 00:16:53.335201 13484 phi_matrix_operations.cc:82] RetrieveExternalTopicModel() with 1 topics, 100679 tokens
I0119 00:16:53.388573 13484 c_interface.cc:180] ArtmCopyRequestedMessage is copying 3470241 bytes...
I0119 00:16:53.819237 13484 c_interface.cc:185] ArtmCopyRequestedObject is copying 402716 bytes...
I0119 00:16:54.134404 13484 phi_matrix_operations.cc:82] RetrieveExternalTopicModel() with 10 topics, 100679 tokens
I0119 00:16:54.234654 13484 c_interface.cc:180] ArtmCopyRequestedMessage is copying 4581816 bytes...
I0119 00:16:57.110373 13484 phi_matrix_operations.cc:82] RetrieveExternalTopicModel() with 1 topics, 100679 tokens
I0119 00:16:57.172884 13484 c_interface.cc:180] ArtmCopyRequestedMessage is copying 3470241 bytes...
I0119 00:16:57.626319 13484 c_interface.cc:185] ArtmCopyRequestedObject is copying 402716 bytes...
I0119 00:16:57.927223 13484 phi_matrix_operations.cc:82] RetrieveExternalTopicModel() with 10 topics, 100679 tokens
I0119 00:16:58.027506 13484 c_interface.cc:180] ArtmCopyRequestedMessage is copying 4581816 bytes...
I0119 00:17:01.294708 13484 phi_matrix_operations.cc:82] RetrieveExternalTopicModel() with 1 topics, 100679 tokens
I0119 00:17:01.474225 13484 c_interface.cc:180] ArtmCopyRequestedMessage is copying 3470241 bytes...
I0119 00:17:01.964215 13484 c_interface.cc:185] ArtmCopyRequestedObject is copying 402716 bytes...
I0119 00:17:02.279834 13484 phi_matrix_operations.cc:82] RetrieveExternalTopicModel() with 10 topics, 100679 tokens
I0119 00:17:02.383060 13484 c_interface.cc:180] ArtmCopyRequestedMessage is copying 4581816 bytes...
I0119 00:17:05.316433 13484 phi_matrix_operations.cc:82] RetrieveExternalTopicModel() with 1 topics, 100679 tokens
I0119 00:17:05.385496 13484 c_interface.cc:180] ArtmCopyRequestedMessage is copying 3470241 bytes...
I0119 00:17:06.005265 13484 c_interface.cc:185] ArtmCopyRequestedObject is copying 402716 bytes...
I0119 00:17:06.334455 13484 phi_matrix_operations.cc:82] RetrieveExternalTopicModel() with 10 topics, 100679 tokens
I0119 00:17:06.419041 13484 c_interface.cc:180] ArtmCopyRequestedMessage is copying 4581816 bytes...
I0119 00:17:09.105443 13484 phi_matrix_operations.cc:82] RetrieveExternalTopicModel() with 1 topics, 100679 tokens
I0119 00:17:09.174470 13484 c_interface.cc:180] ArtmCopyRequestedMessage is copying 3470241 bytes...
I0119 00:17:09.590404 13484 c_interface.cc:185] ArtmCopyRequestedObject is copying 402716 bytes...
I0119 00:17:09.922122 13484 phi_matrix_operations.cc:82] RetrieveExternalTopicModel() with 10 topics, 100679 tokens
I0119 00:17:10.035877 13484 c_interface.cc:180] ArtmCopyRequestedMessage is copying 4581816 bytes...
I0119 00:17:12.855597 13484 phi_matrix_operations.cc:82] RetrieveExternalTopicModel() with 1 topics, 100679 tokens
I0119 00:17:12.924625 13484 c_interface.cc:180] ArtmCopyRequestedMessage is copying 3470241 bytes...
I0119 00:17:13.373421 13484 c_interface.cc:185] ArtmCopyRequestedObject is copying 402716 bytes...
I0119 00:17:15.092581 13484 c_interface.cc:221] Creating MasterModel (id=5)...
I0119 00:17:15.092581 13484 c_interface.cc:318] Pass 57b28d20-9e81-4485-9e14-c8c2dfe1290a to void (__cdecl artm::core::MasterComponent::*)(class std::basic_string<char,struct std::char_traits<char>,class std::allocator<char> > const & __ptr64) __ptr64
I0119 00:17:15.092581 13484 c_interface.cc:332] Pass GatherDictionaryArgs: dictionary_target_name=57b28d20-9e81-4485-9e14-c8c2dfe1290a, data_path=, symmetric_cooc_values=0 to void (__cdecl artm::core::MasterComponent::*)(class artm::GatherDictionaryArgs const & __ptr64) __ptr64
I0119 00:17:15.092581 13484 dictionary.cc:187] Found 0 batches in '' folder
I0119 00:17:15.092581 13484 dictionary.cc:243] Find 0 unique tokens in 0 items
I0119 00:17:15.092581 13484 c_interface.cc:332] Pass MasterModelConfig: topic_name_size=30, score_config_size=0, num_processors=0, pwt_name=pwt, nwt_name=nwt, num_document_passes=10, reuse_theta=no, cache_theta=yes, opt_for_avx=no, disk_cache_path to void (__cdecl artm::core::MasterComponent::*)(class artm::MasterModelConfig const & __ptr64) __ptr64
I0119 00:17:15.092581 13484 instance.cc:365] MasterModelConfig.processors_count is automatically set to 8
I0119 00:17:15.092581 13484 c_interface.cc:318] Pass pwt to void (__cdecl artm::core::MasterComponent::*)(class std::basic_string<char,struct std::char_traits<char>,class std::allocator<char> > const & __ptr64) __ptr64
I0119 00:17:15.092581 13484 c_interface.cc:318] Pass nwt to void (__cdecl artm::core::MasterComponent::*)(class std::basic_string<char,struct std::char_traits<char>,class std::allocator<char> > const & __ptr64) __ptr64
I0119 00:17:15.092581 13484 c_interface.cc:332] Pass InitializeModelArgs: model_name=pwt, dictionary_name=dictionary, topic_name_size=30 to void (__cdecl artm::core::MasterComponent::*)(class artm::InitializeModelArgs const & __ptr64) __ptr64
I0119 00:17:15.092581 13484 master_component.cc:338] InitializeModel() with 30 topics and 100679 tokens
I0119 00:17:15.524328 13484 c_interface.cc:332] Pass InitializeModelArgs: model_name=nwt, dictionary_name=dictionary, topic_name_size=30 to void (__cdecl artm::core::MasterComponent::*)(class artm::InitializeModelArgs const & __ptr64) __ptr64
I0119 00:17:15.524328 13484 master_component.cc:338] InitializeModel() with 30 topics and 100679 tokens
I0119 00:17:15.950297 13484 phi_matrix_operations.cc:82] RetrieveExternalTopicModel() with 30 topics, 100679 tokens
I0119 00:17:16.035550 13484 c_interface.cc:180] ArtmCopyRequestedMessage is copying 3873064 bytes...
I0119 00:17:17.971591 13484 c_interface.cc:332] Pass FitOfflineMasterModelArgs, batch_filename_size=10, batch_weight_size=10, num_collection_passes=1 to void (__cdecl artm::core::MasterComponent::*)(class artm::FitOfflineMasterModelArgs const & __ptr64) __ptr64
I0119 00:17:17.971591 13484 master_component.cc:942] ProcessBatchesArgs: nwt_target_name=nwt, batch_filename_size=10, batch_size=0, batch_weight_size=10, pwt_source_name=pwt, num_document_passes=10, reuse_theta=no, opt_for_avx=no, predict_class_id=
I0119 00:17:18.118404  6704 processor.cc:683] Processing queue has data, processing started
I0119 00:17:18.118404 12772 processor.cc:683] Processing queue has data, processing started
I0119 00:17:18.118404 10604 processor.cc:683] Processing queue has data, processing started
I0119 00:17:18.118404  7164 processor.cc:683] Processing queue has data, processing started
I0119 00:17:18.118404  8972 processor.cc:683] Processing queue has data, processing started
I0119 00:17:18.118404 12908 processor.cc:683] Processing queue has data, processing started
I0119 00:17:18.118404 10500 processor.cc:683] Processing queue has data, processing started
I0119 00:17:18.118404 11340 processor.cc:683] Processing queue has data, processing started
I0119 00:17:18.134034 10500 processor.cc:760] Processor: start processing batch d606c804-405d-4e33-bd8f-b37687ea265b into model nwt
I0119 00:17:18.134034  6704 processor.cc:760] Processor: start processing batch 9ae98a86-dd94-4878-901d-057a55e5ce4f into model nwt
I0119 00:17:18.134034  7164 processor.cc:760] Processor: start processing batch a4ff25ef-dc39-43ab-bf69-09bd7f9815e3 into model nwt
I0119 00:17:18.134034  8972 processor.cc:760] Processor: start processing batch 91682499-e143-4a7e-a456-d13c989269ce into model nwt
I0119 00:17:18.134034 12772 processor.cc:760] Processor: start processing batch 50d5050b-a10d-4652-8e92-644418dccc79 into model nwt
I0119 00:17:18.134034 12908 processor.cc:760] Processor: start processing batch b97ea087-d580-4d2c-974e-df209727aabe into model nwt
I0119 00:17:18.149664 11340 processor.cc:760] Processor: start processing batch 4d14fbbe-71b0-405f-804a-99d1cb77df3e into model nwt
I0119 00:17:18.149664 10604 processor.cc:760] Processor: start processing batch 333b767d-a44d-4b08-bac7-690ebbbdbc3a into model nwt
I0119 00:17:18.371871 10500 processor.cc:856] Processor: complete processing batch d606c804-405d-4e33-bd8f-b37687ea265b into model nwt
I0119 00:17:18.376382  7164 processor.cc:856] Processor: complete processing batch a4ff25ef-dc39-43ab-bf69-09bd7f9815e3 into model nwt
I0119 00:17:18.377887 10500 cuckoo_watch.h:44] 259ms in ProcessBatch(D:\artmonline\data\datasets\lenta\batches\aaaaac.batch) [including 16ms in LoadMessage; 2ms in InitializeSparseNdw; 227ms in InferThetaAndUpdateNwtSparse; ]
I0119 00:17:18.377887 12908 processor.cc:856] Processor: complete processing batch b97ea087-d580-4d2c-974e-df209727aabe into model nwt
I0119 00:17:18.381397 12772 processor.cc:856] Processor: complete processing batch 50d5050b-a10d-4652-8e92-644418dccc79 into model nwt
I0119 00:17:18.382400  6704 processor.cc:856] Processor: complete processing batch 9ae98a86-dd94-4878-901d-057a55e5ce4f into model nwt
I0119 00:17:18.382900  7164 cuckoo_watch.h:44] 264ms in ProcessBatch(D:\artmonline\data\datasets\lenta\batches\aaaaaa.batch) [including 17ms in LoadMessage; 3ms in InitializeSparseNdw; 230ms in InferThetaAndUpdateNwtSparse; ]
I0119 00:17:18.383903 12908 cuckoo_watch.h:44] 265ms in ProcessBatch(D:\artmonline\data\datasets\lenta\batches\aaaaae.batch) [including 20ms in LoadMessage; 2ms in InitializeSparseNdw; 227ms in InferThetaAndUpdateNwtSparse; ]
I0119 00:17:18.385908  8972 processor.cc:856] Processor: complete processing batch 91682499-e143-4a7e-a456-d13c989269ce into model nwt
I0119 00:17:18.387413 12772 cuckoo_watch.h:44] 268ms in ProcessBatch(D:\artmonline\data\datasets\lenta\batches\aaaaag.batch) [including 17ms in LoadMessage; 3ms in InitializeSparseNdw; 235ms in InferThetaAndUpdateNwtSparse; ]
I0119 00:17:18.388416  6704 cuckoo_watch.h:44] 270ms in ProcessBatch(D:\artmonline\data\datasets\lenta\batches\aaaaaf.batch) [including 17ms in LoadMessage; 2ms in InitializeSparseNdw; 237ms in InferThetaAndUpdateNwtSparse; ]
I0119 00:17:18.391423 11340 processor.cc:856] Processor: complete processing batch 4d14fbbe-71b0-405f-804a-99d1cb77df3e into model nwt
I0119 00:17:18.392926  8972 cuckoo_watch.h:44] 274ms in ProcessBatch(D:\artmonline\data\datasets\lenta\batches\aaaaah.batch) [including 17ms in LoadMessage; 2ms in InitializeSparseNdw; 240ms in InferThetaAndUpdateNwtSparse; ]
I0119 00:17:18.396435 10604 processor.cc:856] Processor: complete processing batch 333b767d-a44d-4b08-bac7-690ebbbdbc3a into model nwt
I0119 00:17:18.396937 10500 processor.cc:760] Processor: start processing batch 4ac5b579-5d26-4820-b034-7176ab8a48b7 into model nwt
I0119 00:17:18.397439 11340 cuckoo_watch.h:44] 278ms in ProcessBatch(D:\artmonline\data\datasets\lenta\batches\aaaaab.batch) [including 25ms in LoadMessage; 2ms in InitializeSparseNdw; 234ms in InferThetaAndUpdateNwtSparse; ]
I0119 00:17:18.400446 10604 cuckoo_watch.h:44] 281ms in ProcessBatch(D:\artmonline\data\datasets\lenta\batches\aaaaad.batch) [including 30ms in LoadMessage; 1ms in InitializeSparseNdw; 235ms in InferThetaAndUpdateNwtSparse; ]
I0119 00:17:18.419998  7164 processor.cc:760] Processor: start processing batch 8f0b6f8f-0772-42ac-bcf8-44b0811e4d17 into model nwt
I0119 00:17:18.483167 10500 processor.cc:856] Processor: complete processing batch 4ac5b579-5d26-4820-b034-7176ab8a48b7 into model nwt
I0119 00:17:18.485673 10500 cuckoo_watch.h:44] 107ms in ProcessBatch(D:\artmonline\data\datasets\lenta\batches\aaaaai.batch) [including 10ms in LoadMessage; 0ms in InitializeSparseNdw; 85ms in InferThetaAndUpdateNwtSparse; ]
I0119 00:17:18.669697 12772 processor.cc:676] No data in processing queue, waiting...
I0119 00:17:18.669697 12908 processor.cc:676] No data in processing queue, waiting...
I0119 00:17:18.669697  6704 processor.cc:676] No data in processing queue, waiting...
I0119 00:17:18.685238 10604 processor.cc:676] No data in processing queue, waiting...
I0119 00:17:18.685238  8972 processor.cc:676] No data in processing queue, waiting...
I0119 00:17:18.685238 11340 processor.cc:676] No data in processing queue, waiting...
I0119 00:17:18.778486 10500 processor.cc:676] No data in processing queue, waiting...
I0119 00:17:18.904319  7164 processor.cc:856] Processor: complete processing batch 8f0b6f8f-0772-42ac-bcf8-44b0811e4d17 into model nwt
I0119 00:17:18.912339  7164 cuckoo_watch.h:44] 529ms in ProcessBatch(D:\artmonline\phi1.batch) [including 32ms in LoadMessage; 5ms in InitializeSparseNdw; 479ms in InferThetaAndUpdateNwtSparse; ]
I0119 00:17:18.918407 13484 master_component.cc:991] NormalizeModelArgs: pwt_target_name=pwt, nwt_source_name=nwt, rwt_source_name=
I0119 00:17:18.918407 13484 master_component.cc:617] MasterComponent: start normalizing model nwt
I0119 00:17:18.957994  7164 processor.cc:676] No data in processing queue, waiting...
I0119 00:17:19.201429 13484 master_component.cc:639] MasterComponent: complete normalizing model nwt
I0119 00:17:19.201429 13484 master_component.cc:1015] DisposeModel rwt
I0119 00:17:19.201429 13484 c_interface.cc:332] Pass FitOfflineMasterModelArgs, batch_filename_size=10, batch_weight_size=10, num_collection_passes=1 to void (__cdecl artm::core::MasterComponent::*)(class artm::FitOfflineMasterModelArgs const & __ptr64) __ptr64
I0119 00:17:19.201429 13484 master_component.cc:942] ProcessBatchesArgs: nwt_target_name=nwt, batch_filename_size=10, batch_size=0, batch_weight_size=10, pwt_source_name=pwt, num_document_passes=10, reuse_theta=no, opt_for_avx=no, predict_class_id=
I0119 00:17:19.332700  7164 processor.cc:683] Processing queue has data, processing started
I0119 00:17:19.332700 11340 processor.cc:683] Processing queue has data, processing started
I0119 00:17:19.332700  6704 processor.cc:683] Processing queue has data, processing started
I0119 00:17:19.332700  8972 processor.cc:683] Processing queue has data, processing started
I0119 00:17:19.332700 10604 processor.cc:683] Processing queue has data, processing started
I0119 00:17:19.332700 12908 processor.cc:683] Processing queue has data, processing started
I0119 00:17:19.332700 12772 processor.cc:683] Processing queue has data, processing started
I0119 00:17:19.332700 10500 processor.cc:683] Processing queue has data, processing started
I0119 00:17:19.354810 10604 processor.cc:760] Processor: start processing batch 4d14fbbe-71b0-405f-804a-99d1cb77df3e into model nwt
I0119 00:17:19.354810 12772 processor.cc:760] Processor: start processing batch d606c804-405d-4e33-bd8f-b37687ea265b into model nwt
I0119 00:17:19.354810 11340 processor.cc:760] Processor: start processing batch 9ae98a86-dd94-4878-901d-057a55e5ce4f into model nwt
I0119 00:17:19.354810  8972 processor.cc:760] Processor: start processing batch 50d5050b-a10d-4652-8e92-644418dccc79 into model nwt
I0119 00:17:19.354810 10500 processor.cc:760] Processor: start processing batch 91682499-e143-4a7e-a456-d13c989269ce into model nwt
I0119 00:17:19.354810  7164 processor.cc:760] Processor: start processing batch b97ea087-d580-4d2c-974e-df209727aabe into model nwt
I0119 00:17:19.354810 12908 processor.cc:760] Processor: start processing batch 333b767d-a44d-4b08-bac7-690ebbbdbc3a into model nwt
I0119 00:17:19.354810  6704 processor.cc:760] Processor: start processing batch a4ff25ef-dc39-43ab-bf69-09bd7f9815e3 into model nwt
I0119 00:17:19.582940 12772 processor.cc:856] Processor: complete processing batch d606c804-405d-4e33-bd8f-b37687ea265b into model nwt
I0119 00:17:19.588454 12772 cuckoo_watch.h:44] 255ms in ProcessBatch(D:\artmonline\data\datasets\lenta\batches\aaaaac.batch) [including 16ms in LoadMessage; 2ms in InitializeSparseNdw; 223ms in InferThetaAndUpdateNwtSparse; ]
I0119 00:17:19.588454  8972 processor.cc:856] Processor: complete processing batch 50d5050b-a10d-4652-8e92-644418dccc79 into model nwt
I0119 00:17:19.588454  7164 processor.cc:856] Processor: complete processing batch b97ea087-d580-4d2c-974e-df209727aabe into model nwt
I0119 00:17:19.590459 10604 processor.cc:856] Processor: complete processing batch 4d14fbbe-71b0-405f-804a-99d1cb77df3e into model nwt
I0119 00:17:19.590960 12908 processor.cc:856] Processor: complete processing batch 333b767d-a44d-4b08-bac7-690ebbbdbc3a into model nwt
I0119 00:17:19.594470  8972 cuckoo_watch.h:44] 261ms in ProcessBatch(D:\artmonline\data\datasets\lenta\batches\aaaaag.batch) [including 16ms in LoadMessage; 3ms in InitializeSparseNdw; 229ms in InferThetaAndUpdateNwtSparse; ]
I0119 00:17:19.594470  7164 cuckoo_watch.h:44] 261ms in ProcessBatch(D:\artmonline\data\datasets\lenta\batches\aaaaae.batch) [including 16ms in LoadMessage; 2ms in InitializeSparseNdw; 229ms in InferThetaAndUpdateNwtSparse; ]
I0119 00:17:19.594972 11340 processor.cc:856] Processor: complete processing batch 9ae98a86-dd94-4878-901d-057a55e5ce4f into model nwt
I0119 00:17:19.596475 12908 cuckoo_watch.h:44] 263ms in ProcessBatch(D:\artmonline\data\datasets\lenta\batches\aaaaad.batch) [including 16ms in LoadMessage; 3ms in InitializeSparseNdw; 232ms in InferThetaAndUpdateNwtSparse; ]
I0119 00:17:19.596475  6704 processor.cc:856] Processor: complete processing batch a4ff25ef-dc39-43ab-bf69-09bd7f9815e3 into model nwt
I0119 00:17:19.596475 10604 cuckoo_watch.h:44] 263ms in ProcessBatch(D:\artmonline\data\datasets\lenta\batches\aaaaab.batch) [including 17ms in LoadMessage; 2ms in InitializeSparseNdw; 231ms in InferThetaAndUpdateNwtSparse; ]
I0119 00:17:19.602491 11340 cuckoo_watch.h:44] 269ms in ProcessBatch(D:\artmonline\data\datasets\lenta\batches\aaaaaf.batch) [including 16ms in LoadMessage; 2ms in InitializeSparseNdw; 236ms in InferThetaAndUpdateNwtSparse; ]
I0119 00:17:19.605499  6704 cuckoo_watch.h:44] 272ms in ProcessBatch(D:\artmonline\data\datasets\lenta\batches\aaaaaa.batch) [including 16ms in LoadMessage; 2ms in InitializeSparseNdw; 237ms in InferThetaAndUpdateNwtSparse; ]
I0119 00:17:19.607036 12772 processor.cc:760] Processor: start processing batch 4ac5b579-5d26-4820-b034-7176ab8a48b7 into model nwt
I0119 00:17:19.614022 10500 processor.cc:856] Processor: complete processing batch 91682499-e143-4a7e-a456-d13c989269ce into model nwt
I0119 00:17:19.617030 10500 cuckoo_watch.h:44] 284ms in ProcessBatch(D:\artmonline\data\datasets\lenta\batches\aaaaah.batch) [including 16ms in LoadMessage; 3ms in InitializeSparseNdw; 255ms in InferThetaAndUpdateNwtSparse; ]
I0119 00:17:19.639626  8972 processor.cc:760] Processor: start processing batch 8f0b6f8f-0772-42ac-bcf8-44b0811e4d17 into model nwt
I0119 00:17:19.698277 12772 processor.cc:856] Processor: complete processing batch 4ac5b579-5d26-4820-b034-7176ab8a48b7 into model nwt
I0119 00:17:19.700285 12772 cuckoo_watch.h:44] 112ms in ProcessBatch(D:\artmonline\data\datasets\lenta\batches\aaaaai.batch) [including 10ms in LoadMessage; 0ms in InitializeSparseNdw; 90ms in InferThetaAndUpdateNwtSparse; ]
I0119 00:17:19.883440 11340 processor.cc:676] No data in processing queue, waiting...
I0119 00:17:19.883440  7164 processor.cc:676] No data in processing queue, waiting...
I0119 00:17:19.883440 10604 processor.cc:676] No data in processing queue, waiting...
I0119 00:17:19.883440 12908 processor.cc:676] No data in processing queue, waiting...
I0119 00:17:19.898986  6704 processor.cc:676] No data in processing queue, waiting...
I0119 00:17:19.898986 10500 processor.cc:676] No data in processing queue, waiting...
I0119 00:17:19.992231 12772 processor.cc:676] No data in processing queue, waiting...
I0119 00:17:20.140094  8972 processor.cc:856] Processor: complete processing batch 8f0b6f8f-0772-42ac-bcf8-44b0811e4d17 into model nwt
I0119 00:17:20.148146  8972 cuckoo_watch.h:44] 553ms in ProcessBatch(D:\artmonline\phi1.batch) [including 39ms in LoadMessage; 6ms in InitializeSparseNdw; 494ms in InferThetaAndUpdateNwtSparse; ]
I0119 00:17:20.152197 13484 master_component.cc:991] NormalizeModelArgs: pwt_target_name=pwt, nwt_source_name=nwt, rwt_source_name=
I0119 00:17:20.152197 13484 master_component.cc:617] MasterComponent: start normalizing model nwt
I0119 00:17:20.307070 13484 master_component.cc:639] MasterComponent: complete normalizing model nwt
I0119 00:17:20.307070 13484 master_component.cc:1015] DisposeModel rwt
I0119 00:17:20.307569 13484 c_interface.cc:332] Pass FitOfflineMasterModelArgs, batch_filename_size=10, batch_weight_size=10, num_collection_passes=1 to void (__cdecl artm::core::MasterComponent::*)(class artm::FitOfflineMasterModelArgs const & __ptr64) __ptr64
I0119 00:17:20.307569 13484 master_component.cc:942] ProcessBatchesArgs: nwt_target_name=nwt, batch_filename_size=10, batch_size=0, batch_weight_size=10, pwt_source_name=pwt, num_document_passes=10, reuse_theta=no, opt_for_avx=no, predict_class_id=
I0119 00:17:20.431884  8972 processor.cc:676] No data in processing queue, waiting...
I0119 00:17:20.447409 12772 processor.cc:683] Processing queue has data, processing started
I0119 00:17:20.447409 11340 processor.cc:683] Processing queue has data, processing started
I0119 00:17:20.447409 10500 processor.cc:683] Processing queue has data, processing started
I0119 00:17:20.447409  7164 processor.cc:683] Processing queue has data, processing started
I0119 00:17:20.447409 10604 processor.cc:683] Processing queue has data, processing started
I0119 00:17:20.447409 12908 processor.cc:683] Processing queue has data, processing started
I0119 00:17:20.447409  6704 processor.cc:683] Processing queue has data, processing started
I0119 00:17:20.447409  8972 processor.cc:683] Processing queue has data, processing started
I0119 00:17:20.469468  8972 processor.cc:760] Processor: start processing batch 91682499-e143-4a7e-a456-d13c989269ce into model nwt
I0119 00:17:20.469468  6704 processor.cc:760] Processor: start processing batch 9ae98a86-dd94-4878-901d-057a55e5ce4f into model nwt
I0119 00:17:20.469468  7164 processor.cc:760] Processor: start processing batch a4ff25ef-dc39-43ab-bf69-09bd7f9815e3 into model nwt
I0119 00:17:20.469468 10500 processor.cc:760] Processor: start processing batch 333b767d-a44d-4b08-bac7-690ebbbdbc3a into model nwt
I0119 00:17:20.469468 12772 processor.cc:760] Processor: start processing batch d606c804-405d-4e33-bd8f-b37687ea265b into model nwt
I0119 00:17:20.469468 10604 processor.cc:760] Processor: start processing batch b97ea087-d580-4d2c-974e-df209727aabe into model nwt
I0119 00:17:20.469468 11340 processor.cc:760] Processor: start processing batch 4d14fbbe-71b0-405f-804a-99d1cb77df3e into model nwt
I0119 00:17:20.495038 12908 processor.cc:760] Processor: start processing batch 50d5050b-a10d-4652-8e92-644418dccc79 into model nwt
I0119 00:17:20.703090 12772 processor.cc:856] Processor: complete processing batch d606c804-405d-4e33-bd8f-b37687ea265b into model nwt
I0119 00:17:20.705596 11340 processor.cc:856] Processor: complete processing batch 4d14fbbe-71b0-405f-804a-99d1cb77df3e into model nwt
I0119 00:17:20.706097 10604 processor.cc:856] Processor: complete processing batch b97ea087-d580-4d2c-974e-df209727aabe into model nwt
I0119 00:17:20.707602 10500 processor.cc:856] Processor: complete processing batch 333b767d-a44d-4b08-bac7-690ebbbdbc3a into model nwt
I0119 00:17:20.708605 12772 cuckoo_watch.h:44] 261ms in ProcessBatch(D:\artmonline\data\datasets\lenta\batches\aaaaac.batch) [including 16ms in LoadMessage; 2ms in InitializeSparseNdw; 230ms in InferThetaAndUpdateNwtSparse; ]
I0119 00:17:20.711612  8972 processor.cc:856] Processor: complete processing batch 91682499-e143-4a7e-a456-d13c989269ce into model nwt
I0119 00:17:20.711612 11340 cuckoo_watch.h:44] 264ms in ProcessBatch(D:\artmonline\data\datasets\lenta\batches\aaaaab.batch) [including 16ms in LoadMessage; 2ms in InitializeSparseNdw; 232ms in InferThetaAndUpdateNwtSparse; ]
I0119 00:17:20.712113 10604 cuckoo_watch.h:44] 264ms in ProcessBatch(D:\artmonline\data\datasets\lenta\batches\aaaaae.batch) [including 16ms in LoadMessage; 2ms in InitializeSparseNdw; 232ms in InferThetaAndUpdateNwtSparse; ]
I0119 00:17:20.714620 10500 cuckoo_watch.h:44] 267ms in ProcessBatch(D:\artmonline\data\datasets\lenta\batches\aaaaad.batch) [including 16ms in LoadMessage; 2ms in InitializeSparseNdw; 234ms in InferThetaAndUpdateNwtSparse; ]
I0119 00:17:20.717630  8972 cuckoo_watch.h:44] 269ms in ProcessBatch(D:\artmonline\data\datasets\lenta\batches\aaaaah.batch) [including 16ms in LoadMessage; 2ms in InitializeSparseNdw; 238ms in InferThetaAndUpdateNwtSparse; ]
I0119 00:17:20.720136  6704 processor.cc:856] Processor: complete processing batch 9ae98a86-dd94-4878-901d-057a55e5ce4f into model nwt
I0119 00:17:20.727156  6704 cuckoo_watch.h:44] 279ms in ProcessBatch(D:\artmonline\data\datasets\lenta\batches\aaaaaf.batch) [including 16ms in LoadMessage; 2ms in InitializeSparseNdw; 247ms in InferThetaAndUpdateNwtSparse; ]
I0119 00:17:20.727656 12772 processor.cc:760] Processor: start processing batch 4ac5b579-5d26-4820-b034-7176ab8a48b7 into model nwt
I0119 00:17:20.729194  7164 processor.cc:856] Processor: complete processing batch a4ff25ef-dc39-43ab-bf69-09bd7f9815e3 into model nwt
I0119 00:17:20.734205  7164 cuckoo_watch.h:44] 286ms in ProcessBatch(D:\artmonline\data\datasets\lenta\batches\aaaaaa.batch) [including 16ms in LoadMessage; 2ms in InitializeSparseNdw; 256ms in InferThetaAndUpdateNwtSparse; ]
I0119 00:17:20.735712 12908 processor.cc:856] Processor: complete processing batch 50d5050b-a10d-4652-8e92-644418dccc79 into model nwt
I0119 00:17:20.738719 12908 cuckoo_watch.h:44] 291ms in ProcessBatch(D:\artmonline\data\datasets\lenta\batches\aaaaag.batch) [including 37ms in LoadMessage; 1ms in InitializeSparseNdw; 238ms in InferThetaAndUpdateNwtSparse; ]
I0119 00:17:20.753257 11340 processor.cc:760] Processor: start processing batch 8f0b6f8f-0772-42ac-bcf8-44b0811e4d17 into model nwt
I0119 00:17:20.816015 12772 processor.cc:856] Processor: complete processing batch 4ac5b579-5d26-4820-b034-7176ab8a48b7 into model nwt
I0119 00:17:20.818019 12772 cuckoo_watch.h:44] 109ms in ProcessBatch(D:\artmonline\data\datasets\lenta\batches\aaaaai.batch) [including 11ms in LoadMessage; 0ms in InitializeSparseNdw; 87ms in InferThetaAndUpdateNwtSparse; ]
I0119 00:17:21.006520 10500 processor.cc:676] No data in processing queue, waiting...
I0119 00:17:21.006520 10604 processor.cc:676] No data in processing queue, waiting...
I0119 00:17:21.006520  8972 processor.cc:676] No data in processing queue, waiting...
I0119 00:17:21.022061  7164 processor.cc:676] No data in processing queue, waiting...
I0119 00:17:21.022061 12908 processor.cc:676] No data in processing queue, waiting...
I0119 00:17:21.022061  6704 processor.cc:676] No data in processing queue, waiting...
I0119 00:17:21.099773 12772 processor.cc:676] No data in processing queue, waiting...
I0119 00:17:21.242116 11340 processor.cc:856] Processor: complete processing batch 8f0b6f8f-0772-42ac-bcf8-44b0811e4d17 into model nwt
