I0118 23:37:00.538938  4800 processor.cc:760] Processor: start processing batch 82b71bda-d8c7-4807-becb-f1a5ab58de98 into model nwt
I0118 23:37:00.538938  8216 processor.cc:760] Processor: start processing batch 26ee63d0-b728-4b0c-a441-7de2af4b5fee into model nwt
I0118 23:37:00.541443 11760 processor.cc:760] Processor: start processing batch de1f654f-2880-4f3b-a35f-69615309a4db into model nwt
I0118 23:37:00.541443  6988 processor.cc:760] Processor: start processing batch 4c5cc7b9-a542-487a-9e82-0186a3f7d12a into model nwt
I0118 23:37:00.873325 13384 processor.cc:856] Processor: complete processing batch 41583909-ea37-4b3d-82ab-12ec04f05ca6 into model nwt
I0118 23:37:00.878338 13384 cuckoo_watch.h:44] 404ms in ProcessBatch(D:\artmonline\data\datasets\lurk\batches\aaaaag.batch) [including 26ms in LoadMessage; 6ms in InitializeSparseNdw; 360ms in InferThetaAndUpdateNwtSparse; ]
I0118 23:37:01.173624 13384 processor.cc:676] No data in processing queue, waiting...
I0118 23:37:01.196183 13996 processor.cc:856] Processor: complete processing batch 9463411f-0908-40ac-8730-153beeae6b9f into model nwt
I0118 23:37:01.204205 13996 cuckoo_watch.h:44] 730ms in ProcessBatch(D:\artmonline\data\datasets\lurk\batches\aaaaah.batch) [including 40ms in LoadMessage; 16ms in InitializeSparseNdw; 659ms in InferThetaAndUpdateNwtSparse; ]
I0118 23:37:01.288930 13392 processor.cc:856] Processor: complete processing batch 2776ef3e-55c3-4b87-ae79-a0b2526ec48d into model nwt
I0118 23:37:01.296452 13392 cuckoo_watch.h:44] 822ms in ProcessBatch(D:\artmonline\data\datasets\lurk\batches\aaaaaa.batch) [including 48ms in LoadMessage; 26ms in InitializeSparseNdw; 732ms in InferThetaAndUpdateNwtSparse; ]
I0118 23:37:01.389704 13996 processor.cc:676] No data in processing queue, waiting...
I0118 23:37:01.399226 13392 processor.cc:676] No data in processing queue, waiting...
I0118 23:37:01.659916 11760 processor.cc:856] Processor: complete processing batch de1f654f-2880-4f3b-a35f-69615309a4db into model nwt
I0118 23:37:01.666934  4800 processor.cc:856] Processor: complete processing batch 82b71bda-d8c7-4807-becb-f1a5ab58de98 into model nwt
I0118 23:37:01.677964 11760 cuckoo_watch.h:44] 1203ms in ProcessBatch(D:\artmonline\data\datasets\lurk\batches\aaaaab.batch) [including 60ms in LoadMessage; 52ms in InitializeSparseNdw; 1064ms in InferThetaAndUpdateNwtSparse; ]
I0118 23:37:01.679971 12680 processor.cc:856] Processor: complete processing batch fb9ca009-e710-4d69-84f1-8e9176927023 into model nwt
I0118 23:37:01.682476  4800 cuckoo_watch.h:44] 1208ms in ProcessBatch(D:\artmonline\data\datasets\lurk\batches\aaaaae.batch) [including 57ms in LoadMessage; 49ms in InitializeSparseNdw; 1078ms in InferThetaAndUpdateNwtSparse; ]
I0118 23:37:01.696513 12680 cuckoo_watch.h:44] 1222ms in ProcessBatch(D:\artmonline\data\datasets\lurk\batches\aaaaac.batch) [including 58ms in LoadMessage; 41ms in InitializeSparseNdw; 1099ms in InferThetaAndUpdateNwtSparse; ]
I0118 23:37:01.698526  8216 processor.cc:856] Processor: complete processing batch 26ee63d0-b728-4b0c-a441-7de2af4b5fee into model nwt
I0118 23:37:01.714576 11760 processor.cc:676] No data in processing queue, waiting...
I0118 23:37:01.717583  8216 cuckoo_watch.h:44] 1243ms in ProcessBatch(D:\artmonline\data\datasets\lurk\batches\aaaaad.batch) [including 58ms in LoadMessage; 48ms in InitializeSparseNdw; 1110ms in InferThetaAndUpdateNwtSparse; ]
I0118 23:37:01.718585  4800 processor.cc:676] No data in processing queue, waiting...
I0118 23:37:01.728611 12680 processor.cc:676] No data in processing queue, waiting...
I0118 23:37:01.728611  6988 processor.cc:856] Processor: complete processing batch 4c5cc7b9-a542-487a-9e82-0186a3f7d12a into model nwt
I0118 23:37:01.747663  6988 cuckoo_watch.h:44] 1273ms in ProcessBatch(D:\artmonline\data\datasets\lurk\batches\aaaaaf.batch) [including 60ms in LoadMessage; 42ms in InitializeSparseNdw; 1144ms in InferThetaAndUpdateNwtSparse; ]
I0118 23:37:01.748667  9680 master_component.cc:991] NormalizeModelArgs: pwt_target_name=pwt, nwt_source_name=nwt, rwt_source_name=
I0118 23:37:01.748667  9680 master_component.cc:617] MasterComponent: start normalizing model nwt
I0118 23:37:01.749668  8216 processor.cc:676] No data in processing queue, waiting...
I0118 23:37:01.774734  6988 processor.cc:676] No data in processing queue, waiting...
I0118 23:37:01.850031  9680 master_component.cc:639] MasterComponent: complete normalizing model nwt
I0118 23:37:01.850031  9680 master_component.cc:1015] DisposeModel rwt
I0118 23:37:01.850031  9680 c_interface.cc:332] Pass FitOfflineMasterModelArgs, batch_filename_size=8, batch_weight_size=8, num_collection_passes=1 to void (__cdecl artm::core::MasterComponent::*)(class artm::FitOfflineMasterModelArgs const & __ptr64) __ptr64
I0118 23:37:01.850031  9680 master_component.cc:942] ProcessBatchesArgs: nwt_target_name=nwt, batch_filename_size=8, batch_size=0, batch_weight_size=8, pwt_source_name=pwt, num_document_passes=10, reuse_theta=no, opt_for_avx=no, predict_class_id=
I0118 23:37:01.949291  8216 processor.cc:683] Processing queue has data, processing started
I0118 23:37:01.949291 11760 processor.cc:683] Processing queue has data, processing started
I0118 23:37:01.949291 13392 processor.cc:683] Processing queue has data, processing started
I0118 23:37:01.949291 13996 processor.cc:683] Processing queue has data, processing started
I0118 23:37:01.949291  6988 processor.cc:683] Processing queue has data, processing started
I0118 23:37:01.949291  4800 processor.cc:683] Processing queue has data, processing started
I0118 23:37:01.949291 12680 processor.cc:683] Processing queue has data, processing started
I0118 23:37:01.949291 13384 processor.cc:683] Processing queue has data, processing started
I0118 23:37:01.982381  4800 processor.cc:760] Processor: start processing batch 41583909-ea37-4b3d-82ab-12ec04f05ca6 into model nwt
I0118 23:37:02.005949 13384 processor.cc:760] Processor: start processing batch 9463411f-0908-40ac-8730-153beeae6b9f into model nwt
I0118 23:37:02.006950 13392 processor.cc:760] Processor: start processing batch 2776ef3e-55c3-4b87-ae79-a0b2526ec48d into model nwt
I0118 23:37:02.017488 13996 processor.cc:760] Processor: start processing batch 26ee63d0-b728-4b0c-a441-7de2af4b5fee into model nwt
I0118 23:37:02.017488  6988 processor.cc:760] Processor: start processing batch 82b71bda-d8c7-4807-becb-f1a5ab58de98 into model nwt
I0118 23:37:02.029517 12680 processor.cc:760] Processor: start processing batch 4c5cc7b9-a542-487a-9e82-0186a3f7d12a into model nwt
I0118 23:37:02.043555  8216 processor.cc:760] Processor: start processing batch de1f654f-2880-4f3b-a35f-69615309a4db into model nwt
I0118 23:37:02.049571 11760 processor.cc:760] Processor: start processing batch fb9ca009-e710-4d69-84f1-8e9176927023 into model nwt
I0118 23:37:02.409533  4800 processor.cc:856] Processor: complete processing batch 41583909-ea37-4b3d-82ab-12ec04f05ca6 into model nwt
I0118 23:37:02.414546  4800 cuckoo_watch.h:44] 465ms in ProcessBatch(D:\artmonline\data\datasets\lurk\batches\aaaaag.batch) [including 28ms in LoadMessage; 6ms in InitializeSparseNdw; 419ms in InferThetaAndUpdateNwtSparse; ]
I0118 23:37:02.656188 13384 processor.cc:856] Processor: complete processing batch 9463411f-0908-40ac-8730-153beeae6b9f into model nwt
I0118 23:37:02.666215 13384 cuckoo_watch.h:44] 716ms in ProcessBatch(D:\artmonline\data\datasets\lurk\batches\aaaaah.batch) [including 49ms in LoadMessage; 28ms in InitializeSparseNdw; 620ms in InferThetaAndUpdateNwtSparse; ]
I0118 23:37:02.700808 13392 processor.cc:856] Processor: complete processing batch 2776ef3e-55c3-4b87-ae79-a0b2526ec48d into model nwt
I0118 23:37:02.701809  4800 processor.cc:676] No data in processing queue, waiting...
I0118 23:37:02.708329 13392 cuckoo_watch.h:44] 759ms in ProcessBatch(D:\artmonline\data\datasets\lurk\batches\aaaaaa.batch) [including 51ms in LoadMessage; 40ms in InitializeSparseNdw; 652ms in InferThetaAndUpdateNwtSparse; ]
I0118 23:37:02.950474 13384 processor.cc:676] No data in processing queue, waiting...
I0118 23:37:02.997095 13392 processor.cc:676] No data in processing queue, waiting...
I0118 23:37:03.017649  6988 processor.cc:856] Processor: complete processing batch 82b71bda-d8c7-4807-becb-f1a5ab58de98 into model nwt
I0118 23:37:03.038204  6988 cuckoo_watch.h:44] 1088ms in ProcessBatch(D:\artmonline\data\datasets\lurk\batches\aaaaae.batch) [including 61ms in LoadMessage; 54ms in InitializeSparseNdw; 944ms in InferThetaAndUpdateNwtSparse; ]
I0118 23:37:03.065788 12680 processor.cc:856] Processor: complete processing batch 4c5cc7b9-a542-487a-9e82-0186a3f7d12a into model nwt
I0118 23:37:03.078822 12680 cuckoo_watch.h:44] 1129ms in ProcessBatch(D:\artmonline\data\datasets\lurk\batches\aaaaaf.batch) [including 67ms in LoadMessage; 66ms in InitializeSparseNdw; 969ms in InferThetaAndUpdateNwtSparse; ]
I0118 23:37:03.088348 13996 processor.cc:856] Processor: complete processing batch 26ee63d0-b728-4b0c-a441-7de2af4b5fee into model nwt
I0118 23:37:03.100379 13996 cuckoo_watch.h:44] 1151ms in ProcessBatch(D:\artmonline\data\datasets\lurk\batches\aaaaad.batch) [including 61ms in LoadMessage; 69ms in InitializeSparseNdw; 1000ms in InferThetaAndUpdateNwtSparse; ]
I0118 23:37:03.101899 11760 processor.cc:856] Processor: complete processing batch fb9ca009-e710-4d69-84f1-8e9176927023 into model nwt
I0118 23:37:03.116422 11760 cuckoo_watch.h:44] 1167ms in ProcessBatch(D:\artmonline\data\datasets\lurk\batches\aaaaac.batch) [including 92ms in LoadMessage; 42ms in InitializeSparseNdw; 1008ms in InferThetaAndUpdateNwtSparse; ]
I0118 23:37:03.116933  8216 processor.cc:856] Processor: complete processing batch de1f654f-2880-4f3b-a35f-69615309a4db into model nwt
I0118 23:37:03.130961  8216 cuckoo_watch.h:44] 1181ms in ProcessBatch(D:\artmonline\data\datasets\lurk\batches\aaaaab.batch) [including 81ms in LoadMessage; 44ms in InitializeSparseNdw; 1027ms in InferThetaAndUpdateNwtSparse; ]
I0118 23:37:03.142994  9680 master_component.cc:991] NormalizeModelArgs: pwt_target_name=pwt, nwt_source_name=nwt, rwt_source_name=
I0118 23:37:03.142994  9680 master_component.cc:617] MasterComponent: start normalizing model nwt
I0118 23:37:03.220700  6988 processor.cc:676] No data in processing queue, waiting...
I0118 23:37:03.229223  9680 master_component.cc:639] MasterComponent: complete normalizing model nwt
I0118 23:37:03.229223  9680 master_component.cc:1015] DisposeModel rwt
I0118 23:37:03.231227  9680 c_interface.cc:318] Pass ad766c56-f3ae-4824-aece-fa4eb4764fbb to void (__cdecl artm::core::MasterComponent::*)(class std::basic_string<char,struct std::char_traits<char>,class std::allocator<char> > const & __ptr64) __ptr64
I0118 23:37:03.242256  9680 c_interface.cc:283] Disposing MasterComponent (id=1)...
I0118 23:37:03.242758  9680 c_interface.cc:318] Pass dictionary to void (__cdecl artm::core::MasterComponent::*)(class std::basic_string<char,struct std::char_traits<char>,class std::allocator<char> > const & __ptr64) __ptr64
I0118 23:37:03.256795  9680 c_interface.cc:283] Disposing MasterComponent (id=2)...
I0118 23:37:03.259804  9680 c_interface.cc:180] ArtmCopyRequestedMessage is copying 68917 bytes...
I0118 23:37:03.267323 12680 processor.cc:676] No data in processing queue, waiting...
I0118 23:37:03.282866 13996 processor.cc:676] No data in processing queue, waiting...
I0118 23:37:03.360674 11760 processor.cc:676] No data in processing queue, waiting...
W0118 23:37:03.376684  9680 check_messages.h:833] Inconsistent fields size in ThetaMatrix: 7668 vs 0 vs 7668 vs 0;
I0118 23:37:03.377687  9680 c_interface.cc:180] ArtmCopyRequestedMessage is copying 38245 bytes...
I0118 23:37:03.395236  9680 c_interface.cc:185] ArtmCopyRequestedObject is copying 306720 bytes...
I0118 23:37:03.426514  8216 processor.cc:676] No data in processing queue, waiting...
I0118 23:37:03.442153  9680 phi_matrix_operations.cc:82] RetrieveExternalTopicModel() with 10 topics, 71309 tokens
I0118 23:37:03.495024  9680 c_interface.cc:180] ArtmCopyRequestedMessage is copying 2039087 bytes...
I0118 23:37:04.913704  9680 phi_matrix_operations.cc:82] RetrieveExternalTopicModel() with 10 topics, 71309 tokens
I0118 23:37:04.960585  9680 c_interface.cc:180] ArtmCopyRequestedMessage is copying 1753851 bytes...
I0118 23:37:05.260766  9680 c_interface.cc:185] ArtmCopyRequestedObject is copying 2852360 bytes...
I0118 23:37:10.819638  4800 processor.cc:668] Processor thread stopped
I0118 23:37:10.819638  4800 processor.cc:669] Total number of processed batches: 10
I0118 23:37:10.835264  6988 processor.cc:668] Processor thread stopped
I0118 23:37:10.835264  6988 processor.cc:669] Total number of processed batches: 10
I0118 23:37:10.850864  8216 processor.cc:668] Processor thread stopped
I0118 23:37:10.850864  8216 processor.cc:669] Total number of processed batches: 10
I0118 23:37:10.866524 12680 processor.cc:668] Processor thread stopped
I0118 23:37:10.866524 12680 processor.cc:669] Total number of processed batches: 10
I0118 23:37:10.882146 13392 processor.cc:668] Processor thread stopped
I0118 23:37:10.882146 13392 processor.cc:669] Total number of processed batches: 10
I0118 23:37:10.897743 13384 processor.cc:668] Processor thread stopped
I0118 23:37:10.897743 13384 processor.cc:669] Total number of processed batches: 10
I0118 23:37:10.901849 11760 processor.cc:668] Processor thread stopped
I0118 23:37:10.901849 11760 processor.cc:669] Total number of processed batches: 10
I0118 23:37:10.919147 13996 processor.cc:668] Processor thread stopped
I0118 23:37:10.919147 13996 processor.cc:669] Total number of processed batches: 10
I0118 23:37:10.997248  9680 c_interface.cc:283] Disposing MasterComponent (id=3)...
