I0118 23:33:36.368280  9812 processor.cc:856] Processor: complete processing batch 82b71bda-d8c7-4807-becb-f1a5ab58de98 into model nwt
I0118 23:33:36.382318  9812 cuckoo_watch.h:44] 1112ms in ProcessBatch(D:\artmonline\data\datasets\lurk\batches\aaaaae.batch) [including 62ms in LoadMessage; 49ms in InitializeSparseNdw; 980ms in InferThetaAndUpdateNwtSparse; ]
I0118 23:33:36.394350  7916 processor.cc:856] Processor: complete processing batch 4c5cc7b9-a542-487a-9e82-0186a3f7d12a into model nwt
I0118 23:33:36.405881  9812 processor.cc:676] No data in processing queue, waiting...
I0118 23:33:36.407387  2380 processor.cc:856] Processor: complete processing batch 26ee63d0-b728-4b0c-a441-7de2af4b5fee into model nwt
I0118 23:33:36.416908 12672 processor.cc:856] Processor: complete processing batch de1f654f-2880-4f3b-a35f-69615309a4db into model nwt
I0118 23:33:36.441474  6028 processor.cc:856] Processor: complete processing batch fb9ca009-e710-4d69-84f1-8e9176927023 into model nwt
I0118 23:33:36.453507  7916 cuckoo_watch.h:44] 1184ms in ProcessBatch(D:\artmonline\data\datasets\lurk\batches\aaaaaf.batch) [including 63ms in LoadMessage; 46ms in InitializeSparseNdw; 1007ms in InferThetaAndUpdateNwtSparse; ]
I0118 23:33:36.475064  2380 cuckoo_watch.h:44] 1205ms in ProcessBatch(D:\artmonline\data\datasets\lurk\batches\aaaaad.batch) [including 62ms in LoadMessage; 48ms in InitializeSparseNdw; 1021ms in InferThetaAndUpdateNwtSparse; ]
I0118 23:33:36.477071  7916 processor.cc:676] No data in processing queue, waiting...
I0118 23:33:36.485092 12672 cuckoo_watch.h:44] 1216ms in ProcessBatch(D:\artmonline\data\datasets\lurk\batches\aaaaab.batch) [including 64ms in LoadMessage; 45ms in InitializeSparseNdw; 1028ms in InferThetaAndUpdateNwtSparse; ]
I0118 23:33:36.489100  6028 cuckoo_watch.h:44] 1219ms in ProcessBatch(D:\artmonline\data\datasets\lurk\batches\aaaaac.batch) [including 62ms in LoadMessage; 49ms in InitializeSparseNdw; 1053ms in InferThetaAndUpdateNwtSparse; ]
I0118 23:33:36.490103  7292 master_component.cc:991] NormalizeModelArgs: pwt_target_name=pwt, nwt_source_name=nwt, rwt_source_name=
I0118 23:33:36.490103  7292 master_component.cc:617] MasterComponent: start normalizing model nwt
I0118 23:33:36.506145  2380 processor.cc:676] No data in processing queue, waiting...
I0118 23:33:36.517175 12672 processor.cc:676] No data in processing queue, waiting...
I0118 23:33:36.518679  6028 processor.cc:676] No data in processing queue, waiting...
I0118 23:33:36.651537  7292 master_component.cc:639] MasterComponent: complete normalizing model nwt
I0118 23:33:36.651537  7292 master_component.cc:1015] DisposeModel rwt
I0118 23:33:36.651537  7292 c_interface.cc:332] Pass FitOfflineMasterModelArgs, batch_filename_size=8, batch_weight_size=8, num_collection_passes=1 to void (__cdecl artm::core::MasterComponent::*)(class artm::FitOfflineMasterModelArgs const & __ptr64) __ptr64
I0118 23:33:36.651537  7292 master_component.cc:942] ProcessBatchesArgs: nwt_target_name=nwt, batch_filename_size=8, batch_size=0, batch_weight_size=8, pwt_source_name=pwt, num_document_passes=10, reuse_theta=no, opt_for_avx=no, predict_class_id=
I0118 23:33:36.751035  8996 processor.cc:683] Processing queue has data, processing started
I0118 23:33:36.751035  2380 processor.cc:683] Processing queue has data, processing started
I0118 23:33:36.751035  6028 processor.cc:683] Processing queue has data, processing started
I0118 23:33:36.751035 10460 processor.cc:683] Processing queue has data, processing started
I0118 23:33:36.751035 12672 processor.cc:683] Processing queue has data, processing started
I0118 23:33:36.751035  1120 processor.cc:683] Processing queue has data, processing started
I0118 23:33:36.751035  7916 processor.cc:683] Processing queue has data, processing started
I0118 23:33:36.751035  9812 processor.cc:683] Processing queue has data, processing started
I0118 23:33:36.797874  9812 processor.cc:760] Processor: start processing batch 41583909-ea37-4b3d-82ab-12ec04f05ca6 into model nwt
I0118 23:33:36.813501  1120 processor.cc:760] Processor: start processing batch 9463411f-0908-40ac-8730-153beeae6b9f into model nwt
I0118 23:33:36.813501  2380 processor.cc:760] Processor: start processing batch 2776ef3e-55c3-4b87-ae79-a0b2526ec48d into model nwt
I0118 23:33:36.836156  6028 processor.cc:760] Processor: start processing batch fb9ca009-e710-4d69-84f1-8e9176927023 into model nwt
I0118 23:33:36.838161 12672 processor.cc:760] Processor: start processing batch 26ee63d0-b728-4b0c-a441-7de2af4b5fee into model nwt
I0118 23:33:36.839664  8996 processor.cc:760] Processor: start processing batch de1f654f-2880-4f3b-a35f-69615309a4db into model nwt
I0118 23:33:36.839664 10460 processor.cc:760] Processor: start processing batch 4c5cc7b9-a542-487a-9e82-0186a3f7d12a into model nwt
I0118 23:33:36.861723  7916 processor.cc:760] Processor: start processing batch 82b71bda-d8c7-4807-becb-f1a5ab58de98 into model nwt
I0118 23:33:37.191601  9812 processor.cc:856] Processor: complete processing batch 41583909-ea37-4b3d-82ab-12ec04f05ca6 into model nwt
I0118 23:33:37.198118  9812 cuckoo_watch.h:44] 446ms in ProcessBatch(D:\artmonline\data\datasets\lurk\batches\aaaaag.batch) [including 47ms in LoadMessage; 6ms in InitializeSparseNdw; 381ms in InferThetaAndUpdateNwtSparse; ]
I0118 23:33:37.362053  9812 processor.cc:676] No data in processing queue, waiting...
I0118 23:33:37.414192  1120 processor.cc:856] Processor: complete processing batch 9463411f-0908-40ac-8730-153beeae6b9f into model nwt
I0118 23:33:37.423718  1120 cuckoo_watch.h:44] 672ms in ProcessBatch(D:\artmonline\data\datasets\lurk\batches\aaaaah.batch) [including 60ms in LoadMessage; 16ms in InitializeSparseNdw; 580ms in InferThetaAndUpdateNwtSparse; ]
I0118 23:33:37.558576  1120 processor.cc:676] No data in processing queue, waiting...
I0118 23:33:37.598682  2380 processor.cc:856] Processor: complete processing batch 2776ef3e-55c3-4b87-ae79-a0b2526ec48d into model nwt
I0118 23:33:37.613723  2380 cuckoo_watch.h:44] 862ms in ProcessBatch(D:\artmonline\data\datasets\lurk\batches\aaaaaa.batch) [including 67ms in LoadMessage; 21ms in InitializeSparseNdw; 751ms in InferThetaAndUpdateNwtSparse; ]
I0118 23:33:37.789191  2380 processor.cc:676] No data in processing queue, waiting...
I0118 23:33:37.820773  8996 processor.cc:856] Processor: complete processing batch de1f654f-2880-4f3b-a35f-69615309a4db into model nwt
I0118 23:33:37.832805  8996 cuckoo_watch.h:44] 1081ms in ProcessBatch(D:\artmonline\data\datasets\lurk\batches\aaaaab.batch) [including 80ms in LoadMessage; 43ms in InitializeSparseNdw; 936ms in InferThetaAndUpdateNwtSparse; ]
I0118 23:33:37.839824 10460 processor.cc:856] Processor: complete processing batch 4c5cc7b9-a542-487a-9e82-0186a3f7d12a into model nwt
I0118 23:33:37.857872 10460 cuckoo_watch.h:44] 1107ms in ProcessBatch(D:\artmonline\data\datasets\lurk\batches\aaaaaf.batch) [including 80ms in LoadMessage; 43ms in InitializeSparseNdw; 956ms in InferThetaAndUpdateNwtSparse; ]
I0118 23:33:37.870404  6028 processor.cc:856] Processor: complete processing batch fb9ca009-e710-4d69-84f1-8e9176927023 into model nwt
I0118 23:33:37.885444  6028 cuckoo_watch.h:44] 1134ms in ProcessBatch(D:\artmonline\data\datasets\lurk\batches\aaaaac.batch) [including 76ms in LoadMessage; 40ms in InitializeSparseNdw; 982ms in InferThetaAndUpdateNwtSparse; ]
I0118 23:33:37.890959 12672 processor.cc:856] Processor: complete processing batch 26ee63d0-b728-4b0c-a441-7de2af4b5fee into model nwt
I0118 23:33:37.902490 12672 cuckoo_watch.h:44] 1151ms in ProcessBatch(D:\artmonline\data\datasets\lurk\batches\aaaaad.batch) [including 78ms in LoadMessage; 45ms in InitializeSparseNdw; 1007ms in InferThetaAndUpdateNwtSparse; ]
I0118 23:33:37.910575  7916 processor.cc:856] Processor: complete processing batch 82b71bda-d8c7-4807-becb-f1a5ab58de98 into model nwt
I0118 23:33:37.924110  7916 cuckoo_watch.h:44] 1173ms in ProcessBatch(D:\artmonline\data\datasets\lurk\batches\aaaaae.batch) [including 77ms in LoadMessage; 33ms in InitializeSparseNdw; 1015ms in InferThetaAndUpdateNwtSparse; ]
I0118 23:33:37.943775  7292 master_component.cc:991] NormalizeModelArgs: pwt_target_name=pwt, nwt_source_name=nwt, rwt_source_name=
I0118 23:33:37.943775  7292 master_component.cc:617] MasterComponent: start normalizing model nwt
I0118 23:33:38.028492  7292 master_component.cc:639] MasterComponent: complete normalizing model nwt
I0118 23:33:38.028492  7292 master_component.cc:1015] DisposeModel rwt
I0118 23:33:38.028492  7292 c_interface.cc:332] Pass FitOfflineMasterModelArgs, batch_filename_size=8, batch_weight_size=8, num_collection_passes=1 to void (__cdecl artm::core::MasterComponent::*)(class artm::FitOfflineMasterModelArgs const & __ptr64) __ptr64
I0118 23:33:38.028492  7292 master_component.cc:942] ProcessBatchesArgs: nwt_target_name=nwt, batch_filename_size=8, batch_size=0, batch_weight_size=8, pwt_source_name=pwt, num_document_passes=10, reuse_theta=no, opt_for_avx=no, predict_class_id=
I0118 23:33:38.122287  2380 processor.cc:683] Processing queue has data, processing started
I0118 23:33:38.122287  1120 processor.cc:683] Processing queue has data, processing started
I0118 23:33:38.122287  9812 processor.cc:683] Processing queue has data, processing started
I0118 23:33:38.144438 10460 processor.cc:760] Processor: start processing batch 41583909-ea37-4b3d-82ab-12ec04f05ca6 into model nwt
I0118 23:33:38.160065  7916 processor.cc:760] Processor: start processing batch 9463411f-0908-40ac-8730-153beeae6b9f into model nwt
I0118 23:33:38.175694  2380 processor.cc:760] Processor: start processing batch fb9ca009-e710-4d69-84f1-8e9176927023 into model nwt
I0118 23:33:38.175694 12672 processor.cc:760] Processor: start processing batch 82b71bda-d8c7-4807-becb-f1a5ab58de98 into model nwt
I0118 23:33:38.175694  9812 processor.cc:760] Processor: start processing batch 4c5cc7b9-a542-487a-9e82-0186a3f7d12a into model nwt
I0118 23:33:38.175694  8996 processor.cc:760] Processor: start processing batch de1f654f-2880-4f3b-a35f-69615309a4db into model nwt
I0118 23:33:38.175694  1120 processor.cc:760] Processor: start processing batch 26ee63d0-b728-4b0c-a441-7de2af4b5fee into model nwt
I0118 23:33:38.175694  6028 processor.cc:760] Processor: start processing batch 2776ef3e-55c3-4b87-ae79-a0b2526ec48d into model nwt
I0118 23:33:38.532908 10460 processor.cc:856] Processor: complete processing batch 41583909-ea37-4b3d-82ab-12ec04f05ca6 into model nwt
I0118 23:33:38.537922 10460 cuckoo_watch.h:44] 415ms in ProcessBatch(D:\artmonline\data\datasets\lurk\batches\aaaaag.batch) [including 26ms in LoadMessage; 6ms in InitializeSparseNdw; 372ms in InferThetaAndUpdateNwtSparse; ]
I0118 23:33:38.759011  7916 processor.cc:856] Processor: complete processing batch 9463411f-0908-40ac-8730-153beeae6b9f into model nwt
I0118 23:33:38.766028  7916 cuckoo_watch.h:44] 643ms in ProcessBatch(D:\artmonline\data\datasets\lurk\batches\aaaaah.batch) [including 40ms in LoadMessage; 12ms in InitializeSparseNdw; 578ms in InferThetaAndUpdateNwtSparse; ]
I0118 23:33:38.828694 10460 processor.cc:676] No data in processing queue, waiting...
I0118 23:33:38.948012  6028 processor.cc:856] Processor: complete processing batch 2776ef3e-55c3-4b87-ae79-a0b2526ec48d into model nwt
I0118 23:33:38.959043  6028 cuckoo_watch.h:44] 836ms in ProcessBatch(D:\artmonline\data\datasets\lurk\batches\aaaaaa.batch) [including 59ms in LoadMessage; 36ms in InitializeSparseNdw; 725ms in InferThetaAndUpdateNwtSparse; ]
I0118 23:33:39.039757  7916 processor.cc:676] No data in processing queue, waiting...
I0118 23:33:39.174114  6028 processor.cc:676] No data in processing queue, waiting...
I0118 23:33:39.244299  1120 processor.cc:856] Processor: complete processing batch 26ee63d0-b728-4b0c-a441-7de2af4b5fee into model nwt
I0118 23:33:39.250816  1120 cuckoo_watch.h:44] 1128ms in ProcessBatch(D:\artmonline\data\datasets\lurk\batches\aaaaad.batch) [including 59ms in LoadMessage; 51ms in InitializeSparseNdw; 1006ms in InferThetaAndUpdateNwtSparse; ]
I0118 23:33:39.252321 12672 processor.cc:856] Processor: complete processing batch 82b71bda-d8c7-4807-becb-f1a5ab58de98 into model nwt
I0118 23:33:39.262848 12672 cuckoo_watch.h:44] 1140ms in ProcessBatch(D:\artmonline\data\datasets\lurk\batches\aaaaae.batch) [including 58ms in LoadMessage; 49ms in InitializeSparseNdw; 1016ms in InferThetaAndUpdateNwtSparse; ]
I0118 23:33:39.264854  8996 processor.cc:856] Processor: complete processing batch de1f654f-2880-4f3b-a35f-69615309a4db into model nwt
I0118 23:33:39.282903  8996 cuckoo_watch.h:44] 1160ms in ProcessBatch(D:\artmonline\data\datasets\lurk\batches\aaaaab.batch) [including 60ms in LoadMessage; 49ms in InitializeSparseNdw; 1029ms in InferThetaAndUpdateNwtSparse; ]
I0118 23:33:39.290923  9812 processor.cc:856] Processor: complete processing batch 4c5cc7b9-a542-487a-9e82-0186a3f7d12a into model nwt
I0118 23:33:39.300010  2380 processor.cc:856] Processor: complete processing batch fb9ca009-e710-4d69-84f1-8e9176927023 into model nwt
I0118 23:33:39.305526  9812 cuckoo_watch.h:44] 1183ms in ProcessBatch(D:\artmonline\data\datasets\lurk\batches\aaaaaf.batch) [including 60ms in LoadMessage; 49ms in InitializeSparseNdw; 1054ms in InferThetaAndUpdateNwtSparse; ]
I0118 23:33:39.311542  2380 cuckoo_watch.h:44] 1189ms in ProcessBatch(D:\artmonline\data\datasets\lurk\batches\aaaaac.batch) [including 59ms in LoadMessage; 50ms in InitializeSparseNdw; 1062ms in InferThetaAndUpdateNwtSparse; ]
I0118 23:33:39.314052  7292 master_component.cc:991] NormalizeModelArgs: pwt_target_name=pwt, nwt_source_name=nwt, rwt_source_name=
I0118 23:33:39.314052  7292 master_component.cc:617] MasterComponent: start normalizing model nwt
I0118 23:33:39.400238  7292 master_component.cc:639] MasterComponent: complete normalizing model nwt
I0118 23:33:39.400238  7292 master_component.cc:1015] DisposeModel rwt
I0118 23:33:39.400238  7292 c_interface.cc:318] Pass ae13bc5b-c256-465a-9c7d-a917ae3e0a29 to void (__cdecl artm::core::MasterComponent::*)(class std::basic_string<char,struct std::char_traits<char>,class std::allocator<char> > const & __ptr64) __ptr64
I0118 23:33:39.417917  7292 c_interface.cc:283] Disposing MasterComponent (id=1)...
I0118 23:33:39.418416  7292 c_interface.cc:318] Pass dictionary to void (__cdecl artm::core::MasterComponent::*)(class std::basic_string<char,struct std::char_traits<char>,class std::allocator<char> > const & __ptr64) __ptr64
I0118 23:33:39.421414  7292 c_interface.cc:283] Disposing MasterComponent (id=2)...
I0118 23:33:39.421414  7292 c_interface.cc:180] ArtmCopyRequestedMessage is copying 68917 bytes...
W0118 23:33:39.537866  7292 check_messages.h:833] Inconsistent fields size in ThetaMatrix: 7668 vs 0 vs 7668 vs 0;
I0118 23:33:39.553562  1120 processor.cc:676] No data in processing queue, waiting...
I0118 23:33:39.553562  7292 c_interface.cc:180] ArtmCopyRequestedMessage is copying 38245 bytes...
I0118 23:33:39.569151 12672 processor.cc:676] No data in processing queue, waiting...
I0118 23:33:39.588953  8996 processor.cc:676] No data in processing queue, waiting...
I0118 23:33:39.589962  9812 processor.cc:676] No data in processing queue, waiting...
I0118 23:33:39.589962  2380 processor.cc:676] No data in processing queue, waiting...
I0118 23:33:39.608002  7292 c_interface.cc:185] ArtmCopyRequestedObject is copying 306720 bytes...
I0118 23:33:39.630564  7292 phi_matrix_operations.cc:82] RetrieveExternalTopicModel() with 10 topics, 71309 tokens
I0118 23:33:39.757912  7292 c_interface.cc:180] ArtmCopyRequestedMessage is copying 2039087 bytes...
I0118 23:33:41.240010  7292 phi_matrix_operations.cc:82] RetrieveExternalTopicModel() with 10 topics, 71309 tokens
I0118 23:33:41.302491  7292 c_interface.cc:180] ArtmCopyRequestedMessage is copying 1753851 bytes...
I0118 23:33:41.603543  7292 c_interface.cc:185] ArtmCopyRequestedObject is copying 2852360 bytes...
I0118 23:33:41.857616 12672 processor.cc:668] Processor thread stopped
I0118 23:33:41.857616 12672 processor.cc:669] Total number of processed batches: 10
I0118 23:33:41.873245  1120 processor.cc:668] Processor thread stopped
I0118 23:33:41.873245  1120 processor.cc:669] Total number of processed batches: 10
I0118 23:33:41.888880 10460 processor.cc:668] Processor thread stopped
I0118 23:33:41.888880 10460 processor.cc:669] Total number of processed batches: 10
I0118 23:33:41.904501  7916 processor.cc:668] Processor thread stopped
I0118 23:33:41.904501  7916 processor.cc:669] Total number of processed batches: 10
I0118 23:33:41.920122  2380 processor.cc:668] Processor thread stopped
I0118 23:33:41.920122  2380 processor.cc:669] Total number of processed batches: 10
I0118 23:33:41.921941  9812 processor.cc:668] Processor thread stopped
I0118 23:33:41.921941  9812 processor.cc:669] Total number of processed batches: 10
I0118 23:33:41.941644  8996 processor.cc:668] Processor thread stopped
I0118 23:33:41.941644  8996 processor.cc:669] Total number of processed batches: 10
I0118 23:33:41.957304  6028 processor.cc:668] Processor thread stopped
I0118 23:33:41.957304  6028 processor.cc:669] Total number of processed batches: 10
I0118 23:33:42.022353  7292 c_interface.cc:283] Disposing MasterComponent (id=3)...
