I0119 19:38:31.413415 12816 processor.cc:760] Processor: start processing batch 47a2c821-24f8-4344-8d6d-b5ad46b90fd6 into model nwt
I0119 19:38:31.415421  7792 processor.cc:760] Processor: start processing batch f3807429-b7a3-41cd-9ee0-193675c1cefe into model nwt
I0119 19:38:31.415421  8596 processor.cc:760] Processor: start processing batch 00ba4a21-f0f6-484c-b371-ed634f9a1cb1 into model nwt
I0119 19:38:31.415421  8556 processor.cc:760] Processor: start processing batch aabbdfb9-0f5f-4a28-9764-4bcb76c49657 into model nwt
I0119 19:38:31.439486  1060 processor.cc:676] No data in processing queue, waiting...
I0119 19:38:31.476613 12816 processor.cc:856] Processor: complete processing batch 47a2c821-24f8-4344-8d6d-b5ad46b90fd6 into model nwt
I0119 19:38:31.477615 12816 cuckoo_watch.h:44] 66ms in ProcessBatch(D:\artmonline\data\datasets\kos\batches\aaaaad.batch) [including 2ms in LoadMessage; 0ms in InitializeSparseNdw; 62ms in InferThetaAndUpdateNwtSparse; ]
I0119 19:38:31.513186 12816 processor.cc:676] No data in processing queue, waiting...
I0119 19:38:31.550287  7792 processor.cc:856] Processor: complete processing batch f3807429-b7a3-41cd-9ee0-193675c1cefe into model nwt
I0119 19:38:31.551290  7792 cuckoo_watch.h:44] 140ms in ProcessBatch(D:\artmonline\data\datasets\kos\batches\aaaaaa.batch) [including 4ms in LoadMessage; 1ms in InitializeSparseNdw; 133ms in InferThetaAndUpdateNwtSparse; ]
I0119 19:38:31.557306  8556 processor.cc:856] Processor: complete processing batch aabbdfb9-0f5f-4a28-9764-4bcb76c49657 into model nwt
I0119 19:38:31.559314  8556 cuckoo_watch.h:44] 148ms in ProcessBatch(D:\artmonline\data\datasets\kos\batches\aaaaab.batch) [including 4ms in LoadMessage; 1ms in InitializeSparseNdw; 139ms in InferThetaAndUpdateNwtSparse; ]
I0119 19:38:31.562319  8596 processor.cc:856] Processor: complete processing batch 00ba4a21-f0f6-484c-b371-ed634f9a1cb1 into model nwt
I0119 19:38:31.563321  8596 cuckoo_watch.h:44] 152ms in ProcessBatch(D:\artmonline\data\datasets\kos\batches\aaaaac.batch) [including 4ms in LoadMessage; 1ms in InitializeSparseNdw; 145ms in InferThetaAndUpdateNwtSparse; ]
I0119 19:38:31.564431  3304 master_component.cc:991] NormalizeModelArgs: pwt_target_name=pwt, nwt_source_name=nwt, rwt_source_name=
I0119 19:38:31.564431  3304 master_component.cc:617] MasterComponent: start normalizing model nwt
I0119 19:38:31.569366  3304 master_component.cc:639] MasterComponent: complete normalizing model nwt
I0119 19:38:31.570338  3304 master_component.cc:1015] DisposeModel rwt
I0119 19:38:31.570338  3304 c_interface.cc:332] Pass FitOfflineMasterModelArgs, batch_filename_size=4, batch_weight_size=4, num_collection_passes=1 to void (__cdecl artm::core::MasterComponent::*)(class artm::FitOfflineMasterModelArgs const & __ptr64) __ptr64
I0119 19:38:31.570338  3304 master_component.cc:942] ProcessBatchesArgs: nwt_target_name=nwt, batch_filename_size=4, batch_size=0, batch_weight_size=4, pwt_source_name=pwt, num_document_passes=30, reuse_theta=no, opt_for_avx=no, predict_class_id=
I0119 19:38:31.577493  5692 processor.cc:683] Processing queue has data, processing started
I0119 19:38:31.577493 12224 processor.cc:683] Processing queue has data, processing started
I0119 19:38:31.579363  7792 processor.cc:760] Processor: start processing batch 47a2c821-24f8-4344-8d6d-b5ad46b90fd6 into model nwt
I0119 19:38:31.581370  5692 processor.cc:760] Processor: start processing batch aabbdfb9-0f5f-4a28-9764-4bcb76c49657 into model nwt
I0119 19:38:31.581370  8596 processor.cc:760] Processor: start processing batch f3807429-b7a3-41cd-9ee0-193675c1cefe into model nwt
I0119 19:38:31.581370 12224 processor.cc:760] Processor: start processing batch 00ba4a21-f0f6-484c-b371-ed634f9a1cb1 into model nwt
I0119 19:38:31.607445  8556 processor.cc:676] No data in processing queue, waiting...
I0119 19:38:31.626495  7792 processor.cc:856] Processor: complete processing batch 47a2c821-24f8-4344-8d6d-b5ad46b90fd6 into model nwt
I0119 19:38:31.626495  7792 cuckoo_watch.h:44] 49ms in ProcessBatch(D:\artmonline\data\datasets\kos\batches\aaaaad.batch) [including 2ms in LoadMessage; 0ms in InitializeSparseNdw; 45ms in InferThetaAndUpdateNwtSparse; ]
I0119 19:38:31.663609  7792 processor.cc:676] No data in processing queue, waiting...
I0119 19:38:31.706740  8596 processor.cc:856] Processor: complete processing batch f3807429-b7a3-41cd-9ee0-193675c1cefe into model nwt
I0119 19:38:31.706740  8596 cuckoo_watch.h:44] 129ms in ProcessBatch(D:\artmonline\data\datasets\kos\batches\aaaaaa.batch) [including 4ms in LoadMessage; 1ms in InitializeSparseNdw; 122ms in InferThetaAndUpdateNwtSparse; ]
I0119 19:38:31.721778  5692 processor.cc:856] Processor: complete processing batch aabbdfb9-0f5f-4a28-9764-4bcb76c49657 into model nwt
I0119 19:38:31.722781  5692 cuckoo_watch.h:44] 145ms in ProcessBatch(D:\artmonline\data\datasets\kos\batches\aaaaab.batch) [including 4ms in LoadMessage; 1ms in InitializeSparseNdw; 138ms in InferThetaAndUpdateNwtSparse; ]
I0119 19:38:31.732810 12224 processor.cc:856] Processor: complete processing batch 00ba4a21-f0f6-484c-b371-ed634f9a1cb1 into model nwt
I0119 19:38:31.733813 12224 cuckoo_watch.h:44] 156ms in ProcessBatch(D:\artmonline\data\datasets\kos\batches\aaaaac.batch) [including 4ms in LoadMessage; 1ms in InitializeSparseNdw; 149ms in InferThetaAndUpdateNwtSparse; ]
I0119 19:38:31.734880  3304 master_component.cc:991] NormalizeModelArgs: pwt_target_name=pwt, nwt_source_name=nwt, rwt_source_name=
I0119 19:38:31.734880  3304 master_component.cc:617] MasterComponent: start normalizing model nwt
I0119 19:38:31.740831  3304 master_component.cc:639] MasterComponent: complete normalizing model nwt
I0119 19:38:31.740831  3304 master_component.cc:1015] DisposeModel rwt
I0119 19:38:31.744840  3304 instance.cc:365] MasterModelConfig.processors_count is automatically set to 8
I0119 19:38:31.744840  3304 c_interface.cc:221] Creating MasterModel (id=4)...
I0119 19:38:31.744840 13904 processor.cc:660] Processor thread started
I0119 19:38:31.744840  3304 phi_matrix_operations.cc:82] RetrieveExternalTopicModel() with 10 topics, 6906 tokens
I0119 19:38:31.745843 10176 processor.cc:660] Processor thread started
I0119 19:38:31.745843  6336 processor.cc:660] Processor thread started
I0119 19:38:31.745843  7356 processor.cc:660] Processor thread started
I0119 19:38:31.745843 13880 processor.cc:660] Processor thread started
I0119 19:38:31.745843 10896 processor.cc:660] Processor thread started
I0119 19:38:31.745843 11680 processor.cc:660] Processor thread started
I0119 19:38:31.745843  7180 processor.cc:660] Processor thread started
I0119 19:38:31.751858  3304 c_interface.cc:180] ArtmCopyRequestedMessage is copying 375904 bytes...
I0119 19:38:31.755869  8596 processor.cc:676] No data in processing queue, waiting...
I0119 19:38:31.762887  5692 processor.cc:676] No data in processing queue, waiting...
I0119 19:38:31.768903 12224 processor.cc:676] No data in processing queue, waiting...
I0119 19:38:31.777930 13904 processor.cc:676] No data in processing queue, waiting...
I0119 19:38:31.779935  7356 processor.cc:676] No data in processing queue, waiting...
I0119 19:38:31.779935  7180 processor.cc:676] No data in processing queue, waiting...
I0119 19:38:31.779935 13880 processor.cc:676] No data in processing queue, waiting...
I0119 19:38:31.779935  6336 processor.cc:676] No data in processing queue, waiting...
I0119 19:38:31.779935 11680 processor.cc:676] No data in processing queue, waiting...
I0119 19:38:31.779935 10896 processor.cc:676] No data in processing queue, waiting...
I0119 19:38:31.779935 10176 processor.cc:676] No data in processing queue, waiting...
I0119 19:38:32.317097  3304 phi_matrix_operations.cc:82] RetrieveExternalTopicModel() with 1 topics, 6906 tokens
I0119 19:38:32.320106  3304 c_interface.cc:180] ArtmCopyRequestedMessage is copying 172879 bytes...
I0119 19:38:32.353194  3304 c_interface.cc:185] ArtmCopyRequestedObject is copying 27624 bytes...
I0119 19:38:32.368234  3304 phi_matrix_operations.cc:82] RetrieveExternalTopicModel() with 10 topics, 6906 tokens
I0119 19:38:32.374250  3304 c_interface.cc:180] ArtmCopyRequestedMessage is copying 375904 bytes...
I0119 19:38:32.856701  3304 phi_matrix_operations.cc:82] RetrieveExternalTopicModel() with 10 topics, 6906 tokens
I0119 19:38:32.875752  3304 c_interface.cc:180] ArtmCopyRequestedMessage is copying 375904 bytes...
I0119 19:38:33.557090  3304 phi_matrix_operations.cc:82] RetrieveExternalTopicModel() with 1 topics, 6906 tokens
I0119 19:38:33.565104  3304 c_interface.cc:180] ArtmCopyRequestedMessage is copying 172879 bytes...
I0119 19:38:33.629303  3304 c_interface.cc:185] ArtmCopyRequestedObject is copying 27624 bytes...
I0119 19:38:33.660356  3304 phi_matrix_operations.cc:82] RetrieveExternalTopicModel() with 10 topics, 6906 tokens
I0119 19:38:33.667377  3304 c_interface.cc:180] ArtmCopyRequestedMessage is copying 375904 bytes...
I0119 19:38:34.005013  3304 phi_matrix_operations.cc:82] RetrieveExternalTopicModel() with 1 topics, 6906 tokens
I0119 19:38:34.007546  3304 c_interface.cc:180] ArtmCopyRequestedMessage is copying 172879 bytes...
I0119 19:38:34.037626  3304 c_interface.cc:185] ArtmCopyRequestedObject is copying 27624 bytes...
I0119 19:38:34.065704  3304 phi_matrix_operations.cc:82] RetrieveExternalTopicModel() with 10 topics, 6906 tokens
I0119 19:38:34.070714  3304 c_interface.cc:180] ArtmCopyRequestedMessage is copying 375904 bytes...
I0119 19:38:34.406204  3304 phi_matrix_operations.cc:82] RetrieveExternalTopicModel() with 1 topics, 6906 tokens
I0119 19:38:34.409265  3304 c_interface.cc:180] ArtmCopyRequestedMessage is copying 172879 bytes...
I0119 19:38:34.442355  3304 c_interface.cc:185] ArtmCopyRequestedObject is copying 27624 bytes...
I0119 19:38:34.474441  3304 phi_matrix_operations.cc:82] RetrieveExternalTopicModel() with 10 topics, 6906 tokens
I0119 19:38:34.481459  3304 c_interface.cc:180] ArtmCopyRequestedMessage is copying 375904 bytes...
I0119 19:38:34.879612  3304 phi_matrix_operations.cc:82] RetrieveExternalTopicModel() with 1 topics, 6906 tokens
I0119 19:38:34.882621  3304 c_interface.cc:180] ArtmCopyRequestedMessage is copying 172879 bytes...
I0119 19:38:34.918748  3304 c_interface.cc:185] ArtmCopyRequestedObject is copying 27624 bytes...
I0119 19:38:34.967892  3304 phi_matrix_operations.cc:82] RetrieveExternalTopicModel() with 10 topics, 6906 tokens
I0119 19:38:34.984933  3304 c_interface.cc:180] ArtmCopyRequestedMessage is copying 375904 bytes...
I0119 19:38:35.594902  3304 phi_matrix_operations.cc:82] RetrieveExternalTopicModel() with 1 topics, 6906 tokens
I0119 19:38:35.598409  3304 c_interface.cc:180] ArtmCopyRequestedMessage is copying 172879 bytes...
I0119 19:38:35.633532  3304 c_interface.cc:185] ArtmCopyRequestedObject is copying 27624 bytes...
I0119 19:38:35.682636  3304 phi_matrix_operations.cc:82] RetrieveExternalTopicModel() with 10 topics, 6906 tokens
I0119 19:38:35.695674  3304 c_interface.cc:180] ArtmCopyRequestedMessage is copying 375904 bytes...
I0119 19:38:36.132809  3304 phi_matrix_operations.cc:82] RetrieveExternalTopicModel() with 1 topics, 6906 tokens
I0119 19:38:36.140841  3304 c_interface.cc:180] ArtmCopyRequestedMessage is copying 172879 bytes...
I0119 19:38:36.291038  3304 c_interface.cc:185] ArtmCopyRequestedObject is copying 27624 bytes...
I0119 19:38:36.398382  3304 phi_matrix_operations.cc:82] RetrieveExternalTopicModel() with 10 topics, 6906 tokens
I0119 19:38:36.437373  3304 c_interface.cc:180] ArtmCopyRequestedMessage is copying 375904 bytes...
I0119 19:38:37.066372  3304 phi_matrix_operations.cc:82] RetrieveExternalTopicModel() with 1 topics, 6906 tokens
I0119 19:38:37.069352  3304 c_interface.cc:180] ArtmCopyRequestedMessage is copying 172879 bytes...
I0119 19:38:37.098963  3304 c_interface.cc:185] ArtmCopyRequestedObject is copying 27624 bytes...
I0119 19:38:37.128569  3304 phi_matrix_operations.cc:82] RetrieveExternalTopicModel() with 10 topics, 6906 tokens
I0119 19:38:37.134560  3304 c_interface.cc:180] ArtmCopyRequestedMessage is copying 375904 bytes...
I0119 19:38:37.690866  3304 phi_matrix_operations.cc:82] RetrieveExternalTopicModel() with 1 topics, 6906 tokens
I0119 19:38:37.695894  3304 c_interface.cc:180] ArtmCopyRequestedMessage is copying 172879 bytes...
I0119 19:38:37.727048  3304 c_interface.cc:185] ArtmCopyRequestedObject is copying 27624 bytes...
I0119 19:38:37.757129  3304 phi_matrix_operations.cc:82] RetrieveExternalTopicModel() with 10 topics, 6906 tokens
I0119 19:38:37.765125  3304 c_interface.cc:180] ArtmCopyRequestedMessage is copying 375904 bytes...
I0119 19:38:38.388649  3304 phi_matrix_operations.cc:82] RetrieveExternalTopicModel() with 1 topics, 6906 tokens
I0119 19:38:38.391629  3304 c_interface.cc:180] ArtmCopyRequestedMessage is copying 172879 bytes...
I0119 19:38:38.425395  3304 c_interface.cc:185] ArtmCopyRequestedObject is copying 27624 bytes...
I0119 19:38:38.622483  3304 c_interface.cc:221] Creating MasterModel (id=5)...
I0119 19:38:38.622483  3304 c_interface.cc:318] Pass b09ad663-3a2f-4ee8-a94c-c20f61281d1f to void (__cdecl artm::core::MasterComponent::*)(class std::basic_string<char,struct std::char_traits<char>,class std::allocator<char> > const & __ptr64) __ptr64
I0119 19:38:38.622483  3304 c_interface.cc:332] Pass GatherDictionaryArgs: dictionary_target_name=b09ad663-3a2f-4ee8-a94c-c20f61281d1f, data_path=, symmetric_cooc_values=0 to void (__cdecl artm::core::MasterComponent::*)(class artm::GatherDictionaryArgs const & __ptr64) __ptr64
I0119 19:38:38.622483  3304 dictionary.cc:187] Found 0 batches in '' folder
I0119 19:38:38.622483  3304 dictionary.cc:243] Find 0 unique tokens in 0 items
I0119 19:38:38.622483  3304 c_interface.cc:332] Pass MasterModelConfig: topic_name_size=30, score_config_size=0, num_processors=0, pwt_name=pwt, nwt_name=nwt, num_document_passes=30, reuse_theta=no, cache_theta=yes, opt_for_avx=no, disk_cache_path to void (__cdecl artm::core::MasterComponent::*)(class artm::MasterModelConfig const & __ptr64) __ptr64
I0119 19:38:38.622483  3304 instance.cc:365] MasterModelConfig.processors_count is automatically set to 8
I0119 19:38:38.622483  3304 c_interface.cc:318] Pass pwt to void (__cdecl artm::core::MasterComponent::*)(class std::basic_string<char,struct std::char_traits<char>,class std::allocator<char> > const & __ptr64) __ptr64
I0119 19:38:38.622483  3304 c_interface.cc:318] Pass nwt to void (__cdecl artm::core::MasterComponent::*)(class std::basic_string<char,struct std::char_traits<char>,class std::allocator<char> > const & __ptr64) __ptr64
I0119 19:38:38.622483  3304 c_interface.cc:332] Pass InitializeModelArgs: model_name=pwt, dictionary_name=dictionary, topic_name_size=30 to void (__cdecl artm::core::MasterComponent::*)(class artm::InitializeModelArgs const & __ptr64) __ptr64
I0119 19:38:38.622483  3304 master_component.cc:338] InitializeModel() with 30 topics and 6906 tokens
I0119 19:38:38.648547  3304 c_interface.cc:332] Pass InitializeModelArgs: model_name=nwt, dictionary_name=dictionary, topic_name_size=30 to void (__cdecl artm::core::MasterComponent::*)(class artm::InitializeModelArgs const & __ptr64) __ptr64
I0119 19:38:38.649549  3304 master_component.cc:338] InitializeModel() with 30 topics and 6906 tokens
I0119 19:38:38.693680  3304 phi_matrix_operations.cc:82] RetrieveExternalTopicModel() with 30 topics, 6906 tokens
I0119 19:38:38.711696  3304 c_interface.cc:180] ArtmCopyRequestedMessage is copying 200610 bytes...
I0119 19:38:39.008638  3304 c_interface.cc:332] Pass FitOfflineMasterModelArgs, batch_filename_size=5, batch_weight_size=5, num_collection_passes=1 to void (__cdecl artm::core::MasterComponent::*)(class artm::FitOfflineMasterModelArgs const & __ptr64) __ptr64
I0119 19:38:39.008638  3304 master_component.cc:942] ProcessBatchesArgs: nwt_target_name=nwt, batch_filename_size=5, batch_size=0, batch_weight_size=5, pwt_source_name=pwt, num_document_passes=30, reuse_theta=no, opt_for_avx=no, predict_class_id=
I0119 19:38:39.026224  7180 processor.cc:683] Processing queue has data, processing started
I0119 19:38:39.026224  6336 processor.cc:683] Processing queue has data, processing started
I0119 19:38:39.026224  7356 processor.cc:683] Processing queue has data, processing started
I0119 19:38:39.028197 11680 processor.cc:683] Processing queue has data, processing started
I0119 19:38:39.029198 13904 processor.cc:683] Processing queue has data, processing started
I0119 19:38:39.040228 11680 processor.cc:760] Processor: start processing batch 47a2c821-24f8-4344-8d6d-b5ad46b90fd6 into model nwt
I0119 19:38:39.042234 13904 processor.cc:760] Processor: start processing batch 69c2e11b-fec4-4ac9-b75b-c0305539fe6b into model nwt
I0119 19:38:39.045241  7180 processor.cc:760] Processor: start processing batch 00ba4a21-f0f6-484c-b371-ed634f9a1cb1 into model nwt
I0119 19:38:39.051262  6336 processor.cc:760] Processor: start processing batch f3807429-b7a3-41cd-9ee0-193675c1cefe into model nwt
I0119 19:38:39.051262  7356 processor.cc:760] Processor: start processing batch aabbdfb9-0f5f-4a28-9764-4bcb76c49657 into model nwt
I0119 19:38:39.216706 11680 processor.cc:856] Processor: complete processing batch 47a2c821-24f8-4344-8d6d-b5ad46b90fd6 into model nwt
I0119 19:38:39.217710 11680 cuckoo_watch.h:44] 189ms in ProcessBatch(D:\artmonline\data\datasets\kos\batches\aaaaad.batch) [including 11ms in LoadMessage; 1ms in InitializeSparseNdw; 174ms in InferThetaAndUpdateNwtSparse; ]
I0119 19:38:39.240772 13904 processor.cc:856] Processor: complete processing batch 69c2e11b-fec4-4ac9-b75b-c0305539fe6b into model nwt
I0119 19:38:39.240772 13904 cuckoo_watch.h:44] 212ms in ProcessBatch(D:\artmonline\phi1.batch) [including 12ms in LoadMessage; 1ms in InitializeSparseNdw; 196ms in InferThetaAndUpdateNwtSparse; ]
I0119 19:38:39.262830 11680 processor.cc:676] No data in processing queue, waiting...
I0119 19:38:39.277869 13904 processor.cc:676] No data in processing queue, waiting...
I0119 19:38:39.389168  6336 processor.cc:856] Processor: complete processing batch f3807429-b7a3-41cd-9ee0-193675c1cefe into model nwt
I0119 19:38:39.390171  7356 processor.cc:856] Processor: complete processing batch aabbdfb9-0f5f-4a28-9764-4bcb76c49657 into model nwt
I0119 19:38:39.390171  6336 cuckoo_watch.h:44] 364ms in ProcessBatch(D:\artmonline\data\datasets\kos\batches\aaaaaa.batch) [including 23ms in LoadMessage; 4ms in InitializeSparseNdw; 332ms in InferThetaAndUpdateNwtSparse; ]
I0119 19:38:39.390171  7356 cuckoo_watch.h:44] 364ms in ProcessBatch(D:\artmonline\data\datasets\kos\batches\aaaaab.batch) [including 24ms in LoadMessage; 4ms in InitializeSparseNdw; 333ms in InferThetaAndUpdateNwtSparse; ]
I0119 19:38:39.394213  7180 processor.cc:856] Processor: complete processing batch 00ba4a21-f0f6-484c-b371-ed634f9a1cb1 into model nwt
I0119 19:38:39.395216  7180 cuckoo_watch.h:44] 369ms in ProcessBatch(D:\artmonline\data\datasets\kos\batches\aaaaac.batch) [including 18ms in LoadMessage; 3ms in InitializeSparseNdw; 345ms in InferThetaAndUpdateNwtSparse; ]
I0119 19:38:39.396252  3304 master_component.cc:991] NormalizeModelArgs: pwt_target_name=pwt, nwt_source_name=nwt, rwt_source_name=
I0119 19:38:39.396252  3304 master_component.cc:617] MasterComponent: start normalizing model nwt
I0119 19:38:39.402768  3304 master_component.cc:639] MasterComponent: complete normalizing model nwt
I0119 19:38:39.402768  3304 master_component.cc:1015] DisposeModel rwt
I0119 19:38:39.403272  3304 c_interface.cc:332] Pass FitOfflineMasterModelArgs, batch_filename_size=5, batch_weight_size=5, num_collection_passes=1 to void (__cdecl artm::core::MasterComponent::*)(class artm::FitOfflineMasterModelArgs const & __ptr64) __ptr64
I0119 19:38:39.403272  3304 master_component.cc:942] ProcessBatchesArgs: nwt_target_name=nwt, batch_filename_size=5, batch_size=0, batch_weight_size=5, pwt_source_name=pwt, num_document_passes=30, reuse_theta=no, opt_for_avx=no, predict_class_id=
I0119 19:38:39.409286 13880 processor.cc:683] Processing queue has data, processing started
I0119 19:38:39.409286 11680 processor.cc:683] Processing queue has data, processing started
I0119 19:38:39.410760 10896 processor.cc:683] Processing queue has data, processing started
I0119 19:38:39.412264 13880 processor.cc:760] Processor: start processing batch 47a2c821-24f8-4344-8d6d-b5ad46b90fd6 into model nwt
I0119 19:38:39.413267 10896 processor.cc:760] Processor: start processing batch 69c2e11b-fec4-4ac9-b75b-c0305539fe6b into model nwt
I0119 19:38:39.413769  7356 processor.cc:760] Processor: start processing batch f3807429-b7a3-41cd-9ee0-193675c1cefe into model nwt
I0119 19:38:39.413769 11680 processor.cc:760] Processor: start processing batch aabbdfb9-0f5f-4a28-9764-4bcb76c49657 into model nwt
I0119 19:38:39.415273  6336 processor.cc:760] Processor: start processing batch 00ba4a21-f0f6-484c-b371-ed634f9a1cb1 into model nwt
I0119 19:38:39.437337  7180 processor.cc:676] No data in processing queue, waiting...
I0119 19:38:39.546630 13880 processor.cc:856] Processor: complete processing batch 47a2c821-24f8-4344-8d6d-b5ad46b90fd6 into model nwt
I0119 19:38:39.546630 13880 cuckoo_watch.h:44] 137ms in ProcessBatch(D:\artmonline\data\datasets\kos\batches\aaaaad.batch) [including 2ms in LoadMessage; 0ms in InitializeSparseNdw; 132ms in InferThetaAndUpdateNwtSparse; ]
I0119 19:38:39.555655 10896 processor.cc:856] Processor: complete processing batch 69c2e11b-fec4-4ac9-b75b-c0305539fe6b into model nwt
I0119 19:38:39.555655 10896 cuckoo_watch.h:44] 145ms in ProcessBatch(D:\artmonline\phi1.batch) [including 2ms in LoadMessage; 0ms in InitializeSparseNdw; 141ms in InferThetaAndUpdateNwtSparse; ]
I0119 19:38:39.597797 13880 processor.cc:676] No data in processing queue, waiting...
I0119 19:38:39.608865 10896 processor.cc:676] No data in processing queue, waiting...
I0119 19:38:39.728157  7356 processor.cc:856] Processor: complete processing batch f3807429-b7a3-41cd-9ee0-193675c1cefe into model nwt
I0119 19:38:39.728157  6336 processor.cc:856] Processor: complete processing batch 00ba4a21-f0f6-484c-b371-ed634f9a1cb1 into model nwt
I0119 19:38:39.729161  7356 cuckoo_watch.h:44] 320ms in ProcessBatch(D:\artmonline\data\datasets\kos\batches\aaaaaa.batch) [including 4ms in LoadMessage; 1ms in InitializeSparseNdw; 311ms in InferThetaAndUpdateNwtSparse; ]
I0119 19:38:39.729161  6336 cuckoo_watch.h:44] 320ms in ProcessBatch(D:\artmonline\data\datasets\kos\batches\aaaaac.batch) [including 6ms in LoadMessage; 1ms in InitializeSparseNdw; 311ms in InferThetaAndUpdateNwtSparse; ]
I0119 19:38:39.750216 11680 processor.cc:856] Processor: complete processing batch aabbdfb9-0f5f-4a28-9764-4bcb76c49657 into model nwt
I0119 19:38:39.750216 11680 cuckoo_watch.h:44] 341ms in ProcessBatch(D:\artmonline\data\datasets\kos\batches\aaaaab.batch) [including 4ms in LoadMessage; 2ms in InitializeSparseNdw; 333ms in InferThetaAndUpdateNwtSparse; ]
I0119 19:38:39.751219  3304 master_component.cc:991] NormalizeModelArgs: pwt_target_name=pwt, nwt_source_name=nwt, rwt_source_name=
I0119 19:38:39.751219  3304 master_component.cc:617] MasterComponent: start normalizing model nwt
I0119 19:38:39.759239  3304 master_component.cc:639] MasterComponent: complete normalizing model nwt
I0119 19:38:39.759239  3304 master_component.cc:1015] DisposeModel rwt
I0119 19:38:39.759239  3304 c_interface.cc:332] Pass FitOfflineMasterModelArgs, batch_filename_size=5, batch_weight_size=5, num_collection_passes=1 to void (__cdecl artm::core::MasterComponent::*)(class artm::FitOfflineMasterModelArgs const & __ptr64) __ptr64
I0119 19:38:39.759239  3304 master_component.cc:942] ProcessBatchesArgs: nwt_target_name=nwt, batch_filename_size=5, batch_size=0, batch_weight_size=5, pwt_source_name=pwt, num_document_passes=30, reuse_theta=no, opt_for_avx=no, predict_class_id=
I0119 19:38:39.767261  7180 processor.cc:683] Processing queue has data, processing started
I0119 19:38:39.767261 10176 processor.cc:683] Processing queue has data, processing started
I0119 19:38:39.769266 10176 processor.cc:760] Processor: start processing batch 69c2e11b-fec4-4ac9-b75b-c0305539fe6b into model nwt
I0119 19:38:39.771271  7180 processor.cc:760] Processor: start processing batch 47a2c821-24f8-4344-8d6d-b5ad46b90fd6 into model nwt
I0119 19:38:39.772274  6336 processor.cc:760] Processor: start processing batch 00ba4a21-f0f6-484c-b371-ed634f9a1cb1 into model nwt
I0119 19:38:39.772274 11680 processor.cc:760] Processor: start processing batch f3807429-b7a3-41cd-9ee0-193675c1cefe into model nwt
I0119 19:38:39.772274  7356 processor.cc:760] Processor: start processing batch aabbdfb9-0f5f-4a28-9764-4bcb76c49657 into model nwt
I0119 19:38:39.909651  7180 processor.cc:856] Processor: complete processing batch 47a2c821-24f8-4344-8d6d-b5ad46b90fd6 into model nwt
I0119 19:38:39.910151  7180 cuckoo_watch.h:44] 142ms in ProcessBatch(D:\artmonline\data\datasets\kos\batches\aaaaad.batch) [including 3ms in LoadMessage; 0ms in InitializeSparseNdw; 138ms in InferThetaAndUpdateNwtSparse; ]
I0119 19:38:39.917671 10176 processor.cc:856] Processor: complete processing batch 69c2e11b-fec4-4ac9-b75b-c0305539fe6b into model nwt
I0119 19:38:39.918675 10176 cuckoo_watch.h:44] 151ms in ProcessBatch(D:\artmonline\phi1.batch) [including 2ms in LoadMessage; 0ms in InitializeSparseNdw; 147ms in InferThetaAndUpdateNwtSparse; ]
I0119 19:38:39.936723  7180 processor.cc:676] No data in processing queue, waiting...
I0119 19:38:39.951763 10176 processor.cc:676] No data in processing queue, waiting...
I0119 19:38:40.056043 11680 processor.cc:856] Processor: complete processing batch f3807429-b7a3-41cd-9ee0-193675c1cefe into model nwt
I0119 19:38:40.057046 11680 cuckoo_watch.h:44] 292ms in ProcessBatch(D:\artmonline\data\datasets\kos\batches\aaaaaa.batch) [including 7ms in LoadMessage; 2ms in InitializeSparseNdw; 280ms in InferThetaAndUpdateNwtSparse; ]
I0119 19:38:40.057046  6336 processor.cc:856] Processor: complete processing batch 00ba4a21-f0f6-484c-b371-ed634f9a1cb1 into model nwt
I0119 19:38:40.058056  6336 cuckoo_watch.h:44] 293ms in ProcessBatch(D:\artmonline\data\datasets\kos\batches\aaaaac.batch) [including 6ms in LoadMessage; 2ms in InitializeSparseNdw; 282ms in InferThetaAndUpdateNwtSparse; ]
I0119 19:38:40.085122  7356 processor.cc:856] Processor: complete processing batch aabbdfb9-0f5f-4a28-9764-4bcb76c49657 into model nwt
I0119 19:38:40.086125  7356 cuckoo_watch.h:44] 321ms in ProcessBatch(D:\artmonline\data\datasets\kos\batches\aaaaab.batch) [including 7ms in LoadMessage; 2ms in InitializeSparseNdw; 309ms in InferThetaAndUpdateNwtSparse; ]
I0119 19:38:40.087193  3304 master_component.cc:991] NormalizeModelArgs: pwt_target_name=pwt, nwt_source_name=nwt, rwt_source_name=
I0119 19:38:40.087193  3304 master_component.cc:617] MasterComponent: start normalizing model nwt
I0119 19:38:40.093143 11680 processor.cc:676] No data in processing queue, waiting...
I0119 19:38:40.094146  6336 processor.cc:676] No data in processing queue, waiting...
I0119 19:38:40.094146  3304 master_component.cc:639] MasterComponent: complete normalizing model nwt
I0119 19:38:40.094146  3304 master_component.cc:1015] DisposeModel rwt
I0119 19:38:40.094146  3304 c_interface.cc:332] Pass FitOfflineMasterModelArgs, batch_filename_size=5, batch_weight_size=5, num_collection_passes=1 to void (__cdecl artm::core::MasterComponent::*)(class artm::FitOfflineMasterModelArgs const & __ptr64) __ptr64
I0119 19:38:40.094146  3304 master_component.cc:942] ProcessBatchesArgs: nwt_target_name=nwt, batch_filename_size=5, batch_size=0, batch_weight_size=5, pwt_source_name=pwt, num_document_passes=30, reuse_theta=no, opt_for_avx=no, predict_class_id=
I0119 19:38:40.101227  7180 processor.cc:683] Processing queue has data, processing started
I0119 19:38:40.101227 10176 processor.cc:683] Processing queue has data, processing started
I0119 19:38:40.101227 11680 processor.cc:683] Processing queue has data, processing started
I0119 19:38:40.101227  6336 processor.cc:683] Processing queue has data, processing started
I0119 19:38:40.101227 10896 processor.cc:683] Processing queue has data, processing started
I0119 19:38:40.103690 11680 processor.cc:760] Processor: start processing batch 47a2c821-24f8-4344-8d6d-b5ad46b90fd6 into model nwt
I0119 19:38:40.105697 10896 processor.cc:760] Processor: start processing batch 69c2e11b-fec4-4ac9-b75b-c0305539fe6b into model nwt
I0119 19:38:40.106199  6336 processor.cc:760] Processor: start processing batch 00ba4a21-f0f6-484c-b371-ed634f9a1cb1 into model nwt
I0119 19:38:40.106199  7180 processor.cc:760] Processor: start processing batch aabbdfb9-0f5f-4a28-9764-4bcb76c49657 into model nwt
I0119 19:38:40.108705 10176 processor.cc:760] Processor: start processing batch f3807429-b7a3-41cd-9ee0-193675c1cefe into model nwt
I0119 19:38:40.119235  7356 processor.cc:676] No data in processing queue, waiting...
I0119 19:38:40.228529 11680 processor.cc:856] Processor: complete processing batch 47a2c821-24f8-4344-8d6d-b5ad46b90fd6 into model nwt
I0119 19:38:40.228529 11680 cuckoo_watch.h:44] 128ms in ProcessBatch(D:\artmonline\data\datasets\kos\batches\aaaaad.batch) [including 2ms in LoadMessage; 0ms in InitializeSparseNdw; 123ms in InferThetaAndUpdateNwtSparse; ]
I0119 19:38:40.247581 10896 processor.cc:856] Processor: complete processing batch 69c2e11b-fec4-4ac9-b75b-c0305539fe6b into model nwt
I0119 19:38:40.248584 10896 cuckoo_watch.h:44] 147ms in ProcessBatch(D:\artmonline\phi1.batch) [including 4ms in LoadMessage; 0ms in InitializeSparseNdw; 141ms in InferThetaAndUpdateNwtSparse; ]
I0119 19:38:40.264626 11680 processor.cc:676] No data in processing queue, waiting...
I0119 19:38:40.285681 10896 processor.cc:676] No data in processing queue, waiting...
I0119 19:38:40.392004  6336 processor.cc:856] Processor: complete processing batch 00ba4a21-f0f6-484c-b371-ed634f9a1cb1 into model nwt
I0119 19:38:40.393003  6336 cuckoo_watch.h:44] 291ms in ProcessBatch(D:\artmonline\data\datasets\kos\batches\aaaaac.batch) [including 4ms in LoadMessage; 1ms in InitializeSparseNdw; 284ms in InferThetaAndUpdateNwtSparse; ]
I0119 19:38:40.396008 10176 processor.cc:856] Processor: complete processing batch f3807429-b7a3-41cd-9ee0-193675c1cefe into model nwt
I0119 19:38:40.397009 10176 cuckoo_watch.h:44] 296ms in ProcessBatch(D:\artmonline\data\datasets\kos\batches\aaaaaa.batch) [including 7ms in LoadMessage; 1ms in InitializeSparseNdw; 285ms in InferThetaAndUpdateNwtSparse; ]
I0119 19:38:40.400018  7180 processor.cc:856] Processor: complete processing batch aabbdfb9-0f5f-4a28-9764-4bcb76c49657 into model nwt
I0119 19:38:40.401023  7180 cuckoo_watch.h:44] 300ms in ProcessBatch(D:\artmonline\data\datasets\kos\batches\aaaaab.batch) [including 4ms in LoadMessage; 1ms in InitializeSparseNdw; 292ms in InferThetaAndUpdateNwtSparse; ]
I0119 19:38:40.402074  3304 master_component.cc:991] NormalizeModelArgs: pwt_target_name=pwt, nwt_source_name=nwt, rwt_source_name=
I0119 19:38:40.402074  3304 master_component.cc:617] MasterComponent: start normalizing model nwt
I0119 19:38:40.409042  3304 master_component.cc:639] MasterComponent: complete normalizing model nwt
I0119 19:38:40.409042  3304 master_component.cc:1015] DisposeModel rwt
I0119 19:38:40.409042  3304 c_interface.cc:332] Pass FitOfflineMasterModelArgs, batch_filename_size=5, batch_weight_size=5, num_collection_passes=1 to void (__cdecl artm::core::MasterComponent::*)(class artm::FitOfflineMasterModelArgs const & __ptr64) __ptr64
I0119 19:38:40.409042  3304 master_component.cc:942] ProcessBatchesArgs: nwt_target_name=nwt, batch_filename_size=5, batch_size=0, batch_weight_size=5, pwt_source_name=pwt, num_document_passes=30, reuse_theta=no, opt_for_avx=no, predict_class_id=
I0119 19:38:40.416059 10896 processor.cc:683] Processing queue has data, processing started
I0119 19:38:40.416059 13880 processor.cc:683] Processing queue has data, processing started
I0119 19:38:40.419067 10896 processor.cc:760] Processor: start processing batch 47a2c821-24f8-4344-8d6d-b5ad46b90fd6 into model nwt
I0119 19:38:40.420073 10176 processor.cc:760] Processor: start processing batch 69c2e11b-fec4-4ac9-b75b-c0305539fe6b into model nwt
I0119 19:38:40.421078  6336 processor.cc:760] Processor: start processing batch f3807429-b7a3-41cd-9ee0-193675c1cefe into model nwt
I0119 19:38:40.423084 13880 processor.cc:760] Processor: start processing batch 00ba4a21-f0f6-484c-b371-ed634f9a1cb1 into model nwt
I0119 19:38:40.425088  7180 processor.cc:760] Processor: start processing batch aabbdfb9-0f5f-4a28-9764-4bcb76c49657 into model nwt
I0119 19:38:40.559514 10896 processor.cc:856] Processor: complete processing batch 47a2c821-24f8-4344-8d6d-b5ad46b90fd6 into model nwt
I0119 19:38:40.559514 10896 cuckoo_watch.h:44] 144ms in ProcessBatch(D:\artmonline\data\datasets\kos\batches\aaaaad.batch) [including 3ms in LoadMessage; 0ms in InitializeSparseNdw; 139ms in InferThetaAndUpdateNwtSparse; ]
I0119 19:38:40.570541 10176 processor.cc:856] Processor: complete processing batch 69c2e11b-fec4-4ac9-b75b-c0305539fe6b into model nwt
I0119 19:38:40.570541 10176 cuckoo_watch.h:44] 155ms in ProcessBatch(D:\artmonline\phi1.batch) [including 4ms in LoadMessage; 0ms in InitializeSparseNdw; 149ms in InferThetaAndUpdateNwtSparse; ]
I0119 19:38:40.605706 10896 processor.cc:676] No data in processing queue, waiting...
I0119 19:38:40.618707 10176 processor.cc:676] No data in processing queue, waiting...
I0119 19:38:40.735527 13880 processor.cc:856] Processor: complete processing batch 00ba4a21-f0f6-484c-b371-ed634f9a1cb1 into model nwt
I0119 19:38:40.735527 13880 cuckoo_watch.h:44] 320ms in ProcessBatch(D:\artmonline\data\datasets\kos\batches\aaaaac.batch) [including 6ms in LoadMessage; 2ms in InitializeSparseNdw; 309ms in InferThetaAndUpdateNwtSparse; ]
I0119 19:38:40.736531  6336 processor.cc:856] Processor: complete processing batch f3807429-b7a3-41cd-9ee0-193675c1cefe into model nwt
I0119 19:38:40.737530  6336 cuckoo_watch.h:44] 323ms in ProcessBatch(D:\artmonline\data\datasets\kos\batches\aaaaaa.batch) [including 6ms in LoadMessage; 1ms in InitializeSparseNdw; 314ms in InferThetaAndUpdateNwtSparse; ]
I0119 19:38:40.761595 13880 processor.cc:676] No data in processing queue, waiting...
I0119 19:38:40.762598  6336 processor.cc:676] No data in processing queue, waiting...
I0119 19:38:40.765606  7180 processor.cc:856] Processor: complete processing batch aabbdfb9-0f5f-4a28-9764-4bcb76c49657 into model nwt
I0119 19:38:40.766608  7180 cuckoo_watch.h:44] 350ms in ProcessBatch(D:\artmonline\data\datasets\kos\batches\aaaaab.batch) [including 8ms in LoadMessage; 1ms in InitializeSparseNdw; 338ms in InferThetaAndUpdateNwtSparse; ]
I0119 19:38:40.768419  3304 master_component.cc:991] NormalizeModelArgs: pwt_target_name=pwt, nwt_source_name=nwt, rwt_source_name=
I0119 19:38:40.768419  3304 master_component.cc:617] MasterComponent: start normalizing model nwt
I0119 19:38:40.775468  3304 master_component.cc:639] MasterComponent: complete normalizing model nwt
I0119 19:38:40.775468  3304 master_component.cc:1015] DisposeModel rwt
I0119 19:38:40.775468  3304 c_interface.cc:332] Pass FitOfflineMasterModelArgs, batch_filename_size=5, batch_weight_size=5, num_collection_passes=1 to void (__cdecl artm::core::MasterComponent::*)(class artm::FitOfflineMasterModelArgs const & __ptr64) __ptr64
I0119 19:38:40.775468  3304 master_component.cc:942] ProcessBatchesArgs: nwt_target_name=nwt, batch_filename_size=5, batch_size=0, batch_weight_size=5, pwt_source_name=pwt, num_document_passes=30, reuse_theta=no, opt_for_avx=no, predict_class_id=
I0119 19:38:40.781457 11680 processor.cc:683] Processing queue has data, processing started
I0119 19:38:40.781457  6336 processor.cc:683] Processing queue has data, processing started
I0119 19:38:40.783462  7356 processor.cc:683] Processing queue has data, processing started
I0119 19:38:40.783462 13904 processor.cc:683] Processing queue has data, processing started
I0119 19:38:40.786473  7180 processor.cc:760] Processor: start processing batch f3807429-b7a3-41cd-9ee0-193675c1cefe into model nwt
I0119 19:38:40.786473 13904 processor.cc:760] Processor: start processing batch 69c2e11b-fec4-4ac9-b75b-c0305539fe6b into model nwt
I0119 19:38:40.786473  6336 processor.cc:760] Processor: start processing batch aabbdfb9-0f5f-4a28-9764-4bcb76c49657 into model nwt
I0119 19:38:40.787474  7356 processor.cc:760] Processor: start processing batch 47a2c821-24f8-4344-8d6d-b5ad46b90fd6 into model nwt
I0119 19:38:40.787474 11680 processor.cc:760] Processor: start processing batch 00ba4a21-f0f6-484c-b371-ed634f9a1cb1 into model nwt
I0119 19:38:40.925853  7356 processor.cc:856] Processor: complete processing batch 47a2c821-24f8-4344-8d6d-b5ad46b90fd6 into model nwt
I0119 19:38:40.926854  7356 cuckoo_watch.h:44] 144ms in ProcessBatch(D:\artmonline\data\datasets\kos\batches\aaaaad.batch) [including 4ms in LoadMessage; 0ms in InitializeSparseNdw; 137ms in InferThetaAndUpdateNwtSparse; ]
I0119 19:38:40.934875 13904 processor.cc:856] Processor: complete processing batch 69c2e11b-fec4-4ac9-b75b-c0305539fe6b into model nwt
I0119 19:38:40.934875 13904 cuckoo_watch.h:44] 152ms in ProcessBatch(D:\artmonline\phi1.batch) [including 3ms in LoadMessage; 0ms in InitializeSparseNdw; 147ms in InferThetaAndUpdateNwtSparse; ]
I0119 19:38:40.955930  7356 processor.cc:676] No data in processing queue, waiting...
I0119 19:38:40.967963 13904 processor.cc:676] No data in processing queue, waiting...
I0119 19:38:41.084100  7180 processor.cc:856] Processor: complete processing batch f3807429-b7a3-41cd-9ee0-193675c1cefe into model nwt
I0119 19:38:41.085103  7180 cuckoo_watch.h:44] 304ms in ProcessBatch(D:\artmonline\data\datasets\kos\batches\aaaaaa.batch) [including 5ms in LoadMessage; 2ms in InitializeSparseNdw; 295ms in InferThetaAndUpdateNwtSparse; ]
I0119 19:38:41.103152 11680 processor.cc:856] Processor: complete processing batch 00ba4a21-f0f6-484c-b371-ed634f9a1cb1 into model nwt
I0119 19:38:41.105160 11680 cuckoo_watch.h:44] 324ms in ProcessBatch(D:\artmonline\data\datasets\kos\batches\aaaaac.batch) [including 6ms in LoadMessage; 2ms in InitializeSparseNdw; 313ms in InferThetaAndUpdateNwtSparse; ]
I0119 19:38:41.106663  6336 processor.cc:856] Processor: complete processing batch aabbdfb9-0f5f-4a28-9764-4bcb76c49657 into model nwt
I0119 19:38:41.107667  6336 cuckoo_watch.h:44] 326ms in ProcessBatch(D:\artmonline\data\datasets\kos\batches\aaaaab.batch) [including 5ms in LoadMessage; 2ms in InitializeSparseNdw; 316ms in InferThetaAndUpdateNwtSparse; ]
I0119 19:38:41.109120  3304 master_component.cc:991] NormalizeModelArgs: pwt_target_name=pwt, nwt_source_name=nwt, rwt_source_name=
I0119 19:38:41.109120  3304 master_component.cc:617] MasterComponent: start normalizing model nwt
I0119 19:38:41.115641  3304 master_component.cc:639] MasterComponent: complete normalizing model nwt
I0119 19:38:41.115641  3304 master_component.cc:1015] DisposeModel rwt
I0119 19:38:41.116142  7180 processor.cc:676] No data in processing queue, waiting...
I0119 19:38:41.116142  3304 c_interface.cc:332] Pass FitOfflineMasterModelArgs, batch_filename_size=5, batch_weight_size=5, num_collection_passes=1 to void (__cdecl artm::core::MasterComponent::*)(class artm::FitOfflineMasterModelArgs const & __ptr64) __ptr64
I0119 19:38:41.116142  3304 master_component.cc:942] ProcessBatchesArgs: nwt_target_name=nwt, batch_filename_size=5, batch_size=0, batch_weight_size=5, pwt_source_name=pwt, num_document_passes=30, reuse_theta=no, opt_for_avx=no, predict_class_id=
I0119 19:38:41.122160  7180 processor.cc:683] Processing queue has data, processing started
I0119 19:38:41.122160 13880 processor.cc:683] Processing queue has data, processing started
I0119 19:38:41.124164  7356 processor.cc:683] Processing queue has data, processing started
I0119 19:38:41.124164 13880 processor.cc:760] Processor: start processing batch 47a2c821-24f8-4344-8d6d-b5ad46b90fd6 into model nwt
I0119 19:38:41.127172 11680 processor.cc:760] Processor: start processing batch f3807429-b7a3-41cd-9ee0-193675c1cefe into model nwt
I0119 19:38:41.128175  7180 processor.cc:760] Processor: start processing batch 00ba4a21-f0f6-484c-b371-ed634f9a1cb1 into model nwt
I0119 19:38:41.128175  7356 processor.cc:760] Processor: start processing batch 69c2e11b-fec4-4ac9-b75b-c0305539fe6b into model nwt
I0119 19:38:41.129179  6336 processor.cc:760] Processor: start processing batch aabbdfb9-0f5f-4a28-9764-4bcb76c49657 into model nwt
I0119 19:38:41.243492 13880 processor.cc:856] Processor: complete processing batch 47a2c821-24f8-4344-8d6d-b5ad46b90fd6 into model nwt
I0119 19:38:41.244495 13880 cuckoo_watch.h:44] 122ms in ProcessBatch(D:\artmonline\data\datasets\kos\batches\aaaaad.batch) [including 2ms in LoadMessage; 0ms in InitializeSparseNdw; 118ms in InferThetaAndUpdateNwtSparse; ]
I0119 19:38:41.279587  7356 processor.cc:856] Processor: complete processing batch 69c2e11b-fec4-4ac9-b75b-c0305539fe6b into model nwt
I0119 19:38:41.279587  7356 cuckoo_watch.h:44] 156ms in ProcessBatch(D:\artmonline\phi1.batch) [including 3ms in LoadMessage; 0ms in InitializeSparseNdw; 150ms in InferThetaAndUpdateNwtSparse; ]
I0119 19:38:41.285603 13880 processor.cc:676] No data in processing queue, waiting...
I0119 19:38:41.313177  7356 processor.cc:676] No data in processing queue, waiting...
I0119 19:38:41.428993 11680 processor.cc:856] Processor: complete processing batch f3807429-b7a3-41cd-9ee0-193675c1cefe into model nwt
I0119 19:38:41.430997 11680 cuckoo_watch.h:44] 309ms in ProcessBatch(D:\artmonline\data\datasets\kos\batches\aaaaaa.batch) [including 6ms in LoadMessage; 1ms in InitializeSparseNdw; 299ms in InferThetaAndUpdateNwtSparse; ]
I0119 19:38:41.444036  7180 processor.cc:856] Processor: complete processing batch 00ba4a21-f0f6-484c-b371-ed634f9a1cb1 into model nwt
I0119 19:38:41.445034  7180 cuckoo_watch.h:44] 323ms in ProcessBatch(D:\artmonline\data\datasets\kos\batches\aaaaac.batch) [including 5ms in LoadMessage; 1ms in InitializeSparseNdw; 314ms in InferThetaAndUpdateNwtSparse; ]
I0119 19:38:41.456063  6336 processor.cc:856] Processor: complete processing batch aabbdfb9-0f5f-4a28-9764-4bcb76c49657 into model nwt
I0119 19:38:41.457067  6336 cuckoo_watch.h:44] 334ms in ProcessBatch(D:\artmonline\data\datasets\kos\batches\aaaaab.batch) [including 7ms in LoadMessage; 1ms in InitializeSparseNdw; 324ms in InferThetaAndUpdateNwtSparse; ]
I0119 19:38:41.459213  3304 master_component.cc:991] NormalizeModelArgs: pwt_target_name=pwt, nwt_source_name=nwt, rwt_source_name=
I0119 19:38:41.459213  3304 master_component.cc:617] MasterComponent: start normalizing model nwt
I0119 19:38:41.468240  3304 master_component.cc:639] MasterComponent: complete normalizing model nwt
I0119 19:38:41.468240  3304 master_component.cc:1015] DisposeModel rwt
I0119 19:38:41.468240  3304 c_interface.cc:332] Pass FitOfflineMasterModelArgs, batch_filename_size=5, batch_weight_size=5, num_collection_passes=1 to void (__cdecl artm::core::MasterComponent::*)(class artm::FitOfflineMasterModelArgs const & __ptr64) __ptr64
I0119 19:38:41.468240  3304 master_component.cc:942] ProcessBatchesArgs: nwt_target_name=nwt, batch_filename_size=5, batch_size=0, batch_weight_size=5, pwt_source_name=pwt, num_document_passes=30, reuse_theta=no, opt_for_avx=no, predict_class_id=
I0119 19:38:41.469271 11680 processor.cc:676] No data in processing queue, waiting...
I0119 19:38:41.476289 13880 processor.cc:683] Processing queue has data, processing started
I0119 19:38:41.476289  7356 processor.cc:683] Processing queue has data, processing started
I0119 19:38:41.476289 13904 processor.cc:683] Processing queue has data, processing started
I0119 19:38:41.476289 10896 processor.cc:683] Processing queue has data, processing started
I0119 19:38:41.479269 10896 processor.cc:760] Processor: start processing batch 69c2e11b-fec4-4ac9-b75b-c0305539fe6b into model nwt
I0119 19:38:41.480273 13904 processor.cc:760] Processor: start processing batch 47a2c821-24f8-4344-8d6d-b5ad46b90fd6 into model nwt
I0119 19:38:41.481274  7180 processor.cc:760] Processor: start processing batch f3807429-b7a3-41cd-9ee0-193675c1cefe into model nwt
I0119 19:38:41.481274 13880 processor.cc:760] Processor: start processing batch aabbdfb9-0f5f-4a28-9764-4bcb76c49657 into model nwt
I0119 19:38:41.484282  7356 processor.cc:760] Processor: start processing batch 00ba4a21-f0f6-484c-b371-ed634f9a1cb1 into model nwt
I0119 19:38:41.485285  6336 processor.cc:676] No data in processing queue, waiting...
I0119 19:38:41.660310 13904 processor.cc:856] Processor: complete processing batch 47a2c821-24f8-4344-8d6d-b5ad46b90fd6 into model nwt
I0119 19:38:41.661312 13904 cuckoo_watch.h:44] 185ms in ProcessBatch(D:\artmonline\data\datasets\kos\batches\aaaaad.batch) [including 3ms in LoadMessage; 0ms in InitializeSparseNdw; 179ms in InferThetaAndUpdateNwtSparse; ]
I0119 19:38:41.680363 10896 processor.cc:856] Processor: complete processing batch 69c2e11b-fec4-4ac9-b75b-c0305539fe6b into model nwt
I0119 19:38:41.681366 10896 cuckoo_watch.h:44] 205ms in ProcessBatch(D:\artmonline\phi1.batch) [including 3ms in LoadMessage; 0ms in InitializeSparseNdw; 199ms in InferThetaAndUpdateNwtSparse; ]
I0119 19:38:41.695402 13904 processor.cc:676] No data in processing queue, waiting...
I0119 19:38:41.713454 10896 processor.cc:676] No data in processing queue, waiting...
I0119 19:38:41.829833  7180 processor.cc:856] Processor: complete processing batch f3807429-b7a3-41cd-9ee0-193675c1cefe into model nwt
I0119 19:38:41.830832  7180 cuckoo_watch.h:44] 357ms in ProcessBatch(D:\artmonline\data\datasets\kos\batches\aaaaaa.batch) [including 7ms in LoadMessage; 1ms in InitializeSparseNdw; 346ms in InferThetaAndUpdateNwtSparse; ]
I0119 19:38:41.843835  7356 processor.cc:856] Processor: complete processing batch 00ba4a21-f0f6-484c-b371-ed634f9a1cb1 into model nwt
I0119 19:38:41.844840  7356 cuckoo_watch.h:44] 369ms in ProcessBatch(D:\artmonline\data\datasets\kos\batches\aaaaac.batch) [including 7ms in LoadMessage; 2ms in InitializeSparseNdw; 357ms in InferThetaAndUpdateNwtSparse; ]
I0119 19:38:41.862920 13880 processor.cc:856] Processor: complete processing batch aabbdfb9-0f5f-4a28-9764-4bcb76c49657 into model nwt
I0119 19:38:41.862920 13880 cuckoo_watch.h:44] 387ms in ProcessBatch(D:\artmonline\data\datasets\kos\batches\aaaaab.batch) [including 5ms in LoadMessage; 1ms in InitializeSparseNdw; 378ms in InferThetaAndUpdateNwtSparse; ]
I0119 19:38:41.863888  3304 master_component.cc:991] NormalizeModelArgs: pwt_target_name=pwt, nwt_source_name=nwt, rwt_source_name=
I0119 19:38:41.863888  3304 master_component.cc:617] MasterComponent: start normalizing model nwt
I0119 19:38:41.870906  3304 master_component.cc:639] MasterComponent: complete normalizing model nwt
I0119 19:38:41.870906  3304 master_component.cc:1015] DisposeModel rwt
I0119 19:38:41.870906  3304 c_interface.cc:332] Pass FitOfflineMasterModelArgs, batch_filename_size=5, batch_weight_size=5, num_collection_passes=1 to void (__cdecl artm::core::MasterComponent::*)(class artm::FitOfflineMasterModelArgs const & __ptr64) __ptr64
I0119 19:38:41.870906  3304 master_component.cc:942] ProcessBatchesArgs: nwt_target_name=nwt, batch_filename_size=5, batch_size=0, batch_weight_size=5, pwt_source_name=pwt, num_document_passes=30, reuse_theta=no, opt_for_avx=no, predict_class_id=
I0119 19:38:41.871909  7180 processor.cc:676] No data in processing queue, waiting...
I0119 19:38:41.878087 11680 processor.cc:683] Processing queue has data, processing started
I0119 19:38:41.878087 10896 processor.cc:683] Processing queue has data, processing started
I0119 19:38:41.878087  6336 processor.cc:683] Processing queue has data, processing started
I0119 19:38:41.878087  7180 processor.cc:683] Processing queue has data, processing started
I0119 19:38:41.881098  6336 processor.cc:760] Processor: start processing batch 47a2c821-24f8-4344-8d6d-b5ad46b90fd6 into model nwt
I0119 19:38:41.881098  7180 processor.cc:760] Processor: start processing batch 69c2e11b-fec4-4ac9-b75b-c0305539fe6b into model nwt
I0119 19:38:41.883106  7356 processor.cc:760] Processor: start processing batch aabbdfb9-0f5f-4a28-9764-4bcb76c49657 into model nwt
I0119 19:38:41.884106 11680 processor.cc:760] Processor: start processing batch f3807429-b7a3-41cd-9ee0-193675c1cefe into model nwt
I0119 19:38:41.885109 10896 processor.cc:760] Processor: start processing batch 00ba4a21-f0f6-484c-b371-ed634f9a1cb1 into model nwt
I0119 19:38:41.897140 13880 processor.cc:676] No data in processing queue, waiting...
I0119 19:38:42.007943  6336 processor.cc:856] Processor: complete processing batch 47a2c821-24f8-4344-8d6d-b5ad46b90fd6 into model nwt
I0119 19:38:42.008445  6336 cuckoo_watch.h:44] 130ms in ProcessBatch(D:\artmonline\data\datasets\kos\batches\aaaaad.batch) [including 3ms in LoadMessage; 0ms in InitializeSparseNdw; 125ms in InferThetaAndUpdateNwtSparse; ]
I0119 19:38:42.028000  7180 processor.cc:856] Processor: complete processing batch 69c2e11b-fec4-4ac9-b75b-c0305539fe6b into model nwt
I0119 19:38:42.029003  7180 cuckoo_watch.h:44] 150ms in ProcessBatch(D:\artmonline\phi1.batch) [including 3ms in LoadMessage; 0ms in InitializeSparseNdw; 146ms in InferThetaAndUpdateNwtSparse; ]
I0119 19:38:42.041033  6336 processor.cc:676] No data in processing queue, waiting...
I0119 19:38:42.061089  7180 processor.cc:676] No data in processing queue, waiting...
I0119 19:38:42.181447 10896 processor.cc:856] Processor: complete processing batch 00ba4a21-f0f6-484c-b371-ed634f9a1cb1 into model nwt
I0119 19:38:42.183450 10896 cuckoo_watch.h:44] 305ms in ProcessBatch(D:\artmonline\data\datasets\kos\batches\aaaaac.batch) [including 7ms in LoadMessage; 1ms in InitializeSparseNdw; 293ms in InferThetaAndUpdateNwtSparse; ]
I0119 19:38:42.191471 11680 processor.cc:856] Processor: complete processing batch f3807429-b7a3-41cd-9ee0-193675c1cefe into model nwt
